[
  {
    "Name": "org0-member0",
    "Approvals": 11936,
    "Pending": 0,
    "Payments": 0,
    "Closed": 0,
    "CAL": "",
    "FUEL": "",
    "Rewards": "",
    "Burned": ""
  },
  {
    "Name": "org0-member1",
    "Approvals": 11969,
    "Pending": 0,
    "Payments": 0,
    "Closed": 0,
    "CAL": "",
    "FUEL": "",
    "Rewards": "",
    "Burned": ""
  },
  {
    "Name": "org0-member2",
    "Approvals": 11877,
    "Pending": 0,
    "Payments": 0,
    "Closed": 0,
    "CAL": "",
    "FUEL": "",
    "Rewards": "",
    "Burned": ""
  },
  {
    "Name": "org0-member3",
    "Approvals": 11927,
    "Pending": 0,
    "Payments": 0,
    "Closed": 0,
    "CAL": "",
    "FUEL": "",
    "Rewards": "",
    "Burned": ""
  },
  {
    "Name": "gateway0",
    "Approvals": 0,
    "Pending": 0,
    "Payments": 0,
    "Closed": 0,
    "CAL": "",
    "FUEL": "",
    "Rewards": "",
    "Burned": ""
  },
  {
    "Name": "committee0",
    "Approvals": 0,
    "Pending": 0,
    "Payments": 12000,
    "Closed": 12000,
    "CAL": "1000001207200",
    "FUEL": "120000000",
    "Rewards": "1008000",
    "Burned": "120000",
    "StateHash": "20b2a2a68c9c0c8605049e0c645ed2a42515930e589eeb98b9215d451edb9881",
    "Gap": "0"
  },
  {
    "Name": "committee1",
    "Approvals": 0,
    "Pending": 0,
    "Payments": 12000,
    "Closed": 12000,
    "CAL": "1000001207200",
    "FUEL": "120000000",
    "Rewards": "1008000",
    "Burned": "120000",
    "StateHash": "20b2a2a68c9c0c8605049e0c645ed2a42515930e589eeb98b9215d451edb9881",
    "Gap": "0"
  },
  {
    "Name": "committee2",
    "Approvals": 0,
    "Pending": 0,
    "Payments": 12000,
    "Closed": 12000,
    "CAL": "1000001207200",
    "FUEL": "120000000",
    "Rewards": "1008000",
    "Burned": "120000",
    "StateHash": "20b2a2a68c9c0c8605049e0c645ed2a42515930e589eeb98b9215d451edb9881",
    "Gap": "0"
  },
  {
    "Name": "committee3",
    "Approvals": 0,
    "Pending": 0,
    "Payments": 12000,
    "Closed": 12000,
    "CAL": "1000001207200",
    "FUEL": "120000000",
    "Rewards": "1008000",
    "Burned": "120000",
    "StateHash": "20b2a2a68c9c0c8605049e0c645ed2a42515930e589eeb98b9215d451edb9881",
    "Gap": "0"
  }
]
Supply and original-debit accounting verified: /Users/richz/lab/man/utxo-fastpay-v12/.run/budget-owner-r3-k1-medium/reports/audit.json
