2026/09/24 20:24:26 INFO gateway started listen=127.0.0.1:26301 organization=062f856d452e238aa4b1152acf77e379ee0109b9aa2aec348442e82adf1c6512
2026/09/24 20:24:49 WARN direct approval quorum unavailable tx="[162 242 236 21 28 182 65 40 142 81 37 143 144 188 123 149 69 176 25 16 2 239 149 44 37 247 230 81 137 222 138 69]" error="valid quorum unavailable\nmember HTTP 409: DEFERRED\nmember HTTP 409: DEFERRED"
2026/09/24 20:24:51 WARN direct approval quorum unavailable tx="[115 236 161 110 239 64 13 154 48 177 242 54 233 97 205 80 123 43 19 204 146 16 22 247 165 113 160 48 99 124 220 234]" error="valid quorum unavailable\nmember HTTP 409: DEFERRED\nmember HTTP 409: DEFERRED"
2026/09/24 20:24:54 WARN direct approval quorum unavailable tx="[148 108 28 105 72 188 13 36 67 255 34 180 224 199 75 60 14 119 58 136 172 106 37 255 150 121 175 242 151 115 131 73]" error="valid quorum unavailable\nmember HTTP 409: DEFERRED\nmember HTTP 409: DEFERRED"
2026/09/24 20:24:58 WARN direct approval quorum unavailable tx="[217 19 130 231 118 255 1 234 126 178 17 112 50 100 134 198 182 217 213 36 80 193 197 70 42 29 99 76 206 57 218 107]" error="valid quorum unavailable\nmember HTTP 409: DEFERRED\nmember HTTP 409: DEFERRED\nmember HTTP 409: DEFERRED\nmember HTTP 409: DEFERRED"
2026/09/24 20:24:58 WARN direct approval quorum unavailable tx="[28 82 228 177 0 113 184 191 186 14 11 22 129 23 9 207 179 253 248 34 252 29 58 67 9 27 154 121 121 121 238 198]" error="valid quorum unavailable\nmember HTTP 409: DEFERRED\nmember HTTP 409: DEFERRED"
2026/09/24 20:24:59 WARN direct approval quorum unavailable tx="[15 21 247 162 72 38 187 212 109 18 94 23 216 190 79 74 72 142 39 236 165 26 8 31 163 162 110 106 201 93 147 118]" error="valid quorum unavailable\nmember HTTP 409: DEFERRED\nmember HTTP 409: DEFERRED"
2026/09/24 20:25:05 WARN direct approval quorum unavailable tx="[139 77 13 95 52 213 251 143 192 156 107 245 249 250 191 222 66 251 114 181 42 110 194 12 236 17 218 174 28 169 159 83]" error="valid quorum unavailable\nmember HTTP 409: DEFERRED\nmember HTTP 409: DEFERRED\nmember HTTP 409: DEFERRED\nmember HTTP 409: DEFERRED"
2026/09/24 20:25:06 WARN direct approval quorum unavailable tx="[156 39 128 67 208 178 239 6 236 219 171 17 82 60 181 246 89 130 62 161 132 240 168 116 47 13 48 250 130 167 249 34]" error="valid quorum unavailable\nmember HTTP 409: DEFERRED\nmember HTTP 409: DEFERRED"
2026/09/24 20:25:11 WARN direct approval quorum unavailable tx="[161 37 98 64 135 121 93 228 161 80 74 109 19 165 57 222 36 130 229 96 155 36 99 137 112 155 190 87 126 232 118 63]" error="valid quorum unavailable\nmember HTTP 409: DEFERRED\nmember HTTP 409: DEFERRED"
2026/09/24 20:25:19 WARN direct approval quorum unavailable tx="[96 102 129 31 21 46 5 206 101 206 159 213 221 148 246 115 101 107 77 149 47 139 212 57 42 198 203 59 235 31 238 210]" error="valid quorum unavailable\nmember HTTP 409: DEFERRED\nmember HTTP 409: DEFERRED"
2026/09/24 20:25:21 WARN direct approval quorum unavailable tx="[224 13 68 184 243 145 96 90 18 172 5 251 241 144 182 99 85 50 3 46 175 174 37 160 201 252 126 152 86 131 131 69]" error="valid quorum unavailable\nmember HTTP 409: DEFERRED\nmember HTTP 409: DEFERRED\nmember HTTP 409: DEFERRED"
2026/09/24 20:25:22 WARN direct approval quorum unavailable tx="[48 241 102 168 183 108 70 12 192 74 87 54 194 169 209 232 52 119 122 20 219 92 163 244 147 162 59 64 152 31 203 147]" error="valid quorum unavailable\nmember HTTP 409: DEFERRED\nmember HTTP 409: DEFERRED"
2026/09/24 20:25:26 WARN direct approval quorum unavailable tx="[78 179 67 32 241 55 47 70 89 208 38 135 240 96 253 22 243 158 113 192 177 29 227 197 1 10 195 99 145 220 192 4]" error="valid quorum unavailable\nmember HTTP 409: DEFERRED\nmember HTTP 409: DEFERRED"
2026/09/24 20:25:32 WARN direct approval quorum unavailable tx="[228 232 200 27 122 58 26 215 210 210 252 21 49 161 153 230 195 100 195 189 244 154 197 39 146 121 205 14 108 245 180 223]" error="valid quorum unavailable\nmember HTTP 409: DEFERRED\nmember HTTP 409: DEFERRED"
2026/09/24 20:25:33 WARN direct approval quorum unavailable tx="[188 205 207 12 238 216 242 51 244 250 133 23 211 249 51 75 118 87 30 9 133 138 59 70 102 205 214 187 184 66 236 67]" error="valid quorum unavailable\nmember HTTP 409: DEFERRED\nmember HTTP 409: DEFERRED"
2026/09/24 20:25:35 WARN direct approval quorum unavailable tx="[4 220 100 205 108 153 86 31 57 157 128 136 14 65 129 94 196 158 67 223 234 97 172 181 73 66 157 234 142 194 53 96]" error="valid quorum unavailable\nmember HTTP 409: DEFERRED\nmember HTTP 409: DEFERRED"
2026/09/24 20:25:43 WARN direct approval quorum unavailable tx="[76 250 73 5 124 45 115 121 248 254 45 152 217 223 196 44 95 109 225 233 78 114 5 49 218 114 142 202 230 64 216 184]" error="valid quorum unavailable\nmember HTTP 409: DEFERRED\nmember HTTP 409: DEFERRED\nmember HTTP 409: DEFERRED"
2026/09/24 20:25:43 WARN direct approval quorum unavailable tx="[120 18 163 186 108 92 71 235 238 15 81 7 131 2 209 225 157 164 125 226 74 13 9 12 1 38 81 169 243 67 221 107]" error="valid quorum unavailable\nmember HTTP 409: DEFERRED\nmember HTTP 409: DEFERRED"
2026/09/24 20:25:49 WARN direct approval quorum unavailable tx="[118 212 189 108 7 170 100 108 126 27 232 162 95 82 184 162 142 186 154 30 122 117 40 129 105 57 86 121 136 101 106 218]" error="valid quorum unavailable\nmember HTTP 409: DEFERRED\nmember HTTP 409: DEFERRED"
2026/09/24 20:25:51 WARN direct approval quorum unavailable tx="[1 201 74 23 18 151 1 50 51 121 11 59 99 192 90 47 43 1 208 225 17 59 142 196 204 120 166 178 80 26 241 72]" error="valid quorum unavailable\nmember HTTP 409: DEFERRED\nmember HTTP 409: DEFERRED\nmember HTTP 409: DEFERRED"
2026/09/24 20:25:54 WARN direct approval quorum unavailable tx="[51 36 29 231 185 18 13 173 167 156 123 221 35 65 147 184 71 229 91 200 40 157 201 188 122 23 98 239 212 219 95 166]" error="valid quorum unavailable\nmember HTTP 409: DEFERRED\nmember HTTP 409: DEFERRED"
2026/09/24 20:25:55 WARN direct approval quorum unavailable tx="[97 17 127 82 170 43 57 110 167 196 163 241 16 136 69 76 181 20 114 118 129 30 190 194 174 252 193 83 105 32 37 146]" error="valid quorum unavailable\nmember HTTP 409: DEFERRED\nmember HTTP 409: DEFERRED"
2026/09/24 20:25:55 WARN direct approval quorum unavailable tx="[89 187 13 176 170 27 53 95 145 55 17 79 17 242 132 25 208 171 58 105 189 185 195 91 229 6 18 81 151 50 216 105]" error="valid quorum unavailable\nmember HTTP 409: DEFERRED\nmember HTTP 409: DEFERRED"
2026/09/24 20:25:56 WARN direct approval quorum unavailable tx="[115 19 211 7 90 169 158 88 126 51 123 37 152 211 132 10 215 116 58 72 152 140 233 132 255 6 246 193 221 241 151 207]" error="valid quorum unavailable\nmember HTTP 409: DEFERRED\nmember HTTP 409: DEFERRED"
2026/09/24 20:25:56 WARN direct approval quorum unavailable tx="[91 237 221 205 47 254 205 131 239 199 178 203 11 189 52 253 84 80 12 67 81 136 101 248 250 77 85 170 64 134 155 95]" error="valid quorum unavailable\nmember HTTP 409: DEFERRED\nmember HTTP 409: DEFERRED\nmember HTTP 409: DEFERRED"
2026/09/24 20:26:06 WARN direct approval quorum unavailable tx="[64 142 255 67 88 112 211 182 87 15 28 106 149 103 20 212 49 1 249 220 94 135 122 65 201 10 86 82 9 56 173 155]" error="valid quorum unavailable\nmember HTTP 409: DEFERRED\nmember HTTP 409: DEFERRED\nmember HTTP 409: DEFERRED"
2026/09/24 20:26:07 WARN direct approval quorum unavailable tx="[246 105 54 40 54 252 207 113 110 143 194 222 223 34 223 112 186 72 251 37 18 178 65 202 179 30 107 209 4 202 33 65]" error="valid quorum unavailable\nmember HTTP 409: DEFERRED\nmember HTTP 409: DEFERRED"
2026/09/24 20:26:08 WARN direct approval quorum unavailable tx="[180 210 177 10 231 6 70 221 145 237 181 83 115 20 186 181 175 15 235 16 238 168 159 144 179 178 149 164 150 143 126 17]" error="valid quorum unavailable\nmember HTTP 409: DEFERRED\nmember HTTP 409: DEFERRED\nmember HTTP 409: DEFERRED"
2026/09/24 20:26:09 WARN direct approval quorum unavailable tx="[24 139 62 129 95 122 82 162 54 80 121 177 45 25 37 34 27 121 89 225 98 147 141 98 37 212 203 190 7 170 219 166]" error="valid quorum unavailable\nmember HTTP 409: DEFERRED\nmember HTTP 409: DEFERRED\nmember HTTP 409: DEFERRED"
2026/09/24 20:26:10 WARN direct approval quorum unavailable tx="[112 47 153 29 90 223 179 186 66 9 136 195 165 166 109 71 57 13 127 199 139 9 109 225 244 61 100 149 112 179 112 41]" error="valid quorum unavailable\nmember HTTP 409: DEFERRED\nmember HTTP 409: DEFERRED\nmember HTTP 409: DEFERRED"
2026/09/24 20:26:14 WARN direct approval quorum unavailable tx="[143 184 244 162 118 151 36 59 70 48 30 47 134 25 50 213 39 70 89 59 146 241 159 94 97 214 98 153 183 128 41 200]" error="valid quorum unavailable\nmember HTTP 409: DEFERRED\nmember HTTP 409: DEFERRED"
2026/09/24 20:26:16 WARN direct approval quorum unavailable tx="[206 55 239 58 95 3 109 121 211 218 228 120 248 225 51 162 34 62 67 119 121 205 44 67 182 253 182 127 1 136 8 184]" error="valid quorum unavailable\nmember HTTP 409: DEFERRED\nmember HTTP 409: DEFERRED\nmember HTTP 409: DEFERRED"
2026/09/24 20:26:18 WARN direct approval quorum unavailable tx="[130 253 104 219 110 78 237 15 45 69 241 15 179 28 231 155 18 36 76 186 40 169 92 164 181 137 143 162 170 54 171 24]" error="valid quorum unavailable\nmember HTTP 409: DEFERRED\nmember HTTP 409: DEFERRED\nmember HTTP 409: DEFERRED"
2026/09/24 20:26:20 WARN direct approval quorum unavailable tx="[255 159 91 251 133 12 55 248 6 53 184 232 70 105 14 52 210 215 189 83 109 12 94 81 14 74 131 10 32 250 56 178]" error="valid quorum unavailable\nmember HTTP 409: DEFERRED\nmember HTTP 409: DEFERRED"
2026/09/24 20:26:26 WARN direct approval quorum unavailable tx="[123 193 249 139 146 220 140 50 62 75 105 99 246 50 229 77 47 190 19 255 203 93 220 89 179 93 154 189 149 113 105 110]" error="valid quorum unavailable\nmember HTTP 409: DEFERRED\nmember HTTP 409: DEFERRED"
2026/09/24 20:26:26 WARN direct approval quorum unavailable tx="[233 222 162 128 191 252 149 146 125 129 80 204 220 152 131 70 154 245 45 255 80 37 242 209 232 190 201 238 88 169 0 226]" error="valid quorum unavailable\nmember HTTP 409: DEFERRED\nmember HTTP 409: DEFERRED\nmember HTTP 409: DEFERRED"
2026/09/24 20:26:27 WARN direct approval quorum unavailable tx="[160 189 247 143 106 127 61 114 182 162 186 246 138 0 18 208 139 247 111 27 53 93 207 69 223 76 143 95 79 29 166 127]" error="valid quorum unavailable\nmember HTTP 409: DEFERRED\nmember HTTP 409: DEFERRED"
2026/09/24 20:26:32 WARN direct approval quorum unavailable tx="[214 248 2 182 15 248 79 60 252 216 255 227 191 227 84 151 174 61 6 178 25 181 149 57 100 243 87 216 164 205 199 246]" error="valid quorum unavailable\nmember HTTP 409: DEFERRED\nmember HTTP 409: DEFERRED"
2026/09/24 20:26:34 WARN direct approval quorum unavailable tx="[12 20 59 1 221 94 214 136 57 254 218 206 17 192 18 6 109 138 150 133 173 141 55 149 61 206 141 126 46 35 220 180]" error="valid quorum unavailable\nmember HTTP 409: DEFERRED\nmember HTTP 409: DEFERRED"
2026/09/24 20:26:35 WARN direct approval quorum unavailable tx="[54 241 85 131 194 231 94 195 135 56 84 63 27 136 200 20 3 141 83 70 26 37 105 220 201 81 253 31 171 106 15 138]" error="valid quorum unavailable\nmember HTTP 409: DEFERRED\nmember HTTP 409: DEFERRED\nmember HTTP 409: DEFERRED"
2026/09/24 20:26:38 WARN direct approval quorum unavailable tx="[62 144 37 62 152 239 245 234 209 66 13 145 139 222 241 41 14 6 175 129 226 149 58 71 136 217 149 180 232 155 69 196]" error="valid quorum unavailable\nmember HTTP 409: DEFERRED\nmember HTTP 409: DEFERRED"
2026/09/24 20:26:41 WARN direct approval quorum unavailable tx="[66 25 139 101 130 215 157 37 13 222 174 86 10 49 189 173 52 162 178 15 169 143 250 131 194 239 53 144 173 193 193 99]" error="valid quorum unavailable\nmember HTTP 409: DEFERRED\nmember HTTP 409: DEFERRED"
