2026/09/24 20:24:26 INFO gateway started listen=127.0.0.1:26300 organization=49be96489ff513310314d931923c72145ab05646ed099b21ad2e0f3178e10ab2
2026/09/24 20:24:43 WARN direct approval quorum unavailable tx="[117 226 101 209 219 114 24 70 242 66 108 40 43 252 208 68 122 62 143 245 78 187 32 241 44 158 244 78 1 235 124 73]" error="valid quorum unavailable\nmember HTTP 409: DEFERRED\nmember HTTP 409: DEFERRED\nmember HTTP 409: DEFERRED"
2026/09/24 20:24:44 WARN direct approval quorum unavailable tx="[21 77 213 113 29 66 174 213 140 202 166 239 72 128 59 237 246 61 13 124 104 91 106 84 112 61 172 7 98 132 235 76]" error="valid quorum unavailable\nmember HTTP 409: DEFERRED\nmember HTTP 409: DEFERRED"
2026/09/24 20:24:44 WARN direct approval quorum unavailable tx="[128 67 175 107 197 16 78 61 146 252 76 77 130 58 120 61 17 227 63 217 206 6 62 127 233 79 71 19 133 205 191 125]" error="valid quorum unavailable\nmember HTTP 409: DEFERRED\nmember HTTP 409: DEFERRED"
2026/09/24 20:24:46 WARN direct approval quorum unavailable tx="[205 216 219 205 252 152 252 32 91 47 202 103 24 12 114 191 109 223 194 200 69 13 141 73 95 104 101 63 129 236 16 232]" error="valid quorum unavailable\nmember HTTP 409: DEFERRED\nmember HTTP 409: DEFERRED"
2026/09/24 20:24:47 WARN direct approval quorum unavailable tx="[177 145 143 152 153 208 112 122 248 66 249 213 222 196 60 154 128 28 69 229 48 119 44 144 141 208 77 223 201 142 38 130]" error="valid quorum unavailable\nmember HTTP 409: DEFERRED\nmember HTTP 409: DEFERRED"
2026/09/24 20:24:51 WARN direct approval quorum unavailable tx="[40 92 185 193 72 108 102 34 217 3 231 100 49 126 222 93 238 72 160 143 84 100 83 189 55 224 54 74 31 177 38 77]" error="valid quorum unavailable\nmember HTTP 409: DEFERRED\nmember HTTP 409: DEFERRED\nmember HTTP 409: DEFERRED"
2026/09/24 20:24:52 WARN direct approval quorum unavailable tx="[155 209 4 164 141 216 180 121 196 107 72 154 229 217 182 208 71 111 218 89 62 45 21 247 111 192 147 18 31 7 155 156]" error="valid quorum unavailable\nmember HTTP 409: DEFERRED\nmember HTTP 409: DEFERRED\nmember HTTP 409: DEFERRED"
2026/09/24 20:24:57 WARN direct approval quorum unavailable tx="[199 116 245 208 69 243 152 113 13 240 133 247 106 24 86 3 231 143 54 60 162 177 153 74 231 152 235 90 72 230 47 250]" error="valid quorum unavailable\nmember HTTP 409: DEFERRED\nmember HTTP 409: DEFERRED\nmember HTTP 409: DEFERRED"
2026/09/24 20:24:58 WARN direct approval quorum unavailable tx="[223 17 185 39 147 21 105 29 138 5 187 100 247 147 234 249 69 85 57 206 78 62 151 122 222 42 221 23 133 53 133 93]" error="valid quorum unavailable\nmember HTTP 409: DEFERRED\nmember HTTP 409: DEFERRED\nmember HTTP 409: DEFERRED"
2026/09/24 20:25:02 WARN direct approval quorum unavailable tx="[240 25 46 95 112 119 11 107 150 54 250 96 226 198 38 1 254 99 39 163 66 115 26 82 69 161 98 115 112 193 53 148]" error="valid quorum unavailable\nmember HTTP 409: DEFERRED\nmember HTTP 409: DEFERRED"
2026/09/24 20:25:03 WARN direct approval quorum unavailable tx="[216 159 49 126 107 213 145 148 211 132 55 198 171 152 93 248 75 59 184 242 218 1 175 4 116 97 64 193 93 69 3 217]" error="valid quorum unavailable\nmember HTTP 409: DEFERRED\nmember HTTP 409: DEFERRED\nmember HTTP 409: DEFERRED"
2026/09/24 20:25:04 WARN direct approval quorum unavailable tx="[20 126 80 172 101 139 193 98 98 155 29 124 203 82 18 159 163 66 0 4 244 184 237 155 189 24 21 25 202 144 252 188]" error="valid quorum unavailable\nmember HTTP 409: DEFERRED\nmember HTTP 409: DEFERRED"
2026/09/24 20:25:09 WARN direct approval quorum unavailable tx="[100 78 170 171 47 5 52 21 130 48 139 231 93 181 124 172 169 17 198 193 216 43 22 137 55 33 251 205 108 156 47 145]" error="valid quorum unavailable\nmember HTTP 409: DEFERRED\nmember HTTP 409: DEFERRED\nmember HTTP 409: DEFERRED"
2026/09/24 20:25:10 WARN direct approval quorum unavailable tx="[213 118 246 37 166 124 66 250 151 225 16 59 64 6 206 123 93 225 115 139 202 133 249 95 232 69 248 37 45 159 221 75]" error="valid quorum unavailable\nmember HTTP 409: DEFERRED\nmember HTTP 409: DEFERRED\nmember HTTP 409: DEFERRED"
2026/09/24 20:25:11 WARN direct approval quorum unavailable tx="[68 177 243 0 245 232 143 241 223 196 159 102 194 200 225 48 221 244 98 134 109 246 145 203 92 51 117 235 2 255 9 108]" error="valid quorum unavailable\nmember HTTP 409: DEFERRED\nmember HTTP 409: DEFERRED"
2026/09/24 20:25:12 WARN direct approval quorum unavailable tx="[199 117 25 230 101 104 78 202 111 255 94 38 154 195 133 233 176 145 66 166 99 122 212 81 49 151 12 234 129 11 219 118]" error="valid quorum unavailable\nmember HTTP 409: DEFERRED\nmember HTTP 409: DEFERRED\nmember HTTP 409: DEFERRED"
2026/09/24 20:25:14 WARN direct approval quorum unavailable tx="[2 115 72 246 247 203 72 89 143 2 217 131 249 7 123 215 226 64 61 44 42 155 58 99 27 165 185 250 194 195 70 139]" error="valid quorum unavailable\nmember HTTP 409: DEFERRED\nmember HTTP 409: DEFERRED"
2026/09/24 20:25:19 WARN direct approval quorum unavailable tx="[6 240 48 34 27 187 92 184 233 216 122 96 39 130 199 160 39 201 156 2 227 39 217 0 122 233 173 117 194 19 129 207]" error="valid quorum unavailable\nmember HTTP 409: DEFERRED\nmember HTTP 409: DEFERRED"
2026/09/24 20:25:23 WARN direct approval quorum unavailable tx="[64 61 180 43 188 86 110 152 170 200 189 128 79 224 82 241 150 16 105 8 75 251 69 160 102 137 58 101 164 134 62 173]" error="valid quorum unavailable\nmember HTTP 409: DEFERRED\nmember HTTP 409: DEFERRED\nmember HTTP 409: DEFERRED"
2026/09/24 20:25:23 WARN direct approval quorum unavailable tx="[66 32 180 126 76 122 60 55 198 186 36 43 245 1 254 70 188 18 195 158 128 36 71 32 169 66 202 99 107 191 79 64]" error="valid quorum unavailable\nmember HTTP 409: DEFERRED\nmember HTTP 409: DEFERRED\nmember HTTP 409: DEFERRED"
2026/09/24 20:25:27 WARN direct approval quorum unavailable tx="[48 94 126 240 140 194 129 184 33 14 244 199 87 81 42 92 139 25 210 171 36 169 212 147 112 18 70 203 21 96 248 233]" error="valid quorum unavailable\nmember HTTP 409: DEFERRED\nmember HTTP 409: DEFERRED\nmember HTTP 409: DEFERRED"
2026/09/24 20:25:28 WARN direct approval quorum unavailable tx="[155 211 128 246 167 63 13 79 63 144 218 183 249 133 44 221 133 244 226 231 187 14 250 137 106 122 168 227 50 7 112 100]" error="valid quorum unavailable\nmember HTTP 409: DEFERRED\nmember HTTP 409: DEFERRED"
2026/09/24 20:25:29 WARN direct approval quorum unavailable tx="[185 159 37 218 243 132 29 244 38 33 124 162 129 170 191 213 148 14 168 168 89 143 131 77 138 87 27 21 50 56 220 193]" error="valid quorum unavailable\nmember HTTP 409: DEFERRED\nmember HTTP 409: DEFERRED"
2026/09/24 20:25:32 WARN direct approval quorum unavailable tx="[32 87 70 51 48 119 229 142 170 94 203 93 68 34 111 139 129 253 169 198 226 155 94 128 121 104 53 139 184 240 188 144]" error="valid quorum unavailable\nmember HTTP 409: DEFERRED\nmember HTTP 409: DEFERRED"
2026/09/24 20:25:33 WARN direct approval quorum unavailable tx="[181 254 219 223 140 49 128 42 97 240 249 4 212 208 157 158 168 49 223 123 111 71 209 117 153 154 35 192 5 139 148 185]" error="valid quorum unavailable\nmember HTTP 409: DEFERRED\nmember HTTP 409: DEFERRED\nmember HTTP 409: DEFERRED"
2026/09/24 20:25:35 WARN direct approval quorum unavailable tx="[180 254 18 197 131 242 236 253 165 12 46 105 193 173 202 188 127 8 148 152 7 4 192 100 76 107 176 3 235 107 8 248]" error="valid quorum unavailable\nmember HTTP 409: DEFERRED\nmember HTTP 409: DEFERRED"
2026/09/24 20:25:43 WARN direct approval quorum unavailable tx="[153 159 131 20 186 206 245 18 55 18 216 138 224 170 251 247 67 4 94 175 134 86 27 173 102 90 105 75 177 37 71 30]" error="valid quorum unavailable\nmember HTTP 409: DEFERRED\nmember HTTP 409: DEFERRED"
2026/09/24 20:25:43 WARN direct approval quorum unavailable tx="[14 147 55 120 173 215 198 101 126 82 240 4 177 146 250 249 80 90 187 231 193 57 123 0 186 53 104 229 232 42 153 204]" error="valid quorum unavailable\nmember HTTP 409: DEFERRED\nmember HTTP 409: DEFERRED\nmember HTTP 409: DEFERRED"
2026/09/24 20:25:47 WARN direct approval quorum unavailable tx="[141 73 22 184 191 32 75 110 221 35 255 35 80 186 143 84 128 220 2 73 163 237 231 87 21 221 102 52 26 29 224 31]" error="valid quorum unavailable\nmember HTTP 409: DEFERRED\nmember HTTP 409: DEFERRED"
2026/09/24 20:25:49 WARN direct approval quorum unavailable tx="[5 111 180 242 72 160 23 204 199 95 178 206 4 44 22 188 216 93 85 155 222 184 168 212 220 222 26 136 206 90 136 79]" error="valid quorum unavailable\nmember HTTP 409: DEFERRED\nmember HTTP 409: DEFERRED"
2026/09/24 20:25:51 WARN direct approval quorum unavailable tx="[133 187 219 172 53 6 195 156 175 190 33 15 198 46 101 236 193 42 125 244 240 67 226 158 150 198 141 129 105 205 171 104]" error="valid quorum unavailable\nmember HTTP 409: DEFERRED\nmember HTTP 409: DEFERRED"
2026/09/24 20:25:51 WARN direct approval quorum unavailable tx="[226 73 35 44 191 234 170 200 108 95 74 102 32 206 204 242 40 124 233 125 89 162 4 78 81 13 102 254 80 4 189 202]" error="valid quorum unavailable\nmember HTTP 409: DEFERRED\nmember HTTP 409: DEFERRED"
2026/09/24 20:25:53 WARN direct approval quorum unavailable tx="[229 165 134 238 123 164 197 120 60 72 162 50 191 62 141 75 46 204 77 67 19 230 22 255 13 96 211 238 240 59 157 181]" error="valid quorum unavailable\nmember HTTP 409: DEFERRED\nmember HTTP 409: DEFERRED\nmember HTTP 409: DEFERRED"
2026/09/24 20:25:54 WARN direct approval quorum unavailable tx="[67 244 194 248 57 242 33 48 237 244 53 227 204 42 35 116 235 81 151 114 111 236 200 157 56 223 48 192 151 54 212 234]" error="valid quorum unavailable\nmember HTTP 409: DEFERRED\nmember HTTP 409: DEFERRED"
2026/09/24 20:25:55 WARN direct approval quorum unavailable tx="[157 149 215 104 2 79 91 33 120 240 88 35 7 135 114 176 224 130 89 227 195 103 88 93 224 216 212 202 109 122 195 236]" error="valid quorum unavailable\nmember HTTP 409: DEFERRED\nmember HTTP 409: DEFERRED"
2026/09/24 20:25:56 WARN direct approval quorum unavailable tx="[94 148 175 242 48 28 201 55 87 232 117 180 159 11 36 255 82 104 252 231 198 130 35 193 254 38 79 96 151 11 202 199]" error="valid quorum unavailable\nmember HTTP 409: DEFERRED\nmember HTTP 409: DEFERRED\nmember HTTP 409: DEFERRED"
2026/09/24 20:25:56 WARN direct approval quorum unavailable tx="[219 81 117 230 104 47 227 64 37 66 143 242 24 116 244 207 224 223 5 131 196 45 192 165 250 130 233 253 49 116 152 77]" error="valid quorum unavailable\nmember HTTP 409: DEFERRED\nmember HTTP 409: DEFERRED"
2026/09/24 20:25:57 WARN direct approval quorum unavailable tx="[158 126 5 48 149 111 169 184 236 157 99 25 112 17 81 80 207 185 208 242 81 70 240 235 164 147 183 187 1 246 160 46]" error="valid quorum unavailable\nmember HTTP 409: DEFERRED\nmember HTTP 409: DEFERRED\nmember HTTP 409: DEFERRED"
2026/09/24 20:26:00 WARN direct approval quorum unavailable tx="[212 13 71 219 22 20 13 58 221 118 116 170 66 152 86 10 147 45 28 110 248 146 152 213 78 157 166 215 89 10 210 149]" error="valid quorum unavailable\nmember HTTP 409: DEFERRED\nmember HTTP 409: DEFERRED"
2026/09/24 20:26:01 WARN direct approval quorum unavailable tx="[48 157 2 219 11 215 136 8 144 35 10 244 140 70 29 79 237 26 252 8 187 219 238 101 98 230 162 176 191 82 240 211]" error="valid quorum unavailable\nmember HTTP 409: DEFERRED\nmember HTTP 409: DEFERRED\nmember HTTP 409: DEFERRED"
2026/09/24 20:26:03 WARN direct approval quorum unavailable tx="[68 170 99 241 70 92 13 242 151 218 4 79 123 230 243 70 166 153 102 164 207 118 104 252 245 184 17 60 82 125 154 28]" error="valid quorum unavailable\nmember HTTP 409: DEFERRED\nmember HTTP 409: DEFERRED\nmember HTTP 409: DEFERRED"
2026/09/24 20:26:05 WARN direct approval quorum unavailable tx="[48 45 230 140 172 251 200 47 224 21 185 37 128 91 46 5 2 251 38 114 166 49 143 23 98 202 33 255 53 98 155 22]" error="valid quorum unavailable\nmember HTTP 409: DEFERRED\nmember HTTP 409: DEFERRED\nmember HTTP 409: DEFERRED"
2026/09/24 20:26:07 WARN direct approval quorum unavailable tx="[100 172 142 97 203 30 160 70 23 150 42 173 96 169 153 66 14 10 117 57 233 217 37 74 100 179 54 217 252 169 102 41]" error="valid quorum unavailable\nmember HTTP 409: DEFERRED\nmember HTTP 409: DEFERRED"
2026/09/24 20:26:09 WARN direct approval quorum unavailable tx="[204 105 130 29 91 29 44 107 95 108 194 21 53 217 78 131 127 125 66 183 118 217 144 173 31 95 159 24 97 235 113 149]" error="valid quorum unavailable\nmember HTTP 409: DEFERRED\nmember HTTP 409: DEFERRED\nmember HTTP 409: DEFERRED"
2026/09/24 20:26:10 WARN direct approval quorum unavailable tx="[252 178 248 13 6 156 65 144 95 70 222 180 76 83 245 249 22 68 40 5 158 193 13 148 199 215 176 147 180 5 82 37]" error="valid quorum unavailable\nmember HTTP 409: DEFERRED\nmember HTTP 409: DEFERRED"
2026/09/24 20:26:14 WARN direct approval quorum unavailable tx="[164 31 170 54 2 248 12 83 49 2 63 41 187 184 143 169 250 47 57 190 131 51 76 116 125 244 201 34 241 205 15 43]" error="valid quorum unavailable\nmember HTTP 409: DEFERRED\nmember HTTP 409: DEFERRED\nmember HTTP 409: DEFERRED"
2026/09/24 20:26:14 WARN direct approval quorum unavailable tx="[180 84 13 31 199 99 70 81 86 247 236 243 45 190 213 117 177 164 225 63 247 227 105 52 195 253 22 118 79 138 236 49]" error="valid quorum unavailable\nmember HTTP 409: DEFERRED\nmember HTTP 409: DEFERRED"
2026/09/24 20:26:20 WARN direct approval quorum unavailable tx="[53 30 16 248 88 139 57 172 242 235 221 102 189 146 57 103 104 114 250 90 112 181 69 156 230 34 250 81 5 109 232 114]" error="valid quorum unavailable\nmember HTTP 409: DEFERRED\nmember HTTP 409: DEFERRED"
2026/09/24 20:26:21 WARN direct approval quorum unavailable tx="[165 236 199 147 110 240 183 189 215 166 252 179 24 124 188 205 66 149 171 253 103 60 229 205 244 68 74 108 56 167 209 127]" error="valid quorum unavailable\nmember HTTP 409: DEFERRED\nmember HTTP 409: DEFERRED\nmember HTTP 409: DEFERRED"
2026/09/24 20:26:26 WARN direct approval quorum unavailable tx="[244 186 132 22 141 153 59 179 47 113 74 13 129 124 199 154 142 56 163 52 250 147 165 15 15 114 33 45 17 59 80 220]" error="valid quorum unavailable\nmember HTTP 409: DEFERRED\nmember HTTP 409: DEFERRED"
2026/09/24 20:26:27 WARN direct approval quorum unavailable tx="[51 170 35 99 252 244 6 209 41 79 13 156 103 66 48 5 233 161 27 183 19 224 225 221 6 211 22 182 63 8 236 97]" error="valid quorum unavailable\nmember HTTP 409: DEFERRED\nmember HTTP 409: DEFERRED"
2026/09/24 20:26:29 WARN direct approval quorum unavailable tx="[153 126 169 92 187 204 181 108 30 109 150 15 130 190 167 64 123 46 110 195 9 212 153 117 48 114 60 214 214 198 31 246]" error="valid quorum unavailable\nmember HTTP 409: DEFERRED\nmember HTTP 409: DEFERRED\nmember HTTP 409: DEFERRED"
2026/09/24 20:26:29 WARN direct approval quorum unavailable tx="[203 162 135 136 30 22 159 217 250 227 118 247 119 114 31 11 123 29 60 215 25 48 147 222 222 140 145 255 211 141 46 79]" error="valid quorum unavailable\nmember HTTP 409: DEFERRED\nmember HTTP 409: DEFERRED\nmember HTTP 409: DEFERRED"
2026/09/24 20:26:32 WARN direct approval quorum unavailable tx="[62 105 83 130 254 137 207 53 6 21 10 80 132 7 155 155 81 44 38 9 10 229 200 11 240 128 149 250 255 253 173 255]" error="valid quorum unavailable\nmember HTTP 409: DEFERRED\nmember HTTP 409: DEFERRED"
2026/09/24 20:26:34 WARN direct approval quorum unavailable tx="[45 194 155 202 35 85 102 72 203 129 53 24 112 218 45 253 56 254 103 4 181 176 255 229 95 54 1 208 26 49 1 200]" error="valid quorum unavailable\nmember HTTP 409: DEFERRED\nmember HTTP 409: DEFERRED\nmember HTTP 409: DEFERRED"
2026/09/24 20:26:35 WARN direct approval quorum unavailable tx="[53 105 218 106 99 111 152 4 236 4 39 173 155 202 160 202 197 160 107 7 102 154 215 84 164 24 19 1 167 214 26 238]" error="valid quorum unavailable\nmember HTTP 409: DEFERRED\nmember HTTP 409: DEFERRED\nmember HTTP 409: DEFERRED"
2026/09/24 20:26:39 WARN direct approval quorum unavailable tx="[80 96 33 92 246 100 79 178 118 124 40 237 181 29 191 139 246 95 123 74 98 204 182 207 104 219 162 138 156 231 65 248]" error="valid quorum unavailable\nmember HTTP 409: DEFERRED\nmember HTTP 409: DEFERRED\nmember HTTP 409: DEFERRED"
