[
  {
    "Name": "org0-member0",
    "Approvals": 100,
    "Pending": 0,
    "Payments": 0,
    "Closed": 0,
    "CAL": "",
    "FUEL": "",
    "Rewards": "",
    "Burned": ""
  },
  {
    "Name": "org0-member1",
    "Approvals": 100,
    "Pending": 0,
    "Payments": 0,
    "Closed": 0,
    "CAL": "",
    "FUEL": "",
    "Rewards": "",
    "Burned": ""
  },
  {
    "Name": "org0-member2",
    "Approvals": 100,
    "Pending": 0,
    "Payments": 0,
    "Closed": 0,
    "CAL": "",
    "FUEL": "",
    "Rewards": "",
    "Burned": ""
  },
  {
    "Name": "org0-member3",
    "Approvals": 97,
    "Pending": 0,
    "Payments": 0,
    "Closed": 0,
    "CAL": "",
    "FUEL": "",
    "Rewards": "",
    "Burned": ""
  },
  {
    "Name": "gateway0",
    "Approvals": 0,
    "Pending": 0,
    "Payments": 0,
    "Closed": 0,
    "CAL": "",
    "FUEL": "",
    "Rewards": "",
    "Burned": ""
  },
  {
    "Name": "committee0",
    "Approvals": 0,
    "Pending": 0,
    "Payments": 100,
    "Closed": 100,
    "CAL": "2000000000200",
    "FUEL": "2000000000000",
    "Rewards": "8400",
    "Burned": "1000",
    "StateHash": "e91075214c71e975b9e01baa86efe7f83825992524ef0bb20116d723f6e993dc",
    "Gap": "0"
  },
  {
    "Name": "committee1",
    "Approvals": 0,
    "Pending": 0,
    "Payments": 100,
    "Closed": 100,
    "CAL": "2000000000200",
    "FUEL": "2000000000000",
    "Rewards": "8400",
    "Burned": "1000",
    "StateHash": "e91075214c71e975b9e01baa86efe7f83825992524ef0bb20116d723f6e993dc",
    "Gap": "0"
  },
  {
    "Name": "committee2",
    "Approvals": 0,
    "Pending": 0,
    "Payments": 100,
    "Closed": 100,
    "CAL": "2000000000200",
    "FUEL": "2000000000000",
    "Rewards": "8400",
    "Burned": "1000",
    "StateHash": "e91075214c71e975b9e01baa86efe7f83825992524ef0bb20116d723f6e993dc",
    "Gap": "0"
  },
  {
    "Name": "committee3",
    "Approvals": 0,
    "Pending": 0,
    "Payments": 100,
    "Closed": 100,
    "CAL": "2000000000200",
    "FUEL": "2000000000000",
    "Rewards": "8400",
    "Burned": "1000",
    "StateHash": "e91075214c71e975b9e01baa86efe7f83825992524ef0bb20116d723f6e993dc",
    "Gap": "0"
  }
]
Supply and original-debit accounting verified: /Users/richz/lab/man/utxo-fastpay-v12/.run/chain-v3-wait_final-100-r1/reports/audit.json
{"checks":"exact chain links, receive-before-build, every input consumed once, final owner/output, no open or repaired obligations","hops":100,"obligations":null,"verified":true}
