[
  {
    "Name": "org0-member0",
    "Approvals": 300,
    "Pending": 0,
    "Payments": 0,
    "Closed": 0,
    "CAL": "",
    "FUEL": "",
    "Rewards": "",
    "Burned": ""
  },
  {
    "Name": "org0-member1",
    "Approvals": 300,
    "Pending": 0,
    "Payments": 0,
    "Closed": 0,
    "CAL": "",
    "FUEL": "",
    "Rewards": "",
    "Burned": ""
  },
  {
    "Name": "org0-member2",
    "Approvals": 300,
    "Pending": 0,
    "Payments": 0,
    "Closed": 0,
    "CAL": "",
    "FUEL": "",
    "Rewards": "",
    "Burned": ""
  },
  {
    "Name": "org0-member3",
    "Approvals": 300,
    "Pending": 0,
    "Payments": 0,
    "Closed": 0,
    "CAL": "",
    "FUEL": "",
    "Rewards": "",
    "Burned": ""
  },
  {
    "Name": "gateway0",
    "Approvals": 0,
    "Pending": 0,
    "Payments": 0,
    "Closed": 0,
    "CAL": "",
    "FUEL": "",
    "Rewards": "",
    "Burned": ""
  },
  {
    "Name": "org1-member0",
    "Approvals": 0,
    "Pending": 0,
    "Payments": 0,
    "Closed": 0,
    "CAL": "",
    "FUEL": "",
    "Rewards": "",
    "Burned": ""
  },
  {
    "Name": "org1-member1",
    "Approvals": 0,
    "Pending": 0,
    "Payments": 0,
    "Closed": 0,
    "CAL": "",
    "FUEL": "",
    "Rewards": "",
    "Burned": ""
  },
  {
    "Name": "org1-member2",
    "Approvals": 0,
    "Pending": 0,
    "Payments": 0,
    "Closed": 0,
    "CAL": "",
    "FUEL": "",
    "Rewards": "",
    "Burned": ""
  },
  {
    "Name": "org1-member3",
    "Approvals": 0,
    "Pending": 0,
    "Payments": 0,
    "Closed": 0,
    "CAL": "",
    "FUEL": "",
    "Rewards": "",
    "Burned": ""
  },
  {
    "Name": "gateway1",
    "Approvals": 0,
    "Pending": 0,
    "Payments": 0,
    "Closed": 0,
    "CAL": "",
    "FUEL": "",
    "Rewards": "",
    "Burned": ""
  },
  {
    "Name": "committee0",
    "Approvals": 0,
    "Pending": 0,
    "Payments": 300,
    "Closed": 300,
    "CAL": "2000000090000",
    "FUEL": "2000000000000",
    "Rewards": "25200",
    "Burned": "3000",
    "StateHash": "3cca2e85f8932a1a278e74ce9f9b80d4da128bcc874d9ba7298c12c8b5568c92",
    "Gap": "0",
    "Recovery": {
      "UserCAL": {
        "4dc992ec93409a6bafa94e1f65aa70bc852fc99b1f42d55d0e7387bbcbae9bf1": 75000,
        "90be9bf229285a49ddaa80f8c3bda4e16b00bf9184f4c78367f66cb6a6d4d6c1": 15000
      },
      "Open": 0,
      "Fulfilled": 0,
      "Repaired": 0,
      "Recovered": 0,
      "PaidCAL": 0,
      "RecoveredCAL": 0,
      "Reserves": [
        {
          "Organization": "887da3044420253376b90444c823caed7fed8aa72aee9bd4660b5d041ee23d02",
          "Balance": 1000000000000,
          "Spent": 0,
          "Reserved": 0
        },
        {
          "Organization": "be4dd7bb336b4cefff6ca40625787fb8e3ef10145050a2a44d689c3d158caa63",
          "Balance": 1000000000000,
          "Spent": 0,
          "Reserved": 0
        }
      ]
    }
  },
  {
    "Name": "committee1",
    "Approvals": 0,
    "Pending": 0,
    "Payments": 300,
    "Closed": 300,
    "CAL": "2000000090000",
    "FUEL": "2000000000000",
    "Rewards": "25200",
    "Burned": "3000",
    "StateHash": "3cca2e85f8932a1a278e74ce9f9b80d4da128bcc874d9ba7298c12c8b5568c92",
    "Gap": "0",
    "Recovery": {
      "UserCAL": {
        "4dc992ec93409a6bafa94e1f65aa70bc852fc99b1f42d55d0e7387bbcbae9bf1": 75000,
        "90be9bf229285a49ddaa80f8c3bda4e16b00bf9184f4c78367f66cb6a6d4d6c1": 15000
      },
      "Open": 0,
      "Fulfilled": 0,
      "Repaired": 0,
      "Recovered": 0,
      "PaidCAL": 0,
      "RecoveredCAL": 0,
      "Reserves": [
        {
          "Organization": "887da3044420253376b90444c823caed7fed8aa72aee9bd4660b5d041ee23d02",
          "Balance": 1000000000000,
          "Spent": 0,
          "Reserved": 0
        },
        {
          "Organization": "be4dd7bb336b4cefff6ca40625787fb8e3ef10145050a2a44d689c3d158caa63",
          "Balance": 1000000000000,
          "Spent": 0,
          "Reserved": 0
        }
      ]
    }
  },
  {
    "Name": "committee2",
    "Approvals": 0,
    "Pending": 0,
    "Payments": 300,
    "Closed": 300,
    "CAL": "2000000090000",
    "FUEL": "2000000000000",
    "Rewards": "25200",
    "Burned": "3000",
    "StateHash": "3cca2e85f8932a1a278e74ce9f9b80d4da128bcc874d9ba7298c12c8b5568c92",
    "Gap": "0",
    "Recovery": {
      "UserCAL": {
        "4dc992ec93409a6bafa94e1f65aa70bc852fc99b1f42d55d0e7387bbcbae9bf1": 75000,
        "90be9bf229285a49ddaa80f8c3bda4e16b00bf9184f4c78367f66cb6a6d4d6c1": 15000
      },
      "Open": 0,
      "Fulfilled": 0,
      "Repaired": 0,
      "Recovered": 0,
      "PaidCAL": 0,
      "RecoveredCAL": 0,
      "Reserves": [
        {
          "Organization": "887da3044420253376b90444c823caed7fed8aa72aee9bd4660b5d041ee23d02",
          "Balance": 1000000000000,
          "Spent": 0,
          "Reserved": 0
        },
        {
          "Organization": "be4dd7bb336b4cefff6ca40625787fb8e3ef10145050a2a44d689c3d158caa63",
          "Balance": 1000000000000,
          "Spent": 0,
          "Reserved": 0
        }
      ]
    }
  },
  {
    "Name": "committee3",
    "Approvals": 0,
    "Pending": 0,
    "Payments": 300,
    "Closed": 300,
    "CAL": "2000000090000",
    "FUEL": "2000000000000",
    "Rewards": "25200",
    "Burned": "3000",
    "StateHash": "3cca2e85f8932a1a278e74ce9f9b80d4da128bcc874d9ba7298c12c8b5568c92",
    "Gap": "0",
    "Recovery": {
      "UserCAL": {
        "4dc992ec93409a6bafa94e1f65aa70bc852fc99b1f42d55d0e7387bbcbae9bf1": 75000,
        "90be9bf229285a49ddaa80f8c3bda4e16b00bf9184f4c78367f66cb6a6d4d6c1": 15000
      },
      "Open": 0,
      "Fulfilled": 0,
      "Repaired": 0,
      "Recovered": 0,
      "PaidCAL": 0,
      "RecoveredCAL": 0,
      "Reserves": [
        {
          "Organization": "887da3044420253376b90444c823caed7fed8aa72aee9bd4660b5d041ee23d02",
          "Balance": 1000000000000,
          "Spent": 0,
          "Reserved": 0
        },
        {
          "Organization": "be4dd7bb336b4cefff6ca40625787fb8e3ef10145050a2a44d689c3d158caa63",
          "Balance": 1000000000000,
          "Spent": 0,
          "Reserved": 0
        }
      ]
    }
  }
]
Supply and original-debit accounting verified: /Users/richz/lab/man/utxo-c3-20261002/.run/cost-candidate-3/reports/audit.json
