{
  "batch_progress": true,
  "block_observed_p50_ms": 1052.330583,
  "completed_per_second": 79.13352395537106,
  "concurrency": 64,
  "count": 300,
  "dispatch_delivery_wait_p95_ms": 0.373,
  "dispatch_lag_p50_ms": 0.10125,
  "dispatch_lag_p95_ms": 0.383458,
  "elapsed_s": 3.791060792,
  "failed": 0,
  "fast_completed": 300,
  "fast_p50_ms": 1.045417,
  "fast_p95_ms": 33.744,
  "final_unfinished": 0,
  "finished_unix_ns": 1790919530989746000,
  "max_pending": 256,
  "member_applied_p50_ms": 1100.433666,
  "member_completed": 300,
  "not_sent": 0,
  "note": "Block observation includes block verification and wallet polling; member applied queries local member status for all four nodes. No committee payment proofs are requested.",
  "pending_limit": 256,
  "progress_batch_facts": 1523,
  "progress_batch_http_errors": 0,
  "progress_batch_http_requests": 134,
  "progress_batch_http_total_ms": 24.591957,
  "progress_batch_queue_total_ms": 6424.017052,
  "progress_errors": 0,
  "progress_http_max_ms": 5.86175,
  "progress_http_mean_ms": 4.413558847669075,
  "progress_metric_note": "progress_requests counts logical fact checks; progress_http durations include batch queue wait. Actual batch HTTP requests/errors are separate.",
  "progress_requests": 1523,
  "progress_requests_per_second": 401.7345232801004,
  "same_org": false,
  "sampled_oldest_unfinished_max_ms": 1469.956,
  "sampled_peak_unfinished": 134,
  "send_limit_hits": 0,
  "send_pacing_wait_p95_ms": 0.000459,
  "send_permit_wait_p95_ms": 0.000084,
  "started_unix_ns": 1790919527198679000,
  "target_send_rate": 100,
  "timing_origin": "wallet_http_submit_v4",
  "total_limit_hits": 0,
  "total_permit_wait_p95_ms": 0.00025,
  "trace": false,
  "unknown": 0,
  "wallet_block_observed": 300,
  "wallet_no_sync": true,
  "wallet_queries": 870,
  "workload": "bounded_fast_receipt_with_independent_observation"
}
