[
  {
    "Name": "org0-member0",
    "Approvals": 196717,
    "Pending": 0,
    "Payments": 0,
    "Closed": 0,
    "CAL": "",
    "FUEL": "",
    "Rewards": "",
    "Burned": ""
  },
  {
    "Name": "org0-member1",
    "Approvals": 197008,
    "Pending": 0,
    "Payments": 0,
    "Closed": 0,
    "CAL": "",
    "FUEL": "",
    "Rewards": "",
    "Burned": ""
  },
  {
    "Name": "org0-member2",
    "Approvals": 196830,
    "Pending": 0,
    "Payments": 0,
    "Closed": 0,
    "CAL": "",
    "FUEL": "",
    "Rewards": "",
    "Burned": ""
  },
  {
    "Name": "org0-member3",
    "Approvals": 197405,
    "Pending": 0,
    "Payments": 0,
    "Closed": 0,
    "CAL": "",
    "FUEL": "",
    "Rewards": "",
    "Burned": ""
  },
  {
    "Name": "gateway0",
    "Approvals": 0,
    "Pending": 0,
    "Payments": 0,
    "Closed": 0,
    "CAL": "",
    "FUEL": "",
    "Rewards": "",
    "Burned": ""
  },
  {
    "Name": "org1-member0",
    "Approvals": 0,
    "Pending": 0,
    "Payments": 0,
    "Closed": 0,
    "CAL": "",
    "FUEL": "",
    "Rewards": "",
    "Burned": ""
  },
  {
    "Name": "org1-member1",
    "Approvals": 0,
    "Pending": 0,
    "Payments": 0,
    "Closed": 0,
    "CAL": "",
    "FUEL": "",
    "Rewards": "",
    "Burned": ""
  },
  {
    "Name": "org1-member2",
    "Approvals": 0,
    "Pending": 0,
    "Payments": 0,
    "Closed": 0,
    "CAL": "",
    "FUEL": "",
    "Rewards": "",
    "Burned": ""
  },
  {
    "Name": "org1-member3",
    "Approvals": 0,
    "Pending": 0,
    "Payments": 0,
    "Closed": 0,
    "CAL": "",
    "FUEL": "",
    "Rewards": "",
    "Burned": ""
  },
  {
    "Name": "gateway1",
    "Approvals": 0,
    "Pending": 0,
    "Payments": 0,
    "Closed": 0,
    "CAL": "",
    "FUEL": "",
    "Rewards": "",
    "Burned": ""
  },
  {
    "Name": "committee0",
    "Approvals": 0,
    "Pending": 0,
    "Payments": 198000,
    "Closed": 198000,
    "CAL": "2000039600000",
    "FUEL": "2000000000000",
    "Rewards": "16632000",
    "Burned": "1980000",
    "StateHash": "b7b2de966955b31abe883f73ca7d5e6a7c202c76a513b5f95c4eec3f36c96fd9",
    "Gap": "0"
  },
  {
    "Name": "committee1",
    "Approvals": 0,
    "Pending": 0,
    "Payments": 198000,
    "Closed": 198000,
    "CAL": "2000039600000",
    "FUEL": "2000000000000",
    "Rewards": "16632000",
    "Burned": "1980000",
    "StateHash": "b7b2de966955b31abe883f73ca7d5e6a7c202c76a513b5f95c4eec3f36c96fd9",
    "Gap": "0"
  },
  {
    "Name": "committee2",
    "Approvals": 0,
    "Pending": 0,
    "Payments": 198000,
    "Closed": 198000,
    "CAL": "2000039600000",
    "FUEL": "2000000000000",
    "Rewards": "16632000",
    "Burned": "1980000",
    "StateHash": "b7b2de966955b31abe883f73ca7d5e6a7c202c76a513b5f95c4eec3f36c96fd9",
    "Gap": "0"
  },
  {
    "Name": "committee3",
    "Approvals": 0,
    "Pending": 0,
    "Payments": 198000,
    "Closed": 198000,
    "CAL": "2000039600000",
    "FUEL": "2000000000000",
    "Rewards": "16632000",
    "Burned": "1980000",
    "StateHash": "b7b2de966955b31abe883f73ca7d5e6a7c202c76a513b5f95c4eec3f36c96fd9",
    "Gap": "0"
  }
]
Supply and original-debit accounting verified: /Users/richz/lab/man/utxo-fastpay-v12/.run/repro-fg256/reports/audit.json
