[
  {
    "Name": "org0-member0",
    "Approvals": 6802,
    "Pending": 0,
    "Payments": 0,
    "Closed": 0,
    "CAL": "",
    "FUEL": "",
    "Rewards": "",
    "Burned": ""
  },
  {
    "Name": "org0-member1",
    "Approvals": 6791,
    "Pending": 0,
    "Payments": 0,
    "Closed": 0,
    "CAL": "",
    "FUEL": "",
    "Rewards": "",
    "Burned": ""
  },
  {
    "Name": "org0-member2",
    "Approvals": 6787,
    "Pending": 0,
    "Payments": 0,
    "Closed": 0,
    "CAL": "",
    "FUEL": "",
    "Rewards": "",
    "Burned": ""
  },
  {
    "Name": "org0-member3",
    "Approvals": 6795,
    "Pending": 0,
    "Payments": 0,
    "Closed": 0,
    "CAL": "",
    "FUEL": "",
    "Rewards": "",
    "Burned": ""
  },
  {
    "Name": "gateway0",
    "Approvals": 0,
    "Pending": 0,
    "Payments": 0,
    "Closed": 0,
    "CAL": "",
    "FUEL": "",
    "Rewards": "",
    "Burned": ""
  },
  {
    "Name": "committee0",
    "Approvals": 0,
    "Pending": 0,
    "Payments": 6802,
    "Closed": 6802,
    "CAL": "1000001207200",
    "FUEL": "2000000000000",
    "Rewards": "571368",
    "Burned": "68020",
    "StateHash": "3beafda803f00c312abc7d75b642d8de6b16c2fda28d0e12e33a60fdc057c8dc",
    "Gap": "0"
  },
  {
    "Name": "committee1",
    "Approvals": 0,
    "Pending": 0,
    "Payments": 6802,
    "Closed": 6802,
    "CAL": "1000001207200",
    "FUEL": "2000000000000",
    "Rewards": "571368",
    "Burned": "68020",
    "StateHash": "3beafda803f00c312abc7d75b642d8de6b16c2fda28d0e12e33a60fdc057c8dc",
    "Gap": "0"
  },
  {
    "Name": "committee2",
    "Approvals": 0,
    "Pending": 0,
    "Payments": 6802,
    "Closed": 6802,
    "CAL": "1000001207200",
    "FUEL": "2000000000000",
    "Rewards": "571368",
    "Burned": "68020",
    "StateHash": "3beafda803f00c312abc7d75b642d8de6b16c2fda28d0e12e33a60fdc057c8dc",
    "Gap": "0"
  },
  {
    "Name": "committee3",
    "Approvals": 0,
    "Pending": 0,
    "Payments": 6802,
    "Closed": 6802,
    "CAL": "1000001207200",
    "FUEL": "2000000000000",
    "Rewards": "571368",
    "Burned": "68020",
    "StateHash": "3beafda803f00c312abc7d75b642d8de6b16c2fda28d0e12e33a60fdc057c8dc",
    "Gap": "0"
  }
]
Supply and original-debit accounting verified: /Users/richz/lab/man/utxo-fastpay-v12/.run/budget-gate-r1-cal-delay3-serial/reports/audit.json
