[
  {
    "Name": "org0-member0",
    "Approvals": 11968,
    "Pending": 0,
    "Payments": 0,
    "Closed": 0,
    "CAL": "",
    "FUEL": "",
    "Rewards": "",
    "Burned": ""
  },
  {
    "Name": "org0-member1",
    "Approvals": 11980,
    "Pending": 0,
    "Payments": 0,
    "Closed": 0,
    "CAL": "",
    "FUEL": "",
    "Rewards": "",
    "Burned": ""
  },
  {
    "Name": "org0-member2",
    "Approvals": 11978,
    "Pending": 0,
    "Payments": 0,
    "Closed": 0,
    "CAL": "",
    "FUEL": "",
    "Rewards": "",
    "Burned": ""
  },
  {
    "Name": "org0-member3",
    "Approvals": 11993,
    "Pending": 0,
    "Payments": 0,
    "Closed": 0,
    "CAL": "",
    "FUEL": "",
    "Rewards": "",
    "Burned": ""
  },
  {
    "Name": "gateway0",
    "Approvals": 0,
    "Pending": 0,
    "Payments": 0,
    "Closed": 0,
    "CAL": "",
    "FUEL": "",
    "Rewards": "",
    "Burned": ""
  },
  {
    "Name": "committee0",
    "Approvals": 0,
    "Pending": 0,
    "Payments": 12000,
    "Closed": 12000,
    "CAL": "2000001200000",
    "FUEL": "2000000000000",
    "Rewards": "1008000",
    "Burned": "120000",
    "StateHash": "e203c39bf0e95d815d371d0ed3a198f20e014275019156f158ef25bed76ccc34",
    "Gap": "0"
  },
  {
    "Name": "committee1",
    "Approvals": 0,
    "Pending": 0,
    "Payments": 12000,
    "Closed": 12000,
    "CAL": "2000001200000",
    "FUEL": "2000000000000",
    "Rewards": "1008000",
    "Burned": "120000",
    "StateHash": "e203c39bf0e95d815d371d0ed3a198f20e014275019156f158ef25bed76ccc34",
    "Gap": "0"
  },
  {
    "Name": "committee2",
    "Approvals": 0,
    "Pending": 0,
    "Payments": 12000,
    "Closed": 12000,
    "CAL": "2000001200000",
    "FUEL": "2000000000000",
    "Rewards": "1008000",
    "Burned": "120000",
    "StateHash": "e203c39bf0e95d815d371d0ed3a198f20e014275019156f158ef25bed76ccc34",
    "Gap": "0"
  },
  {
    "Name": "committee3",
    "Approvals": 0,
    "Pending": 0,
    "Payments": 12000,
    "Closed": 12000,
    "CAL": "2000001200000",
    "FUEL": "2000000000000",
    "Rewards": "1008000",
    "Burned": "120000",
    "StateHash": "e203c39bf0e95d815d371d0ed3a198f20e014275019156f158ef25bed76ccc34",
    "Gap": "0"
  }
]
Supply and original-debit accounting verified: /Users/richz/lab/man/utxo-fastpay-v12/.run/budget-r3-k3-medium/reports/audit.json
