2026/09/24 20:27:13 INFO gateway started listen=127.0.0.1:26301 organization=062f856d452e238aa4b1152acf77e379ee0109b9aa2aec348442e82adf1c6512
2026/09/24 20:27:30 WARN direct approval quorum unavailable tx="[240 245 147 247 62 25 29 63 200 73 6 18 255 94 132 198 97 117 114 153 38 235 229 86 156 153 7 125 177 133 232 14]" error="valid quorum unavailable\nmember HTTP 409: DEFERRED\nmember HTTP 409: DEFERRED"
2026/09/24 20:27:33 WARN direct approval quorum unavailable tx="[126 183 46 65 20 128 83 124 250 114 147 171 183 16 143 224 205 18 178 32 11 152 195 152 144 142 78 59 47 225 12 66]" error="valid quorum unavailable\nmember HTTP 409: DEFERRED\nmember HTTP 409: DEFERRED\nmember HTTP 409: DEFERRED\nmember HTTP 409: DEFERRED"
2026/09/24 20:27:34 WARN direct approval quorum unavailable tx="[240 204 70 125 226 100 197 85 166 86 232 154 75 134 237 171 211 40 106 101 158 99 145 132 197 237 5 114 171 57 32 193]" error="valid quorum unavailable\nmember HTTP 409: DEFERRED\nmember HTTP 409: DEFERRED\nmember HTTP 409: DEFERRED\nmember HTTP 409: DEFERRED"
2026/09/24 20:27:35 WARN direct approval quorum unavailable tx="[241 118 87 5 115 115 173 117 135 2 64 195 39 231 134 8 92 224 58 9 91 232 36 106 152 134 17 88 16 200 159 138]" error="valid quorum unavailable\nmember HTTP 409: DEFERRED\nmember HTTP 409: DEFERRED"
2026/09/24 20:27:36 WARN direct approval quorum unavailable tx="[129 44 203 174 158 155 74 82 174 174 223 54 37 225 130 222 58 133 214 253 32 100 231 237 72 241 27 129 238 216 126 161]" error="valid quorum unavailable\nmember HTTP 409: DEFERRED\nmember HTTP 409: DEFERRED"
2026/09/24 20:27:37 WARN direct approval quorum unavailable tx="[148 72 168 231 246 47 48 187 143 163 35 85 71 4 193 174 194 121 136 56 69 74 243 224 228 129 55 77 156 50 61 77]" error="valid quorum unavailable\nmember HTTP 409: DEFERRED\nmember HTTP 409: DEFERRED"
2026/09/24 20:27:37 WARN direct approval quorum unavailable tx="[165 36 97 114 232 52 137 155 196 92 166 94 67 236 217 152 59 146 196 143 30 133 53 115 120 5 74 118 34 40 223 120]" error="valid quorum unavailable\nmember HTTP 409: DEFERRED\nmember HTTP 409: DEFERRED\nmember HTTP 409: DEFERRED\nmember HTTP 409: DEFERRED"
2026/09/24 20:27:38 WARN direct approval quorum unavailable tx="[49 229 238 67 36 193 254 51 118 251 85 75 70 154 199 252 245 100 188 80 156 138 43 133 199 239 233 119 87 160 110 206]" error="valid quorum unavailable\nmember HTTP 409: DEFERRED\nmember HTTP 409: DEFERRED"
2026/09/24 20:27:38 WARN direct approval quorum unavailable tx="[135 1 197 158 228 237 152 2 11 174 192 176 127 90 151 114 135 171 97 124 76 55 25 93 18 246 212 91 237 60 199 10]" error="valid quorum unavailable\nmember HTTP 409: DEFERRED\nmember HTTP 409: DEFERRED"
2026/09/24 20:27:38 WARN direct approval quorum unavailable tx="[49 254 7 175 79 79 206 169 232 33 242 147 37 137 62 42 224 149 91 55 171 187 217 170 113 84 86 156 133 233 38 114]" error="valid quorum unavailable\nmember HTTP 409: DEFERRED\nmember HTTP 409: DEFERRED"
2026/09/24 20:27:39 WARN direct approval quorum unavailable tx="[104 172 132 71 67 25 6 196 6 248 191 123 190 157 244 193 18 129 14 107 83 224 130 130 1 213 56 118 141 240 73 220]" error="valid quorum unavailable\nmember HTTP 409: DEFERRED\nmember HTTP 409: DEFERRED\nmember HTTP 409: DEFERRED"
2026/09/24 20:27:41 WARN direct approval quorum unavailable tx="[104 123 2 17 39 9 216 108 217 111 211 15 214 159 230 145 67 174 208 120 218 121 13 196 6 106 219 220 2 121 26 221]" error="valid quorum unavailable\nmember HTTP 409: DEFERRED\nmember HTTP 409: DEFERRED\nmember HTTP 409: DEFERRED\nmember HTTP 409: DEFERRED"
2026/09/24 20:27:41 WARN direct approval quorum unavailable tx="[159 98 252 4 240 152 14 157 140 184 171 232 244 162 124 27 113 213 171 162 217 77 130 159 3 224 38 135 33 38 84 66]" error="valid quorum unavailable\nmember HTTP 409: DEFERRED\nmember HTTP 409: DEFERRED"
2026/09/24 20:27:44 WARN direct approval quorum unavailable tx="[255 143 146 106 138 49 214 72 194 238 159 32 91 233 12 231 41 65 132 56 197 230 80 22 38 38 237 249 94 188 211 229]" error="valid quorum unavailable\nmember HTTP 409: DEFERRED\nmember HTTP 409: DEFERRED\nmember HTTP 409: DEFERRED\nmember HTTP 409: DEFERRED"
2026/09/24 20:27:46 WARN direct approval quorum unavailable tx="[188 152 83 225 181 8 144 226 213 153 249 149 91 99 163 234 179 205 80 137 39 182 211 134 33 255 94 140 54 181 255 40]" error="valid quorum unavailable\nmember HTTP 409: DEFERRED\nmember HTTP 409: DEFERRED"
2026/09/24 20:27:48 WARN direct approval quorum unavailable tx="[234 115 47 216 192 210 75 129 60 241 48 74 174 241 60 253 246 1 171 137 29 248 107 47 21 144 200 5 64 166 95 190]" error="valid quorum unavailable\nmember HTTP 409: DEFERRED\nmember HTTP 409: DEFERRED"
2026/09/24 20:27:48 WARN direct approval quorum unavailable tx="[153 187 205 244 2 159 43 231 244 235 141 202 245 246 10 112 198 40 210 4 225 90 1 234 199 22 130 66 151 18 165 161]" error="valid quorum unavailable\nmember HTTP 409: DEFERRED\nmember HTTP 409: DEFERRED\nmember HTTP 409: DEFERRED\nmember HTTP 409: DEFERRED"
2026/09/24 20:27:50 WARN direct approval quorum unavailable tx="[124 144 89 195 222 36 192 220 168 95 199 107 75 68 215 212 109 219 141 77 83 124 27 213 40 234 204 98 177 51 77 228]" error="valid quorum unavailable\nmember HTTP 409: DEFERRED\nmember HTTP 409: DEFERRED\nmember HTTP 409: DEFERRED"
2026/09/24 20:27:53 WARN direct approval quorum unavailable tx="[128 19 0 246 60 46 84 250 155 94 232 55 52 23 123 87 84 134 18 113 69 174 30 161 241 236 201 133 133 241 106 124]" error="valid quorum unavailable\nmember HTTP 409: DEFERRED\nmember HTTP 409: DEFERRED\nmember HTTP 409: DEFERRED\nmember HTTP 409: DEFERRED"
2026/09/24 20:27:54 WARN direct approval quorum unavailable tx="[194 121 137 140 61 104 170 24 72 96 96 252 226 32 146 3 28 71 198 192 73 131 56 88 186 56 246 10 253 20 106 177]" error="valid quorum unavailable\nmember HTTP 409: DEFERRED\nmember HTTP 409: DEFERRED\nmember HTTP 409: DEFERRED\nmember HTTP 409: DEFERRED"
2026/09/24 20:27:56 WARN direct approval quorum unavailable tx="[141 94 54 47 24 103 57 121 112 14 221 101 46 143 90 195 130 199 40 64 254 163 144 227 182 44 252 10 174 189 70 190]" error="valid quorum unavailable\nmember HTTP 409: DEFERRED\nmember HTTP 409: DEFERRED\nmember HTTP 409: DEFERRED"
2026/09/24 20:27:57 WARN direct approval quorum unavailable tx="[185 4 61 63 224 0 119 224 18 157 152 198 226 231 246 138 5 74 16 72 213 209 190 120 128 180 209 40 15 188 14 232]" error="valid quorum unavailable\nmember HTTP 409: DEFERRED\nmember HTTP 409: DEFERRED\nmember HTTP 409: DEFERRED"
2026/09/24 20:27:58 WARN direct approval quorum unavailable tx="[51 101 148 104 177 110 124 3 7 233 239 248 149 137 43 86 146 236 109 228 13 81 137 237 70 206 98 233 245 149 129 197]" error="valid quorum unavailable\nmember HTTP 409: DEFERRED\nmember HTTP 409: DEFERRED"
2026/09/24 20:27:59 WARN direct approval quorum unavailable tx="[108 145 111 85 136 110 180 232 188 237 138 34 102 186 220 32 24 206 55 227 237 186 153 226 5 95 36 74 194 147 203 8]" error="valid quorum unavailable\nmember HTTP 409: DEFERRED\nmember HTTP 409: DEFERRED"
2026/09/24 20:27:59 WARN direct approval quorum unavailable tx="[206 203 74 233 85 107 25 238 40 68 139 249 92 220 210 88 93 18 165 111 7 216 148 103 184 177 241 97 195 13 85 54]" error="valid quorum unavailable\nmember HTTP 409: DEFERRED\nmember HTTP 409: DEFERRED\nmember HTTP 409: DEFERRED\nmember HTTP 409: DEFERRED"
2026/09/24 20:28:02 WARN direct approval quorum unavailable tx="[89 231 150 30 138 147 9 220 81 20 8 107 153 1 103 225 145 194 132 59 51 255 180 130 166 15 19 129 83 247 165 192]" error="valid quorum unavailable\nmember HTTP 409: DEFERRED\nmember HTTP 409: DEFERRED\nmember HTTP 409: DEFERRED"
2026/09/24 20:28:03 WARN direct approval quorum unavailable tx="[198 73 161 99 131 6 104 249 107 89 207 93 149 115 13 220 184 128 90 152 68 147 82 150 1 158 237 226 5 104 105 249]" error="valid quorum unavailable\nmember HTTP 409: DEFERRED\nmember HTTP 409: DEFERRED\nmember HTTP 409: DEFERRED\nmember HTTP 409: DEFERRED"
2026/09/24 20:28:05 WARN direct approval quorum unavailable tx="[20 86 99 132 235 229 159 129 107 95 99 241 172 30 225 140 78 18 24 112 12 215 232 128 148 218 187 194 45 9 248 233]" error="valid quorum unavailable\nmember HTTP 409: DEFERRED\nmember HTTP 409: DEFERRED\nmember HTTP 409: DEFERRED"
2026/09/24 20:28:06 WARN direct approval quorum unavailable tx="[52 201 189 5 89 228 64 15 226 103 230 241 178 252 224 68 72 165 96 249 198 231 6 127 74 41 104 136 97 130 22 167]" error="valid quorum unavailable\nmember HTTP 409: DEFERRED\nmember HTTP 409: DEFERRED\nmember HTTP 409: DEFERRED\nmember HTTP 409: DEFERRED"
2026/09/24 20:28:08 WARN direct approval quorum unavailable tx="[73 201 17 121 66 178 151 49 111 152 237 93 185 19 226 246 172 12 231 60 75 251 2 132 133 205 143 213 219 112 160 216]" error="valid quorum unavailable\nmember HTTP 409: DEFERRED\nmember HTTP 409: DEFERRED\nmember HTTP 409: DEFERRED\nmember HTTP 409: DEFERRED"
2026/09/24 20:28:09 WARN direct approval quorum unavailable tx="[76 88 173 140 29 142 6 59 201 206 176 43 2 74 130 236 33 212 242 116 10 145 254 196 104 81 90 219 88 212 83 137]" error="valid quorum unavailable\nmember HTTP 409: DEFERRED\nmember HTTP 409: DEFERRED"
2026/09/24 20:28:09 WARN direct approval quorum unavailable tx="[3 145 211 80 1 53 146 151 37 244 113 100 71 181 150 255 109 133 163 98 31 37 135 241 40 149 70 91 135 175 235 71]" error="valid quorum unavailable\nmember HTTP 409: DEFERRED\nmember HTTP 409: DEFERRED\nmember HTTP 409: DEFERRED\nmember HTTP 409: DEFERRED"
2026/09/24 20:28:10 WARN direct approval quorum unavailable tx="[26 17 114 33 173 108 129 76 216 102 190 132 64 89 133 169 75 122 195 119 29 33 192 226 47 90 144 130 57 53 192 109]" error="valid quorum unavailable\nmember HTTP 409: DEFERRED\nmember HTTP 409: DEFERRED\nmember HTTP 409: DEFERRED\nmember HTTP 409: DEFERRED"
2026/09/24 20:28:12 WARN direct approval quorum unavailable tx="[43 27 59 141 17 165 61 151 133 161 71 49 38 135 139 231 192 223 74 184 57 190 182 220 156 252 250 159 48 247 220 150]" error="valid quorum unavailable\nmember HTTP 409: DEFERRED\nmember HTTP 409: DEFERRED\nmember HTTP 409: DEFERRED\nmember HTTP 409: DEFERRED"
2026/09/24 20:28:14 WARN direct approval quorum unavailable tx="[13 209 45 191 107 150 57 12 32 108 35 181 96 199 168 178 174 235 105 159 233 16 118 178 28 4 143 217 141 156 168 243]" error="valid quorum unavailable\nmember HTTP 409: DEFERRED\nmember HTTP 409: DEFERRED\nmember HTTP 409: DEFERRED"
2026/09/24 20:28:15 WARN direct approval quorum unavailable tx="[121 87 52 126 21 9 31 192 235 167 86 163 174 89 146 197 35 79 213 141 23 121 139 46 26 126 25 54 53 175 205 17]" error="valid quorum unavailable\nmember HTTP 409: DEFERRED\nmember HTTP 409: DEFERRED"
2026/09/24 20:28:15 WARN direct approval quorum unavailable tx="[205 193 168 47 181 212 45 212 222 84 239 45 234 242 6 125 86 66 158 234 227 43 145 79 160 249 179 2 70 247 185 155]" error="valid quorum unavailable\nmember HTTP 409: DEFERRED\nmember HTTP 409: DEFERRED\nmember HTTP 409: DEFERRED"
2026/09/24 20:28:16 WARN direct approval quorum unavailable tx="[10 53 47 32 160 179 129 30 189 174 69 1 196 147 209 255 122 151 222 144 29 36 187 26 236 196 64 134 139 158 162 93]" error="valid quorum unavailable\nmember HTTP 409: DEFERRED\nmember HTTP 409: DEFERRED\nmember HTTP 409: DEFERRED"
2026/09/24 20:28:16 WARN direct approval quorum unavailable tx="[250 65 186 129 242 116 189 195 180 234 60 117 130 73 101 190 165 177 242 214 35 208 196 214 79 95 166 165 138 247 36 8]" error="valid quorum unavailable\nmember HTTP 409: DEFERRED\nmember HTTP 409: DEFERRED"
2026/09/24 20:28:16 WARN direct approval quorum unavailable tx="[187 14 72 3 226 32 42 80 41 122 110 77 97 142 139 176 36 32 39 41 232 158 35 166 243 70 64 167 102 110 164 58]" error="valid quorum unavailable\nmember HTTP 409: DEFERRED\nmember HTTP 409: DEFERRED\nmember HTTP 409: DEFERRED\nmember HTTP 409: DEFERRED"
2026/09/24 20:28:17 WARN direct approval quorum unavailable tx="[250 89 253 96 174 4 46 78 25 92 35 102 39 54 109 65 242 124 210 227 187 153 56 45 101 165 188 199 121 145 238 182]" error="valid quorum unavailable\nmember HTTP 409: DEFERRED\nmember HTTP 409: DEFERRED\nmember HTTP 409: DEFERRED\nmember HTTP 409: DEFERRED"
2026/09/24 20:28:19 WARN direct approval quorum unavailable tx="[36 200 160 198 107 250 206 218 50 17 58 34 132 53 109 192 79 188 171 60 2 125 227 59 242 232 58 93 253 236 188 73]" error="valid quorum unavailable\nmember HTTP 409: DEFERRED\nmember HTTP 409: DEFERRED\nmember HTTP 409: DEFERRED\nmember HTTP 409: DEFERRED"
2026/09/24 20:28:20 WARN direct approval quorum unavailable tx="[129 181 52 23 87 135 85 100 233 174 68 233 143 50 62 152 246 72 40 203 194 13 192 36 157 155 86 46 69 170 16 35]" error="valid quorum unavailable\nmember HTTP 409: DEFERRED\nmember HTTP 409: DEFERRED"
2026/09/24 20:28:20 WARN direct approval quorum unavailable tx="[133 54 83 47 98 187 214 154 220 240 147 45 91 191 149 50 180 179 62 90 204 73 171 231 217 212 34 96 74 191 69 175]" error="valid quorum unavailable\nmember HTTP 409: DEFERRED\nmember HTTP 409: DEFERRED\nmember HTTP 409: DEFERRED"
2026/09/24 20:28:23 WARN direct approval quorum unavailable tx="[174 160 23 159 86 119 134 160 157 20 186 102 22 48 239 15 67 243 204 133 85 36 48 28 130 217 115 8 69 168 27 62]" error="valid quorum unavailable\nmember HTTP 409: DEFERRED\nmember HTTP 409: DEFERRED\nmember HTTP 409: DEFERRED\nmember HTTP 409: DEFERRED"
2026/09/24 20:28:26 WARN direct approval quorum unavailable tx="[124 164 211 188 90 131 197 225 161 254 113 182 24 22 203 48 171 89 235 246 29 54 132 140 114 7 130 80 169 66 112 57]" error="valid quorum unavailable\nmember HTTP 409: DEFERRED\nmember HTTP 409: DEFERRED"
2026/09/24 20:28:26 WARN direct approval quorum unavailable tx="[157 147 141 8 195 189 239 244 160 2 138 51 144 165 230 255 132 138 24 108 67 17 220 60 153 245 100 62 160 9 194 105]" error="valid quorum unavailable\nmember HTTP 409: DEFERRED\nmember HTTP 409: DEFERRED\nmember HTTP 409: DEFERRED"
2026/09/24 20:28:26 WARN direct approval quorum unavailable tx="[167 231 223 78 15 91 150 151 236 73 21 112 4 222 132 183 139 110 178 181 107 66 142 56 230 209 53 50 133 129 64 87]" error="valid quorum unavailable\nmember HTTP 409: DEFERRED\nmember HTTP 409: DEFERRED\nmember HTTP 409: DEFERRED"
2026/09/24 20:28:29 WARN direct approval quorum unavailable tx="[1 91 135 55 161 58 128 11 103 240 146 169 255 255 84 134 105 97 210 212 90 93 121 169 112 8 36 147 38 83 181 225]" error="valid quorum unavailable\nmember HTTP 409: DEFERRED\nmember HTTP 409: DEFERRED\nmember HTTP 409: DEFERRED"
2026/09/24 20:28:29 WARN direct approval quorum unavailable tx="[254 171 89 91 197 2 147 228 227 226 91 17 4 155 233 220 248 218 34 54 159 88 111 226 100 225 248 123 225 86 211 107]" error="valid quorum unavailable\nmember HTTP 409: DEFERRED\nmember HTTP 409: DEFERRED"
2026/09/24 20:28:30 WARN direct approval quorum unavailable tx="[83 7 224 184 169 238 246 107 62 5 3 130 149 134 16 174 158 112 2 142 99 63 128 34 186 176 154 138 63 165 210 137]" error="valid quorum unavailable\nmember HTTP 409: DEFERRED\nmember HTTP 409: DEFERRED\nmember HTTP 409: DEFERRED\nmember HTTP 409: DEFERRED"
2026/09/24 20:28:31 WARN direct approval quorum unavailable tx="[149 149 59 113 107 193 135 41 123 126 163 95 118 188 205 203 116 213 14 129 29 215 91 220 132 187 134 251 172 238 186 189]" error="valid quorum unavailable\nmember HTTP 409: DEFERRED\nmember HTTP 409: DEFERRED\nmember HTTP 409: DEFERRED\nmember HTTP 409: DEFERRED"
2026/09/24 20:28:32 WARN direct approval quorum unavailable tx="[98 18 111 137 79 200 44 87 189 126 252 246 91 29 219 241 154 107 199 0 246 206 88 6 131 234 236 98 178 127 105 97]" error="valid quorum unavailable\nmember HTTP 409: DEFERRED\nmember HTTP 409: DEFERRED"
2026/09/24 20:28:34 WARN direct approval quorum unavailable tx="[91 153 34 234 255 4 146 53 160 191 175 192 226 246 44 147 200 123 60 123 51 77 254 30 250 6 31 178 40 221 161 108]" error="valid quorum unavailable\nmember HTTP 409: DEFERRED\nmember HTTP 409: DEFERRED\nmember HTTP 409: DEFERRED\nmember HTTP 409: DEFERRED"
2026/09/24 20:28:37 WARN direct approval quorum unavailable tx="[245 233 20 170 120 228 84 90 239 217 3 102 183 198 167 186 209 76 162 98 60 151 22 140 160 105 106 60 115 5 24 98]" error="valid quorum unavailable\nmember HTTP 409: DEFERRED\nmember HTTP 409: DEFERRED"
2026/09/24 20:28:37 WARN direct approval quorum unavailable tx="[92 206 249 250 124 149 142 158 97 216 96 99 69 224 116 11 43 11 229 167 78 1 14 52 124 70 246 172 123 23 113 65]" error="valid quorum unavailable\nmember HTTP 409: DEFERRED\nmember HTTP 409: DEFERRED"
2026/09/24 20:28:39 WARN direct approval quorum unavailable tx="[241 158 50 98 239 132 14 192 165 165 128 207 228 51 32 195 5 174 85 0 217 172 44 106 139 210 130 47 208 251 39 121]" error="valid quorum unavailable\nmember HTTP 409: DEFERRED\nmember HTTP 409: DEFERRED\nmember HTTP 409: DEFERRED"
2026/09/24 20:28:39 WARN direct approval quorum unavailable tx="[208 41 245 208 194 145 118 108 217 186 120 131 26 199 184 97 188 136 113 19 20 8 17 47 248 66 37 185 34 113 73 94]" error="valid quorum unavailable\nmember HTTP 409: DEFERRED\nmember HTTP 409: DEFERRED\nmember HTTP 409: DEFERRED"
2026/09/24 20:28:41 WARN direct approval quorum unavailable tx="[14 161 148 213 90 108 13 227 206 11 249 180 149 39 99 47 239 224 248 156 169 32 33 72 249 59 24 67 43 81 242 173]" error="valid quorum unavailable\nmember HTTP 409: DEFERRED\nmember HTTP 409: DEFERRED\nmember HTTP 409: DEFERRED\nmember HTTP 409: DEFERRED"
2026/09/24 20:28:47 WARN direct approval quorum unavailable tx="[238 233 89 205 204 105 98 188 28 121 100 30 189 173 57 6 144 221 235 160 46 207 69 14 251 128 2 156 238 176 80 221]" error="valid quorum unavailable\nmember HTTP 409: DEFERRED\nmember HTTP 409: DEFERRED\nmember HTTP 409: DEFERRED"
2026/09/24 20:28:47 WARN direct approval quorum unavailable tx="[157 50 246 18 82 221 38 34 237 63 85 99 109 128 136 112 25 184 189 244 213 44 126 114 241 169 108 191 136 243 174 84]" error="valid quorum unavailable\nmember HTTP 409: DEFERRED\nmember HTTP 409: DEFERRED"
2026/09/24 20:28:48 WARN direct approval quorum unavailable tx="[41 185 56 99 127 53 149 229 243 223 53 197 193 224 90 117 76 161 201 240 36 147 230 171 33 67 245 192 4 112 241 100]" error="valid quorum unavailable\nmember HTTP 409: DEFERRED\nmember HTTP 409: DEFERRED"
2026/09/24 20:28:48 WARN direct approval quorum unavailable tx="[84 226 76 28 53 226 3 189 152 117 33 79 149 186 213 116 70 202 219 240 189 100 35 17 161 49 207 114 153 91 106 79]" error="valid quorum unavailable\nmember HTTP 409: DEFERRED\nmember HTTP 409: DEFERRED\nmember HTTP 409: DEFERRED\nmember HTTP 409: DEFERRED"
2026/09/24 20:28:49 WARN direct approval quorum unavailable tx="[162 21 82 91 74 0 37 192 108 134 143 171 208 241 188 16 235 34 80 236 234 213 69 187 241 103 47 206 65 10 51 185]" error="valid quorum unavailable\nmember HTTP 409: DEFERRED\nmember HTTP 409: DEFERRED"
2026/09/24 20:28:50 WARN direct approval quorum unavailable tx="[185 110 4 225 55 21 91 119 35 220 7 46 73 178 136 156 61 182 205 112 16 183 11 35 222 201 38 27 236 208 103 159]" error="valid quorum unavailable\nmember HTTP 409: DEFERRED\nmember HTTP 409: DEFERRED"
2026/09/24 20:28:50 WARN direct approval quorum unavailable tx="[191 111 45 150 102 94 46 201 181 219 155 155 139 217 93 206 143 122 111 195 183 221 133 8 39 85 184 159 213 104 37 25]" error="valid quorum unavailable\nmember HTTP 409: DEFERRED\nmember HTTP 409: DEFERRED\nmember HTTP 409: DEFERRED\nmember HTTP 409: DEFERRED"
2026/09/24 20:28:54 WARN direct approval quorum unavailable tx="[21 15 223 136 180 29 191 110 181 108 61 83 76 124 38 45 12 239 182 5 235 117 140 196 102 229 99 193 244 31 219 124]" error="valid quorum unavailable\nmember HTTP 409: DEFERRED\nmember HTTP 409: DEFERRED\nmember HTTP 409: DEFERRED"
2026/09/24 20:28:55 WARN direct approval quorum unavailable tx="[71 140 139 98 82 201 34 41 211 210 21 144 158 14 215 128 76 5 200 125 132 45 19 239 9 223 174 118 70 201 130 148]" error="valid quorum unavailable\nmember HTTP 409: DEFERRED\nmember HTTP 409: DEFERRED\nmember HTTP 409: DEFERRED\nmember HTTP 409: DEFERRED"
2026/09/24 20:28:57 WARN direct approval quorum unavailable tx="[49 136 33 160 83 21 217 122 185 50 181 229 114 150 94 152 156 164 107 12 13 195 5 52 244 58 189 119 33 139 173 177]" error="valid quorum unavailable\nmember HTTP 409: DEFERRED\nmember HTTP 409: DEFERRED"
2026/09/24 20:29:00 WARN direct approval quorum unavailable tx="[25 45 187 87 177 233 113 188 222 243 70 74 34 94 131 217 106 103 34 70 98 132 37 54 5 168 196 197 206 219 136 11]" error="valid quorum unavailable\nmember HTTP 409: DEFERRED\nmember HTTP 409: DEFERRED"
2026/09/24 20:29:01 WARN direct approval quorum unavailable tx="[102 227 158 95 34 209 47 32 155 22 144 192 190 190 246 168 71 238 173 18 180 187 111 100 254 74 42 52 39 223 23 82]" error="valid quorum unavailable\nmember HTTP 409: DEFERRED\nmember HTTP 409: DEFERRED"
2026/09/24 20:29:03 WARN direct approval quorum unavailable tx="[44 231 229 47 224 108 128 243 223 68 130 176 103 50 243 90 208 89 128 254 94 163 245 5 30 135 128 37 56 167 115 128]" error="valid quorum unavailable\nmember HTTP 409: DEFERRED\nmember HTTP 409: DEFERRED"
2026/09/24 20:29:04 WARN direct approval quorum unavailable tx="[174 3 2 137 240 17 32 129 119 29 120 189 76 33 32 27 226 126 74 125 250 119 192 127 46 237 238 77 129 29 46 215]" error="valid quorum unavailable\nmember HTTP 409: DEFERRED\nmember HTTP 409: DEFERRED"
2026/09/24 20:29:05 WARN direct approval quorum unavailable tx="[63 77 233 243 120 104 110 78 253 16 224 94 235 110 135 7 41 85 114 212 124 200 24 165 162 248 106 24 62 67 86 123]" error="valid quorum unavailable\nmember HTTP 409: DEFERRED\nmember HTTP 409: DEFERRED"
2026/09/24 20:29:06 WARN direct approval quorum unavailable tx="[196 239 11 154 118 32 178 4 117 157 2 1 151 194 158 110 251 83 65 131 168 73 20 162 166 122 226 1 53 238 70 233]" error="valid quorum unavailable\nmember HTTP 409: DEFERRED\nmember HTTP 409: DEFERRED\nmember HTTP 409: DEFERRED\nmember HTTP 409: DEFERRED"
2026/09/24 20:29:08 WARN direct approval quorum unavailable tx="[58 214 16 171 190 10 62 152 37 202 243 196 62 6 174 160 31 231 217 241 74 122 116 48 255 199 47 163 57 127 191 58]" error="valid quorum unavailable\nmember HTTP 409: DEFERRED\nmember HTTP 409: DEFERRED\nmember HTTP 409: DEFERRED"
2026/09/24 20:29:09 WARN direct approval quorum unavailable tx="[199 112 51 14 210 22 121 38 100 183 34 72 211 194 149 43 167 48 188 47 214 247 190 216 199 48 64 28 206 172 115 216]" error="valid quorum unavailable\nmember HTTP 409: DEFERRED\nmember HTTP 409: DEFERRED\nmember HTTP 409: DEFERRED\nmember HTTP 409: DEFERRED"
2026/09/24 20:29:13 WARN direct approval quorum unavailable tx="[130 84 119 33 172 213 120 93 188 177 169 49 188 32 176 126 174 38 255 23 80 66 156 175 110 176 196 79 192 55 233 58]" error="valid quorum unavailable\nmember HTTP 409: DEFERRED\nmember HTTP 409: DEFERRED"
2026/09/24 20:29:14 WARN direct approval quorum unavailable tx="[64 114 218 246 23 51 222 109 121 236 84 227 18 39 72 53 11 89 113 190 123 231 20 254 95 137 38 243 56 62 218 183]" error="valid quorum unavailable\nmember HTTP 409: DEFERRED\nmember HTTP 409: DEFERRED\nmember HTTP 409: DEFERRED"
2026/09/24 20:29:14 WARN direct approval quorum unavailable tx="[98 85 154 60 17 194 234 205 192 222 45 162 192 153 208 44 44 210 215 126 1 9 28 105 202 221 167 99 182 162 143 133]" error="valid quorum unavailable\nmember HTTP 409: DEFERRED\nmember HTTP 409: DEFERRED\nmember HTTP 409: DEFERRED\nmember HTTP 409: DEFERRED"
2026/09/24 20:29:15 WARN direct approval quorum unavailable tx="[86 198 253 78 78 52 207 114 123 106 85 63 2 10 195 15 47 204 116 110 138 231 139 253 250 204 40 55 252 205 31 58]" error="valid quorum unavailable\nmember HTTP 409: DEFERRED\nmember HTTP 409: DEFERRED"
2026/09/24 20:29:16 WARN direct approval quorum unavailable tx="[34 28 69 241 255 4 168 109 178 233 179 186 44 6 174 228 173 84 125 172 235 142 237 218 2 249 67 6 166 66 177 187]" error="valid quorum unavailable\nmember HTTP 409: DEFERRED\nmember HTTP 409: DEFERRED\nmember HTTP 409: DEFERRED\nmember HTTP 409: DEFERRED"
2026/09/24 20:29:16 WARN direct approval quorum unavailable tx="[231 12 107 107 123 247 72 71 5 129 116 102 200 216 220 181 132 191 206 74 94 190 188 91 151 43 146 101 142 232 86 47]" error="valid quorum unavailable\nmember HTTP 409: DEFERRED\nmember HTTP 409: DEFERRED"
2026/09/24 20:29:18 WARN direct approval quorum unavailable tx="[50 91 201 161 191 118 161 19 202 19 200 250 54 101 2 120 137 139 189 23 191 3 207 117 82 91 185 98 241 13 130 58]" error="valid quorum unavailable\nmember HTTP 409: DEFERRED\nmember HTTP 409: DEFERRED\nmember HTTP 409: DEFERRED"
2026/09/24 20:29:19 WARN direct approval quorum unavailable tx="[149 81 143 183 233 20 212 111 28 2 233 168 247 130 205 99 11 70 224 158 131 183 33 192 124 222 23 247 162 221 119 206]" error="valid quorum unavailable\nmember HTTP 409: DEFERRED\nmember HTTP 409: DEFERRED\nmember HTTP 409: DEFERRED"
2026/09/24 20:29:20 WARN direct approval quorum unavailable tx="[232 223 190 70 146 0 138 186 14 42 60 112 216 220 147 16 175 115 223 56 128 175 1 134 103 110 209 188 0 195 24 107]" error="valid quorum unavailable\nmember HTTP 409: DEFERRED\nmember HTTP 409: DEFERRED\nmember HTTP 409: DEFERRED\nmember HTTP 409: DEFERRED"
2026/09/24 20:29:24 WARN direct approval quorum unavailable tx="[90 154 120 31 76 164 248 79 153 146 39 222 9 60 187 204 99 100 4 251 89 188 245 48 218 236 246 238 203 167 187 152]" error="valid quorum unavailable\nmember HTTP 409: DEFERRED\nmember HTTP 409: DEFERRED\nmember HTTP 409: DEFERRED\nmember HTTP 409: DEFERRED"
2026/09/24 20:29:25 WARN direct approval quorum unavailable tx="[43 29 123 15 22 6 248 32 178 181 81 84 10 29 16 255 16 179 237 172 19 161 135 29 124 76 75 155 174 35 56 164]" error="valid quorum unavailable\nmember HTTP 409: DEFERRED\nmember HTTP 409: DEFERRED"
2026/09/24 20:29:27 WARN direct approval quorum unavailable tx="[106 215 150 42 118 77 89 79 173 164 59 143 7 46 176 201 47 228 101 160 28 49 40 129 144 237 254 144 15 78 119 64]" error="valid quorum unavailable\nmember HTTP 409: DEFERRED\nmember HTTP 409: DEFERRED\nmember HTTP 409: DEFERRED"
2026/09/24 20:29:28 WARN direct approval quorum unavailable tx="[238 214 239 163 61 246 254 134 235 219 231 103 129 169 239 132 35 55 101 44 209 142 13 155 70 120 216 64 216 224 55 107]" error="valid quorum unavailable\nmember HTTP 409: DEFERRED\nmember HTTP 409: DEFERRED\nmember HTTP 409: DEFERRED\nmember HTTP 409: DEFERRED"
