{
  "batch_progress": true,
  "block_observed_p50_ms": 1076.198625,
  "completed_per_second": 92.9760088658203,
  "concurrency": 64,
  "count": 1000,
  "dispatch_delivery_wait_p95_ms": 0.39525,
  "dispatch_lag_p50_ms": 0.109042,
  "dispatch_lag_p95_ms": 0.404042,
  "elapsed_s": 10.75546275,
  "failed": 0,
  "fast_completed": 1000,
  "fast_p50_ms": 1.082875,
  "fast_p95_ms": 27.718,
  "final_unfinished": 0,
  "finished_unix_ns": 1790685427618171000,
  "max_pending": 256,
  "member_applied_p50_ms": 1120.290917,
  "member_completed": 1000,
  "not_sent": 0,
  "note": "Block observation includes block verification and wallet polling; member applied queries local member status for all four nodes. No committee payment proofs are requested.",
  "pending_limit": 256,
  "progress_batch_facts": 5115,
  "progress_batch_http_errors": 0,
  "progress_batch_http_requests": 423,
  "progress_batch_http_total_ms": 89.08266,
  "progress_batch_queue_total_ms": 21552.587878,
  "progress_errors": 0,
  "progress_http_max_ms": 5.785459,
  "progress_http_mean_ms": 4.442246649853371,
  "progress_metric_note": "progress_requests counts logical fact checks; progress_http durations include batch queue wait. Actual batch HTTP requests/errors are separate.",
  "progress_requests": 5115,
  "progress_requests_per_second": 475.57228534867085,
  "same_org": false,
  "sampled_oldest_unfinished_max_ms": 1439.973,
  "sampled_peak_unfinished": 142,
  "send_limit_hits": 0,
  "send_pacing_wait_p95_ms": 0.000459,
  "send_permit_wait_p95_ms": 0.000084,
  "started_unix_ns": 1790685416862603000,
  "target_send_rate": 100,
  "timing_origin": "wallet_http_submit_v4",
  "total_limit_hits": 0,
  "total_permit_wait_p95_ms": 0.00025,
  "trace": false,
  "unknown": 0,
  "wallet_block_observed": 1000,
  "wallet_no_sync": true,
  "wallet_queries": 3219,
  "workload": "bounded_fast_receipt_with_independent_observation"
}
