[
  {
    "Name": "org0-member0",
    "Approvals": 106628,
    "Pending": 0,
    "Payments": 0,
    "Closed": 0,
    "CAL": "",
    "FUEL": "",
    "Rewards": "",
    "Burned": ""
  },
  {
    "Name": "org0-member1",
    "Approvals": 106625,
    "Pending": 0,
    "Payments": 0,
    "Closed": 0,
    "CAL": "",
    "FUEL": "",
    "Rewards": "",
    "Burned": ""
  },
  {
    "Name": "org0-member2",
    "Approvals": 106632,
    "Pending": 0,
    "Payments": 0,
    "Closed": 0,
    "CAL": "",
    "FUEL": "",
    "Rewards": "",
    "Burned": ""
  },
  {
    "Name": "org0-member3",
    "Approvals": 106631,
    "Pending": 0,
    "Payments": 0,
    "Closed": 0,
    "CAL": "",
    "FUEL": "",
    "Rewards": "",
    "Burned": ""
  },
  {
    "Name": "gateway0",
    "Approvals": 0,
    "Pending": 0,
    "Payments": 0,
    "Closed": 0,
    "CAL": "",
    "FUEL": "",
    "Rewards": "",
    "Burned": ""
  },
  {
    "Name": "committee0",
    "Approvals": 0,
    "Pending": 0,
    "Payments": 106635,
    "Closed": 106635,
    "CAL": "2000012288000",
    "FUEL": "1228800000",
    "Rewards": "8957340",
    "Burned": "1066350",
    "StateHash": "005d9809c32b665d5734b8ada6f8366e4d9d045a06e129f4db4d041dd6bb32df",
    "Gap": "0"
  },
  {
    "Name": "committee1",
    "Approvals": 0,
    "Pending": 0,
    "Payments": 106635,
    "Closed": 106635,
    "CAL": "2000012288000",
    "FUEL": "1228800000",
    "Rewards": "8957340",
    "Burned": "1066350",
    "StateHash": "005d9809c32b665d5734b8ada6f8366e4d9d045a06e129f4db4d041dd6bb32df",
    "Gap": "0"
  },
  {
    "Name": "committee2",
    "Approvals": 0,
    "Pending": 0,
    "Payments": 106635,
    "Closed": 106635,
    "CAL": "2000012288000",
    "FUEL": "1228800000",
    "Rewards": "8957340",
    "Burned": "1066350",
    "StateHash": "005d9809c32b665d5734b8ada6f8366e4d9d045a06e129f4db4d041dd6bb32df",
    "Gap": "0"
  },
  {
    "Name": "committee3",
    "Approvals": 0,
    "Pending": 0,
    "Payments": 106635,
    "Closed": 106635,
    "CAL": "2000012288000",
    "FUEL": "1228800000",
    "Rewards": "8957340",
    "Burned": "1066350",
    "StateHash": "005d9809c32b665d5734b8ada6f8366e4d9d045a06e129f4db4d041dd6bb32df",
    "Gap": "0"
  }
]
Supply and original-debit accounting verified: /Users/richz/lab/man/utxo-e8/.run/e8-burst-c2/reports/audit.json
