[
  {
    "Name": "org0-member0",
    "Approvals": 151833,
    "Pending": 0,
    "Payments": 0,
    "Closed": 0,
    "CAL": "",
    "FUEL": "",
    "Rewards": "",
    "Burned": ""
  },
  {
    "Name": "org0-member1",
    "Approvals": 151830,
    "Pending": 0,
    "Payments": 0,
    "Closed": 0,
    "CAL": "",
    "FUEL": "",
    "Rewards": "",
    "Burned": ""
  },
  {
    "Name": "org0-member2",
    "Approvals": 151831,
    "Pending": 0,
    "Payments": 0,
    "Closed": 0,
    "CAL": "",
    "FUEL": "",
    "Rewards": "",
    "Burned": ""
  },
  {
    "Name": "org0-member3",
    "Approvals": 151832,
    "Pending": 0,
    "Payments": 0,
    "Closed": 0,
    "CAL": "",
    "FUEL": "",
    "Rewards": "",
    "Burned": ""
  },
  {
    "Name": "gateway0",
    "Approvals": 0,
    "Pending": 0,
    "Payments": 0,
    "Closed": 0,
    "CAL": "",
    "FUEL": "",
    "Rewards": "",
    "Burned": ""
  },
  {
    "Name": "committee0",
    "Approvals": 0,
    "Pending": 0,
    "Payments": 151833,
    "Closed": 151833,
    "CAL": "2000016793600",
    "FUEL": "1679360000",
    "Rewards": "12753972",
    "Burned": "1518330",
    "StateHash": "ed5fb521a02c2ffa5498ef9544e8ec7d6c6df864d5f95b5c35d683ce943ec38c",
    "Gap": "0"
  },
  {
    "Name": "committee1",
    "Approvals": 0,
    "Pending": 0,
    "Payments": 151833,
    "Closed": 151833,
    "CAL": "2000016793600",
    "FUEL": "1679360000",
    "Rewards": "12753972",
    "Burned": "1518330",
    "StateHash": "ed5fb521a02c2ffa5498ef9544e8ec7d6c6df864d5f95b5c35d683ce943ec38c",
    "Gap": "0"
  },
  {
    "Name": "committee2",
    "Approvals": 0,
    "Pending": 0,
    "Payments": 151833,
    "Closed": 151833,
    "CAL": "2000016793600",
    "FUEL": "1679360000",
    "Rewards": "12753972",
    "Burned": "1518330",
    "StateHash": "ed5fb521a02c2ffa5498ef9544e8ec7d6c6df864d5f95b5c35d683ce943ec38c",
    "Gap": "0"
  },
  {
    "Name": "committee3",
    "Approvals": 0,
    "Pending": 0,
    "Payments": 151833,
    "Closed": 151833,
    "CAL": "2000016793600",
    "FUEL": "1679360000",
    "Rewards": "12753972",
    "Burned": "1518330",
    "StateHash": "ed5fb521a02c2ffa5498ef9544e8ec7d6c6df864d5f95b5c35d683ce943ec38c",
    "Gap": "0"
  }
]
Supply and original-debit accounting verified: /Users/richz/lab/man/utxo-e8/.run/e8-formal-a3/reports/audit.json
