[
  {
    "Name": "org0-member0",
    "Approvals": 6406,
    "Pending": 0,
    "Payments": 0,
    "Closed": 0,
    "CAL": "",
    "FUEL": "",
    "Rewards": "",
    "Burned": ""
  },
  {
    "Name": "org0-member1",
    "Approvals": 6403,
    "Pending": 0,
    "Payments": 0,
    "Closed": 0,
    "CAL": "",
    "FUEL": "",
    "Rewards": "",
    "Burned": ""
  },
  {
    "Name": "org0-member2",
    "Approvals": 6406,
    "Pending": 0,
    "Payments": 0,
    "Closed": 0,
    "CAL": "",
    "FUEL": "",
    "Rewards": "",
    "Burned": ""
  },
  {
    "Name": "org0-member3",
    "Approvals": 6398,
    "Pending": 0,
    "Payments": 0,
    "Closed": 0,
    "CAL": "",
    "FUEL": "",
    "Rewards": "",
    "Burned": ""
  },
  {
    "Name": "gateway0",
    "Approvals": 0,
    "Pending": 0,
    "Payments": 0,
    "Closed": 0,
    "CAL": "",
    "FUEL": "",
    "Rewards": "",
    "Burned": ""
  },
  {
    "Name": "committee0",
    "Approvals": 0,
    "Pending": 0,
    "Payments": 6406,
    "Closed": 6406,
    "CAL": "1000001203600",
    "FUEL": "2000000000000",
    "Rewards": "538104",
    "Burned": "64060",
    "StateHash": "36a3eb1d829756c61ae3a341670db12d8db2f70b15b2a4bcbec4eb560326e33f",
    "Gap": "0"
  },
  {
    "Name": "committee1",
    "Approvals": 0,
    "Pending": 0,
    "Payments": 6406,
    "Closed": 6406,
    "CAL": "1000001203600",
    "FUEL": "2000000000000",
    "Rewards": "538104",
    "Burned": "64060",
    "StateHash": "36a3eb1d829756c61ae3a341670db12d8db2f70b15b2a4bcbec4eb560326e33f",
    "Gap": "0"
  },
  {
    "Name": "committee2",
    "Approvals": 0,
    "Pending": 0,
    "Payments": 6406,
    "Closed": 6406,
    "CAL": "1000001203600",
    "FUEL": "2000000000000",
    "Rewards": "538104",
    "Burned": "64060",
    "StateHash": "36a3eb1d829756c61ae3a341670db12d8db2f70b15b2a4bcbec4eb560326e33f",
    "Gap": "0"
  },
  {
    "Name": "committee3",
    "Approvals": 0,
    "Pending": 0,
    "Payments": 6406,
    "Closed": 6406,
    "CAL": "1000001203600",
    "FUEL": "2000000000000",
    "Rewards": "538104",
    "Burned": "64060",
    "StateHash": "36a3eb1d829756c61ae3a341670db12d8db2f70b15b2a4bcbec4eb560326e33f",
    "Gap": "0"
  }
]
Supply and original-debit accounting verified: /Users/richz/lab/man/utxo-fastpay-v12/.run/budget-gate-r1-cal-low-serial/reports/audit.json
