{
  "batch_progress": true,
  "block_observed_p50_ms": 1495.986167,
  "completed_per_second": 97.77099725048402,
  "concurrency": 64,
  "count": 7000,
  "dispatch_delivery_wait_p95_ms": 126.213085,
  "dispatch_lag_p50_ms": 115.251167,
  "dispatch_lag_p95_ms": 700.329209,
  "elapsed_s": 71.595874,
  "failed": 0,
  "fast_completed": 7000,
  "fast_p50_ms": 54.010791,
  "fast_p95_ms": 136.490167,
  "final_unfinished": 0,
  "finished_unix_ns": 1790951781197031000,
  "max_pending": 256,
  "member_applied_p50_ms": 1579.923875,
  "member_completed": 7000,
  "not_sent": 0,
  "note": "Block observation includes block verification and wallet polling; member applied queries local member status for all four nodes. No committee payment proofs are requested.",
  "pending_limit": 256,
  "progress_batch_facts": 45730,
  "progress_batch_http_errors": 0,
  "progress_batch_http_requests": 3650,
  "progress_batch_http_total_ms": 2233.581376,
  "progress_batch_queue_total_ms": 184479.35344,
  "progress_errors": 0,
  "progress_http_max_ms": 109.385416,
  "progress_http_mean_ms": 4.670606659195275,
  "progress_metric_note": "progress_requests counts logical fact checks; progress_http durations include batch queue wait. Actual batch HTTP requests/errors are separate.",
  "progress_requests": 45730,
  "progress_requests_per_second": 638.7239577520907,
  "same_org": false,
  "sampled_oldest_unfinished_max_ms": 3194.71,
  "sampled_peak_unfinished": 256,
  "send_limit_hits": 760,
  "send_pacing_wait_p95_ms": 586.340833,
  "send_permit_wait_p95_ms": 9.817292,
  "started_unix_ns": 1790951709601140000,
  "target_send_rate": 100,
  "timing_origin": "wallet_http_submit_v4",
  "total_limit_hits": 68,
  "total_permit_wait_p95_ms": 0.000291,
  "trace": false,
  "unknown": 0,
  "wallet_block_observed": 7000,
  "wallet_no_sync": true,
  "wallet_queries": 26315,
  "workload": "bounded_fast_receipt_with_independent_observation"
}
