EVENT {"fact":"5b66d3845a4484cd8b8ddae26bc3564eac1e442e5002b923ca2672b3ab6cd0d8","input":7,"output":"3c074857be22987f151c9ca9c2dc4e71e73d12d4e9046adc61c28c892df6553d","sent_unix_ns":1790951725671510000,"stage":"parent_ready","unix_ns":1790951725797480000}
EVENT {"fact":"826c9c7b45b4ac017ae87cdc6abd03d70359b984da9dcd0361e94be082242cdd","input":7,"output":"a81ffb85e06125f48d2761cffd579aceb2775bec57865a7b620e80cc713750e7","sent_unix_ns":1790951725854544000,"stage":"child_ready","unix_ns":1790951725926503000}
EVENT {"input":7,"stage":"child_public_observed","unix_ns":1790951727834413000}
Child finalized; observing withheld-source outcome.
EVENT {"input":7,"obligation":{"AnchorHeight":30,"Output":[60,7,72,87,190,34,152,127,21,28,156,169,194,220,78,113,231,61,18,212,233,4,106,220,97,194,140,137,45,246,85,61],"Issuer":"798ad5bfa2784648dd20522a2ca6c7550ad71b45fc2a2fb8f603e973f3e5a8c6","Config":"ac5930da9caf75f4aa633af09c8a84ee3e034394465965e5231e8008f48916fa","Certificate":[91,102,211,132,90,68,132,205,139,141,218,226,107,195,86,78,172,30,68,46,80,2,185,35,202,38,114,179,171,108,208,216],"Consumer":[130,108,156,123,69,180,172,1,122,232,124,220,106,189,3,215,3,89,185,132,218,157,205,3,97,233,75,224,130,36,44,221],"Transaction":[23,25,236,202,213,78,24,124,163,103,132,27,76,106,83,66,39,32,38,195,172,160,38,227,193,217,77,11,98,86,224,150],"Input":0,"Amount":100,"Deadline":1790951757,"Status":2},"stage":"compensation_observed","unix_ns":1790951759561008000}
EVENT {"input":7,"stage":"late_source_submit_start","unix_ns":1790951759585988000}
EVENT {"input":7,"stage":"source_repaid_observed","unix_ns":1790951760810197000}
EVENT {"input":7,"stage":"materialization_observed","unix_ns":1790951761181069000}
{
  "child_block_observed_ms": 1979.867,
  "child_fast_ms": 71.953917,
  "child_output": "a81ffb85e06125f48d2761cffd579aceb2775bec57865a7b620e80cc713750e7",
  "compensation_observed_ms": 33706.455333,
  "late_parent_reserve_recovered": true,
  "parent_fast_ms": 125.96725,
  "parent_output": "3c074857be22987f151c9ca9c2dc4e71e73d12d4e9046adc61c28c892df6553d",
  "parent_withheld": true,
  "physical_repair": {
    "DeadlineUnix": 1790951757,
    "DeadlineObservedUnixNS": 1790951760843957000,
    "ProbeRequests": 9,
    "ProbeErrors": 0,
    "ProbeTimeNS": 87004625,
    "MaxProbeNS": 48084083,
    "Nodes": [
      {
        "URL": "http://127.0.0.1:32100",
        "CommittedUnixNS": 1790951760845528000,
        "MaterializedUnixNS": 1790951761123496000,
        "Snapshot": {
          "Committed": true,
          "Materialized": true,
          "IdentityStable": true,
          "BytesChanged": true,
          "CommitHeight": 86,
          "TargetHeight": 29,
          "Revision": 1
        }
      },
      {
        "URL": "http://127.0.0.1:32101",
        "CommittedUnixNS": 1790951760847196000,
        "MaterializedUnixNS": 1790951761171581000,
        "Snapshot": {
          "Committed": true,
          "Materialized": true,
          "IdentityStable": true,
          "BytesChanged": true,
          "CommitHeight": 86,
          "TargetHeight": 29,
          "Revision": 1
        }
      },
      {
        "URL": "http://127.0.0.1:32102",
        "CommittedUnixNS": 1790951761179470000,
        "MaterializedUnixNS": 1790951761179470000,
        "Snapshot": {
          "Committed": true,
          "Materialized": true,
          "IdentityStable": true,
          "BytesChanged": true,
          "CommitHeight": 86,
          "TargetHeight": 29,
          "Revision": 1
        }
      },
      {
        "URL": "http://127.0.0.1:32103",
        "CommittedUnixNS": 1790951760849016000,
        "MaterializedUnixNS": 1790951761181068000,
        "Snapshot": {
          "Committed": true,
          "Materialized": true,
          "IdentityStable": true,
          "BytesChanged": true,
          "CommitHeight": 86,
          "TargetHeight": 29,
          "Revision": 1
        }
      }
    ]
  },
  "physical_repair_observed_ms": 35326.516417,
  "timing_origin": "wallet_http_submit_v4"
}
