Child finalized; observing withheld-source outcome.
{
  "child_block_observed_ms": 1841.015166,
  "child_fast_ms": 13.920625,
  "child_output": "502fa3934ae4f1b2dc9e6f36f1c26466b2440995fade86bbbb9271bdf38effeb",
  "compensation_observed_ms": 35891.086083,
  "late_parent_reserve_recovered": true,
  "parent_fast_ms": 9.032792,
  "parent_output": "dc14c52a7fd9ea10b56613f97ddceb5757aa3c6db90e0a6ff6fe360f8044d546",
  "parent_withheld": true,
  "physical_repair": {
    "DeadlineUnix": 1790919207,
    "DeadlineObservedUnixNS": 1790919213837777000,
    "ProbeRequests": 97,
    "ProbeErrors": 0,
    "ProbeTimeNS": 13218374,
    "MaxProbeNS": 409583,
    "Nodes": [
      {
        "URL": "http://127.0.0.1:28100",
        "CommittedUnixNS": 1790919219354862000,
        "MaterializedUnixNS": 1790919219606464000,
        "Snapshot": {
          "Committed": true,
          "Materialized": true,
          "IdentityStable": true,
          "BytesChanged": true,
          "CommitHeight": 9,
          "TargetHeight": 1,
          "Revision": 1
        }
      },
      {
        "URL": "http://127.0.0.1:28101",
        "CommittedUnixNS": 1790919219355271000,
        "MaterializedUnixNS": 1790919219606842000,
        "Snapshot": {
          "Committed": true,
          "Materialized": true,
          "IdentityStable": true,
          "BytesChanged": true,
          "CommitHeight": 9,
          "TargetHeight": 1,
          "Revision": 1
        }
      },
      {
        "URL": "http://127.0.0.1:28102",
        "CommittedUnixNS": 1790919219355649000,
        "MaterializedUnixNS": 1790919219607211000,
        "Snapshot": {
          "Committed": true,
          "Materialized": true,
          "IdentityStable": true,
          "BytesChanged": true,
          "CommitHeight": 9,
          "TargetHeight": 1,
          "Revision": 1
        }
      },
      {
        "URL": "http://127.0.0.1:28103",
        "CommittedUnixNS": 1790919219356019000,
        "MaterializedUnixNS": 1790919219607595000,
        "Snapshot": {
          "Committed": true,
          "Materialized": true,
          "IdentityStable": true,
          "BytesChanged": true,
          "CommitHeight": 9,
          "TargetHeight": 1,
          "Revision": 1
        }
      }
    ]
  },
  "physical_repair_observed_ms": 42797.759625,
  "timing_origin": "wallet_http_submit_v4"
}
