2026/09/24 19:31:38 INFO gateway started listen=127.0.0.1:26301 organization=062f856d452e238aa4b1152acf77e379ee0109b9aa2aec348442e82adf1c6512
2026/09/24 19:32:01 WARN direct approval quorum unavailable tx="[148 230 139 50 233 64 168 136 115 206 11 78 157 161 134 175 84 185 105 73 116 18 247 254 243 184 247 171 46 148 198 180]" error="valid quorum unavailable\nmember HTTP 409: DEFERRED\nmember HTTP 409: DEFERRED\nmember HTTP 409: DEFERRED\nmember HTTP 409: DEFERRED"
2026/09/24 19:32:02 WARN direct approval quorum unavailable tx="[91 231 144 61 23 25 179 183 244 64 79 151 97 0 199 210 61 149 176 55 39 96 167 11 100 216 52 181 234 89 207 25]" error="valid quorum unavailable\nmember HTTP 409: DEFERRED\nmember HTTP 409: DEFERRED\nmember HTTP 409: DEFERRED"
2026/09/24 19:32:03 WARN direct approval quorum unavailable tx="[92 100 30 50 154 202 171 52 133 204 28 158 32 188 221 156 58 69 54 173 98 91 239 141 26 238 93 71 2 32 98 196]" error="valid quorum unavailable\nmember HTTP 409: DEFERRED\nmember HTTP 409: DEFERRED"
2026/09/24 19:32:04 WARN direct approval quorum unavailable tx="[240 33 59 191 243 21 140 113 25 250 134 192 39 203 113 248 189 65 188 68 112 191 79 133 71 157 50 15 74 192 48 108]" error="valid quorum unavailable\nmember HTTP 409: DEFERRED\nmember HTTP 409: DEFERRED\nmember HTTP 409: DEFERRED\nmember HTTP 409: DEFERRED"
2026/09/24 19:32:05 WARN direct approval quorum unavailable tx="[30 233 112 201 25 31 38 130 53 103 231 210 182 48 76 227 81 40 245 20 82 169 85 255 77 239 152 95 47 130 128 211]" error="valid quorum unavailable\nmember HTTP 409: DEFERRED\nmember HTTP 409: DEFERRED"
2026/09/24 19:32:06 WARN direct approval quorum unavailable tx="[37 126 183 139 211 86 22 208 201 37 164 46 28 181 227 83 251 179 217 42 224 91 93 123 243 160 0 148 37 154 135 177]" error="valid quorum unavailable\nmember HTTP 409: DEFERRED\nmember HTTP 409: DEFERRED"
2026/09/24 19:32:09 WARN direct approval quorum unavailable tx="[227 135 28 224 45 5 148 16 226 149 144 190 246 247 150 2 50 14 40 9 10 25 245 21 21 143 67 133 137 76 0 98]" error="valid quorum unavailable\nmember HTTP 409: DEFERRED\nmember HTTP 409: DEFERRED\nmember HTTP 409: DEFERRED"
2026/09/24 19:32:09 WARN direct approval quorum unavailable tx="[159 14 96 252 133 167 173 252 248 163 151 189 133 178 107 63 101 106 24 235 109 3 109 61 198 217 235 59 157 219 62 143]" error="valid quorum unavailable\nmember HTTP 409: DEFERRED\nmember HTTP 409: DEFERRED\nmember HTTP 409: DEFERRED\nmember HTTP 409: DEFERRED"
2026/09/24 19:32:10 WARN direct approval quorum unavailable tx="[112 113 144 69 88 183 228 140 238 32 20 124 198 24 107 142 47 215 18 80 112 227 62 224 145 85 241 182 36 207 77 58]" error="valid quorum unavailable\nmember HTTP 409: DEFERRED\nmember HTTP 409: DEFERRED\nmember HTTP 409: DEFERRED"
2026/09/24 19:32:11 WARN direct approval quorum unavailable tx="[50 33 85 125 172 60 170 125 63 34 129 77 186 32 10 128 12 23 70 155 199 8 243 205 102 10 223 199 151 111 95 95]" error="valid quorum unavailable\nmember HTTP 409: DEFERRED\nmember HTTP 409: DEFERRED\nmember HTTP 409: DEFERRED"
2026/09/24 19:32:12 WARN direct approval quorum unavailable tx="[22 196 123 154 184 59 30 242 95 236 158 136 66 43 84 94 152 205 33 244 91 125 191 131 31 29 34 77 46 197 123 54]" error="valid quorum unavailable\nmember HTTP 409: DEFERRED\nmember HTTP 409: DEFERRED\nmember HTTP 409: DEFERRED"
2026/09/24 19:32:12 WARN direct approval quorum unavailable tx="[179 31 10 220 96 152 226 230 24 104 149 141 86 74 31 215 155 1 47 98 65 64 173 175 115 11 227 174 186 45 3 251]" error="valid quorum unavailable\nmember HTTP 409: DEFERRED\nmember HTTP 409: DEFERRED\nmember HTTP 409: DEFERRED"
2026/09/24 19:32:13 WARN direct approval quorum unavailable tx="[1 190 140 97 205 195 49 211 25 62 33 96 215 239 109 172 29 236 130 149 228 182 213 65 162 194 239 234 152 217 249 127]" error="valid quorum unavailable\nmember HTTP 409: DEFERRED\nmember HTTP 409: DEFERRED\nmember HTTP 409: DEFERRED"
2026/09/24 19:32:13 WARN direct approval quorum unavailable tx="[230 246 163 24 198 175 121 118 5 179 151 135 102 107 64 50 28 187 178 250 139 210 5 115 214 85 82 29 123 157 244 5]" error="valid quorum unavailable\nmember HTTP 409: DEFERRED\nmember HTTP 409: DEFERRED\nmember HTTP 409: DEFERRED\nmember HTTP 409: DEFERRED"
2026/09/24 19:32:14 WARN direct approval quorum unavailable tx="[76 153 229 163 79 150 51 187 116 31 126 18 44 134 38 185 218 101 4 221 95 196 158 185 251 206 98 117 225 223 18 128]" error="valid quorum unavailable\nmember HTTP 409: DEFERRED\nmember HTTP 409: DEFERRED\nmember HTTP 409: DEFERRED"
2026/09/24 19:32:15 WARN direct approval quorum unavailable tx="[108 25 182 241 189 45 184 16 38 69 103 7 219 206 109 18 8 51 115 202 206 137 63 247 150 153 95 77 178 49 92 137]" error="valid quorum unavailable\nmember HTTP 409: DEFERRED\nmember HTTP 409: DEFERRED\nmember HTTP 409: DEFERRED"
2026/09/24 19:32:17 WARN direct approval quorum unavailable tx="[221 122 51 206 44 197 115 180 51 69 50 0 74 177 50 201 178 34 65 64 60 200 233 17 58 38 146 97 243 148 118 201]" error="valid quorum unavailable\nmember HTTP 409: DEFERRED\nmember HTTP 409: DEFERRED\nmember HTTP 409: DEFERRED"
2026/09/24 19:32:18 WARN direct approval quorum unavailable tx="[214 45 135 182 36 235 152 228 215 203 237 124 65 137 59 242 255 9 49 46 5 190 86 244 129 180 169 135 58 68 26 163]" error="valid quorum unavailable\nmember HTTP 409: DEFERRED\nmember HTTP 409: DEFERRED\nmember HTTP 409: DEFERRED"
2026/09/24 19:32:18 WARN direct approval quorum unavailable tx="[8 188 67 98 246 179 156 68 161 34 122 87 35 4 98 181 111 13 131 41 115 253 50 152 180 97 89 19 1 115 56 193]" error="valid quorum unavailable\nmember HTTP 409: DEFERRED\nmember HTTP 409: DEFERRED\nmember HTTP 409: DEFERRED\nmember HTTP 409: DEFERRED"
2026/09/24 19:32:19 WARN direct approval quorum unavailable tx="[222 217 23 162 248 120 168 48 52 212 107 228 230 218 220 71 251 135 135 214 104 107 40 202 78 176 0 163 63 43 44 130]" error="valid quorum unavailable\nmember HTTP 409: DEFERRED\nmember HTTP 409: DEFERRED\nmember HTTP 409: DEFERRED\nmember HTTP 409: DEFERRED"
2026/09/24 19:32:20 WARN direct approval quorum unavailable tx="[210 113 67 60 244 91 146 238 83 17 249 103 194 12 116 244 129 38 51 244 249 180 189 95 160 13 14 149 39 131 117 82]" error="valid quorum unavailable\nmember HTTP 409: DEFERRED\nmember HTTP 409: DEFERRED\nmember HTTP 409: DEFERRED"
2026/09/24 19:32:22 WARN direct approval quorum unavailable tx="[177 149 13 134 246 174 35 50 246 182 85 118 12 174 52 165 239 138 29 96 20 95 45 208 61 190 52 145 72 47 175 159]" error="valid quorum unavailable\nmember HTTP 409: DEFERRED\nmember HTTP 409: DEFERRED\nmember HTTP 409: DEFERRED"
2026/09/24 19:32:23 WARN direct approval quorum unavailable tx="[106 157 99 230 120 58 15 252 212 196 97 45 235 196 121 145 138 46 51 133 125 225 179 69 195 154 23 133 34 154 201 84]" error="valid quorum unavailable\nmember HTTP 409: DEFERRED\nmember HTTP 409: DEFERRED\nmember HTTP 409: DEFERRED"
2026/09/24 19:32:23 WARN direct approval quorum unavailable tx="[56 50 0 38 152 147 88 131 43 198 176 56 83 197 235 238 204 243 98 13 145 69 170 37 93 234 32 248 34 196 252 183]" error="valid quorum unavailable\nmember HTTP 409: DEFERRED\nmember HTTP 409: DEFERRED\nmember HTTP 409: DEFERRED\nmember HTTP 409: DEFERRED"
2026/09/24 19:32:24 WARN direct approval quorum unavailable tx="[95 166 189 246 175 97 241 42 0 49 205 114 83 25 184 187 5 159 103 79 165 187 241 54 55 156 93 57 46 18 139 157]" error="valid quorum unavailable\nmember HTTP 409: DEFERRED\nmember HTTP 409: DEFERRED\nmember HTTP 409: DEFERRED\nmember HTTP 409: DEFERRED"
2026/09/24 19:32:28 WARN direct approval quorum unavailable tx="[103 108 175 56 140 87 23 253 18 145 45 146 251 96 79 220 224 240 201 77 234 247 51 253 173 196 6 183 253 168 50 235]" error="valid quorum unavailable\nmember HTTP 409: DEFERRED\nmember HTTP 409: DEFERRED"
2026/09/24 19:32:29 WARN direct approval quorum unavailable tx="[232 205 38 62 171 243 10 33 116 31 57 77 32 122 85 133 100 163 90 206 57 236 208 141 4 60 67 255 120 126 135 253]" error="valid quorum unavailable\nmember HTTP 409: DEFERRED\nmember HTTP 409: DEFERRED\nmember HTTP 409: DEFERRED\nmember HTTP 409: DEFERRED"
2026/09/24 19:32:30 WARN direct approval quorum unavailable tx="[239 226 165 179 2 43 206 95 78 7 86 49 106 8 189 13 58 244 105 60 176 178 231 117 210 39 147 52 81 12 19 185]" error="valid quorum unavailable\nmember HTTP 409: DEFERRED\nmember HTTP 409: DEFERRED"
2026/09/24 19:32:30 WARN direct approval quorum unavailable tx="[140 150 163 48 78 177 209 247 161 229 210 11 147 229 173 132 14 188 95 16 44 62 63 64 253 164 3 61 227 249 42 148]" error="valid quorum unavailable\nmember HTTP 409: DEFERRED\nmember HTTP 409: DEFERRED\nmember HTTP 409: DEFERRED"
2026/09/24 19:32:33 WARN direct approval quorum unavailable tx="[31 72 100 171 15 95 250 73 140 131 255 49 31 16 227 134 7 204 96 189 13 106 189 83 122 138 180 15 176 171 70 166]" error="valid quorum unavailable\nmember HTTP 409: DEFERRED\nmember HTTP 409: DEFERRED"
2026/09/24 19:32:35 WARN direct approval quorum unavailable tx="[128 26 22 232 20 115 177 61 187 60 204 220 25 166 234 78 234 33 143 198 1 150 218 15 184 249 127 36 121 253 16 118]" error="valid quorum unavailable\nmember HTTP 409: DEFERRED\nmember HTTP 409: DEFERRED\nmember HTTP 409: DEFERRED\nmember HTTP 409: DEFERRED"
2026/09/24 19:32:37 WARN direct approval quorum unavailable tx="[74 24 83 189 206 40 110 200 69 42 203 104 193 149 171 40 47 128 100 69 38 188 207 35 136 146 120 13 196 246 251 38]" error="valid quorum unavailable\nmember HTTP 409: DEFERRED\nmember HTTP 409: DEFERRED\nmember HTTP 409: DEFERRED"
2026/09/24 19:32:41 WARN direct approval quorum unavailable tx="[194 154 151 198 45 87 186 107 8 43 37 234 9 4 150 67 154 69 121 202 107 82 126 44 211 240 138 162 180 73 228 110]" error="valid quorum unavailable\nmember HTTP 409: DEFERRED\nmember HTTP 409: DEFERRED\nmember HTTP 409: DEFERRED\nmember HTTP 409: DEFERRED"
2026/09/24 19:32:42 WARN direct approval quorum unavailable tx="[240 100 112 67 108 214 143 84 211 85 49 224 55 233 172 77 211 203 234 150 135 70 232 97 155 174 34 197 200 108 186 219]" error="valid quorum unavailable\nmember HTTP 409: DEFERRED\nmember HTTP 409: DEFERRED"
2026/09/24 19:32:42 WARN direct approval quorum unavailable tx="[210 234 164 150 195 95 190 238 27 79 251 109 119 239 164 71 85 225 140 94 112 240 130 239 77 223 95 142 5 157 230 171]" error="valid quorum unavailable\nmember HTTP 409: DEFERRED\nmember HTTP 409: DEFERRED\nmember HTTP 409: DEFERRED"
2026/09/24 19:32:43 WARN direct approval quorum unavailable tx="[226 18 177 230 111 46 161 173 118 157 245 20 214 204 80 63 48 164 96 162 163 246 58 97 179 212 82 224 207 34 72 150]" error="valid quorum unavailable\nmember HTTP 409: DEFERRED\nmember HTTP 409: DEFERRED\nmember HTTP 409: DEFERRED"
2026/09/24 19:32:45 WARN direct approval quorum unavailable tx="[126 237 120 16 243 207 138 66 181 58 97 93 138 3 156 111 70 170 194 169 17 100 163 207 40 144 232 1 5 29 132 69]" error="valid quorum unavailable\nmember HTTP 409: DEFERRED\nmember HTTP 409: DEFERRED\nmember HTTP 409: DEFERRED"
2026/09/24 19:32:47 WARN direct approval quorum unavailable tx="[221 76 97 147 6 73 185 182 189 110 11 28 230 243 36 154 65 39 104 98 154 173 69 166 55 224 246 150 108 70 66 112]" error="valid quorum unavailable\nmember HTTP 409: DEFERRED\nmember HTTP 409: DEFERRED"
2026/09/24 19:32:48 WARN direct approval quorum unavailable tx="[229 42 219 102 35 67 176 147 36 84 36 5 238 169 62 17 206 196 90 159 208 83 160 189 252 212 98 160 139 65 68 104]" error="valid quorum unavailable\nmember HTTP 409: DEFERRED\nmember HTTP 409: DEFERRED\nmember HTTP 409: DEFERRED"
2026/09/24 19:32:49 WARN direct approval quorum unavailable tx="[136 38 216 96 227 210 19 104 195 164 214 151 70 73 206 132 128 173 93 173 191 94 127 47 147 139 245 181 191 29 56 104]" error="valid quorum unavailable\nmember HTTP 409: DEFERRED\nmember HTTP 409: DEFERRED\nmember HTTP 409: DEFERRED\nmember HTTP 409: DEFERRED"
2026/09/24 19:32:49 WARN direct approval quorum unavailable tx="[186 215 115 59 47 42 59 254 197 200 187 62 1 204 108 21 148 165 77 94 173 92 63 22 245 184 39 86 76 33 11 49]" error="valid quorum unavailable\nmember HTTP 409: DEFERRED\nmember HTTP 409: DEFERRED\nmember HTTP 409: DEFERRED"
2026/09/24 19:32:50 WARN direct approval quorum unavailable tx="[195 224 246 192 211 223 14 153 228 103 147 176 152 131 162 47 20 47 26 220 8 142 128 66 63 216 56 7 90 30 216 249]" error="valid quorum unavailable\nmember HTTP 409: DEFERRED\nmember HTTP 409: DEFERRED\nmember HTTP 409: DEFERRED"
2026/09/24 19:32:52 WARN direct approval quorum unavailable tx="[143 201 5 103 101 202 152 32 212 17 242 53 41 179 123 251 97 202 11 99 15 57 74 76 247 7 153 156 235 126 23 216]" error="valid quorum unavailable\nmember HTTP 409: DEFERRED\nmember HTTP 409: DEFERRED"
2026/09/24 19:32:53 WARN direct approval quorum unavailable tx="[153 177 98 46 132 102 91 58 199 205 98 179 50 232 153 210 201 207 87 239 89 183 60 60 188 133 215 80 156 114 53 141]" error="valid quorum unavailable\nmember HTTP 409: DEFERRED\nmember HTTP 409: DEFERRED\nmember HTTP 409: DEFERRED"
2026/09/24 19:32:54 WARN direct approval quorum unavailable tx="[111 178 135 65 111 174 8 230 194 228 45 250 152 112 184 193 97 237 251 66 45 70 233 241 15 148 135 253 52 143 164 67]" error="valid quorum unavailable\nmember HTTP 409: DEFERRED\nmember HTTP 409: DEFERRED"
2026/09/24 19:32:55 WARN direct approval quorum unavailable tx="[57 189 128 35 118 2 218 190 166 225 222 104 119 123 207 62 29 102 93 103 6 55 224 145 156 145 87 220 252 5 130 10]" error="valid quorum unavailable\nmember HTTP 409: DEFERRED\nmember HTTP 409: DEFERRED\nmember HTTP 409: DEFERRED"
2026/09/24 19:32:55 WARN direct approval quorum unavailable tx="[122 20 216 40 121 249 9 115 29 93 100 244 111 217 95 208 38 217 194 67 172 217 92 96 100 177 181 52 96 61 234 115]" error="valid quorum unavailable\nmember HTTP 409: DEFERRED\nmember HTTP 409: DEFERRED\nmember HTTP 409: DEFERRED"
2026/09/24 19:32:58 WARN direct approval quorum unavailable tx="[115 126 182 209 127 86 240 149 164 18 245 126 100 14 180 229 79 102 174 74 129 139 72 241 237 187 196 152 156 162 206 154]" error="valid quorum unavailable\nmember HTTP 409: DEFERRED\nmember HTTP 409: DEFERRED\nmember HTTP 409: DEFERRED"
2026/09/24 19:32:59 WARN direct approval quorum unavailable tx="[30 152 90 132 10 97 17 25 229 178 29 127 245 197 180 39 150 113 182 244 205 245 210 216 83 121 175 82 156 29 203 183]" error="valid quorum unavailable\nmember HTTP 409: DEFERRED\nmember HTTP 409: DEFERRED\nmember HTTP 409: DEFERRED"
2026/09/24 19:33:00 WARN direct approval quorum unavailable tx="[165 199 246 211 150 119 130 87 26 113 188 208 20 189 130 223 5 192 202 158 1 70 127 173 244 101 99 241 5 66 186 231]" error="valid quorum unavailable\nmember HTTP 409: DEFERRED\nmember HTTP 409: DEFERRED"
2026/09/24 19:33:01 WARN direct approval quorum unavailable tx="[153 0 65 67 108 154 97 54 116 176 75 86 225 129 67 106 225 190 131 175 188 19 66 64 89 120 150 116 229 209 52 206]" error="valid quorum unavailable\nmember HTTP 409: DEFERRED\nmember HTTP 409: DEFERRED\nmember HTTP 409: DEFERRED\nmember HTTP 409: DEFERRED"
2026/09/24 19:33:02 WARN direct approval quorum unavailable tx="[43 18 98 193 211 80 78 35 45 177 30 38 235 175 104 251 74 50 187 142 184 56 92 176 175 5 133 240 72 83 68 154]" error="valid quorum unavailable\nmember HTTP 409: DEFERRED\nmember HTTP 409: DEFERRED\nmember HTTP 409: DEFERRED"
2026/09/24 19:33:03 WARN direct approval quorum unavailable tx="[160 211 240 114 232 223 171 57 35 72 199 71 67 132 106 121 103 55 90 95 217 22 6 200 137 206 37 177 110 197 214 32]" error="valid quorum unavailable\nmember HTTP 409: DEFERRED\nmember HTTP 409: DEFERRED\nmember HTTP 409: DEFERRED"
2026/09/24 19:33:04 WARN direct approval quorum unavailable tx="[241 232 0 167 183 13 154 41 112 254 61 228 54 20 161 89 138 184 98 120 81 99 60 17 43 175 138 228 92 197 110 203]" error="valid quorum unavailable\nmember HTTP 409: DEFERRED\nmember HTTP 409: DEFERRED\nmember HTTP 409: DEFERRED\nmember HTTP 409: DEFERRED"
2026/09/24 19:33:06 WARN direct approval quorum unavailable tx="[55 145 19 187 135 61 248 189 229 164 50 246 88 147 78 99 178 239 3 216 197 146 199 74 247 48 12 56 223 62 151 151]" error="valid quorum unavailable\nmember HTTP 409: DEFERRED\nmember HTTP 409: DEFERRED"
2026/09/24 19:33:06 WARN direct approval quorum unavailable tx="[60 217 193 233 58 126 53 11 198 42 182 6 178 130 109 115 139 101 229 132 142 174 116 181 218 99 181 190 5 90 69 51]" error="valid quorum unavailable\nmember HTTP 409: DEFERRED\nmember HTTP 409: DEFERRED\nmember HTTP 409: DEFERRED"
2026/09/24 19:33:07 WARN direct approval quorum unavailable tx="[21 71 59 2 193 183 213 24 83 89 169 84 60 36 232 94 110 217 207 229 35 129 54 221 50 29 157 240 47 94 213 225]" error="valid quorum unavailable\nmember HTTP 409: DEFERRED\nmember HTTP 409: DEFERRED"
2026/09/24 19:33:11 WARN direct approval quorum unavailable tx="[108 115 154 60 118 29 128 55 173 241 133 133 76 218 139 216 9 152 230 249 52 86 8 161 236 236 38 88 36 41 204 196]" error="valid quorum unavailable\nmember HTTP 409: DEFERRED\nmember HTTP 409: DEFERRED\nmember HTTP 409: DEFERRED\nmember HTTP 409: DEFERRED"
2026/09/24 19:33:13 WARN direct approval quorum unavailable tx="[241 205 122 204 113 3 78 43 69 22 219 11 75 243 99 8 116 229 30 194 121 30 23 137 188 129 141 93 114 239 186 247]" error="valid quorum unavailable\nmember HTTP 409: DEFERRED\nmember HTTP 409: DEFERRED\nmember HTTP 409: DEFERRED"
2026/09/24 19:33:15 WARN direct approval quorum unavailable tx="[133 81 145 44 91 144 234 86 88 50 94 163 70 156 14 243 137 141 177 85 155 213 8 131 240 19 70 255 160 113 249 123]" error="valid quorum unavailable\nmember HTTP 409: DEFERRED\nmember HTTP 409: DEFERRED"
2026/09/24 19:33:15 WARN direct approval quorum unavailable tx="[69 88 25 117 29 68 17 47 59 111 41 127 0 2 155 63 115 129 172 7 46 125 95 23 113 127 192 110 142 210 199 110]" error="valid quorum unavailable\nmember HTTP 409: DEFERRED\nmember HTTP 409: DEFERRED\nmember HTTP 409: DEFERRED"
2026/09/24 19:33:16 WARN direct approval quorum unavailable tx="[146 96 113 120 252 196 250 253 222 167 240 130 62 188 94 66 115 82 135 1 56 93 224 54 227 184 63 95 235 113 5 177]" error="valid quorum unavailable\nmember HTTP 409: DEFERRED\nmember HTTP 409: DEFERRED\nmember HTTP 409: DEFERRED"
2026/09/24 19:33:17 WARN direct approval quorum unavailable tx="[98 205 161 232 94 148 191 211 130 205 238 0 34 53 4 2 150 231 188 189 74 3 112 3 147 32 3 59 91 178 216 218]" error="valid quorum unavailable\nmember HTTP 409: DEFERRED\nmember HTTP 409: DEFERRED\nmember HTTP 409: DEFERRED"
2026/09/24 19:33:18 WARN direct approval quorum unavailable tx="[167 23 131 124 38 147 220 146 212 12 12 141 219 49 115 144 11 227 39 126 82 146 35 61 71 126 190 0 222 183 57 37]" error="valid quorum unavailable\nmember HTTP 409: DEFERRED\nmember HTTP 409: DEFERRED"
2026/09/24 19:33:19 WARN direct approval quorum unavailable tx="[131 194 116 141 233 15 7 204 50 254 155 89 36 110 90 118 114 235 89 251 243 130 175 29 6 80 219 125 133 54 159 7]" error="valid quorum unavailable\nmember HTTP 409: DEFERRED\nmember HTTP 409: DEFERRED\nmember HTTP 409: DEFERRED"
2026/09/24 19:33:19 WARN direct approval quorum unavailable tx="[222 15 191 72 241 185 140 160 48 251 109 177 160 123 209 159 157 58 194 72 22 220 196 175 215 79 25 183 39 216 141 175]" error="valid quorum unavailable\nmember HTTP 409: DEFERRED\nmember HTTP 409: DEFERRED\nmember HTTP 409: DEFERRED"
2026/09/24 19:33:20 WARN direct approval quorum unavailable tx="[76 177 172 216 29 253 62 106 198 80 56 15 85 116 152 38 161 209 88 202 180 167 49 38 85 169 113 88 204 242 236 67]" error="valid quorum unavailable\nmember HTTP 409: DEFERRED\nmember HTTP 409: DEFERRED"
2026/09/24 19:33:21 WARN direct approval quorum unavailable tx="[158 31 148 205 146 168 1 119 84 17 139 78 153 17 140 156 26 14 130 95 237 242 177 100 200 12 189 245 104 144 6 246]" error="valid quorum unavailable\nmember HTTP 409: DEFERRED\nmember HTTP 409: DEFERRED"
2026/09/24 19:33:22 WARN direct approval quorum unavailable tx="[199 61 148 197 137 221 174 168 178 135 43 92 104 192 209 235 191 175 8 39 215 211 79 20 64 57 228 212 218 41 237 213]" error="valid quorum unavailable\nmember HTTP 409: DEFERRED\nmember HTTP 409: DEFERRED\nmember HTTP 409: DEFERRED"
2026/09/24 19:33:26 WARN direct approval quorum unavailable tx="[144 56 61 253 180 214 136 209 230 19 248 177 110 185 119 100 78 24 176 151 147 0 177 36 214 243 119 40 167 234 231 193]" error="valid quorum unavailable\nmember HTTP 409: DEFERRED\nmember HTTP 409: DEFERRED\nmember HTTP 409: DEFERRED"
2026/09/24 19:33:26 WARN direct approval quorum unavailable tx="[202 207 188 109 62 136 45 7 99 211 159 184 16 217 120 128 126 77 101 28 19 196 231 220 128 134 179 139 172 58 106 161]" error="valid quorum unavailable\nmember HTTP 409: DEFERRED\nmember HTTP 409: DEFERRED"
2026/09/24 19:33:27 WARN direct approval quorum unavailable tx="[189 94 145 168 65 177 14 123 78 155 61 187 44 50 55 130 206 57 199 179 119 98 22 146 191 26 34 243 63 187 8 148]" error="valid quorum unavailable\nmember HTTP 409: DEFERRED\nmember HTTP 409: DEFERRED"
2026/09/24 19:33:27 WARN direct approval quorum unavailable tx="[65 75 128 240 101 180 120 48 208 202 1 91 167 227 127 244 102 113 249 0 152 80 161 51 203 122 29 18 58 213 237 89]" error="valid quorum unavailable\nmember HTTP 409: DEFERRED\nmember HTTP 409: DEFERRED"
2026/09/24 19:33:30 WARN direct approval quorum unavailable tx="[217 241 209 167 82 6 117 21 73 99 106 9 87 57 189 100 120 101 202 121 23 65 79 194 115 240 126 41 59 186 111 112]" error="valid quorum unavailable\nmember HTTP 409: DEFERRED\nmember HTTP 409: DEFERRED"
2026/09/24 19:33:31 WARN direct approval quorum unavailable tx="[139 242 37 26 156 84 127 159 106 214 246 199 27 187 100 254 127 112 182 31 247 230 14 229 246 102 171 9 40 170 185 71]" error="valid quorum unavailable\nmember HTTP 409: DEFERRED\nmember HTTP 409: DEFERRED\nmember HTTP 409: DEFERRED\nmember HTTP 409: DEFERRED"
2026/09/24 19:33:31 WARN direct approval quorum unavailable tx="[208 175 71 139 126 22 138 148 19 128 175 228 25 154 155 97 51 98 43 7 73 148 39 234 238 88 238 132 200 65 219 144]" error="valid quorum unavailable\nmember HTTP 409: DEFERRED\nmember HTTP 409: DEFERRED\nmember HTTP 409: DEFERRED"
2026/09/24 19:33:33 WARN direct approval quorum unavailable tx="[89 106 139 227 107 90 17 39 136 132 161 234 219 39 235 70 240 66 35 167 81 14 15 160 61 109 149 22 187 254 68 126]" error="valid quorum unavailable\nmember HTTP 409: DEFERRED\nmember HTTP 409: DEFERRED\nmember HTTP 409: DEFERRED"
2026/09/24 19:33:34 WARN direct approval quorum unavailable tx="[154 102 108 190 77 106 23 150 141 106 227 141 159 231 212 69 130 247 214 176 74 159 4 2 183 172 64 77 217 171 142 170]" error="valid quorum unavailable\nmember HTTP 409: DEFERRED\nmember HTTP 409: DEFERRED\nmember HTTP 409: DEFERRED"
2026/09/24 19:33:35 WARN direct approval quorum unavailable tx="[144 184 63 8 239 29 22 48 224 215 39 34 7 72 118 86 230 199 29 237 231 107 213 161 18 52 209 162 37 58 253 146]" error="valid quorum unavailable\nmember HTTP 409: DEFERRED\nmember HTTP 409: DEFERRED\nmember HTTP 409: DEFERRED\nmember HTTP 409: DEFERRED"
2026/09/24 19:33:37 WARN direct approval quorum unavailable tx="[235 21 197 195 86 149 161 48 120 224 209 238 186 242 241 85 110 97 180 59 247 205 100 34 83 49 244 73 75 254 71 175]" error="valid quorum unavailable\nmember HTTP 409: DEFERRED\nmember HTTP 409: DEFERRED"
2026/09/24 19:33:38 WARN direct approval quorum unavailable tx="[95 14 70 4 86 88 8 6 149 117 76 139 25 175 66 127 14 227 42 117 175 160 179 10 72 72 66 4 118 203 140 97]" error="valid quorum unavailable\nmember HTTP 409: DEFERRED\nmember HTTP 409: DEFERRED\nmember HTTP 409: DEFERRED\nmember HTTP 409: DEFERRED"
2026/09/24 19:33:40 WARN direct approval quorum unavailable tx="[95 222 60 39 27 127 191 19 100 47 66 109 140 99 33 29 80 40 229 175 138 178 251 84 4 80 239 99 33 190 3 68]" error="valid quorum unavailable\nmember HTTP 409: DEFERRED\nmember HTTP 409: DEFERRED\nmember HTTP 409: DEFERRED"
2026/09/24 19:33:44 WARN direct approval quorum unavailable tx="[42 151 224 94 96 61 221 90 52 76 157 19 19 84 130 241 181 144 106 158 153 233 220 114 92 242 30 144 221 251 130 247]" error="valid quorum unavailable\nmember HTTP 409: DEFERRED\nmember HTTP 409: DEFERRED\nmember HTTP 409: DEFERRED"
2026/09/24 19:33:47 WARN direct approval quorum unavailable tx="[200 46 242 148 163 76 245 120 74 9 172 0 222 236 10 52 58 154 215 59 223 21 197 101 105 114 178 151 198 194 91 25]" error="valid quorum unavailable\nmember HTTP 409: DEFERRED\nmember HTTP 409: DEFERRED\nmember HTTP 409: DEFERRED"
2026/09/24 19:33:48 WARN direct approval quorum unavailable tx="[64 14 181 61 250 69 47 212 72 32 236 224 189 184 241 55 171 98 201 228 95 56 218 140 43 108 94 40 30 50 12 88]" error="valid quorum unavailable\nmember HTTP 409: DEFERRED\nmember HTTP 409: DEFERRED\nmember HTTP 409: DEFERRED"
2026/09/24 19:33:52 WARN direct approval quorum unavailable tx="[208 31 13 203 45 180 53 122 86 6 4 117 122 62 67 158 231 37 49 93 77 201 92 165 79 3 52 47 5 28 200 130]" error="valid quorum unavailable\nmember HTTP 409: DEFERRED\nmember HTTP 409: DEFERRED\nmember HTTP 409: DEFERRED"
2026/09/24 19:33:52 WARN direct approval quorum unavailable tx="[101 21 58 115 189 17 61 239 48 248 8 203 144 94 112 184 22 179 249 179 139 204 44 184 89 111 68 1 245 220 144 2]" error="valid quorum unavailable\nmember HTTP 409: DEFERRED\nmember HTTP 409: DEFERRED\nmember HTTP 409: DEFERRED"
2026/09/24 19:33:55 WARN direct approval quorum unavailable tx="[1 117 223 167 164 190 110 11 52 200 220 220 111 156 118 216 252 53 64 245 180 203 57 208 124 61 131 235 217 72 128 196]" error="valid quorum unavailable\nmember HTTP 409: DEFERRED\nmember HTTP 409: DEFERRED"
