2026/09/24 19:31:38 INFO gateway started listen=127.0.0.1:26300 organization=49be96489ff513310314d931923c72145ab05646ed099b21ad2e0f3178e10ab2
2026/09/24 19:31:56 WARN direct approval quorum unavailable tx="[16 111 26 67 12 48 4 205 254 191 117 132 133 217 1 192 137 126 217 46 24 38 116 235 239 62 84 99 103 135 203 28]" error="valid quorum unavailable\nmember HTTP 409: DEFERRED\nmember HTTP 409: DEFERRED"
2026/09/24 19:31:56 WARN direct approval quorum unavailable tx="[129 181 145 161 42 28 166 197 167 40 136 102 96 121 122 68 118 138 203 116 181 218 29 235 146 156 224 21 222 8 82 104]" error="valid quorum unavailable\nmember HTTP 409: DEFERRED\nmember HTTP 409: DEFERRED"
2026/09/24 19:31:57 WARN direct approval quorum unavailable tx="[3 6 232 172 128 101 75 9 235 48 232 191 1 133 229 188 230 137 202 226 185 114 33 153 226 70 166 232 212 100 181 249]" error="valid quorum unavailable\nmember HTTP 409: DEFERRED\nmember HTTP 409: DEFERRED"
2026/09/24 19:32:00 WARN direct approval quorum unavailable tx="[46 63 30 93 205 157 55 197 250 11 97 6 13 137 166 125 39 249 29 123 148 25 78 172 19 250 42 77 34 178 148 16]" error="valid quorum unavailable\nmember HTTP 409: DEFERRED\nmember HTTP 409: DEFERRED\nmember HTTP 409: DEFERRED"
2026/09/24 19:32:01 WARN direct approval quorum unavailable tx="[97 17 179 211 215 187 149 225 54 113 69 42 183 157 252 30 208 50 109 80 254 254 152 110 255 147 123 107 102 27 156 93]" error="valid quorum unavailable\nmember HTTP 409: DEFERRED\nmember HTTP 409: DEFERRED"
2026/09/24 19:32:03 WARN direct approval quorum unavailable tx="[187 179 37 50 172 131 193 72 148 248 200 45 247 45 180 161 83 168 55 72 195 3 192 114 19 103 245 210 61 182 134 222]" error="valid quorum unavailable\nmember HTTP 409: DEFERRED\nmember HTTP 409: DEFERRED"
2026/09/24 19:32:04 WARN direct approval quorum unavailable tx="[148 130 201 56 143 137 38 222 4 54 117 207 221 95 96 1 97 67 219 96 75 131 249 52 215 147 178 81 127 3 50 32]" error="valid quorum unavailable\nmember HTTP 409: DEFERRED\nmember HTTP 409: DEFERRED"
2026/09/24 19:32:06 WARN direct approval quorum unavailable tx="[198 42 134 76 84 5 144 150 186 156 86 132 226 61 94 127 247 234 169 23 193 71 88 83 41 129 60 225 95 239 34 200]" error="valid quorum unavailable\nmember HTTP 409: DEFERRED\nmember HTTP 409: DEFERRED"
2026/09/24 19:32:12 WARN direct approval quorum unavailable tx="[237 226 203 162 160 186 139 168 2 112 24 126 17 19 135 197 219 49 49 213 108 19 84 144 49 22 46 7 97 99 23 95]" error="valid quorum unavailable\nmember HTTP 409: DEFERRED\nmember HTTP 409: DEFERRED"
2026/09/24 19:32:15 WARN direct approval quorum unavailable tx="[131 206 166 173 166 230 201 22 212 105 224 52 50 204 174 104 232 18 128 96 242 126 156 90 38 148 0 110 252 2 233 225]" error="valid quorum unavailable\nmember HTTP 409: DEFERRED\nmember HTTP 409: DEFERRED"
2026/09/24 19:32:16 WARN direct approval quorum unavailable tx="[82 149 246 39 203 226 40 57 82 74 58 126 40 88 103 164 44 191 68 213 54 108 246 89 151 33 66 173 245 135 207 57]" error="valid quorum unavailable\nmember HTTP 409: DEFERRED\nmember HTTP 409: DEFERRED"
2026/09/24 19:32:19 WARN direct approval quorum unavailable tx="[112 43 37 58 18 182 164 0 142 64 24 137 231 126 195 165 28 8 24 147 73 188 219 170 58 141 249 173 135 26 190 215]" error="valid quorum unavailable\nmember HTTP 409: DEFERRED\nmember HTTP 409: DEFERRED"
2026/09/24 19:32:20 WARN direct approval quorum unavailable tx="[179 53 253 83 44 133 171 234 212 192 92 132 131 169 217 9 239 231 219 35 135 43 40 99 237 55 78 10 56 192 222 158]" error="valid quorum unavailable\nmember HTTP 409: DEFERRED\nmember HTTP 409: DEFERRED\nmember HTTP 409: DEFERRED"
2026/09/24 19:32:22 WARN direct approval quorum unavailable tx="[124 185 222 130 41 41 243 119 82 101 162 217 1 124 200 191 94 48 70 117 129 92 186 245 246 108 239 75 5 20 90 109]" error="valid quorum unavailable\nmember HTTP 409: DEFERRED\nmember HTTP 409: DEFERRED"
2026/09/24 19:32:24 WARN direct approval quorum unavailable tx="[171 20 206 9 128 43 55 170 175 91 151 233 69 190 58 105 34 78 198 226 224 28 16 98 1 86 104 209 93 73 72 250]" error="valid quorum unavailable\nmember HTTP 409: DEFERRED\nmember HTTP 409: DEFERRED\nmember HTTP 409: DEFERRED"
2026/09/24 19:32:25 WARN direct approval quorum unavailable tx="[218 5 170 163 202 231 107 184 75 145 88 111 120 178 236 65 244 25 46 235 225 138 34 216 0 201 135 122 147 85 24 114]" error="valid quorum unavailable\nmember HTTP 409: DEFERRED\nmember HTTP 409: DEFERRED\nmember HTTP 409: DEFERRED"
2026/09/24 19:32:28 WARN direct approval quorum unavailable tx="[229 25 122 92 23 57 111 215 154 186 25 97 62 1 144 176 206 195 118 251 49 79 227 37 190 245 225 227 211 169 97 235]" error="valid quorum unavailable\nmember HTTP 409: DEFERRED\nmember HTTP 409: DEFERRED"
2026/09/24 19:32:28 WARN direct approval quorum unavailable tx="[2 113 239 121 27 160 50 59 8 135 189 168 118 22 108 102 115 195 14 122 191 195 97 194 137 34 191 55 70 130 52 99]" error="valid quorum unavailable\nmember HTTP 409: DEFERRED\nmember HTTP 409: DEFERRED\nmember HTTP 409: DEFERRED"
2026/09/24 19:32:29 WARN direct approval quorum unavailable tx="[140 231 197 71 238 78 251 111 239 190 178 242 76 237 74 90 70 245 99 102 199 183 31 171 42 13 98 248 203 29 145 37]" error="valid quorum unavailable\nmember HTTP 409: DEFERRED\nmember HTTP 409: DEFERRED"
2026/09/24 19:32:29 WARN direct approval quorum unavailable tx="[233 132 57 40 153 194 151 228 46 130 172 27 103 5 61 98 165 14 191 55 176 73 173 79 190 222 202 198 178 68 174 110]" error="valid quorum unavailable\nmember HTTP 409: DEFERRED\nmember HTTP 409: DEFERRED\nmember HTTP 409: DEFERRED"
2026/09/24 19:32:30 WARN direct approval quorum unavailable tx="[147 163 16 26 122 129 107 162 197 176 152 74 80 77 251 209 21 20 148 42 226 10 163 185 234 4 95 64 54 132 130 208]" error="valid quorum unavailable\nmember HTTP 409: DEFERRED\nmember HTTP 409: DEFERRED"
2026/09/24 19:32:31 WARN direct approval quorum unavailable tx="[39 102 3 115 36 102 128 177 3 220 221 115 36 27 76 16 36 113 73 160 88 36 95 56 175 49 93 40 172 133 35 39]" error="valid quorum unavailable\nmember HTTP 409: DEFERRED\nmember HTTP 409: DEFERRED\nmember HTTP 409: DEFERRED"
2026/09/24 19:32:32 WARN direct approval quorum unavailable tx="[194 181 198 221 193 118 80 240 217 6 159 32 5 251 48 240 146 165 102 189 86 111 15 237 162 82 245 173 204 33 137 70]" error="valid quorum unavailable\nmember HTTP 409: DEFERRED\nmember HTTP 409: DEFERRED\nmember HTTP 409: DEFERRED"
2026/09/24 19:32:33 WARN direct approval quorum unavailable tx="[202 179 224 229 101 112 242 104 104 174 21 97 6 70 198 38 95 162 222 137 18 1 220 14 247 35 24 152 158 141 88 224]" error="valid quorum unavailable\nmember HTTP 409: DEFERRED\nmember HTTP 409: DEFERRED"
2026/09/24 19:32:36 WARN direct approval quorum unavailable tx="[187 175 150 254 162 67 82 104 181 112 174 92 210 229 100 186 252 173 93 16 167 99 184 78 74 88 29 142 110 57 204 197]" error="valid quorum unavailable\nmember HTTP 409: DEFERRED\nmember HTTP 409: DEFERRED\nmember HTTP 409: DEFERRED"
2026/09/24 19:32:37 WARN direct approval quorum unavailable tx="[250 211 208 211 139 156 166 109 89 182 62 137 146 6 171 174 218 161 162 167 87 193 74 241 204 24 184 98 57 37 228 210]" error="valid quorum unavailable\nmember HTTP 409: DEFERRED\nmember HTTP 409: DEFERRED"
2026/09/24 19:32:37 WARN direct approval quorum unavailable tx="[127 133 203 86 228 124 70 49 63 189 30 149 112 88 190 218 66 13 192 14 63 25 246 213 213 56 143 253 231 72 192 14]" error="valid quorum unavailable\nmember HTTP 409: DEFERRED\nmember HTTP 409: DEFERRED\nmember HTTP 409: DEFERRED"
2026/09/24 19:32:39 WARN direct approval quorum unavailable tx="[141 159 64 235 151 173 71 228 239 185 13 21 8 211 151 51 225 138 103 204 251 82 48 141 69 122 140 161 198 49 80 28]" error="valid quorum unavailable\nmember HTTP 409: DEFERRED\nmember HTTP 409: DEFERRED"
2026/09/24 19:32:41 WARN direct approval quorum unavailable tx="[10 50 18 2 161 23 249 224 21 116 161 230 163 195 254 187 223 42 177 41 93 89 108 126 244 227 228 236 104 67 14 22]" error="valid quorum unavailable\nmember HTTP 409: DEFERRED\nmember HTTP 409: DEFERRED"
2026/09/24 19:32:42 WARN direct approval quorum unavailable tx="[175 79 55 213 130 179 238 63 117 194 18 0 247 186 221 208 159 69 235 142 64 125 67 239 15 27 63 20 149 147 193 151]" error="valid quorum unavailable\nmember HTTP 409: DEFERRED\nmember HTTP 409: DEFERRED"
2026/09/24 19:32:45 WARN direct approval quorum unavailable tx="[127 116 140 136 177 116 201 201 75 15 34 74 198 223 107 118 246 118 236 122 226 126 8 230 231 234 124 56 140 90 212 96]" error="valid quorum unavailable\nmember HTTP 409: DEFERRED\nmember HTTP 409: DEFERRED"
2026/09/24 19:32:47 WARN direct approval quorum unavailable tx="[169 65 73 39 24 154 45 103 146 183 194 193 222 159 154 86 188 114 230 98 49 228 23 58 153 187 125 122 192 197 208 3]" error="valid quorum unavailable\nmember HTTP 409: DEFERRED\nmember HTTP 409: DEFERRED"
2026/09/24 19:32:50 WARN direct approval quorum unavailable tx="[13 236 239 254 49 252 18 62 213 112 251 165 167 23 253 63 186 245 58 69 198 13 2 94 17 119 89 195 81 15 205 142]" error="valid quorum unavailable\nmember HTTP 409: DEFERRED\nmember HTTP 409: DEFERRED"
2026/09/24 19:32:51 WARN direct approval quorum unavailable tx="[0 116 255 122 234 31 212 131 85 79 163 24 250 201 123 134 80 73 228 172 253 228 21 144 182 152 201 175 182 170 52 214]" error="valid quorum unavailable\nmember HTTP 409: DEFERRED\nmember HTTP 409: DEFERRED"
2026/09/24 19:32:51 WARN direct approval quorum unavailable tx="[159 174 97 175 203 164 207 67 206 28 251 96 100 148 69 233 199 245 69 157 8 236 177 8 83 72 48 43 23 64 10 47]" error="valid quorum unavailable\nmember HTTP 409: DEFERRED\nmember HTTP 409: DEFERRED\nmember HTTP 409: DEFERRED"
2026/09/24 19:32:54 WARN direct approval quorum unavailable tx="[81 50 212 237 175 126 134 114 138 36 117 15 127 234 160 224 29 186 41 198 100 43 160 105 187 159 79 20 69 93 191 223]" error="valid quorum unavailable\nmember HTTP 409: DEFERRED\nmember HTTP 409: DEFERRED"
2026/09/24 19:32:54 WARN direct approval quorum unavailable tx="[90 151 33 41 35 116 38 153 194 117 78 87 183 55 221 245 200 148 88 84 183 70 253 176 88 124 172 227 76 179 4 211]" error="valid quorum unavailable\nmember HTTP 409: DEFERRED\nmember HTTP 409: DEFERRED"
2026/09/24 19:32:56 WARN direct approval quorum unavailable tx="[234 165 114 108 64 106 40 61 14 170 145 68 175 223 125 54 25 217 37 200 247 126 10 165 143 115 187 119 238 186 219 32]" error="valid quorum unavailable\nmember HTTP 409: DEFERRED\nmember HTTP 409: DEFERRED\nmember HTTP 409: DEFERRED"
2026/09/24 19:32:58 WARN direct approval quorum unavailable tx="[186 144 37 240 6 193 223 222 66 224 142 15 145 132 229 197 3 59 157 209 98 101 79 138 248 190 66 254 120 248 217 80]" error="valid quorum unavailable\nmember HTTP 409: DEFERRED\nmember HTTP 409: DEFERRED"
2026/09/24 19:33:01 WARN direct approval quorum unavailable tx="[213 217 212 247 210 98 118 177 48 140 33 199 116 245 252 239 233 215 231 90 214 168 121 37 29 154 195 53 74 142 228 47]" error="valid quorum unavailable\nmember HTTP 409: DEFERRED\nmember HTTP 409: DEFERRED\nmember HTTP 409: DEFERRED"
2026/09/24 19:33:01 WARN direct approval quorum unavailable tx="[23 22 149 53 242 8 118 152 28 57 239 145 66 7 94 238 45 105 245 6 192 69 139 51 203 6 48 248 130 26 162 43]" error="valid quorum unavailable\nmember HTTP 409: DEFERRED\nmember HTTP 409: DEFERRED"
2026/09/24 19:33:06 WARN direct approval quorum unavailable tx="[234 106 81 244 38 177 84 95 226 193 121 58 157 96 181 69 165 172 254 224 34 81 98 180 246 108 69 70 171 115 52 120]" error="valid quorum unavailable\nmember HTTP 409: DEFERRED\nmember HTTP 409: DEFERRED"
2026/09/24 19:33:08 WARN direct approval quorum unavailable tx="[87 91 104 115 211 155 151 242 177 108 156 233 197 173 137 243 164 103 21 189 215 247 130 111 9 42 128 219 107 210 39 123]" error="valid quorum unavailable\nmember HTTP 409: DEFERRED\nmember HTTP 409: DEFERRED"
2026/09/24 19:33:13 WARN direct approval quorum unavailable tx="[225 64 170 97 153 214 246 210 72 91 63 48 85 220 180 93 0 132 131 184 168 209 20 100 41 180 179 19 207 67 124 150]" error="valid quorum unavailable\nmember HTTP 409: DEFERRED\nmember HTTP 409: DEFERRED"
2026/09/24 19:33:15 WARN direct approval quorum unavailable tx="[11 202 150 131 171 44 144 105 226 25 143 40 16 186 117 25 240 230 128 224 9 21 201 184 147 56 134 203 42 136 242 169]" error="valid quorum unavailable\nmember HTTP 409: DEFERRED\nmember HTTP 409: DEFERRED"
2026/09/24 19:33:16 WARN direct approval quorum unavailable tx="[125 131 23 46 120 126 25 13 116 226 60 59 74 102 197 60 133 69 27 33 184 120 128 23 74 22 174 222 40 23 160 210]" error="valid quorum unavailable\nmember HTTP 409: DEFERRED\nmember HTTP 409: DEFERRED\nmember HTTP 409: DEFERRED"
2026/09/24 19:33:21 WARN direct approval quorum unavailable tx="[187 18 42 45 91 178 20 152 154 166 16 155 12 127 81 75 163 205 127 26 132 249 8 10 98 192 238 160 183 200 181 133]" error="valid quorum unavailable\nmember HTTP 409: DEFERRED\nmember HTTP 409: DEFERRED\nmember HTTP 409: DEFERRED"
2026/09/24 19:33:21 WARN direct approval quorum unavailable tx="[198 23 246 103 193 74 155 36 192 160 241 133 158 176 94 227 172 86 207 120 154 66 131 74 45 185 94 136 77 191 7 116]" error="valid quorum unavailable\nmember HTTP 409: DEFERRED\nmember HTTP 409: DEFERRED"
2026/09/24 19:33:24 WARN direct approval quorum unavailable tx="[142 143 141 215 41 254 186 39 254 166 102 142 188 176 22 28 49 52 223 43 27 56 181 199 208 186 144 68 116 14 20 14]" error="valid quorum unavailable\nmember HTTP 409: DEFERRED\nmember HTTP 409: DEFERRED"
2026/09/24 19:33:26 WARN direct approval quorum unavailable tx="[26 228 26 112 210 22 84 87 178 222 142 81 56 143 81 46 154 43 68 212 38 50 187 55 143 104 190 51 157 41 59 140]" error="valid quorum unavailable\nmember HTTP 409: DEFERRED\nmember HTTP 409: DEFERRED"
2026/09/24 19:33:27 WARN direct approval quorum unavailable tx="[120 50 237 195 41 13 42 21 175 159 52 119 228 180 72 184 164 39 25 164 211 205 47 114 59 97 57 151 250 34 197 189]" error="valid quorum unavailable\nmember HTTP 409: DEFERRED\nmember HTTP 409: DEFERRED"
2026/09/24 19:33:28 WARN direct approval quorum unavailable tx="[150 161 28 254 178 98 133 36 192 58 247 5 124 189 22 250 4 129 75 46 196 217 199 153 58 203 106 176 50 79 181 154]" error="valid quorum unavailable\nmember HTTP 409: DEFERRED\nmember HTTP 409: DEFERRED"
2026/09/24 19:33:28 WARN direct approval quorum unavailable tx="[102 198 22 58 122 173 171 225 227 73 85 223 132 234 119 4 44 208 146 123 13 191 224 118 177 172 134 137 60 142 90 1]" error="valid quorum unavailable\nmember HTTP 409: DEFERRED\nmember HTTP 409: DEFERRED\nmember HTTP 409: DEFERRED"
2026/09/24 19:33:28 WARN direct approval quorum unavailable tx="[60 86 142 85 47 25 227 240 23 212 253 70 23 223 68 134 253 239 164 98 74 94 176 219 66 249 136 55 28 76 166 101]" error="valid quorum unavailable\nmember HTTP 409: DEFERRED\nmember HTTP 409: DEFERRED\nmember HTTP 409: DEFERRED"
2026/09/24 19:33:29 WARN direct approval quorum unavailable tx="[28 142 160 148 52 73 113 180 235 202 42 192 79 228 135 61 202 76 39 4 169 254 74 98 140 72 62 145 52 227 175 176]" error="valid quorum unavailable\nmember HTTP 409: DEFERRED\nmember HTTP 409: DEFERRED"
2026/09/24 19:33:35 WARN direct approval quorum unavailable tx="[69 41 108 1 154 93 247 47 232 224 27 215 145 149 125 112 56 171 161 85 12 166 228 115 75 157 69 245 32 89 3 142]" error="valid quorum unavailable\nmember HTTP 409: DEFERRED\nmember HTTP 409: DEFERRED"
2026/09/24 19:33:36 WARN direct approval quorum unavailable tx="[91 63 174 112 198 95 191 189 208 147 42 253 100 146 106 190 101 190 174 170 188 123 9 23 114 128 141 192 154 20 87 254]" error="valid quorum unavailable\nmember HTTP 409: DEFERRED\nmember HTTP 409: DEFERRED\nmember HTTP 409: DEFERRED"
2026/09/24 19:33:37 WARN direct approval quorum unavailable tx="[67 71 142 187 183 231 76 101 249 237 172 1 66 125 135 10 182 45 109 38 202 125 255 122 32 74 118 138 103 190 232 145]" error="valid quorum unavailable\nmember HTTP 409: DEFERRED\nmember HTTP 409: DEFERRED"
2026/09/24 19:33:40 WARN direct approval quorum unavailable tx="[104 72 144 159 231 83 20 32 132 62 242 41 159 236 195 109 205 135 232 131 25 177 130 127 112 197 178 42 246 141 42 238]" error="valid quorum unavailable\nmember HTTP 409: DEFERRED\nmember HTTP 409: DEFERRED"
2026/09/24 19:33:41 WARN direct approval quorum unavailable tx="[154 111 152 94 154 93 27 74 172 26 116 186 61 225 223 79 25 64 18 23 191 104 116 93 194 245 204 148 112 7 133 228]" error="valid quorum unavailable\nmember HTTP 409: DEFERRED\nmember HTTP 409: DEFERRED"
2026/09/24 19:33:42 WARN direct approval quorum unavailable tx="[225 103 248 53 53 7 94 173 241 1 242 32 135 193 18 187 232 217 240 135 153 118 121 54 146 106 127 93 176 109 62 145]" error="valid quorum unavailable\nmember HTTP 409: DEFERRED\nmember HTTP 409: DEFERRED\nmember HTTP 409: DEFERRED"
2026/09/24 19:33:53 WARN direct approval quorum unavailable tx="[75 107 11 228 73 3 0 139 135 25 44 54 132 204 225 220 123 230 92 199 97 191 107 111 80 47 192 0 37 0 145 101]" error="valid quorum unavailable\nmember HTTP 409: DEFERRED\nmember HTTP 409: DEFERRED"
2026/09/24 19:33:55 WARN direct approval quorum unavailable tx="[224 168 190 217 168 161 133 81 245 213 187 160 49 202 201 23 42 139 250 142 214 187 79 28 140 192 30 127 158 156 132 243]" error="valid quorum unavailable\nmember HTTP 409: DEFERRED\nmember HTTP 409: DEFERRED"
