[
  {
    "Name": "org0-member0",
    "Approvals": 151553,
    "Pending": 0,
    "Payments": 0,
    "Closed": 0,
    "CAL": "",
    "FUEL": "",
    "Rewards": "",
    "Burned": ""
  },
  {
    "Name": "org0-member1",
    "Approvals": 151556,
    "Pending": 0,
    "Payments": 0,
    "Closed": 0,
    "CAL": "",
    "FUEL": "",
    "Rewards": "",
    "Burned": ""
  },
  {
    "Name": "org0-member2",
    "Approvals": 151557,
    "Pending": 0,
    "Payments": 0,
    "Closed": 0,
    "CAL": "",
    "FUEL": "",
    "Rewards": "",
    "Burned": ""
  },
  {
    "Name": "org0-member3",
    "Approvals": 151557,
    "Pending": 0,
    "Payments": 0,
    "Closed": 0,
    "CAL": "",
    "FUEL": "",
    "Rewards": "",
    "Burned": ""
  },
  {
    "Name": "gateway0",
    "Approvals": 0,
    "Pending": 0,
    "Payments": 0,
    "Closed": 0,
    "CAL": "",
    "FUEL": "",
    "Rewards": "",
    "Burned": ""
  },
  {
    "Name": "committee0",
    "Approvals": 0,
    "Pending": 0,
    "Payments": 151557,
    "Closed": 151557,
    "CAL": "2000016793600",
    "FUEL": "1679360000",
    "Rewards": "12730788",
    "Burned": "1515570",
    "StateHash": "6b524092c75a9058f416fa34ce9e6f2c90166ebb64d43671700d42c19c0a70ce",
    "Gap": "0"
  },
  {
    "Name": "committee1",
    "Approvals": 0,
    "Pending": 0,
    "Payments": 151557,
    "Closed": 151557,
    "CAL": "2000016793600",
    "FUEL": "1679360000",
    "Rewards": "12730788",
    "Burned": "1515570",
    "StateHash": "6b524092c75a9058f416fa34ce9e6f2c90166ebb64d43671700d42c19c0a70ce",
    "Gap": "0"
  },
  {
    "Name": "committee2",
    "Approvals": 0,
    "Pending": 0,
    "Payments": 151557,
    "Closed": 151557,
    "CAL": "2000016793600",
    "FUEL": "1679360000",
    "Rewards": "12730788",
    "Burned": "1515570",
    "StateHash": "6b524092c75a9058f416fa34ce9e6f2c90166ebb64d43671700d42c19c0a70ce",
    "Gap": "0"
  },
  {
    "Name": "committee3",
    "Approvals": 0,
    "Pending": 0,
    "Payments": 151557,
    "Closed": 151557,
    "CAL": "2000016793600",
    "FUEL": "1679360000",
    "Rewards": "12730788",
    "Burned": "1515570",
    "StateHash": "6b524092c75a9058f416fa34ce9e6f2c90166ebb64d43671700d42c19c0a70ce",
    "Gap": "0"
  }
]
Supply and original-debit accounting verified: /Users/richz/lab/man/utxo-e8/.run/e8-formal-a1/reports/audit.json
