{
  "batch_progress": true,
  "block_observed_p50_ms": 1101.36825,
  "completed_per_second": 72.97776559049092,
  "concurrency": 64,
  "count": 300,
  "dispatch_delivery_wait_p95_ms": 0.465125,
  "dispatch_lag_p50_ms": 0.095835,
  "dispatch_lag_p95_ms": 0.472625,
  "elapsed_s": 4.110841125,
  "failed": 0,
  "fast_completed": 300,
  "fast_p50_ms": 1.153917,
  "fast_p95_ms": 43.137667,
  "final_unfinished": 0,
  "finished_unix_ns": 1790919084308681000,
  "max_pending": 256,
  "member_applied_p50_ms": 1120.75575,
  "member_completed": 300,
  "not_sent": 0,
  "note": "Block observation includes block verification and wallet polling; member applied queries local member status for all four nodes. No committee payment proofs are requested.",
  "pending_limit": 256,
  "progress_batch_facts": 1205,
  "progress_batch_http_errors": 0,
  "progress_batch_http_requests": 133,
  "progress_batch_http_total_ms": 26.092628,
  "progress_batch_queue_total_ms": 5306.650505,
  "progress_errors": 0,
  "progress_http_max_ms": 6.17525,
  "progress_http_mean_ms": 4.622549704564313,
  "progress_metric_note": "progress_requests counts logical fact checks; progress_http durations include batch queue wait. Actual batch HTTP requests/errors are separate.",
  "progress_requests": 1205,
  "progress_requests_per_second": 293.1273584551385,
  "same_org": false,
  "sampled_oldest_unfinished_max_ms": 1449.939,
  "sampled_peak_unfinished": 145,
  "send_limit_hits": 0,
  "send_pacing_wait_p95_ms": 0.0005,
  "send_permit_wait_p95_ms": 0.000083,
  "started_unix_ns": 1790919080197868000,
  "target_send_rate": 100,
  "timing_origin": "wallet_http_submit_v4",
  "total_limit_hits": 0,
  "total_permit_wait_p95_ms": 0.000208,
  "trace": false,
  "unknown": 0,
  "wallet_block_observed": 300,
  "wallet_no_sync": true,
  "wallet_queries": 965,
  "workload": "bounded_fast_receipt_with_independent_observation"
}
