[
  {
    "Name": "org0-member0",
    "Approvals": 2,
    "Pending": 0,
    "Payments": 0,
    "Closed": 0,
    "CAL": "",
    "FUEL": "",
    "Rewards": "",
    "Burned": ""
  },
  {
    "Name": "org0-member1",
    "Approvals": 2,
    "Pending": 0,
    "Payments": 0,
    "Closed": 0,
    "CAL": "",
    "FUEL": "",
    "Rewards": "",
    "Burned": ""
  },
  {
    "Name": "org0-member2",
    "Approvals": 2,
    "Pending": 0,
    "Payments": 0,
    "Closed": 0,
    "CAL": "",
    "FUEL": "",
    "Rewards": "",
    "Burned": ""
  },
  {
    "Name": "org0-member3",
    "Approvals": 2,
    "Pending": 0,
    "Payments": 0,
    "Closed": 0,
    "CAL": "",
    "FUEL": "",
    "Rewards": "",
    "Burned": ""
  },
  {
    "Name": "gateway0",
    "Approvals": 0,
    "Pending": 0,
    "Payments": 0,
    "Closed": 0,
    "CAL": "",
    "FUEL": "",
    "Rewards": "",
    "Burned": ""
  },
  {
    "Name": "committee0",
    "Approvals": 0,
    "Pending": 0,
    "Payments": 2,
    "Closed": 2,
    "CAL": "2000001200000",
    "FUEL": "2000000000000",
    "Rewards": "173",
    "Burned": "20",
    "StateHash": "2eb63b72cd397a52ddf842094f3456ae4a0f134bcb768d977d95ab070aacdaec",
    "Gap": "0",
    "Revisions": 1
  },
  {
    "Name": "committee1",
    "Approvals": 0,
    "Pending": 0,
    "Payments": 2,
    "Closed": 2,
    "CAL": "2000001200000",
    "FUEL": "2000000000000",
    "Rewards": "173",
    "Burned": "20",
    "StateHash": "2eb63b72cd397a52ddf842094f3456ae4a0f134bcb768d977d95ab070aacdaec",
    "Gap": "0",
    "Revisions": 1
  },
  {
    "Name": "committee2",
    "Approvals": 0,
    "Pending": 0,
    "Payments": 2,
    "Closed": 2,
    "CAL": "2000001200000",
    "FUEL": "2000000000000",
    "Rewards": "173",
    "Burned": "20",
    "StateHash": "2eb63b72cd397a52ddf842094f3456ae4a0f134bcb768d977d95ab070aacdaec",
    "Gap": "0",
    "Revisions": 1
  },
  {
    "Name": "committee3",
    "Approvals": 0,
    "Pending": 0,
    "Payments": 2,
    "Closed": 2,
    "CAL": "2000001200000",
    "FUEL": "2000000000000",
    "Rewards": "173",
    "Burned": "20",
    "StateHash": "2eb63b72cd397a52ddf842094f3456ae4a0f134bcb768d977d95ab070aacdaec",
    "Gap": "0",
    "Revisions": 1
  }
]
Supply and original-debit accounting verified: /Users/richz/lab/man/utxo-fastpay-v12/.run/budget-gate-r1-repair/reports/audit.json
