[
  {
    "Name": "org0-member0",
    "Approvals": 7008,
    "Pending": 0,
    "Payments": 0,
    "Closed": 0,
    "RetainedPayments": 3417,
    "RetainedPaymentBytes": 8125626,
    "RetainedCertificateBytes": 3215397,
    "CAL": "",
    "FUEL": "",
    "Rewards": "",
    "Burned": ""
  },
  {
    "Name": "org0-member1",
    "Approvals": 7008,
    "Pending": 0,
    "Payments": 0,
    "Closed": 0,
    "RetainedPayments": 1070,
    "RetainedPaymentBytes": 2544460,
    "RetainedCertificateBytes": 1006870,
    "CAL": "",
    "FUEL": "",
    "Rewards": "",
    "Burned": ""
  },
  {
    "Name": "org0-member2",
    "Approvals": 7008,
    "Pending": 0,
    "Payments": 0,
    "Closed": 0,
    "RetainedPayments": 256,
    "RetainedPaymentBytes": 608768,
    "RetainedCertificateBytes": 240896,
    "CAL": "",
    "FUEL": "",
    "Rewards": "",
    "Burned": ""
  },
  {
    "Name": "org0-member3",
    "Approvals": 7008,
    "Pending": 0,
    "Payments": 0,
    "Closed": 0,
    "RetainedPayments": 92,
    "RetainedPaymentBytes": 218776,
    "RetainedCertificateBytes": 86572,
    "CAL": "",
    "FUEL": "",
    "Rewards": "",
    "Burned": ""
  },
  {
    "Name": "gateway0",
    "Approvals": 0,
    "Pending": 0,
    "Payments": 0,
    "Closed": 0,
    "RetainedPayments": 7008,
    "RetainedPaymentBytes": 16665024,
    "RetainedCertificateBytes": 6594528,
    "CAL": "",
    "FUEL": "",
    "Rewards": "",
    "Burned": ""
  },
  {
    "Name": "org1-member0",
    "Approvals": 8,
    "Pending": 0,
    "Payments": 0,
    "Closed": 0,
    "RetainedPayments": 8,
    "RetainedPaymentBytes": 26616,
    "RetainedCertificateBytes": 7528,
    "CAL": "",
    "FUEL": "",
    "Rewards": "",
    "Burned": ""
  },
  {
    "Name": "org1-member1",
    "Approvals": 8,
    "Pending": 0,
    "Payments": 0,
    "Closed": 0,
    "RetainedPayments": 8,
    "RetainedPaymentBytes": 26616,
    "RetainedCertificateBytes": 7528,
    "CAL": "",
    "FUEL": "",
    "Rewards": "",
    "Burned": ""
  },
  {
    "Name": "org1-member2",
    "Approvals": 8,
    "Pending": 0,
    "Payments": 0,
    "Closed": 0,
    "RetainedPayments": 8,
    "RetainedPaymentBytes": 26616,
    "RetainedCertificateBytes": 7528,
    "CAL": "",
    "FUEL": "",
    "Rewards": "",
    "Burned": ""
  },
  {
    "Name": "org1-member3",
    "Approvals": 8,
    "Pending": 0,
    "Payments": 0,
    "Closed": 0,
    "RetainedPayments": 8,
    "RetainedPaymentBytes": 26616,
    "RetainedCertificateBytes": 7528,
    "CAL": "",
    "FUEL": "",
    "Rewards": "",
    "Burned": ""
  },
  {
    "Name": "gateway1",
    "Approvals": 0,
    "Pending": 0,
    "Payments": 0,
    "Closed": 0,
    "RetainedPayments": 8,
    "RetainedPaymentBytes": 26616,
    "RetainedCertificateBytes": 7528,
    "CAL": "",
    "FUEL": "",
    "Rewards": "",
    "Burned": ""
  },
  {
    "Name": "committee0",
    "Approvals": 0,
    "Pending": 0,
    "Payments": 7016,
    "Closed": 7016,
    "CAL": "2000001420000",
    "FUEL": "2000000000000",
    "Rewards": "589344",
    "Burned": "70160",
    "StateHash": "fc964a3888969fa48a5ebfd1a0b2a9a0b58832df5edb1332fb173473d21d1d84",
    "Gap": "0",
    "Recovery": {
      "UserCAL": {
        "2d23c03cd662fdd1d9bd778228e4c713702651ae5b1a43df1d67ea689f9eca07": 1410000,
        "e6f78516f4325134db13baefc0be94d9bc36a547e5f9e183b3da6b0094b014eb": 10000
      },
      "Open": 0,
      "Fulfilled": 1,
      "Repaired": 0,
      "Recovered": 0,
      "PaidCAL": 0,
      "RecoveredCAL": 0,
      "Reserves": [
        {
          "Organization": "798ad5bfa2784648dd20522a2ca6c7550ad71b45fc2a2fb8f603e973f3e5a8c6",
          "Balance": 1000000000000,
          "Spent": 0,
          "Reserved": 0
        },
        {
          "Organization": "5ca2ae29053f64ec61a0ad6565bc9412cb0f904047ef294c075ff4628d73f3cf",
          "Balance": 1000000000000,
          "Spent": 0,
          "Reserved": 0
        }
      ]
    }
  },
  {
    "Name": "committee1",
    "Approvals": 0,
    "Pending": 0,
    "Payments": 7016,
    "Closed": 7016,
    "CAL": "2000001420000",
    "FUEL": "2000000000000",
    "Rewards": "589344",
    "Burned": "70160",
    "StateHash": "fc964a3888969fa48a5ebfd1a0b2a9a0b58832df5edb1332fb173473d21d1d84",
    "Gap": "0",
    "Recovery": {
      "UserCAL": {
        "2d23c03cd662fdd1d9bd778228e4c713702651ae5b1a43df1d67ea689f9eca07": 1410000,
        "e6f78516f4325134db13baefc0be94d9bc36a547e5f9e183b3da6b0094b014eb": 10000
      },
      "Open": 0,
      "Fulfilled": 1,
      "Repaired": 0,
      "Recovered": 0,
      "PaidCAL": 0,
      "RecoveredCAL": 0,
      "Reserves": [
        {
          "Organization": "798ad5bfa2784648dd20522a2ca6c7550ad71b45fc2a2fb8f603e973f3e5a8c6",
          "Balance": 1000000000000,
          "Spent": 0,
          "Reserved": 0
        },
        {
          "Organization": "5ca2ae29053f64ec61a0ad6565bc9412cb0f904047ef294c075ff4628d73f3cf",
          "Balance": 1000000000000,
          "Spent": 0,
          "Reserved": 0
        }
      ]
    }
  },
  {
    "Name": "committee2",
    "Approvals": 0,
    "Pending": 0,
    "Payments": 7016,
    "Closed": 7016,
    "CAL": "2000001420000",
    "FUEL": "2000000000000",
    "Rewards": "589344",
    "Burned": "70160",
    "StateHash": "fc964a3888969fa48a5ebfd1a0b2a9a0b58832df5edb1332fb173473d21d1d84",
    "Gap": "0",
    "Recovery": {
      "UserCAL": {
        "2d23c03cd662fdd1d9bd778228e4c713702651ae5b1a43df1d67ea689f9eca07": 1410000,
        "e6f78516f4325134db13baefc0be94d9bc36a547e5f9e183b3da6b0094b014eb": 10000
      },
      "Open": 0,
      "Fulfilled": 1,
      "Repaired": 0,
      "Recovered": 0,
      "PaidCAL": 0,
      "RecoveredCAL": 0,
      "Reserves": [
        {
          "Organization": "798ad5bfa2784648dd20522a2ca6c7550ad71b45fc2a2fb8f603e973f3e5a8c6",
          "Balance": 1000000000000,
          "Spent": 0,
          "Reserved": 0
        },
        {
          "Organization": "5ca2ae29053f64ec61a0ad6565bc9412cb0f904047ef294c075ff4628d73f3cf",
          "Balance": 1000000000000,
          "Spent": 0,
          "Reserved": 0
        }
      ]
    }
  },
  {
    "Name": "committee3",
    "Approvals": 0,
    "Pending": 0,
    "Payments": 7016,
    "Closed": 7016,
    "CAL": "2000001420000",
    "FUEL": "2000000000000",
    "Rewards": "589344",
    "Burned": "70160",
    "StateHash": "fc964a3888969fa48a5ebfd1a0b2a9a0b58832df5edb1332fb173473d21d1d84",
    "Gap": "0",
    "Recovery": {
      "UserCAL": {
        "2d23c03cd662fdd1d9bd778228e4c713702651ae5b1a43df1d67ea689f9eca07": 1410000,
        "e6f78516f4325134db13baefc0be94d9bc36a547e5f9e183b3da6b0094b014eb": 10000
      },
      "Open": 0,
      "Fulfilled": 1,
      "Repaired": 0,
      "Recovered": 0,
      "PaidCAL": 0,
      "RecoveredCAL": 0,
      "Reserves": [
        {
          "Organization": "798ad5bfa2784648dd20522a2ca6c7550ad71b45fc2a2fb8f603e973f3e5a8c6",
          "Balance": 1000000000000,
          "Spent": 0,
          "Reserved": 0
        },
        {
          "Organization": "5ca2ae29053f64ec61a0ad6565bc9412cb0f904047ef294c075ff4628d73f3cf",
          "Balance": 1000000000000,
          "Spent": 0,
          "Reserved": 0
        }
      ]
    }
  }
]
Supply and original-debit accounting verified: /Users/richz/lab/man/utxo-final-mixed-721800c/.run/results-r2-N/reports/audit.json
