{
  "batch_progress": true,
  "block_observed_p50_ms": 1463.67675,
  "completed_per_second": 98.26583375367535,
  "concurrency": 64,
  "count": 7000,
  "dispatch_delivery_wait_p95_ms": 0.255333,
  "dispatch_lag_p50_ms": 110.274208,
  "dispatch_lag_p95_ms": 110.389375,
  "elapsed_s": 71.235339208,
  "failed": 0,
  "fast_completed": 7000,
  "fast_p50_ms": 53.6525,
  "fast_p95_ms": 143.868958,
  "final_unfinished": 0,
  "finished_unix_ns": 1790951945397957000,
  "max_pending": 256,
  "member_applied_p50_ms": 1539.979875,
  "member_completed": 7000,
  "not_sent": 0,
  "note": "Block observation includes block verification and wallet polling; member applied queries local member status for all four nodes. No committee payment proofs are requested.",
  "pending_limit": 256,
  "progress_batch_facts": 44420,
  "progress_batch_http_errors": 0,
  "progress_batch_http_requests": 3681,
  "progress_batch_http_total_ms": 1735.204091,
  "progress_batch_queue_total_ms": 167391.43445,
  "progress_errors": 0,
  "progress_http_max_ms": 77.225292,
  "progress_http_mean_ms": 4.343297794529497,
  "progress_metric_note": "progress_requests counts logical fact checks; progress_http durations include batch queue wait. Actual batch HTTP requests/errors are separate.",
  "progress_requests": 44420,
  "progress_requests_per_second": 623.5669050483227,
  "same_org": false,
  "sampled_oldest_unfinished_max_ms": 3119.697,
  "sampled_peak_unfinished": 256,
  "send_limit_hits": 0,
  "send_pacing_wait_p95_ms": 110.318667,
  "send_permit_wait_p95_ms": 0.000083,
  "started_unix_ns": 1790951874162601000,
  "target_send_rate": 100,
  "timing_origin": "wallet_http_submit_v4",
  "total_limit_hits": 18,
  "total_permit_wait_p95_ms": 0.000292,
  "trace": false,
  "unknown": 0,
  "wallet_block_observed": 7000,
  "wallet_no_sync": true,
  "wallet_queries": 26202,
  "workload": "bounded_fast_receipt_with_independent_observation"
}
