[
  {
    "Name": "org0-member0",
    "Approvals": 2659,
    "Pending": 0,
    "Payments": 0,
    "Closed": 0,
    "CAL": "",
    "FUEL": "",
    "Rewards": "",
    "Burned": ""
  },
  {
    "Name": "org0-member1",
    "Approvals": 2567,
    "Pending": 0,
    "Payments": 0,
    "Closed": 0,
    "CAL": "",
    "FUEL": "",
    "Rewards": "",
    "Burned": ""
  },
  {
    "Name": "org0-member2",
    "Approvals": 2152,
    "Pending": 0,
    "Payments": 0,
    "Closed": 0,
    "CAL": "",
    "FUEL": "",
    "Rewards": "",
    "Burned": ""
  },
  {
    "Name": "org0-member3",
    "Approvals": 2520,
    "Pending": 0,
    "Payments": 0,
    "Closed": 0,
    "CAL": "",
    "FUEL": "",
    "Rewards": "",
    "Burned": ""
  },
  {
    "Name": "gateway0",
    "Approvals": 0,
    "Pending": 0,
    "Payments": 0,
    "Closed": 0,
    "CAL": "",
    "FUEL": "",
    "Rewards": "",
    "Burned": ""
  },
  {
    "Name": "committee0",
    "Approvals": 0,
    "Pending": 0,
    "Payments": 2876,
    "Closed": 2876,
    "CAL": "1000001207200",
    "FUEL": "2000000000000",
    "Rewards": "241584",
    "Burned": "28760",
    "StateHash": "c247f50ce5afe99b90e547a02c7e7222816d84bfe1de3037a8cb8979400f3aa1",
    "Gap": "0"
  },
  {
    "Name": "committee1",
    "Approvals": 0,
    "Pending": 0,
    "Payments": 2876,
    "Closed": 2876,
    "CAL": "1000001207200",
    "FUEL": "2000000000000",
    "Rewards": "241584",
    "Burned": "28760",
    "StateHash": "c247f50ce5afe99b90e547a02c7e7222816d84bfe1de3037a8cb8979400f3aa1",
    "Gap": "0"
  },
  {
    "Name": "committee2",
    "Approvals": 0,
    "Pending": 0,
    "Payments": 2876,
    "Closed": 2876,
    "CAL": "1000001207200",
    "FUEL": "2000000000000",
    "Rewards": "241584",
    "Burned": "28760",
    "StateHash": "c247f50ce5afe99b90e547a02c7e7222816d84bfe1de3037a8cb8979400f3aa1",
    "Gap": "0"
  },
  {
    "Name": "committee3",
    "Approvals": 0,
    "Pending": 0,
    "Payments": 2876,
    "Closed": 2876,
    "CAL": "1000001207200",
    "FUEL": "2000000000000",
    "Rewards": "241584",
    "Burned": "28760",
    "StateHash": "c247f50ce5afe99b90e547a02c7e7222816d84bfe1de3037a8cb8979400f3aa1",
    "Gap": "0"
  }
]
Supply and original-debit accounting verified: /Users/richz/lab/man/utxo-fastpay-v12/.run/budget-r3-k1-medium-delay3/reports/audit.json
