{
  "batch_progress": true,
  "block_observed_p50_ms": 1491.225417,
  "completed_per_second": 97.58667519191688,
  "concurrency": 64,
  "count": 7000,
  "dispatch_delivery_wait_p95_ms": 47.512416,
  "dispatch_lag_p50_ms": 0.131708,
  "dispatch_lag_p95_ms": 586.541459,
  "elapsed_s": 71.731104541,
  "failed": 0,
  "fast_completed": 7000,
  "fast_p50_ms": 54.995625,
  "fast_p95_ms": 144.205625,
  "final_unfinished": 0,
  "finished_unix_ns": 1790952274575663000,
  "max_pending": 256,
  "member_applied_p50_ms": 1580.283833,
  "member_completed": 7000,
  "not_sent": 0,
  "note": "Block observation includes block verification and wallet polling; member applied queries local member status for all four nodes. No committee payment proofs are requested.",
  "pending_limit": 256,
  "progress_batch_facts": 47513,
  "progress_batch_http_errors": 0,
  "progress_batch_http_requests": 3866,
  "progress_batch_http_total_ms": 2217.140163,
  "progress_batch_queue_total_ms": 189435.247017,
  "progress_errors": 0,
  "progress_http_max_ms": 87.8725,
  "progress_http_mean_ms": 4.643191034053829,
  "progress_metric_note": "progress_requests counts logical fact checks; progress_http durations include batch queue wait. Actual batch HTTP requests/errors are separate.",
  "progress_requests": 47513,
  "progress_requests_per_second": 662.3765283419352,
  "same_org": false,
  "sampled_oldest_unfinished_max_ms": 3220.141,
  "sampled_peak_unfinished": 256,
  "send_limit_hits": 549,
  "send_pacing_wait_p95_ms": 586.329792,
  "send_permit_wait_p95_ms": 1.286458,
  "started_unix_ns": 1790952202844847000,
  "target_send_rate": 100,
  "timing_origin": "wallet_http_submit_v4",
  "total_limit_hits": 81,
  "total_permit_wait_p95_ms": 0.000292,
  "trace": false,
  "unknown": 0,
  "wallet_block_observed": 7000,
  "wallet_no_sync": true,
  "wallet_queries": 26494,
  "workload": "bounded_fast_receipt_with_independent_observation"
}
