EVENT {"fact":"4ba0822d6d97451f2e3d3553c8b76952aa21f492adc7ed25cb87cdbe89bd1765","input":5,"output":"03efa937f9d71f38270085a0ffb76aa48560391f7b5db617f65984a1fefad4ef","sent_unix_ns":1790952216947428000,"stage":"parent_ready","unix_ns":1790952217041422000}
EVENT {"fact":"93838f8823a2314fef95cdcf690f81949ea18b57fb1f7ee86f8ac6e149f528ae","input":5,"output":"ba7a179de5bb52293fa6b70b4bc2d967a3b344bd85efcf35506f20e17ae4ae3d","sent_unix_ns":1790952217097526000,"stage":"child_ready","unix_ns":1790952217196407000}
EVENT {"input":5,"stage":"child_public_observed","unix_ns":1790952218958217000}
Child finalized; observing withheld-source outcome.
EVENT {"input":5,"obligation":{"AnchorHeight":28,"Output":[3,239,169,55,249,215,31,56,39,0,133,160,255,183,106,164,133,96,57,31,123,93,182,23,246,89,132,161,254,250,212,239],"Issuer":"798ad5bfa2784648dd20522a2ca6c7550ad71b45fc2a2fb8f603e973f3e5a8c6","Config":"ac5930da9caf75f4aa633af09c8a84ee3e034394465965e5231e8008f48916fa","Certificate":[75,160,130,45,109,151,69,31,46,61,53,83,200,183,105,82,170,33,244,146,173,199,237,37,203,135,205,190,137,189,23,101],"Consumer":[147,131,143,136,35,162,49,79,239,149,205,207,105,15,129,148,158,161,139,87,251,31,126,232,111,138,198,225,73,245,40,174],"Transaction":[104,218,165,101,182,171,126,27,107,88,78,71,228,176,158,245,3,171,115,111,46,226,51,113,110,229,139,182,181,230,44,150],"Input":0,"Amount":100,"Deadline":1790952248,"Status":2},"stage":"compensation_observed","unix_ns":1790952250882542000}
EVENT {"input":5,"stage":"late_source_submit_start","unix_ns":1790952250889497000}
EVENT {"input":5,"stage":"source_repaid_observed","unix_ns":1790952252057857000}
EVENT {"input":5,"stage":"materialization_observed","unix_ns":1790952259801435000}
{
  "child_block_observed_ms": 1860.69525,
  "child_fast_ms": 98.878625,
  "child_output": "ba7a179de5bb52293fa6b70b4bc2d967a3b344bd85efcf35506f20e17ae4ae3d",
  "compensation_observed_ms": 33785.151333,
  "late_parent_reserve_recovered": true,
  "parent_fast_ms": 93.992417,
  "parent_output": "03efa937f9d71f38270085a0ffb76aa48560391f7b5db617f65984a1fefad4ef",
  "parent_withheld": true,
  "physical_repair": {
    "DeadlineUnix": 1790952248,
    "DeadlineObservedUnixNS": 1790952252157661000,
    "ProbeRequests": 113,
    "ProbeErrors": 0,
    "ProbeTimeNS": 117162665,
    "MaxProbeNS": 84036875,
    "Nodes": [
      {
        "URL": "http://127.0.0.1:32100",
        "CommittedUnixNS": 1790952259293087000,
        "MaterializedUnixNS": 1790952259801434000,
        "Snapshot": {
          "Committed": true,
          "Materialized": true,
          "IdentityStable": true,
          "BytesChanged": true,
          "CommitHeight": 95,
          "TargetHeight": 27,
          "Revision": 1
        }
      },
      {
        "URL": "http://127.0.0.1:32101",
        "CommittedUnixNS": 1790952258788056000,
        "MaterializedUnixNS": 1790952258788056000,
        "Snapshot": {
          "Committed": true,
          "Materialized": true,
          "IdentityStable": true,
          "BytesChanged": true,
          "CommitHeight": 95,
          "TargetHeight": 27,
          "Revision": 1
        }
      },
      {
        "URL": "http://127.0.0.1:32102",
        "CommittedUnixNS": 1790952258453723000,
        "MaterializedUnixNS": 1790952258789339000,
        "Snapshot": {
          "Committed": true,
          "Materialized": true,
          "IdentityStable": true,
          "BytesChanged": true,
          "CommitHeight": 95,
          "TargetHeight": 27,
          "Revision": 1
        }
      },
      {
        "URL": "http://127.0.0.1:32103",
        "CommittedUnixNS": 1790952258790621000,
        "MaterializedUnixNS": 1790952258790621000,
        "Snapshot": {
          "Committed": true,
          "Materialized": true,
          "IdentityStable": true,
          "BytesChanged": true,
          "CommitHeight": 95,
          "TargetHeight": 27,
          "Revision": 1
        }
      }
    ]
  },
  "physical_repair_observed_ms": 42704.080416,
  "timing_origin": "wallet_http_submit_v4"
}
