EVENT {"fact":"b338021c910e69fc34bf5de3462551aeee23b4319de7db5ec6984a8125467bb1","input":2,"output":"e28295a11586316f85d9e45556b20bbefa6e46d94bd8af8f5d5f19e695919b93","sent_unix_ns":1790952213808429000,"stage":"parent_ready","unix_ns":1790952213906414000}
EVENT {"fact":"665eafa7f7275cebf75789d2621e69e9eceb563e12a5658fc3a4f446963f8b85","input":2,"output":"1b890374d246159062baf038fec9e260f1d9b0c091f56683bc949d94c5c6b2f2","sent_unix_ns":1790952213966498000,"stage":"child_ready","unix_ns":1790952214066517000}
EVENT {"input":2,"stage":"child_public_observed","unix_ns":1790952215442255000}
Child finalized; observing withheld-source outcome.
EVENT {"input":2,"obligation":{"AnchorHeight":23,"Output":[226,130,149,161,21,134,49,111,133,217,228,85,86,178,11,190,250,110,70,217,75,216,175,143,93,95,25,230,149,145,155,147],"Issuer":"798ad5bfa2784648dd20522a2ca6c7550ad71b45fc2a2fb8f603e973f3e5a8c6","Config":"ac5930da9caf75f4aa633af09c8a84ee3e034394465965e5231e8008f48916fa","Certificate":[179,56,2,28,145,14,105,252,52,191,93,227,70,37,81,174,238,35,180,49,157,231,219,94,198,152,74,129,37,70,123,177],"Consumer":[102,94,175,167,247,39,92,235,247,87,137,210,98,30,105,233,236,235,86,62,18,165,101,143,195,164,244,70,150,63,139,133],"Transaction":[137,36,229,161,248,220,44,201,191,241,158,163,102,56,74,123,215,194,203,95,31,203,111,228,138,217,143,119,18,237,116,132],"Input":0,"Amount":100,"Deadline":1790952244,"Status":2},"stage":"compensation_observed","unix_ns":1790952247343632000}
EVENT {"input":2,"stage":"late_source_submit_start","unix_ns":1790952247346595000}
EVENT {"input":2,"stage":"source_repaid_observed","unix_ns":1790952248541833000}
EVENT {"input":2,"stage":"materialization_observed","unix_ns":1790952256404302000}
{
  "child_block_observed_ms": 1475.759625,
  "child_fast_ms": 100.01775,
  "child_output": "1b890374d246159062baf038fec9e260f1d9b0c091f56683bc949d94c5c6b2f2",
  "compensation_observed_ms": 33377.268083,
  "late_parent_reserve_recovered": true,
  "parent_fast_ms": 97.9835,
  "parent_output": "e28295a11586316f85d9e45556b20bbefa6e46d94bd8af8f5d5f19e695919b93",
  "parent_withheld": true,
  "physical_repair": {
    "DeadlineUnix": 1790952244,
    "DeadlineObservedUnixNS": 1790952248588544000,
    "ProbeRequests": 129,
    "ProbeErrors": 0,
    "ProbeTimeNS": 51220754,
    "MaxProbeNS": 25818375,
    "Nodes": [
      {
        "URL": "http://127.0.0.1:32100",
        "CommittedUnixNS": 1790952255892562000,
        "MaterializedUnixNS": 1790952256401633000,
        "Snapshot": {
          "Committed": true,
          "Materialized": true,
          "IdentityStable": true,
          "BytesChanged": true,
          "CommitHeight": 91,
          "TargetHeight": 22,
          "Revision": 1
        }
      },
      {
        "URL": "http://127.0.0.1:32101",
        "CommittedUnixNS": 1790952255893660000,
        "MaterializedUnixNS": 1790952256402531000,
        "Snapshot": {
          "Committed": true,
          "Materialized": true,
          "IdentityStable": true,
          "BytesChanged": true,
          "CommitHeight": 91,
          "TargetHeight": 22,
          "Revision": 1
        }
      },
      {
        "URL": "http://127.0.0.1:32102",
        "CommittedUnixNS": 1790952255894813000,
        "MaterializedUnixNS": 1790952256403382000,
        "Snapshot": {
          "Committed": true,
          "Materialized": true,
          "IdentityStable": true,
          "BytesChanged": true,
          "CommitHeight": 91,
          "TargetHeight": 22,
          "Revision": 1
        }
      },
      {
        "URL": "http://127.0.0.1:32103",
        "CommittedUnixNS": 1790952255895894000,
        "MaterializedUnixNS": 1790952256404301000,
        "Snapshot": {
          "Committed": true,
          "Materialized": true,
          "IdentityStable": true,
          "BytesChanged": true,
          "CommitHeight": 91,
          "TargetHeight": 22,
          "Revision": 1
        }
      }
    ]
  },
  "physical_repair_observed_ms": 42437.97475,
  "timing_origin": "wallet_http_submit_v4"
}
