[
  {
    "Name": "org0-member0",
    "Approvals": 89689,
    "Pending": 0,
    "Payments": 0,
    "Closed": 0,
    "CAL": "",
    "FUEL": "",
    "Rewards": "",
    "Burned": ""
  },
  {
    "Name": "org0-member1",
    "Approvals": 89708,
    "Pending": 0,
    "Payments": 0,
    "Closed": 0,
    "CAL": "",
    "FUEL": "",
    "Rewards": "",
    "Burned": ""
  },
  {
    "Name": "org0-member2",
    "Approvals": 89489,
    "Pending": 0,
    "Payments": 0,
    "Closed": 0,
    "CAL": "",
    "FUEL": "",
    "Rewards": "",
    "Burned": ""
  },
  {
    "Name": "org0-member3",
    "Approvals": 89820,
    "Pending": 0,
    "Payments": 0,
    "Closed": 0,
    "CAL": "",
    "FUEL": "",
    "Rewards": "",
    "Burned": ""
  },
  {
    "Name": "gateway0",
    "Approvals": 0,
    "Pending": 0,
    "Payments": 0,
    "Closed": 0,
    "CAL": "",
    "FUEL": "",
    "Rewards": "",
    "Burned": ""
  },
  {
    "Name": "org1-member0",
    "Approvals": 0,
    "Pending": 0,
    "Payments": 0,
    "Closed": 0,
    "CAL": "",
    "FUEL": "",
    "Rewards": "",
    "Burned": ""
  },
  {
    "Name": "org1-member1",
    "Approvals": 0,
    "Pending": 0,
    "Payments": 0,
    "Closed": 0,
    "CAL": "",
    "FUEL": "",
    "Rewards": "",
    "Burned": ""
  },
  {
    "Name": "org1-member2",
    "Approvals": 0,
    "Pending": 0,
    "Payments": 0,
    "Closed": 0,
    "CAL": "",
    "FUEL": "",
    "Rewards": "",
    "Burned": ""
  },
  {
    "Name": "org1-member3",
    "Approvals": 0,
    "Pending": 0,
    "Payments": 0,
    "Closed": 0,
    "CAL": "",
    "FUEL": "",
    "Rewards": "",
    "Burned": ""
  },
  {
    "Name": "gateway1",
    "Approvals": 0,
    "Pending": 0,
    "Payments": 0,
    "Closed": 0,
    "CAL": "",
    "FUEL": "",
    "Rewards": "",
    "Burned": ""
  },
  {
    "Name": "committee0",
    "Approvals": 0,
    "Pending": 0,
    "Payments": 90000,
    "Closed": 90000,
    "CAL": "2000018000000",
    "FUEL": "2000000000000",
    "Rewards": "7560000",
    "Burned": "900000",
    "StateHash": "57c5ad7b78bb9ce5669bb309fcea029079ad4034729a5f1ca8bc47fb8238bbf6",
    "Gap": "0"
  },
  {
    "Name": "committee1",
    "Approvals": 0,
    "Pending": 0,
    "Payments": 90000,
    "Closed": 90000,
    "CAL": "2000018000000",
    "FUEL": "2000000000000",
    "Rewards": "7560000",
    "Burned": "900000",
    "StateHash": "57c5ad7b78bb9ce5669bb309fcea029079ad4034729a5f1ca8bc47fb8238bbf6",
    "Gap": "0"
  },
  {
    "Name": "committee2",
    "Approvals": 0,
    "Pending": 0,
    "Payments": 90000,
    "Closed": 90000,
    "CAL": "2000018000000",
    "FUEL": "2000000000000",
    "Rewards": "7560000",
    "Burned": "900000",
    "StateHash": "57c5ad7b78bb9ce5669bb309fcea029079ad4034729a5f1ca8bc47fb8238bbf6",
    "Gap": "0"
  },
  {
    "Name": "committee3",
    "Approvals": 0,
    "Pending": 0,
    "Payments": 90000,
    "Closed": 90000,
    "CAL": "2000018000000",
    "FUEL": "2000000000000",
    "Rewards": "7560000",
    "Burned": "900000",
    "StateHash": "57c5ad7b78bb9ce5669bb309fcea029079ad4034729a5f1ca8bc47fb8238bbf6",
    "Gap": "0"
  }
]
Supply and original-debit accounting verified: /Users/richz/lab/man/utxo-fastpay-v12/.run/repro-fresh600/reports/audit.json
