[
  {
    "Name": "org0-member0",
    "Approvals": 100,
    "Pending": 0,
    "Payments": 0,
    "Closed": 0,
    "CAL": "",
    "FUEL": "",
    "Rewards": "",
    "Burned": ""
  },
  {
    "Name": "org0-member1",
    "Approvals": 100,
    "Pending": 0,
    "Payments": 0,
    "Closed": 0,
    "CAL": "",
    "FUEL": "",
    "Rewards": "",
    "Burned": ""
  },
  {
    "Name": "org0-member2",
    "Approvals": 100,
    "Pending": 0,
    "Payments": 0,
    "Closed": 0,
    "CAL": "",
    "FUEL": "",
    "Rewards": "",
    "Burned": ""
  },
  {
    "Name": "org0-member3",
    "Approvals": 100,
    "Pending": 0,
    "Payments": 0,
    "Closed": 0,
    "CAL": "",
    "FUEL": "",
    "Rewards": "",
    "Burned": ""
  },
  {
    "Name": "gateway0",
    "Approvals": 0,
    "Pending": 0,
    "Payments": 0,
    "Closed": 0,
    "CAL": "",
    "FUEL": "",
    "Rewards": "",
    "Burned": ""
  },
  {
    "Name": "committee0",
    "Approvals": 0,
    "Pending": 0,
    "Payments": 100,
    "Closed": 100,
    "CAL": "2000000000200",
    "FUEL": "2000000000000",
    "Rewards": "8400",
    "Burned": "1000",
    "StateHash": "b7d96cfaab303328a1889cf128b8cf9f5d46f00ab2938d457ee48b5d7bbeb841",
    "Gap": "0"
  },
  {
    "Name": "committee1",
    "Approvals": 0,
    "Pending": 0,
    "Payments": 100,
    "Closed": 100,
    "CAL": "2000000000200",
    "FUEL": "2000000000000",
    "Rewards": "8400",
    "Burned": "1000",
    "StateHash": "b7d96cfaab303328a1889cf128b8cf9f5d46f00ab2938d457ee48b5d7bbeb841",
    "Gap": "0"
  },
  {
    "Name": "committee2",
    "Approvals": 0,
    "Pending": 0,
    "Payments": 100,
    "Closed": 100,
    "CAL": "2000000000200",
    "FUEL": "2000000000000",
    "Rewards": "8400",
    "Burned": "1000",
    "StateHash": "b7d96cfaab303328a1889cf128b8cf9f5d46f00ab2938d457ee48b5d7bbeb841",
    "Gap": "0"
  },
  {
    "Name": "committee3",
    "Approvals": 0,
    "Pending": 0,
    "Payments": 100,
    "Closed": 100,
    "CAL": "2000000000200",
    "FUEL": "2000000000000",
    "Rewards": "8400",
    "Burned": "1000",
    "StateHash": "b7d96cfaab303328a1889cf128b8cf9f5d46f00ab2938d457ee48b5d7bbeb841",
    "Gap": "0"
  }
]
Supply and original-debit accounting verified: /Users/richz/lab/man/utxo-fastpay-v12/.run/chain-v3-fast-100-r2/reports/audit.json
{"checks":"exact chain links, receive-before-build, every input consumed once, final owner/output, no open or repaired obligations","hops":100,"obligations":[{"AnchorHeight":4,"Output":[95,45,111,25,234,81,209,34,190,207,162,219,35,126,173,120,7,196,207,5,196,113,3,244,71,251,146,206,215,240,181,52],"Issuer":"10744798af03766088226050cfbbc18adc0f49521644727ae686d721f13d8d80","Config":"a788bd1567ab44b7ac215a149dab2c719b459ac30c3c2ae828311cd9683c8099","Certificate":[180,6,60,84,90,162,89,17,186,44,35,233,134,96,0,168,68,37,141,147,207,32,145,120,33,237,193,249,127,201,195,83],"Consumer":[27,137,144,197,194,210,167,185,69,83,118,141,150,70,121,246,168,6,2,212,117,225,190,7,62,94,52,187,76,5,47,99],"Transaction":[187,131,222,36,16,225,128,211,103,110,10,134,164,75,101,233,169,225,163,34,0,178,56,163,115,20,134,174,218,118,127,36],"Input":0,"Amount":100,"Deadline":0,"Status":1},{"AnchorHeight":4,"Output":[92,59,207,2,174,194,186,69,14,27,173,59,111,116,128,81,208,13,228,195,5,91,55,24,73,197,231,65,7,185,94,168],"Issuer":"10744798af03766088226050cfbbc18adc0f49521644727ae686d721f13d8d80","Config":"a788bd1567ab44b7ac215a149dab2c719b459ac30c3c2ae828311cd9683c8099","Certificate":[89,180,41,164,160,108,228,201,191,87,172,78,193,148,63,90,109,85,161,1,109,35,23,211,11,126,233,240,128,104,173,19],"Consumer":[207,66,188,51,48,160,186,136,131,233,206,101,52,148,67,108,100,190,24,114,139,41,226,191,201,186,41,69,111,16,134,19],"Transaction":[215,49,58,81,224,60,73,13,146,50,91,87,76,224,144,122,97,4,132,46,62,144,35,23,10,25,25,206,2,246,32,255],"Input":0,"Amount":100,"Deadline":0,"Status":1},{"AnchorHeight":4,"Output":[77,53,129,10,189,127,11,74,81,42,140,8,216,169,188,100,241,201,82,217,15,122,176,90,4,86,78,138,237,245,176,138],"Issuer":"10744798af03766088226050cfbbc18adc0f49521644727ae686d721f13d8d80","Config":"a788bd1567ab44b7ac215a149dab2c719b459ac30c3c2ae828311cd9683c8099","Certificate":[242,52,96,184,191,26,55,27,152,108,188,216,160,53,30,51,13,94,191,220,36,45,77,70,27,60,182,108,204,26,119,70],"Consumer":[255,111,146,168,167,167,18,168,160,124,223,167,1,43,103,107,196,185,47,119,98,89,245,109,109,26,68,116,123,206,91,121],"Transaction":[174,72,196,130,196,4,250,129,115,83,38,87,64,147,14,234,112,112,53,89,57,209,57,208,46,111,120,212,53,83,106,126],"Input":0,"Amount":100,"Deadline":0,"Status":1},{"AnchorHeight":4,"Output":[136,74,172,54,70,27,145,199,37,208,215,35,143,165,21,232,209,45,57,128,170,12,131,117,161,46,167,88,106,162,164,18],"Issuer":"10744798af03766088226050cfbbc18adc0f49521644727ae686d721f13d8d80","Config":"a788bd1567ab44b7ac215a149dab2c719b459ac30c3c2ae828311cd9683c8099","Certificate":[136,75,91,184,3,128,63,161,210,69,27,20,249,105,123,103,239,169,116,30,228,253,83,163,230,8,57,49,217,221,212,4],"Consumer":[215,214,51,22,80,213,86,48,133,64,69,173,209,97,143,34,194,122,145,48,55,89,217,63,119,217,11,138,110,219,217,5],"Transaction":[185,234,243,100,186,73,218,136,169,233,90,84,95,189,208,171,121,211,8,46,237,66,52,217,215,24,43,250,95,54,7,161],"Input":0,"Amount":100,"Deadline":0,"Status":1},{"AnchorHeight":4,"Output":[129,103,190,214,1,30,114,43,125,91,210,222,61,196,155,159,100,140,116,60,198,124,214,33,193,90,95,175,79,172,246,89],"Issuer":"10744798af03766088226050cfbbc18adc0f49521644727ae686d721f13d8d80","Config":"a788bd1567ab44b7ac215a149dab2c719b459ac30c3c2ae828311cd9683c8099","Certificate":[77,126,67,5,185,45,142,101,104,118,198,101,187,30,94,28,145,108,239,12,85,246,169,238,0,105,8,215,57,221,91,245],"Consumer":[68,28,55,155,200,141,181,96,39,8,158,100,74,101,231,172,43,0,101,69,214,74,36,129,127,237,227,15,171,253,78,143],"Transaction":[74,64,187,19,54,109,103,213,200,198,27,253,129,130,56,138,98,208,101,255,234,167,176,68,217,59,95,193,155,72,179,253],"Input":0,"Amount":100,"Deadline":0,"Status":1},{"AnchorHeight":4,"Output":[240,14,88,96,206,229,127,122,134,177,93,175,241,203,173,199,195,90,199,108,201,110,150,241,11,63,241,102,230,30,149,208],"Issuer":"10744798af03766088226050cfbbc18adc0f49521644727ae686d721f13d8d80","Config":"a788bd1567ab44b7ac215a149dab2c719b459ac30c3c2ae828311cd9683c8099","Certificate":[169,187,33,24,164,242,158,167,204,227,201,205,190,235,218,161,57,3,85,77,234,95,89,78,81,74,13,144,13,66,244,37],"Consumer":[223,171,252,88,45,208,5,254,73,111,223,100,83,135,40,44,146,232,121,160,194,88,43,80,140,95,97,28,66,218,187,101],"Transaction":[95,191,45,82,135,166,155,183,197,43,254,81,246,71,120,177,90,228,237,28,169,149,87,45,144,69,98,206,13,234,228,255],"Input":0,"Amount":100,"Deadline":0,"Status":1},{"AnchorHeight":4,"Output":[210,114,165,101,165,124,57,235,73,122,15,142,113,37,210,223,174,142,203,206,79,48,57,121,174,251,52,69,44,34,148,238],"Issuer":"10744798af03766088226050cfbbc18adc0f49521644727ae686d721f13d8d80","Config":"a788bd1567ab44b7ac215a149dab2c719b459ac30c3c2ae828311cd9683c8099","Certificate":[223,171,252,88,45,208,5,254,73,111,223,100,83,135,40,44,146,232,121,160,194,88,43,80,140,95,97,28,66,218,187,101],"Consumer":[255,255,226,182,75,184,172,127,36,103,19,33,19,144,166,54,100,206,36,92,228,90,143,136,112,10,183,174,42,204,244,60],"Transaction":[11,170,152,182,248,128,87,202,21,37,231,139,52,48,201,156,190,111,83,102,228,115,239,199,185,91,138,198,59,238,89,2],"Input":0,"Amount":100,"Deadline":0,"Status":1},{"AnchorHeight":4,"Output":[29,242,86,250,203,171,168,178,243,96,64,142,70,137,219,246,212,139,193,94,170,237,175,141,33,118,186,23,196,209,255,17],"Issuer":"10744798af03766088226050cfbbc18adc0f49521644727ae686d721f13d8d80","Config":"a788bd1567ab44b7ac215a149dab2c719b459ac30c3c2ae828311cd9683c8099","Certificate":[230,71,255,31,218,8,198,4,162,8,172,159,94,145,201,150,7,240,205,198,244,141,43,254,210,172,224,197,160,151,101,103],"Consumer":[110,55,180,1,159,134,233,184,5,78,247,254,203,0,153,48,67,227,13,55,188,175,214,30,202,159,149,145,253,171,50,115],"Transaction":[123,28,47,71,55,106,173,173,9,52,159,138,24,121,73,124,102,124,5,85,212,199,120,26,66,104,148,57,34,106,203,51],"Input":0,"Amount":100,"Deadline":0,"Status":1},{"AnchorHeight":4,"Output":[127,61,12,39,96,28,86,171,14,223,251,16,4,31,57,191,210,219,189,26,64,134,64,104,255,14,41,205,12,31,77,14],"Issuer":"10744798af03766088226050cfbbc18adc0f49521644727ae686d721f13d8d80","Config":"a788bd1567ab44b7ac215a149dab2c719b459ac30c3c2ae828311cd9683c8099","Certificate":[94,143,104,27,214,209,137,160,151,130,142,179,61,15,201,219,229,14,253,220,215,87,53,211,146,237,55,33,19,198,79,251],"Consumer":[4,37,71,9,31,190,220,248,107,80,123,5,18,93,21,25,198,135,222,35,60,158,113,94,66,242,58,88,172,81,85,64],"Transaction":[48,204,102,12,109,213,51,205,157,64,230,184,255,102,239,24,226,49,127,233,76,158,180,84,252,107,154,153,110,246,85,14],"Input":0,"Amount":100,"Deadline":0,"Status":1},{"AnchorHeight":4,"Output":[48,86,241,36,180,134,48,11,156,26,175,49,134,63,120,186,234,66,156,112,194,33,160,104,252,191,55,63,152,66,217,42],"Issuer":"10744798af03766088226050cfbbc18adc0f49521644727ae686d721f13d8d80","Config":"a788bd1567ab44b7ac215a149dab2c719b459ac30c3c2ae828311cd9683c8099","Certificate":[101,88,73,40,240,20,26,169,92,38,29,186,49,177,177,49,124,112,68,232,252,227,16,193,163,210,107,6,229,83,77,38],"Consumer":[110,185,73,10,201,217,112,242,135,201,55,147,198,21,0,236,142,50,24,96,96,84,41,148,20,132,244,108,100,76,148,96],"Transaction":[190,66,40,176,168,15,209,115,31,25,132,169,213,128,51,44,24,34,22,166,115,129,114,38,191,16,66,108,171,20,93,21],"Input":0,"Amount":100,"Deadline":0,"Status":1},{"AnchorHeight":4,"Output":[27,52,83,40,76,196,154,25,170,192,17,249,57,128,32,236,242,238,232,178,254,164,1,237,237,232,165,243,190,9,95,57],"Issuer":"10744798af03766088226050cfbbc18adc0f49521644727ae686d721f13d8d80","Config":"a788bd1567ab44b7ac215a149dab2c719b459ac30c3c2ae828311cd9683c8099","Certificate":[95,154,126,216,23,104,182,133,244,232,114,50,240,224,176,210,205,68,47,92,14,133,90,154,106,190,163,180,131,127,224,110],"Consumer":[121,171,50,94,194,54,97,59,0,20,41,35,209,50,255,21,87,115,51,68,125,110,224,186,195,34,243,35,57,126,16,158],"Transaction":[217,120,104,54,140,0,1,51,209,61,199,80,176,17,89,61,234,132,234,72,131,96,152,178,148,69,194,154,164,183,112,26],"Input":0,"Amount":100,"Deadline":0,"Status":1},{"AnchorHeight":4,"Output":[181,182,138,230,39,210,71,4,38,68,29,8,3,90,99,180,237,220,219,153,32,218,180,198,140,64,215,136,99,221,198,11],"Issuer":"10744798af03766088226050cfbbc18adc0f49521644727ae686d721f13d8d80","Config":"a788bd1567ab44b7ac215a149dab2c719b459ac30c3c2ae828311cd9683c8099","Certificate":[190,60,53,128,211,3,100,149,85,231,223,38,244,95,28,33,44,200,156,139,135,53,33,152,191,221,149,6,212,0,169,176],"Consumer":[238,126,225,199,107,113,165,52,36,226,18,99,72,60,230,205,155,180,241,165,82,4,25,12,207,127,19,195,47,66,215,206],"Transaction":[178,137,84,75,163,104,73,237,66,155,227,23,19,21,53,191,105,159,72,45,32,54,204,122,150,148,155,151,93,193,242,28],"Input":0,"Amount":100,"Deadline":0,"Status":1},{"AnchorHeight":4,"Output":[185,20,86,165,211,48,244,45,123,187,131,209,88,170,137,169,130,200,96,121,69,177,245,30,36,236,76,26,175,101,102,10],"Issuer":"10744798af03766088226050cfbbc18adc0f49521644727ae686d721f13d8d80","Config":"a788bd1567ab44b7ac215a149dab2c719b459ac30c3c2ae828311cd9683c8099","Certificate":[215,13,221,222,191,78,38,58,61,184,30,111,9,39,229,164,133,186,203,68,97,253,211,45,233,87,129,177,61,200,194,165],"Consumer":[225,59,66,150,225,184,21,40,42,5,80,29,61,15,42,171,13,101,55,182,124,153,203,185,107,138,64,241,246,208,179,9],"Transaction":[203,211,62,134,29,42,215,123,213,0,239,112,217,44,65,203,44,207,188,180,17,140,128,146,92,74,254,164,213,145,124,29],"Input":0,"Amount":100,"Deadline":0,"Status":1},{"AnchorHeight":4,"Output":[167,148,73,16,146,114,255,237,131,28,184,48,240,169,62,153,80,108,151,40,240,78,62,209,235,93,211,9,209,136,83,135],"Issuer":"10744798af03766088226050cfbbc18adc0f49521644727ae686d721f13d8d80","Config":"a788bd1567ab44b7ac215a149dab2c719b459ac30c3c2ae828311cd9683c8099","Certificate":[178,28,217,89,29,69,235,1,83,128,31,71,66,175,104,110,4,217,132,237,246,244,48,255,185,41,3,3,106,235,254,83],"Consumer":[203,134,150,182,180,40,74,2,81,126,239,220,195,196,244,68,151,40,72,2,103,63,226,73,105,76,153,80,226,47,181,17],"Transaction":[253,89,39,42,215,61,10,109,247,19,187,156,233,113,39,32,252,101,41,17,78,52,100,255,160,247,127,63,182,103,224,59],"Input":0,"Amount":100,"Deadline":0,"Status":1},{"AnchorHeight":4,"Output":[223,75,100,171,10,230,229,74,177,59,122,244,61,96,145,170,204,90,123,253,172,104,94,184,216,90,224,164,2,50,111,127],"Issuer":"10744798af03766088226050cfbbc18adc0f49521644727ae686d721f13d8d80","Config":"a788bd1567ab44b7ac215a149dab2c719b459ac30c3c2ae828311cd9683c8099","Certificate":[1,114,58,3,23,220,253,135,164,218,139,71,20,150,96,220,40,69,237,68,170,117,110,51,124,123,124,217,52,59,239,156],"Consumer":[244,246,201,58,56,120,92,163,174,171,81,42,109,210,229,107,46,208,21,184,202,142,80,16,120,2,60,1,93,145,26,15],"Transaction":[150,9,182,163,162,106,40,7,131,146,186,244,100,175,62,245,198,100,178,201,222,10,202,163,11,98,144,86,213,71,241,255],"Input":0,"Amount":100,"Deadline":0,"Status":1},{"AnchorHeight":4,"Output":[235,160,225,127,19,134,31,64,56,49,111,167,141,184,126,62,69,99,150,1,246,57,163,195,58,211,32,249,220,13,171,196],"Issuer":"10744798af03766088226050cfbbc18adc0f49521644727ae686d721f13d8d80","Config":"a788bd1567ab44b7ac215a149dab2c719b459ac30c3c2ae828311cd9683c8099","Certificate":[162,28,28,100,107,214,47,190,197,251,217,187,156,218,42,122,111,111,110,134,213,8,194,8,181,114,185,39,55,10,138,37],"Consumer":[201,226,139,201,238,58,217,243,93,132,0,8,201,69,163,90,62,4,207,172,162,12,202,236,61,143,207,181,87,185,198,43],"Transaction":[168,154,248,71,119,65,89,247,125,30,200,125,222,87,242,246,57,91,78,25,183,67,80,124,87,184,11,61,150,150,110,126],"Input":0,"Amount":100,"Deadline":0,"Status":1},{"AnchorHeight":4,"Output":[77,228,24,152,4,253,203,9,88,204,96,19,69,230,233,122,208,56,141,97,177,27,198,126,2,191,103,221,243,0,19,167],"Issuer":"10744798af03766088226050cfbbc18adc0f49521644727ae686d721f13d8d80","Config":"a788bd1567ab44b7ac215a149dab2c719b459ac30c3c2ae828311cd9683c8099","Certificate":[103,6,51,180,250,79,5,190,122,71,4,240,107,41,138,108,193,242,65,84,34,148,14,72,47,126,65,194,253,103,177,11],"Consumer":[76,110,15,107,90,115,235,9,221,72,243,179,71,236,161,216,91,34,155,31,194,189,218,235,146,122,157,129,5,66,7,58],"Transaction":[3,185,168,37,30,235,185,26,147,212,203,32,237,214,119,146,59,124,149,167,21,219,30,246,215,252,148,142,79,139,249,72],"Input":0,"Amount":100,"Deadline":0,"Status":1},{"AnchorHeight":4,"Output":[10,17,132,70,197,24,19,97,213,175,33,218,191,79,108,183,99,51,35,154,16,39,150,57,245,7,173,158,159,186,172,8],"Issuer":"10744798af03766088226050cfbbc18adc0f49521644727ae686d721f13d8d80","Config":"a788bd1567ab44b7ac215a149dab2c719b459ac30c3c2ae828311cd9683c8099","Certificate":[129,21,165,127,219,93,1,204,175,121,45,18,181,60,28,78,88,88,126,102,21,101,57,70,56,66,159,32,235,24,107,189],"Consumer":[51,117,226,31,183,253,83,122,46,235,129,170,202,226,113,164,69,37,134,46,207,16,99,33,159,29,210,23,55,236,176,226],"Transaction":[125,30,9,48,104,60,10,119,14,209,22,91,224,151,55,154,79,51,150,33,165,30,2,188,132,167,13,213,123,205,115,59],"Input":0,"Amount":100,"Deadline":0,"Status":1},{"AnchorHeight":4,"Output":[124,49,179,196,196,70,195,182,124,69,113,161,151,156,4,139,222,172,247,246,118,197,49,178,239,213,184,167,179,243,198,242],"Issuer":"10744798af03766088226050cfbbc18adc0f49521644727ae686d721f13d8d80","Config":"a788bd1567ab44b7ac215a149dab2c719b459ac30c3c2ae828311cd9683c8099","Certificate":[24,78,145,242,99,242,29,128,112,237,1,137,93,118,243,235,67,245,162,149,152,167,14,246,158,163,27,178,8,33,68,197],"Consumer":[220,119,58,57,101,185,14,64,163,4,99,35,52,77,70,255,184,237,7,19,245,126,62,33,116,0,89,36,25,169,156,148],"Transaction":[104,112,217,141,176,131,75,60,123,232,186,105,80,226,151,186,100,119,10,213,40,96,24,241,151,165,222,34,203,89,101,144],"Input":0,"Amount":100,"Deadline":0,"Status":1},{"AnchorHeight":4,"Output":[101,23,234,216,86,164,167,10,1,243,101,17,254,27,33,213,230,66,225,133,10,182,231,246,36,51,10,10,248,191,223,51],"Issuer":"10744798af03766088226050cfbbc18adc0f49521644727ae686d721f13d8d80","Config":"a788bd1567ab44b7ac215a149dab2c719b459ac30c3c2ae828311cd9683c8099","Certificate":[119,238,99,243,202,45,47,248,3,112,16,220,197,50,122,27,34,33,32,106,37,177,169,226,143,116,219,74,13,235,43,121],"Consumer":[82,208,28,88,178,186,153,40,205,86,144,152,88,101,228,200,72,24,179,120,142,176,125,140,60,149,230,17,22,188,15,253],"Transaction":[108,34,82,50,232,122,253,24,158,151,215,252,232,139,2,163,31,171,251,83,136,250,245,4,120,121,66,197,29,169,137,92],"Input":0,"Amount":100,"Deadline":0,"Status":1},{"AnchorHeight":4,"Output":[126,25,237,206,187,189,120,160,177,112,238,203,84,53,31,221,64,46,159,132,184,36,162,47,227,194,243,21,43,107,35,104],"Issuer":"10744798af03766088226050cfbbc18adc0f49521644727ae686d721f13d8d80","Config":"a788bd1567ab44b7ac215a149dab2c719b459ac30c3c2ae828311cd9683c8099","Certificate":[32,203,9,41,168,12,226,48,52,18,76,213,44,116,152,80,22,66,59,74,61,112,211,29,224,93,67,133,242,166,161,95],"Consumer":[18,208,4,149,38,105,223,218,236,115,174,133,14,150,47,146,135,234,78,192,23,125,158,126,229,84,184,56,212,99,206,105],"Transaction":[89,61,202,60,132,76,175,125,184,98,103,102,104,163,252,233,74,59,80,156,208,39,146,155,242,181,11,171,243,237,115,143],"Input":0,"Amount":100,"Deadline":0,"Status":1},{"AnchorHeight":4,"Output":[87,87,166,32,38,246,249,36,159,137,212,248,221,100,132,208,0,25,96,131,86,233,214,9,137,186,170,189,189,175,72,199],"Issuer":"10744798af03766088226050cfbbc18adc0f49521644727ae686d721f13d8d80","Config":"a788bd1567ab44b7ac215a149dab2c719b459ac30c3c2ae828311cd9683c8099","Certificate":[236,189,239,39,207,171,254,35,92,30,11,4,58,201,151,71,33,123,62,88,115,210,3,91,20,27,157,123,249,90,9,158],"Consumer":[155,240,153,61,52,116,231,202,102,19,178,175,179,163,126,35,120,249,55,234,226,94,147,73,122,56,210,243,175,133,197,164],"Transaction":[196,191,117,187,1,217,28,141,97,33,88,3,131,220,97,152,208,173,167,78,3,42,80,201,153,56,107,26,61,226,99,140],"Input":0,"Amount":100,"Deadline":0,"Status":1},{"AnchorHeight":4,"Output":[84,201,212,164,248,9,132,28,201,67,135,197,117,147,109,134,243,71,160,23,99,143,61,225,149,138,191,94,199,101,41,206],"Issuer":"10744798af03766088226050cfbbc18adc0f49521644727ae686d721f13d8d80","Config":"a788bd1567ab44b7ac215a149dab2c719b459ac30c3c2ae828311cd9683c8099","Certificate":[74,41,6,50,164,205,232,224,208,167,146,158,199,8,174,21,1,41,118,18,165,57,83,10,232,215,57,103,192,145,161,214],"Consumer":[138,121,243,243,88,33,189,201,134,69,209,12,80,255,252,74,245,83,42,168,46,165,177,36,214,92,96,38,231,225,209,13],"Transaction":[198,236,138,66,163,174,233,111,111,226,117,145,149,161,45,133,96,77,72,175,181,16,156,183,244,149,139,235,61,203,11,79],"Input":0,"Amount":100,"Deadline":0,"Status":1},{"AnchorHeight":4,"Output":[184,92,112,220,238,179,159,231,91,14,168,79,40,124,8,162,160,242,84,107,32,160,108,89,196,203,138,197,253,20,182,76],"Issuer":"10744798af03766088226050cfbbc18adc0f49521644727ae686d721f13d8d80","Config":"a788bd1567ab44b7ac215a149dab2c719b459ac30c3c2ae828311cd9683c8099","Certificate":[73,254,171,123,188,152,79,217,76,169,208,17,12,76,188,13,67,25,23,86,9,131,221,109,105,111,198,222,44,79,142,111],"Consumer":[164,177,250,182,189,135,254,150,181,255,127,226,250,151,95,210,185,229,24,125,253,114,18,158,200,224,159,6,224,76,176,210],"Transaction":[0,69,111,250,124,9,179,93,188,89,37,171,162,24,179,42,247,26,14,228,42,251,117,143,82,36,209,215,53,143,17,162],"Input":0,"Amount":100,"Deadline":0,"Status":1},{"AnchorHeight":4,"Output":[72,60,218,19,34,98,110,253,86,143,97,226,188,203,99,57,0,186,100,134,72,59,168,5,159,243,63,81,0,158,208,179],"Issuer":"10744798af03766088226050cfbbc18adc0f49521644727ae686d721f13d8d80","Config":"a788bd1567ab44b7ac215a149dab2c719b459ac30c3c2ae828311cd9683c8099","Certificate":[254,2,254,63,71,91,251,71,153,50,34,49,159,170,24,102,230,134,191,68,23,149,85,63,21,229,168,80,163,189,131,191],"Consumer":[146,195,231,205,121,219,146,252,138,10,231,76,136,233,107,188,45,151,206,104,138,18,92,189,67,184,121,111,52,198,10,39],"Transaction":[190,218,21,113,93,154,99,155,176,28,4,186,254,242,207,251,180,222,251,84,175,203,81,214,171,57,228,142,182,199,227,213],"Input":0,"Amount":100,"Deadline":0,"Status":1},{"AnchorHeight":4,"Output":[198,207,39,164,200,182,102,188,68,52,243,127,24,95,78,166,53,94,233,116,37,182,101,55,240,227,242,10,217,105,170,5],"Issuer":"10744798af03766088226050cfbbc18adc0f49521644727ae686d721f13d8d80","Config":"a788bd1567ab44b7ac215a149dab2c719b459ac30c3c2ae828311cd9683c8099","Certificate":[127,45,57,172,47,59,139,123,234,70,172,69,9,232,52,80,12,206,198,170,150,141,252,62,29,226,229,54,155,66,91,60],"Consumer":[161,35,24,229,221,214,153,97,86,138,42,195,17,173,137,163,146,71,27,217,168,76,253,248,161,40,122,152,83,92,153,31],"Transaction":[28,145,146,174,133,41,104,40,206,17,186,151,65,93,107,134,175,85,167,11,76,115,110,132,199,135,11,102,179,67,14,54],"Input":0,"Amount":100,"Deadline":0,"Status":1},{"AnchorHeight":4,"Output":[236,241,163,20,113,145,0,140,153,215,76,218,74,96,196,178,70,60,198,238,251,219,197,85,45,106,118,149,70,57,5,164],"Issuer":"10744798af03766088226050cfbbc18adc0f49521644727ae686d721f13d8d80","Config":"a788bd1567ab44b7ac215a149dab2c719b459ac30c3c2ae828311cd9683c8099","Certificate":[223,111,236,115,22,21,42,75,186,193,102,199,158,240,183,126,13,223,209,9,151,136,197,194,242,29,226,104,254,101,253,195],"Consumer":[7,191,65,249,191,77,45,125,151,208,50,136,168,187,227,167,72,195,97,52,18,134,121,19,128,145,198,115,25,240,50,17],"Transaction":[234,20,254,241,185,155,118,67,166,48,235,73,92,93,195,170,145,153,42,167,166,228,250,207,133,192,26,245,228,157,148,131],"Input":0,"Amount":100,"Deadline":0,"Status":1},{"AnchorHeight":4,"Output":[128,9,182,67,236,120,238,58,38,36,237,207,146,166,243,35,151,80,222,56,232,72,15,127,54,176,121,126,178,243,96,176],"Issuer":"10744798af03766088226050cfbbc18adc0f49521644727ae686d721f13d8d80","Config":"a788bd1567ab44b7ac215a149dab2c719b459ac30c3c2ae828311cd9683c8099","Certificate":[156,221,221,175,15,164,42,68,210,101,144,143,78,91,125,82,28,145,161,232,54,239,208,143,180,23,24,139,53,212,35,175],"Consumer":[152,43,150,193,23,220,78,101,63,229,140,252,186,38,97,193,32,199,171,128,207,248,156,117,15,80,116,76,206,146,148,150],"Transaction":[61,37,47,128,84,6,42,74,239,129,223,240,213,153,115,37,18,92,94,248,164,238,62,200,185,96,53,55,185,170,43,51],"Input":0,"Amount":100,"Deadline":0,"Status":1}],"verified":true}
