[
  {
    "Name": "org0-member0",
    "Approvals": 10,
    "Pending": 0,
    "Payments": 0,
    "Closed": 0,
    "CAL": "",
    "FUEL": "",
    "Rewards": "",
    "Burned": ""
  },
  {
    "Name": "org0-member1",
    "Approvals": 10,
    "Pending": 0,
    "Payments": 0,
    "Closed": 0,
    "CAL": "",
    "FUEL": "",
    "Rewards": "",
    "Burned": ""
  },
  {
    "Name": "org0-member2",
    "Approvals": 10,
    "Pending": 0,
    "Payments": 0,
    "Closed": 0,
    "CAL": "",
    "FUEL": "",
    "Rewards": "",
    "Burned": ""
  },
  {
    "Name": "org0-member3",
    "Approvals": 10,
    "Pending": 0,
    "Payments": 0,
    "Closed": 0,
    "CAL": "",
    "FUEL": "",
    "Rewards": "",
    "Burned": ""
  },
  {
    "Name": "gateway0",
    "Approvals": 0,
    "Pending": 0,
    "Payments": 0,
    "Closed": 0,
    "CAL": "",
    "FUEL": "",
    "Rewards": "",
    "Burned": ""
  },
  {
    "Name": "committee0",
    "Approvals": 0,
    "Pending": 0,
    "Payments": 10,
    "Closed": 10,
    "CAL": "2000000000200",
    "FUEL": "2000000000000",
    "Rewards": "840",
    "Burned": "100",
    "StateHash": "b86b52bce43e4975d7b63c0cc40a7e3d51a8a4a14e2f32bd414c718acfa12c45",
    "Gap": "0"
  },
  {
    "Name": "committee1",
    "Approvals": 0,
    "Pending": 0,
    "Payments": 10,
    "Closed": 10,
    "CAL": "2000000000200",
    "FUEL": "2000000000000",
    "Rewards": "840",
    "Burned": "100",
    "StateHash": "b86b52bce43e4975d7b63c0cc40a7e3d51a8a4a14e2f32bd414c718acfa12c45",
    "Gap": "0"
  },
  {
    "Name": "committee2",
    "Approvals": 0,
    "Pending": 0,
    "Payments": 10,
    "Closed": 10,
    "CAL": "2000000000200",
    "FUEL": "2000000000000",
    "Rewards": "840",
    "Burned": "100",
    "StateHash": "b86b52bce43e4975d7b63c0cc40a7e3d51a8a4a14e2f32bd414c718acfa12c45",
    "Gap": "0"
  },
  {
    "Name": "committee3",
    "Approvals": 0,
    "Pending": 0,
    "Payments": 10,
    "Closed": 10,
    "CAL": "2000000000200",
    "FUEL": "2000000000000",
    "Rewards": "840",
    "Burned": "100",
    "StateHash": "b86b52bce43e4975d7b63c0cc40a7e3d51a8a4a14e2f32bd414c718acfa12c45",
    "Gap": "0"
  }
]
Supply and original-debit accounting verified: /Users/richz/lab/man/utxo-fastpay-v12/.run/chain-v3-fast-10-r1/reports/audit.json
{"checks":"exact chain links, receive-before-build, every input consumed once, final owner/output, no open or repaired obligations","hops":10,"obligations":[{"AnchorHeight":4,"Output":[153,106,191,112,46,144,211,236,243,17,184,253,5,69,180,93,64,205,153,36,87,10,83,235,19,137,74,239,160,159,37,206],"Issuer":"10744798af03766088226050cfbbc18adc0f49521644727ae686d721f13d8d80","Config":"a788bd1567ab44b7ac215a149dab2c719b459ac30c3c2ae828311cd9683c8099","Certificate":[255,255,241,46,127,229,103,0,20,226,119,33,26,160,92,172,217,157,132,248,222,218,29,222,93,153,89,193,138,107,30,23],"Consumer":[251,15,233,61,202,25,50,53,9,166,245,217,24,62,59,38,73,189,0,12,253,12,17,169,72,254,54,246,201,246,21,32],"Transaction":[205,115,173,247,222,86,23,38,85,171,168,153,251,184,59,69,144,1,87,165,97,90,94,144,144,124,97,220,214,85,216,204],"Input":0,"Amount":100,"Deadline":0,"Status":1},{"AnchorHeight":3,"Output":[163,245,16,199,37,57,0,149,17,2,113,196,15,38,153,205,9,223,210,126,75,250,58,122,127,30,251,164,232,119,9,232],"Issuer":"10744798af03766088226050cfbbc18adc0f49521644727ae686d721f13d8d80","Config":"a788bd1567ab44b7ac215a149dab2c719b459ac30c3c2ae828311cd9683c8099","Certificate":[251,15,233,61,202,25,50,53,9,166,245,217,24,62,59,38,73,189,0,12,253,12,17,169,72,254,54,246,201,246,21,32],"Consumer":[5,211,17,191,152,24,218,235,158,148,118,191,74,56,253,4,3,79,187,222,91,149,99,208,39,175,171,116,29,26,169,33],"Transaction":[134,110,2,124,123,64,6,209,244,87,249,86,32,127,6,64,30,94,32,81,204,194,14,255,0,106,145,188,12,211,153,171],"Input":0,"Amount":100,"Deadline":1790087061,"Status":1}],"verified":true}
