2026/09/24 19:26:02 INFO gateway started listen=127.0.0.1:26300 organization=49be96489ff513310314d931923c72145ab05646ed099b21ad2e0f3178e10ab2
2026/09/24 19:26:19 WARN direct approval quorum unavailable tx="[87 13 105 249 120 197 139 168 41 4 62 166 176 154 10 30 101 8 20 248 129 18 46 141 12 77 181 96 247 123 61 165]" error="valid quorum unavailable\nmember HTTP 409: DEFERRED\nmember HTTP 409: DEFERRED"
2026/09/24 19:26:22 WARN direct approval quorum unavailable tx="[199 89 48 63 93 35 19 12 146 141 91 153 158 195 23 125 80 98 184 130 151 0 162 223 100 105 206 238 81 202 165 4]" error="valid quorum unavailable\nmember HTTP 409: DEFERRED\nmember HTTP 409: DEFERRED"
2026/09/24 19:26:26 WARN direct approval quorum unavailable tx="[253 79 176 232 85 36 152 181 196 127 134 109 43 48 26 174 162 60 242 72 77 30 59 236 62 151 59 182 94 105 119 134]" error="valid quorum unavailable\nmember HTTP 409: DEFERRED\nmember HTTP 409: DEFERRED\nmember HTTP 409: DEFERRED"
2026/09/24 19:26:27 WARN direct approval quorum unavailable tx="[218 97 236 141 36 5 5 14 105 142 123 19 8 133 158 230 136 239 127 233 177 202 104 105 211 144 240 124 251 226 255 1]" error="valid quorum unavailable\nmember HTTP 409: DEFERRED\nmember HTTP 409: DEFERRED"
2026/09/24 19:26:29 WARN direct approval quorum unavailable tx="[167 115 107 210 133 26 207 163 33 115 212 32 200 97 120 68 237 14 111 26 52 167 196 21 236 37 129 161 97 116 110 45]" error="valid quorum unavailable\nmember HTTP 409: DEFERRED\nmember HTTP 409: DEFERRED\nmember HTTP 409: DEFERRED"
2026/09/24 19:26:33 WARN direct approval quorum unavailable tx="[116 177 57 198 153 236 216 207 9 92 79 16 71 149 105 222 27 236 13 176 65 216 131 20 197 220 189 242 8 82 153 239]" error="valid quorum unavailable\nmember HTTP 409: DEFERRED\nmember HTTP 409: DEFERRED"
2026/09/24 19:26:35 WARN direct approval quorum unavailable tx="[8 22 99 138 185 106 255 142 237 134 191 46 67 127 181 232 147 246 18 88 136 178 90 191 219 132 183 227 210 204 254 127]" error="valid quorum unavailable\nmember HTTP 409: DEFERRED\nmember HTTP 409: DEFERRED"
2026/09/24 19:26:35 WARN direct approval quorum unavailable tx="[228 17 30 25 189 245 6 16 255 20 34 170 155 201 40 134 93 1 159 126 23 206 218 103 247 47 85 43 12 178 71 174]" error="valid quorum unavailable\nmember HTTP 409: DEFERRED\nmember HTTP 409: DEFERRED\nmember HTTP 409: DEFERRED"
2026/09/24 19:26:36 WARN direct approval quorum unavailable tx="[78 200 113 191 158 76 143 92 235 118 90 121 238 13 96 242 158 186 84 157 176 7 11 215 109 141 233 182 149 61 153 221]" error="valid quorum unavailable\nmember HTTP 409: DEFERRED\nmember HTTP 409: DEFERRED"
2026/09/24 19:26:36 WARN direct approval quorum unavailable tx="[151 230 250 73 71 188 36 246 3 23 47 7 8 230 54 249 47 56 197 243 28 245 22 102 88 151 51 7 33 232 115 219]" error="valid quorum unavailable\nmember HTTP 409: DEFERRED\nmember HTTP 409: DEFERRED"
2026/09/24 19:26:38 WARN direct approval quorum unavailable tx="[99 10 215 131 73 216 47 92 105 119 23 212 94 224 254 167 130 206 243 53 205 250 251 31 207 192 168 232 185 139 107 216]" error="valid quorum unavailable\nmember HTTP 409: DEFERRED\nmember HTTP 409: DEFERRED"
2026/09/24 19:26:41 WARN direct approval quorum unavailable tx="[80 205 68 114 84 250 127 87 66 215 74 76 70 81 191 186 191 245 198 224 186 123 5 247 11 79 135 49 67 186 89 155]" error="valid quorum unavailable\nmember HTTP 409: DEFERRED\nmember HTTP 409: DEFERRED"
2026/09/24 19:26:42 WARN direct approval quorum unavailable tx="[86 112 36 37 240 92 185 138 72 167 71 36 43 171 35 58 135 152 116 160 177 83 209 35 32 192 208 111 15 10 184 76]" error="valid quorum unavailable\nmember HTTP 409: DEFERRED\nmember HTTP 409: DEFERRED"
2026/09/24 19:26:47 WARN direct approval quorum unavailable tx="[190 3 191 174 214 190 95 253 208 178 105 250 152 142 24 92 107 243 90 234 43 113 247 90 211 60 76 134 168 64 156 153]" error="valid quorum unavailable\nmember HTTP 409: DEFERRED\nmember HTTP 409: DEFERRED"
2026/09/24 19:26:48 WARN direct approval quorum unavailable tx="[123 51 105 85 80 14 224 82 248 2 204 39 163 210 115 21 32 82 235 91 10 188 220 135 45 221 163 84 235 14 103 182]" error="valid quorum unavailable\nmember HTTP 409: DEFERRED\nmember HTTP 409: DEFERRED"
2026/09/24 19:26:52 WARN direct approval quorum unavailable tx="[150 136 142 42 9 149 69 191 92 72 201 108 89 149 4 249 177 102 6 138 181 205 177 107 155 230 240 61 171 168 66 145]" error="valid quorum unavailable\nmember HTTP 409: DEFERRED\nmember HTTP 409: DEFERRED\nmember HTTP 409: DEFERRED"
2026/09/24 19:26:53 WARN direct approval quorum unavailable tx="[72 82 30 206 92 207 24 8 240 229 232 61 81 15 25 155 254 93 152 95 48 109 143 181 239 65 26 26 161 173 207 128]" error="valid quorum unavailable\nmember HTTP 409: DEFERRED\nmember HTTP 409: DEFERRED\nmember HTTP 409: DEFERRED"
2026/09/24 19:26:55 WARN direct approval quorum unavailable tx="[62 121 215 215 214 37 21 40 76 98 127 42 38 236 206 250 3 185 167 144 192 66 179 223 118 67 164 64 135 192 185 159]" error="valid quorum unavailable\nmember HTTP 409: DEFERRED\nmember HTTP 409: DEFERRED"
2026/09/24 19:26:58 WARN direct approval quorum unavailable tx="[162 119 111 133 242 183 143 216 102 112 4 33 176 181 152 3 93 31 123 184 228 173 47 141 188 162 204 160 241 243 17 78]" error="valid quorum unavailable\nmember HTTP 409: DEFERRED\nmember HTTP 409: DEFERRED\nmember HTTP 409: DEFERRED"
2026/09/24 19:26:59 WARN direct approval quorum unavailable tx="[171 176 172 175 248 192 212 46 237 178 128 199 128 224 182 229 12 233 146 224 104 247 78 154 227 24 13 97 186 141 88 177]" error="valid quorum unavailable\nmember HTTP 409: DEFERRED\nmember HTTP 409: DEFERRED"
2026/09/24 19:27:00 WARN direct approval quorum unavailable tx="[17 193 127 112 61 14 244 218 61 122 73 76 172 83 161 133 228 159 186 95 156 43 2 98 235 81 119 1 142 153 243 150]" error="valid quorum unavailable\nmember HTTP 409: DEFERRED\nmember HTTP 409: DEFERRED"
2026/09/24 19:27:01 WARN direct approval quorum unavailable tx="[86 246 153 89 241 38 248 112 17 35 212 73 230 57 49 83 55 19 240 49 101 24 18 17 94 249 104 237 120 138 132 194]" error="valid quorum unavailable\nmember HTTP 409: DEFERRED\nmember HTTP 409: DEFERRED\nmember HTTP 409: DEFERRED"
2026/09/24 19:27:04 WARN direct approval quorum unavailable tx="[114 254 35 170 244 223 187 41 180 28 94 52 0 87 196 63 251 147 215 131 103 205 218 50 53 70 219 178 248 247 228 170]" error="valid quorum unavailable\nmember HTTP 409: DEFERRED\nmember HTTP 409: DEFERRED"
2026/09/24 19:27:04 WARN direct approval quorum unavailable tx="[105 139 122 254 160 7 55 215 166 119 98 75 77 81 44 211 119 219 107 30 83 231 72 96 123 10 231 12 62 194 161 83]" error="valid quorum unavailable\nmember HTTP 409: DEFERRED\nmember HTTP 409: DEFERRED\nmember HTTP 409: DEFERRED"
2026/09/24 19:27:05 WARN direct approval quorum unavailable tx="[60 161 53 33 136 135 67 84 219 254 21 86 182 2 86 26 146 120 35 248 12 114 123 4 214 75 86 132 77 245 60 180]" error="valid quorum unavailable\nmember HTTP 409: DEFERRED\nmember HTTP 409: DEFERRED"
2026/09/24 19:27:06 WARN direct approval quorum unavailable tx="[186 153 90 38 183 147 63 201 152 110 46 2 114 78 129 37 52 235 124 175 215 215 38 67 17 31 92 100 47 76 72 19]" error="valid quorum unavailable\nmember HTTP 409: DEFERRED\nmember HTTP 409: DEFERRED"
2026/09/24 19:27:07 WARN direct approval quorum unavailable tx="[14 63 114 89 103 247 251 127 248 82 4 12 188 99 94 46 74 188 145 149 79 114 37 202 113 205 118 20 93 52 45 213]" error="valid quorum unavailable\nmember HTTP 409: DEFERRED\nmember HTTP 409: DEFERRED\nmember HTTP 409: DEFERRED"
2026/09/24 19:27:08 WARN direct approval quorum unavailable tx="[190 92 170 189 110 48 236 201 50 162 97 80 81 177 36 68 41 40 6 206 245 81 53 114 105 85 165 150 147 117 115 125]" error="valid quorum unavailable\nmember HTTP 409: DEFERRED\nmember HTTP 409: DEFERRED\nmember HTTP 409: DEFERRED"
2026/09/24 19:27:08 WARN direct approval quorum unavailable tx="[78 64 207 65 108 27 50 230 73 163 139 18 220 29 82 129 19 242 143 108 193 60 194 250 245 226 66 219 119 234 94 94]" error="valid quorum unavailable\nmember HTTP 409: DEFERRED\nmember HTTP 409: DEFERRED\nmember HTTP 409: DEFERRED"
2026/09/24 19:27:10 WARN direct approval quorum unavailable tx="[195 44 1 39 223 167 206 239 177 160 227 203 72 23 103 144 222 122 212 82 52 12 156 141 77 152 34 144 76 191 131 142]" error="valid quorum unavailable\nmember HTTP 409: DEFERRED\nmember HTTP 409: DEFERRED\nmember HTTP 409: DEFERRED"
2026/09/24 19:27:11 WARN direct approval quorum unavailable tx="[177 21 157 127 63 185 83 203 4 80 200 252 109 67 170 235 154 192 61 92 21 1 220 253 119 199 108 232 22 101 16 248]" error="valid quorum unavailable\nmember HTTP 409: DEFERRED\nmember HTTP 409: DEFERRED"
2026/09/24 19:27:12 WARN direct approval quorum unavailable tx="[18 218 252 161 16 131 14 22 143 18 103 221 76 22 185 54 81 79 9 236 226 92 59 129 188 149 200 223 15 122 227 198]" error="valid quorum unavailable\nmember HTTP 409: DEFERRED\nmember HTTP 409: DEFERRED"
2026/09/24 19:27:15 WARN direct approval quorum unavailable tx="[131 178 94 140 244 51 39 34 27 172 221 25 139 137 13 1 68 54 189 207 201 60 83 154 208 86 217 28 157 198 240 115]" error="valid quorum unavailable\nmember HTTP 409: DEFERRED\nmember HTTP 409: DEFERRED"
2026/09/24 19:27:17 WARN direct approval quorum unavailable tx="[99 178 126 199 126 16 25 183 138 206 179 152 10 43 209 199 12 220 88 97 231 58 12 218 96 232 58 181 165 150 1 65]" error="valid quorum unavailable\nmember HTTP 409: DEFERRED\nmember HTTP 409: DEFERRED"
2026/09/24 19:27:20 WARN direct approval quorum unavailable tx="[150 59 181 45 208 176 167 155 103 41 25 77 229 175 195 10 240 192 116 89 62 179 170 35 19 12 154 77 25 206 166 208]" error="valid quorum unavailable\nmember HTTP 409: DEFERRED\nmember HTTP 409: DEFERRED"
2026/09/24 19:27:27 WARN direct approval quorum unavailable tx="[164 82 54 208 8 200 185 162 162 218 78 175 111 166 22 46 103 22 51 94 211 24 251 190 200 160 104 230 217 253 9 255]" error="valid quorum unavailable\nmember HTTP 409: DEFERRED\nmember HTTP 409: DEFERRED\nmember HTTP 409: DEFERRED"
2026/09/24 19:27:29 WARN direct approval quorum unavailable tx="[123 100 171 224 156 112 71 80 252 43 184 181 42 94 208 208 206 146 195 132 40 235 120 238 21 26 166 158 22 22 246 139]" error="valid quorum unavailable\nmember HTTP 409: DEFERRED\nmember HTTP 409: DEFERRED"
2026/09/24 19:27:31 WARN direct approval quorum unavailable tx="[231 114 205 40 183 43 51 244 191 198 224 241 54 253 219 28 70 21 147 206 135 43 29 113 50 179 105 59 214 129 110 19]" error="valid quorum unavailable\nmember HTTP 409: DEFERRED\nmember HTTP 409: DEFERRED"
2026/09/24 19:27:32 WARN direct approval quorum unavailable tx="[204 26 43 28 146 134 111 164 86 11 14 110 91 63 29 198 1 6 242 236 244 79 209 176 131 62 199 135 81 12 222 29]" error="valid quorum unavailable\nmember HTTP 409: DEFERRED\nmember HTTP 409: DEFERRED"
2026/09/24 19:27:32 WARN direct approval quorum unavailable tx="[18 189 126 65 88 122 187 54 249 229 158 44 122 181 43 44 7 7 110 127 87 241 79 234 189 21 167 248 20 196 41 141]" error="valid quorum unavailable\nmember HTTP 409: DEFERRED\nmember HTTP 409: DEFERRED"
2026/09/24 19:27:33 WARN direct approval quorum unavailable tx="[113 41 209 95 25 31 13 221 234 71 65 178 202 230 247 60 114 99 10 70 73 146 227 149 104 56 80 115 232 36 234 36]" error="valid quorum unavailable\nmember HTTP 409: DEFERRED\nmember HTTP 409: DEFERRED"
2026/09/24 19:27:33 WARN direct approval quorum unavailable tx="[147 197 55 93 186 190 74 63 174 96 125 23 127 206 200 240 49 140 221 47 113 62 65 84 124 61 170 179 233 39 3 140]" error="valid quorum unavailable\nmember HTTP 409: DEFERRED\nmember HTTP 409: DEFERRED"
2026/09/24 19:27:36 WARN direct approval quorum unavailable tx="[77 247 151 200 158 220 32 218 249 5 91 167 119 161 118 27 42 170 215 53 210 116 37 0 165 97 90 49 169 225 87 148]" error="valid quorum unavailable\nmember HTTP 409: DEFERRED\nmember HTTP 409: DEFERRED"
2026/09/24 19:27:37 WARN direct approval quorum unavailable tx="[167 86 6 121 239 120 235 241 49 26 35 137 126 32 189 155 193 219 89 42 103 173 223 5 173 232 63 29 160 154 152 93]" error="valid quorum unavailable\nmember HTTP 409: DEFERRED\nmember HTTP 409: DEFERRED"
2026/09/24 19:27:39 WARN direct approval quorum unavailable tx="[5 100 169 162 53 239 252 93 156 68 6 106 156 136 213 86 72 154 228 189 75 167 139 253 232 91 54 226 176 138 33 134]" error="valid quorum unavailable\nmember HTTP 409: DEFERRED\nmember HTTP 409: DEFERRED"
2026/09/24 19:27:40 WARN direct approval quorum unavailable tx="[160 170 35 54 155 91 163 104 90 204 126 215 96 164 225 78 28 61 82 235 4 86 54 13 183 133 214 158 189 56 182 7]" error="valid quorum unavailable\nmember HTTP 409: DEFERRED\nmember HTTP 409: DEFERRED"
2026/09/24 19:27:44 WARN direct approval quorum unavailable tx="[35 143 123 74 105 132 147 218 215 23 244 236 65 31 39 194 92 164 165 163 71 229 113 105 29 131 44 93 249 161 16 122]" error="valid quorum unavailable\nmember HTTP 409: DEFERRED\nmember HTTP 409: DEFERRED"
2026/09/24 19:27:49 WARN direct approval quorum unavailable tx="[181 18 83 170 171 197 157 43 52 58 221 237 174 181 57 41 205 27 158 5 21 150 79 228 47 5 222 9 78 252 66 220]" error="valid quorum unavailable\nmember HTTP 409: DEFERRED\nmember HTTP 409: DEFERRED"
2026/09/24 19:27:51 WARN direct approval quorum unavailable tx="[229 19 175 39 45 254 144 224 77 54 94 85 154 173 199 250 47 193 138 103 131 248 186 181 16 73 100 17 17 4 100 133]" error="valid quorum unavailable\nmember HTTP 409: DEFERRED\nmember HTTP 409: DEFERRED"
2026/09/24 19:27:52 WARN direct approval quorum unavailable tx="[33 150 71 197 49 67 7 101 208 156 22 135 159 206 86 238 137 173 21 0 183 7 95 27 174 200 194 250 203 148 142 117]" error="valid quorum unavailable\nmember HTTP 409: DEFERRED\nmember HTTP 409: DEFERRED"
2026/09/24 19:27:53 WARN direct approval quorum unavailable tx="[12 251 60 98 1 122 12 147 49 14 9 237 47 108 95 6 20 167 181 196 167 142 102 51 152 103 210 255 105 244 200 39]" error="valid quorum unavailable\nmember HTTP 409: DEFERRED\nmember HTTP 409: DEFERRED"
2026/09/24 19:27:55 WARN direct approval quorum unavailable tx="[134 189 60 179 209 62 30 39 120 191 196 5 158 102 85 239 13 5 142 91 199 148 52 32 202 198 0 91 211 244 103 182]" error="valid quorum unavailable\nmember HTTP 409: DEFERRED\nmember HTTP 409: DEFERRED"
2026/09/24 19:27:57 WARN direct approval quorum unavailable tx="[8 228 186 101 247 53 47 128 203 244 3 25 206 96 223 3 174 55 218 93 10 11 20 132 215 34 222 217 18 214 145 239]" error="valid quorum unavailable\nmember HTTP 409: DEFERRED\nmember HTTP 409: DEFERRED\nmember HTTP 409: DEFERRED"
2026/09/24 19:27:57 WARN direct approval quorum unavailable tx="[50 220 235 162 112 226 247 18 211 33 129 16 164 162 25 55 130 161 153 253 41 158 220 172 203 224 156 176 94 43 90 120]" error="valid quorum unavailable\nmember HTTP 409: DEFERRED\nmember HTTP 409: DEFERRED\nmember HTTP 409: DEFERRED"
2026/09/24 19:27:59 WARN direct approval quorum unavailable tx="[133 47 241 149 12 117 38 18 18 0 19 87 130 70 78 187 187 215 199 255 78 155 58 251 177 89 97 80 57 43 185 58]" error="valid quorum unavailable\nmember HTTP 409: DEFERRED\nmember HTTP 409: DEFERRED"
2026/09/24 19:28:01 WARN direct approval quorum unavailable tx="[216 176 132 4 244 229 220 117 250 164 171 178 109 255 22 132 91 131 186 16 30 17 120 221 233 144 0 252 16 32 162 75]" error="valid quorum unavailable\nmember HTTP 409: DEFERRED\nmember HTTP 409: DEFERRED"
2026/09/24 19:28:03 WARN direct approval quorum unavailable tx="[150 159 52 186 188 109 199 133 203 29 250 115 17 68 41 218 253 247 41 36 248 194 42 217 234 130 105 65 50 242 50 113]" error="valid quorum unavailable\nmember HTTP 409: DEFERRED\nmember HTTP 409: DEFERRED"
2026/09/24 19:28:04 WARN direct approval quorum unavailable tx="[92 71 111 226 238 92 220 207 230 210 41 173 108 6 254 163 251 31 198 126 23 44 181 72 100 50 45 244 206 40 50 70]" error="valid quorum unavailable\nmember HTTP 409: DEFERRED\nmember HTTP 409: DEFERRED"
2026/09/24 19:28:11 WARN direct approval quorum unavailable tx="[247 192 3 200 206 251 141 103 243 21 115 242 229 148 218 185 67 169 158 154 173 159 137 103 111 68 13 64 187 40 101 223]" error="valid quorum unavailable\nmember HTTP 409: DEFERRED\nmember HTTP 409: DEFERRED\nmember HTTP 409: DEFERRED"
2026/09/24 19:28:12 WARN direct approval quorum unavailable tx="[226 247 153 152 171 9 147 247 92 36 197 107 11 136 253 169 71 75 181 87 3 224 167 175 65 151 39 73 252 50 171 44]" error="valid quorum unavailable\nmember HTTP 409: DEFERRED\nmember HTTP 409: DEFERRED\nmember HTTP 409: DEFERRED"
2026/09/24 19:28:14 WARN direct approval quorum unavailable tx="[223 49 68 108 156 239 166 51 115 95 114 134 123 109 42 90 225 203 248 148 166 140 122 186 101 204 0 240 120 69 123 157]" error="valid quorum unavailable\nmember HTTP 409: DEFERRED\nmember HTTP 409: DEFERRED"
2026/09/24 19:28:15 WARN direct approval quorum unavailable tx="[152 190 87 223 110 37 81 26 117 178 21 36 140 151 108 10 206 99 152 114 96 165 86 178 199 181 69 114 83 115 125 246]" error="valid quorum unavailable\nmember HTTP 409: DEFERRED\nmember HTTP 409: DEFERRED\nmember HTTP 409: DEFERRED"
