[
  {
    "Name": "org0-member0",
    "Approvals": 12000,
    "Pending": 0,
    "Payments": 0,
    "Closed": 0,
    "CAL": "",
    "FUEL": "",
    "Rewards": "",
    "Burned": ""
  },
  {
    "Name": "org0-member1",
    "Approvals": 12000,
    "Pending": 0,
    "Payments": 0,
    "Closed": 0,
    "CAL": "",
    "FUEL": "",
    "Rewards": "",
    "Burned": ""
  },
  {
    "Name": "org0-member2",
    "Approvals": 12000,
    "Pending": 0,
    "Payments": 0,
    "Closed": 0,
    "CAL": "",
    "FUEL": "",
    "Rewards": "",
    "Burned": ""
  },
  {
    "Name": "org0-member3",
    "Approvals": 12000,
    "Pending": 0,
    "Payments": 0,
    "Closed": 0,
    "CAL": "",
    "FUEL": "",
    "Rewards": "",
    "Burned": ""
  },
  {
    "Name": "gateway0",
    "Approvals": 0,
    "Pending": 0,
    "Payments": 0,
    "Closed": 0,
    "CAL": "",
    "FUEL": "",
    "Rewards": "",
    "Burned": ""
  },
  {
    "Name": "committee0",
    "Approvals": 0,
    "Pending": 0,
    "Payments": 12000,
    "Closed": 12000,
    "CAL": "1000001228800",
    "FUEL": "120000000",
    "Rewards": "1008000",
    "Burned": "120000",
    "StateHash": "e30947fc0b9ada8d1413162ccfe388659da64673acbdf46dbc9da4aedcbbfeee",
    "Gap": "0"
  },
  {
    "Name": "committee1",
    "Approvals": 0,
    "Pending": 0,
    "Payments": 12000,
    "Closed": 12000,
    "CAL": "1000001228800",
    "FUEL": "120000000",
    "Rewards": "1008000",
    "Burned": "120000",
    "StateHash": "e30947fc0b9ada8d1413162ccfe388659da64673acbdf46dbc9da4aedcbbfeee",
    "Gap": "0"
  },
  {
    "Name": "committee2",
    "Approvals": 0,
    "Pending": 0,
    "Payments": 12000,
    "Closed": 12000,
    "CAL": "1000001228800",
    "FUEL": "120000000",
    "Rewards": "1008000",
    "Burned": "120000",
    "StateHash": "e30947fc0b9ada8d1413162ccfe388659da64673acbdf46dbc9da4aedcbbfeee",
    "Gap": "0"
  },
  {
    "Name": "committee3",
    "Approvals": 0,
    "Pending": 0,
    "Payments": 12000,
    "Closed": 12000,
    "CAL": "1000001228800",
    "FUEL": "120000000",
    "Rewards": "1008000",
    "Burned": "120000",
    "StateHash": "e30947fc0b9ada8d1413162ccfe388659da64673acbdf46dbc9da4aedcbbfeee",
    "Gap": "0"
  }
]
Supply and original-debit accounting verified: /Users/richz/lab/man/utxo-fastpay-v12/.run/budget-adaptive-r2-delay/reports/audit.json
