{
  "batch_progress": true,
  "block_observed_p50_ms": 1127.873791,
  "completed_per_second": 74.99603537208807,
  "concurrency": 64,
  "count": 300,
  "dispatch_delivery_wait_p95_ms": 0.422208,
  "dispatch_lag_p50_ms": 0.092959,
  "dispatch_lag_p95_ms": 0.43025,
  "elapsed_s": 4.000211458,
  "failed": 0,
  "fast_completed": 300,
  "fast_p50_ms": 1.070958,
  "fast_p95_ms": 30.530208,
  "final_unfinished": 0,
  "finished_unix_ns": 1790919373485644000,
  "max_pending": 256,
  "member_applied_p50_ms": 1169.607959,
  "member_completed": 300,
  "not_sent": 0,
  "note": "Block observation includes block verification and wallet polling; member applied queries local member status for all four nodes. No committee payment proofs are requested.",
  "pending_limit": 256,
  "progress_batch_facts": 1327,
  "progress_batch_http_errors": 0,
  "progress_batch_http_requests": 122,
  "progress_batch_http_total_ms": 23.966334,
  "progress_batch_queue_total_ms": 5829.80339,
  "progress_errors": 0,
  "progress_http_max_ms": 6.031625,
  "progress_http_mean_ms": 4.610317917106254,
  "progress_metric_note": "progress_requests counts logical fact checks; progress_http durations include batch queue wait. Actual batch HTTP requests/errors are separate.",
  "progress_requests": 1327,
  "progress_requests_per_second": 331.7324631292029,
  "same_org": false,
  "sampled_oldest_unfinished_max_ms": 1499.833,
  "sampled_peak_unfinished": 150,
  "send_limit_hits": 0,
  "send_pacing_wait_p95_ms": 0.000459,
  "send_permit_wait_p95_ms": 0.000083,
  "started_unix_ns": 1790919369485460000,
  "target_send_rate": 100,
  "timing_origin": "wallet_http_submit_v4",
  "total_limit_hits": 0,
  "total_permit_wait_p95_ms": 0.000209,
  "trace": false,
  "unknown": 0,
  "wallet_block_observed": 300,
  "wallet_no_sync": true,
  "wallet_queries": 857,
  "workload": "bounded_fast_receipt_with_independent_observation"
}
