{
  "batch_progress": true,
  "block_observed_p50_ms": 1505.795667,
  "completed_per_second": 96.89738489735686,
  "concurrency": 64,
  "count": 7000,
  "dispatch_delivery_wait_p95_ms": 325.307792,
  "dispatch_lag_p50_ms": 5.243584,
  "dispatch_lag_p95_ms": 895.878959,
  "elapsed_s": 72.241371709,
  "failed": 0,
  "fast_completed": 7000,
  "fast_p50_ms": 55.1015,
  "fast_p95_ms": 154.780042,
  "final_unfinished": 0,
  "finished_unix_ns": 1790951616344608000,
  "max_pending": 256,
  "member_applied_p50_ms": 1585.060375,
  "member_completed": 7000,
  "not_sent": 0,
  "note": "Block observation includes block verification and wallet polling; member applied queries local member status for all four nodes. No committee payment proofs are requested.",
  "pending_limit": 256,
  "progress_batch_facts": 44396,
  "progress_batch_http_errors": 0,
  "progress_batch_http_requests": 3642,
  "progress_batch_http_total_ms": 1759.698515,
  "progress_batch_queue_total_ms": 169177.917319,
  "progress_errors": 0,
  "progress_http_max_ms": 50.945375,
  "progress_http_mean_ms": 4.368287755631138,
  "progress_metric_note": "progress_requests counts logical fact checks; progress_http durations include batch queue wait. Actual batch HTTP requests/errors are separate.",
  "progress_requests": 44396,
  "progress_requests_per_second": 614.5508999861507,
  "same_org": false,
  "sampled_oldest_unfinished_max_ms": 3634.771,
  "sampled_peak_unfinished": 256,
  "send_limit_hits": 935,
  "send_pacing_wait_p95_ms": 588.843417,
  "send_permit_wait_p95_ms": 12.089125,
  "started_unix_ns": 1790951544103219000,
  "target_send_rate": 100,
  "timing_origin": "wallet_http_submit_v4",
  "total_limit_hits": 63,
  "total_permit_wait_p95_ms": 0.000333,
  "trace": false,
  "unknown": 0,
  "wallet_block_observed": 7000,
  "wallet_no_sync": true,
  "wallet_queries": 26385,
  "workload": "bounded_fast_receipt_with_independent_observation"
}
