[
  {
    "Name": "org0-member0",
    "Approvals": 131,
    "Pending": 0,
    "Payments": 0,
    "Closed": 0,
    "CAL": "",
    "FUEL": "",
    "Rewards": "",
    "Burned": ""
  },
  {
    "Name": "org0-member1",
    "Approvals": 229,
    "Pending": 0,
    "Payments": 0,
    "Closed": 0,
    "CAL": "",
    "FUEL": "",
    "Rewards": "",
    "Burned": ""
  },
  {
    "Name": "org0-member2",
    "Approvals": 227,
    "Pending": 0,
    "Payments": 0,
    "Closed": 0,
    "CAL": "",
    "FUEL": "",
    "Rewards": "",
    "Burned": ""
  },
  {
    "Name": "org0-member3",
    "Approvals": 221,
    "Pending": 0,
    "Payments": 0,
    "Closed": 0,
    "CAL": "",
    "FUEL": "",
    "Rewards": "",
    "Burned": ""
  },
  {
    "Name": "gateway0",
    "Approvals": 0,
    "Pending": 0,
    "Payments": 0,
    "Closed": 0,
    "CAL": "",
    "FUEL": "",
    "Rewards": "",
    "Burned": ""
  },
  {
    "Name": "committee0",
    "Approvals": 0,
    "Pending": 0,
    "Payments": 206,
    "Closed": 206,
    "CAL": "1000001203600",
    "FUEL": "2000000000000",
    "Rewards": "17304",
    "Burned": "2060",
    "StateHash": "60564f0288be95a510f0c29fa92e358a65d4c3d356d0594f3594d4b45208d94d",
    "Gap": "0"
  },
  {
    "Name": "committee1",
    "Approvals": 0,
    "Pending": 0,
    "Payments": 206,
    "Closed": 206,
    "CAL": "1000001203600",
    "FUEL": "2000000000000",
    "Rewards": "17304",
    "Burned": "2060",
    "StateHash": "60564f0288be95a510f0c29fa92e358a65d4c3d356d0594f3594d4b45208d94d",
    "Gap": "0"
  },
  {
    "Name": "committee2",
    "Approvals": 0,
    "Pending": 0,
    "Payments": 206,
    "Closed": 206,
    "CAL": "1000001203600",
    "FUEL": "2000000000000",
    "Rewards": "17304",
    "Burned": "2060",
    "StateHash": "60564f0288be95a510f0c29fa92e358a65d4c3d356d0594f3594d4b45208d94d",
    "Gap": "0"
  },
  {
    "Name": "committee3",
    "Approvals": 0,
    "Pending": 0,
    "Payments": 206,
    "Closed": 206,
    "CAL": "1000001203600",
    "FUEL": "2000000000000",
    "Rewards": "17304",
    "Burned": "2060",
    "StateHash": "60564f0288be95a510f0c29fa92e358a65d4c3d356d0594f3594d4b45208d94d",
    "Gap": "0"
  }
]
Supply and original-debit accounting verified: /Users/richz/lab/man/utxo-fastpay-v12/.run/budget-gate-r1-cal-low-parallel/reports/audit.json
