From https://github.com/19231224lhr/Next
 * branch            e8-workload-resource -> FETCH_HEAD
   d4a5edc..bb65af6  e8-workload-resource -> origin/e8-workload-resource
Updating d4a5edc..bb65af6
Fast-forward
 cmd/payctl/e8.go      | 57 +++++++++++++++++++++++++++++++++++++++------------
 cmd/payctl/e8_test.go | 10 +++++++++
 2 files changed, 54 insertions(+), 13 deletions(-)
ok  	utxo/cmd/bench	(cached)
ok  	utxo/cmd/committee	(cached)
ok  	utxo/cmd/gateway	(cached)
ok  	utxo/cmd/internal/config	(cached)
?   	utxo/cmd/member	[no test files]
ok  	utxo/cmd/payctl	1.785s
ok  	utxo/crypto/chameleon	(cached)
?   	utxo/docs/experiments/database-audit-2026-09-20/probe	[no test files]
ok  	utxo/finality	(cached)
ok  	utxo/internal/blockfollow	(cached)
ok  	utxo/internal/budgetprobe	(cached)
ok  	utxo/internal/committee	(cached)
ok  	utxo/internal/gateway	(cached)
ok  	utxo/internal/member	(cached)
ok  	utxo/internal/redaction	(cached)
ok  	utxo/internal/requesttrace	(cached)
ok  	utxo/internal/reservecontrol	(cached)
ok  	utxo/internal/rules	(cached)
?   	utxo/internal/state	[no test files]
ok  	utxo/internal/store	(cached)
?   	utxo/internal/testkit	[no test files]
ok  	utxo/internal/transport	(cached)
ok  	utxo/internal/wallet	(cached)
ok  	utxo/protocol	(cached)
