[
  {
    "Name": "org0-member0",
    "Approvals": 10,
    "Pending": 0,
    "Payments": 0,
    "Closed": 0,
    "CAL": "",
    "FUEL": "",
    "Rewards": "",
    "Burned": ""
  },
  {
    "Name": "org0-member1",
    "Approvals": 10,
    "Pending": 0,
    "Payments": 0,
    "Closed": 0,
    "CAL": "",
    "FUEL": "",
    "Rewards": "",
    "Burned": ""
  },
  {
    "Name": "org0-member2",
    "Approvals": 10,
    "Pending": 0,
    "Payments": 0,
    "Closed": 0,
    "CAL": "",
    "FUEL": "",
    "Rewards": "",
    "Burned": ""
  },
  {
    "Name": "org0-member3",
    "Approvals": 9,
    "Pending": 0,
    "Payments": 0,
    "Closed": 0,
    "CAL": "",
    "FUEL": "",
    "Rewards": "",
    "Burned": ""
  },
  {
    "Name": "gateway0",
    "Approvals": 0,
    "Pending": 0,
    "Payments": 0,
    "Closed": 0,
    "CAL": "",
    "FUEL": "",
    "Rewards": "",
    "Burned": ""
  },
  {
    "Name": "committee0",
    "Approvals": 0,
    "Pending": 0,
    "Payments": 10,
    "Closed": 10,
    "CAL": "2000000000200",
    "FUEL": "2000000000000",
    "Rewards": "840",
    "Burned": "100",
    "StateHash": "23b0917462b60a4db3ae4ad32db0b767ef6c56858df923cf5a07e4f488836a0a",
    "Gap": "0"
  },
  {
    "Name": "committee1",
    "Approvals": 0,
    "Pending": 0,
    "Payments": 10,
    "Closed": 10,
    "CAL": "2000000000200",
    "FUEL": "2000000000000",
    "Rewards": "840",
    "Burned": "100",
    "StateHash": "23b0917462b60a4db3ae4ad32db0b767ef6c56858df923cf5a07e4f488836a0a",
    "Gap": "0"
  },
  {
    "Name": "committee2",
    "Approvals": 0,
    "Pending": 0,
    "Payments": 10,
    "Closed": 10,
    "CAL": "2000000000200",
    "FUEL": "2000000000000",
    "Rewards": "840",
    "Burned": "100",
    "StateHash": "23b0917462b60a4db3ae4ad32db0b767ef6c56858df923cf5a07e4f488836a0a",
    "Gap": "0"
  },
  {
    "Name": "committee3",
    "Approvals": 0,
    "Pending": 0,
    "Payments": 10,
    "Closed": 10,
    "CAL": "2000000000200",
    "FUEL": "2000000000000",
    "Rewards": "840",
    "Burned": "100",
    "StateHash": "23b0917462b60a4db3ae4ad32db0b767ef6c56858df923cf5a07e4f488836a0a",
    "Gap": "0"
  }
]
Supply and original-debit accounting verified: /Users/richz/lab/man/utxo-fastpay-v12/.run/chain-v3-wait_final-10-r3/reports/audit.json
{"checks":"exact chain links, receive-before-build, every input consumed once, final owner/output, no open or repaired obligations","hops":10,"obligations":null,"verified":true}
