{
  "batch_progress": true,
  "block_observed_p50_ms": 1512.38825,
  "completed_per_second": 98.28652560065755,
  "concurrency": 64,
  "count": 7000,
  "dispatch_delivery_wait_p95_ms": 0.206458,
  "dispatch_lag_p50_ms": 0.125417,
  "dispatch_lag_p95_ms": 201.339167,
  "elapsed_s": 71.220342333,
  "failed": 0,
  "fast_completed": 7000,
  "fast_p50_ms": 53.435084,
  "fast_p95_ms": 136.22125,
  "final_unfinished": 0,
  "finished_unix_ns": 1790951533028215000,
  "max_pending": 256,
  "member_applied_p50_ms": 1595.47075,
  "member_completed": 7000,
  "not_sent": 0,
  "note": "Block observation includes block verification and wallet polling; member applied queries local member status for all four nodes. No committee payment proofs are requested.",
  "pending_limit": 256,
  "progress_batch_facts": 45272,
  "progress_batch_http_errors": 0,
  "progress_batch_http_requests": 3420,
  "progress_batch_http_total_ms": 2549.573696,
  "progress_batch_queue_total_ms": 189495.293649,
  "progress_errors": 0,
  "progress_http_max_ms": 81.33075,
  "progress_http_mean_ms": 5.058600258592506,
  "progress_metric_note": "progress_requests counts logical fact checks; progress_http durations include batch queue wait. Actual batch HTTP requests/errors are separate.",
  "progress_requests": 45272,
  "progress_requests_per_second": 635.6610838561384,
  "same_org": false,
  "sampled_oldest_unfinished_max_ms": 2849.852,
  "sampled_peak_unfinished": 256,
  "send_limit_hits": 0,
  "send_pacing_wait_p95_ms": 201.263292,
  "send_permit_wait_p95_ms": 0.000084,
  "started_unix_ns": 1790951461807855000,
  "target_send_rate": 100,
  "timing_origin": "wallet_http_submit_v4",
  "total_limit_hits": 1,
  "total_permit_wait_p95_ms": 0.000292,
  "trace": false,
  "unknown": 0,
  "wallet_block_observed": 7000,
  "wallet_no_sync": true,
  "wallet_queries": 26368,
  "workload": "bounded_fast_receipt_with_independent_observation"
}
