EVENT {"fact":"71ac5cd02394f13a9e2083ed3afc09d0231c587a8b9dd6f3d6dab4c7c10ce491","input":7,"output":"07bf54a898cb4f3806bf8933abb0e15a908cf193398a967a51a71adad1f814b8","sent_unix_ns":1790951477929566000,"stage":"parent_ready","unix_ns":1790951478063562000}
EVENT {"fact":"dcae2c639e3ef30181d0b0d977c638bb592680f48f2c6cc10f3304ded0293017","input":7,"output":"d6eba5d9f462ad19dd31f453e5f6190763686b255ea8eda6c0ee15253b3ab394","sent_unix_ns":1790951478132711000,"stage":"child_ready","unix_ns":1790951478254586000}
EVENT {"input":7,"stage":"child_public_observed","unix_ns":1790951479669916000}
Child finalized; observing withheld-source outcome.
EVENT {"input":7,"obligation":{"AnchorHeight":29,"Output":[7,191,84,168,152,203,79,56,6,191,137,51,171,176,225,90,144,140,241,147,57,138,150,122,81,167,26,218,209,248,20,184],"Issuer":"798ad5bfa2784648dd20522a2ca6c7550ad71b45fc2a2fb8f603e973f3e5a8c6","Config":"ac5930da9caf75f4aa633af09c8a84ee3e034394465965e5231e8008f48916fa","Certificate":[113,172,92,208,35,148,241,58,158,32,131,237,58,252,9,208,35,28,88,122,139,157,214,243,214,218,180,199,193,12,228,145],"Consumer":[220,174,44,99,158,62,243,1,129,208,176,217,119,198,56,187,89,38,128,244,143,44,108,193,15,51,4,222,208,41,48,23],"Transaction":[217,90,16,225,213,128,1,124,173,75,133,228,119,23,117,116,136,199,89,205,245,16,204,40,215,103,31,101,213,154,240,44],"Input":0,"Amount":100,"Deadline":1790951508,"Status":2},"stage":"compensation_observed","unix_ns":1790951511837031000}
EVENT {"input":7,"stage":"late_source_submit_start","unix_ns":1790951511847806000}
EVENT {"input":7,"stage":"source_repaid_observed","unix_ns":1790951513537305000}
EVENT {"input":7,"stage":"materialization_observed","unix_ns":1790951513610840000}
{
  "child_block_observed_ms": 1537.20125,
  "child_fast_ms": 121.873166,
  "child_output": "d6eba5d9f462ad19dd31f453e5f6190763686b255ea8eda6c0ee15253b3ab394",
  "compensation_observed_ms": 33704.311041,
  "late_parent_reserve_recovered": true,
  "parent_fast_ms": 133.993334,
  "parent_output": "07bf54a898cb4f3806bf8933abb0e15a908cf193398a967a51a71adad1f814b8",
  "parent_withheld": true,
  "physical_repair": {
    "DeadlineUnix": 1790951508,
    "DeadlineObservedUnixNS": 1790951513604927000,
    "ProbeRequests": 5,
    "ProbeErrors": 0,
    "ProbeTimeNS": 6058751,
    "MaxProbeNS": 1516625,
    "Nodes": [
      {
        "URL": "http://127.0.0.1:32100",
        "CommittedUnixNS": 1790951513606324000,
        "MaterializedUnixNS": 1790951513606324000,
        "Snapshot": {
          "Committed": true,
          "Materialized": true,
          "IdentityStable": true,
          "BytesChanged": true,
          "CommitHeight": 84,
          "TargetHeight": 28,
          "Revision": 1
        }
      },
      {
        "URL": "http://127.0.0.1:32101",
        "CommittedUnixNS": 1790951513607840000,
        "MaterializedUnixNS": 1790951513607840000,
        "Snapshot": {
          "Committed": true,
          "Materialized": true,
          "IdentityStable": true,
          "BytesChanged": true,
          "CommitHeight": 84,
          "TargetHeight": 28,
          "Revision": 1
        }
      },
      {
        "URL": "http://127.0.0.1:32102",
        "CommittedUnixNS": 1790951513609357000,
        "MaterializedUnixNS": 1790951513609357000,
        "Snapshot": {
          "Committed": true,
          "Materialized": true,
          "IdentityStable": true,
          "BytesChanged": true,
          "CommitHeight": 84,
          "TargetHeight": 28,
          "Revision": 1
        }
      },
      {
        "URL": "http://127.0.0.1:32103",
        "CommittedUnixNS": 1790951513610839000,
        "MaterializedUnixNS": 1790951513610839000,
        "Snapshot": {
          "Committed": true,
          "Materialized": true,
          "IdentityStable": true,
          "BytesChanged": true,
          "CommitHeight": 84,
          "TargetHeight": 28,
          "Revision": 1
        }
      }
    ]
  },
  "physical_repair_observed_ms": 35478.11975,
  "timing_origin": "wallet_http_submit_v4"
}
