[
  {
    "Name": "org0-member0",
    "Approvals": 11962,
    "Pending": 0,
    "Payments": 0,
    "Closed": 0,
    "CAL": "",
    "FUEL": "",
    "Rewards": "",
    "Burned": ""
  },
  {
    "Name": "org0-member1",
    "Approvals": 11977,
    "Pending": 0,
    "Payments": 0,
    "Closed": 0,
    "CAL": "",
    "FUEL": "",
    "Rewards": "",
    "Burned": ""
  },
  {
    "Name": "org0-member2",
    "Approvals": 11967,
    "Pending": 0,
    "Payments": 0,
    "Closed": 0,
    "CAL": "",
    "FUEL": "",
    "Rewards": "",
    "Burned": ""
  },
  {
    "Name": "org0-member3",
    "Approvals": 11946,
    "Pending": 0,
    "Payments": 0,
    "Closed": 0,
    "CAL": "",
    "FUEL": "",
    "Rewards": "",
    "Burned": ""
  },
  {
    "Name": "gateway0",
    "Approvals": 0,
    "Pending": 0,
    "Payments": 0,
    "Closed": 0,
    "CAL": "",
    "FUEL": "",
    "Rewards": "",
    "Burned": ""
  },
  {
    "Name": "committee0",
    "Approvals": 0,
    "Pending": 0,
    "Payments": 12000,
    "Closed": 12000,
    "CAL": "1000001207200",
    "FUEL": "2000000000000",
    "Rewards": "1008000",
    "Burned": "120000",
    "StateHash": "591b937a53ae61546f4d73f10a9b2a832ceda3db634e3a2ad92892d4a2d34ea4",
    "Gap": "0"
  },
  {
    "Name": "committee1",
    "Approvals": 0,
    "Pending": 0,
    "Payments": 12000,
    "Closed": 12000,
    "CAL": "1000001207200",
    "FUEL": "2000000000000",
    "Rewards": "1008000",
    "Burned": "120000",
    "StateHash": "591b937a53ae61546f4d73f10a9b2a832ceda3db634e3a2ad92892d4a2d34ea4",
    "Gap": "0"
  },
  {
    "Name": "committee2",
    "Approvals": 0,
    "Pending": 0,
    "Payments": 12000,
    "Closed": 12000,
    "CAL": "1000001207200",
    "FUEL": "2000000000000",
    "Rewards": "1008000",
    "Burned": "120000",
    "StateHash": "591b937a53ae61546f4d73f10a9b2a832ceda3db634e3a2ad92892d4a2d34ea4",
    "Gap": "0"
  },
  {
    "Name": "committee3",
    "Approvals": 0,
    "Pending": 0,
    "Payments": 12000,
    "Closed": 12000,
    "CAL": "1000001207200",
    "FUEL": "2000000000000",
    "Rewards": "1008000",
    "Burned": "120000",
    "StateHash": "591b937a53ae61546f4d73f10a9b2a832ceda3db634e3a2ad92892d4a2d34ea4",
    "Gap": "0"
  }
]
Supply and original-debit accounting verified: /Users/richz/lab/man/utxo-fastpay-v12/.run/budget-gate-r1-cal-medium-parallel/reports/audit.json
