[
  {
    "Name": "org0-member0",
    "Approvals": 10,
    "Pending": 0,
    "Payments": 0,
    "Closed": 0,
    "CAL": "",
    "FUEL": "",
    "Rewards": "",
    "Burned": ""
  },
  {
    "Name": "org0-member1",
    "Approvals": 10,
    "Pending": 0,
    "Payments": 0,
    "Closed": 0,
    "CAL": "",
    "FUEL": "",
    "Rewards": "",
    "Burned": ""
  },
  {
    "Name": "org0-member2",
    "Approvals": 10,
    "Pending": 0,
    "Payments": 0,
    "Closed": 0,
    "CAL": "",
    "FUEL": "",
    "Rewards": "",
    "Burned": ""
  },
  {
    "Name": "org0-member3",
    "Approvals": 10,
    "Pending": 0,
    "Payments": 0,
    "Closed": 0,
    "CAL": "",
    "FUEL": "",
    "Rewards": "",
    "Burned": ""
  },
  {
    "Name": "gateway0",
    "Approvals": 0,
    "Pending": 0,
    "Payments": 0,
    "Closed": 0,
    "CAL": "",
    "FUEL": "",
    "Rewards": "",
    "Burned": ""
  },
  {
    "Name": "committee0",
    "Approvals": 0,
    "Pending": 0,
    "Payments": 10,
    "Closed": 10,
    "CAL": "2000000000200",
    "FUEL": "2000000000000",
    "Rewards": "840",
    "Burned": "100",
    "StateHash": "573a555484b07f638912e652d0bf9b7ff51e6bb58b1d9812d3948668d052e229",
    "Gap": "0"
  },
  {
    "Name": "committee1",
    "Approvals": 0,
    "Pending": 0,
    "Payments": 10,
    "Closed": 10,
    "CAL": "2000000000200",
    "FUEL": "2000000000000",
    "Rewards": "840",
    "Burned": "100",
    "StateHash": "573a555484b07f638912e652d0bf9b7ff51e6bb58b1d9812d3948668d052e229",
    "Gap": "0"
  },
  {
    "Name": "committee2",
    "Approvals": 0,
    "Pending": 0,
    "Payments": 10,
    "Closed": 10,
    "CAL": "2000000000200",
    "FUEL": "2000000000000",
    "Rewards": "840",
    "Burned": "100",
    "StateHash": "573a555484b07f638912e652d0bf9b7ff51e6bb58b1d9812d3948668d052e229",
    "Gap": "0"
  },
  {
    "Name": "committee3",
    "Approvals": 0,
    "Pending": 0,
    "Payments": 10,
    "Closed": 10,
    "CAL": "2000000000200",
    "FUEL": "2000000000000",
    "Rewards": "840",
    "Burned": "100",
    "StateHash": "573a555484b07f638912e652d0bf9b7ff51e6bb58b1d9812d3948668d052e229",
    "Gap": "0"
  }
]
Supply and original-debit accounting verified: /Users/richz/lab/man/utxo-fastpay-v12/.run/chain-v3-fast-10-r2/reports/audit.json
{"checks":"exact chain links, receive-before-build, every input consumed once, final owner/output, no open or repaired obligations","hops":10,"obligations":[{"AnchorHeight":4,"Output":[96,33,191,172,112,167,113,35,103,194,76,69,108,217,167,241,250,30,156,96,237,117,215,150,114,16,241,86,246,236,164,205],"Issuer":"10744798af03766088226050cfbbc18adc0f49521644727ae686d721f13d8d80","Config":"a788bd1567ab44b7ac215a149dab2c719b459ac30c3c2ae828311cd9683c8099","Certificate":[95,71,0,74,237,60,58,12,81,47,217,210,94,149,89,90,147,233,253,30,217,58,19,156,113,208,5,202,57,47,228,127],"Consumer":[184,249,205,181,147,201,202,194,124,21,65,137,159,164,242,12,191,89,247,234,232,229,249,17,198,140,2,7,78,200,55,124],"Transaction":[243,250,198,113,98,226,90,169,191,240,45,22,156,166,41,27,25,157,245,192,134,131,118,75,154,32,242,136,70,100,95,210],"Input":0,"Amount":100,"Deadline":0,"Status":1},{"AnchorHeight":3,"Output":[181,29,145,153,242,42,209,198,7,62,23,178,169,190,238,83,40,41,79,129,31,196,198,100,162,96,235,18,123,202,241,255],"Issuer":"10744798af03766088226050cfbbc18adc0f49521644727ae686d721f13d8d80","Config":"a788bd1567ab44b7ac215a149dab2c719b459ac30c3c2ae828311cd9683c8099","Certificate":[130,145,11,238,74,208,91,162,194,138,47,178,13,42,33,190,23,231,124,47,58,185,218,206,154,197,20,38,79,208,205,221],"Consumer":[244,220,67,2,188,192,21,66,134,16,61,130,105,180,114,53,111,127,195,111,188,78,201,188,25,242,108,221,132,192,208,75],"Transaction":[92,94,230,55,59,59,58,87,157,162,19,59,201,253,199,23,91,226,98,162,74,165,17,180,63,160,155,70,164,22,57,37],"Input":0,"Amount":100,"Deadline":1790087177,"Status":1},{"AnchorHeight":4,"Output":[233,36,14,189,116,106,62,105,137,38,102,130,146,188,231,110,126,219,127,58,86,184,239,21,33,6,214,203,171,140,26,197],"Issuer":"10744798af03766088226050cfbbc18adc0f49521644727ae686d721f13d8d80","Config":"a788bd1567ab44b7ac215a149dab2c719b459ac30c3c2ae828311cd9683c8099","Certificate":[19,138,187,211,93,253,119,99,151,230,205,9,16,78,251,244,74,218,26,79,181,224,169,23,33,198,203,173,166,32,91,233],"Consumer":[4,66,27,137,57,174,100,127,44,18,225,145,176,84,20,10,166,238,93,48,12,164,124,114,70,178,182,31,3,200,65,222],"Transaction":[216,216,167,241,65,183,170,76,213,169,101,87,126,189,162,181,158,221,14,49,50,181,240,95,251,118,49,168,47,115,115,172],"Input":0,"Amount":100,"Deadline":0,"Status":1}],"verified":true}
