{
  "batch_progress": true,
  "block_observed_p50_ms": 1076.293167,
  "completed_per_second": 73.68861891562285,
  "concurrency": 64,
  "count": 300,
  "dispatch_delivery_wait_p95_ms": 0.229542,
  "dispatch_lag_p50_ms": 0.095,
  "dispatch_lag_p95_ms": 0.24425,
  "elapsed_s": 4.071185,
  "failed": 0,
  "fast_completed": 300,
  "fast_p50_ms": 1.179625,
  "fast_p95_ms": 47.208541,
  "final_unfinished": 0,
  "finished_unix_ns": 1790918966924268000,
  "max_pending": 256,
  "member_applied_p50_ms": 1120.173917,
  "member_completed": 300,
  "not_sent": 0,
  "note": "Block observation includes block verification and wallet polling; member applied queries local member status for all four nodes. No committee payment proofs are requested.",
  "pending_limit": 256,
  "progress_batch_facts": 1371,
  "progress_batch_http_errors": 0,
  "progress_batch_http_requests": 140,
  "progress_batch_http_total_ms": 28.518713,
  "progress_batch_queue_total_ms": 5820.085649,
  "progress_errors": 0,
  "progress_http_max_ms": 6.126209,
  "progress_http_mean_ms": 4.469183735959156,
  "progress_metric_note": "progress_requests counts logical fact checks; progress_http durations include batch queue wait. Actual batch HTTP requests/errors are separate.",
  "progress_requests": 1371,
  "progress_requests_per_second": 336.7569884443964,
  "same_org": false,
  "sampled_oldest_unfinished_max_ms": 1439.81,
  "sampled_peak_unfinished": 132,
  "send_limit_hits": 0,
  "send_pacing_wait_p95_ms": 0.000459,
  "send_permit_wait_p95_ms": 0.000083,
  "started_unix_ns": 1790918962853111000,
  "target_send_rate": 100,
  "timing_origin": "wallet_http_submit_v4",
  "total_limit_hits": 0,
  "total_permit_wait_p95_ms": 0.000209,
  "trace": false,
  "unknown": 0,
  "wallet_block_observed": 300,
  "wallet_no_sync": true,
  "wallet_queries": 965,
  "workload": "bounded_fast_receipt_with_independent_observation"
}
