{
  "batch_progress": true,
  "block_observed_p50_ms": 1411.59625,
  "completed_per_second": 98.75809270665299,
  "concurrency": 64,
  "count": 7000,
  "dispatch_delivery_wait_p95_ms": 0.1755,
  "dispatch_lag_p50_ms": 0.039875,
  "dispatch_lag_p95_ms": 0.185833,
  "elapsed_s": 70.880267208,
  "failed": 0,
  "fast_completed": 7000,
  "fast_p50_ms": 52.705667,
  "fast_p95_ms": 126.354958,
  "final_unfinished": 0,
  "finished_unix_ns": 1790952109240394000,
  "max_pending": 256,
  "member_applied_p50_ms": 1490.166375,
  "member_completed": 7000,
  "not_sent": 0,
  "note": "Block observation includes block verification and wallet polling; member applied queries local member status for all four nodes. No committee payment proofs are requested.",
  "pending_limit": 256,
  "progress_batch_facts": 43597,
  "progress_batch_http_errors": 0,
  "progress_batch_http_requests": 3537,
  "progress_batch_http_total_ms": 1849.080187,
  "progress_batch_queue_total_ms": 169115.924861,
  "progress_errors": 0,
  "progress_http_max_ms": 74.269209,
  "progress_http_mean_ms": 4.44957614659266,
  "progress_metric_note": "progress_requests counts logical fact checks; progress_http durations include batch queue wait. Actual batch HTTP requests/errors are separate.",
  "progress_requests": 43597,
  "progress_requests_per_second": 615.0795096759929,
  "same_org": false,
  "sampled_oldest_unfinished_max_ms": 2576.103,
  "sampled_peak_unfinished": 247,
  "send_limit_hits": 0,
  "send_pacing_wait_p95_ms": 0.0005,
  "send_permit_wait_p95_ms": 0.000125,
  "started_unix_ns": 1790952038366361000,
  "target_send_rate": 100,
  "timing_origin": "wallet_http_submit_v4",
  "total_limit_hits": 0,
  "total_permit_wait_p95_ms": 0.000333,
  "trace": false,
  "unknown": 0,
  "wallet_block_observed": 7000,
  "wallet_no_sync": true,
  "wallet_queries": 25954,
  "workload": "bounded_fast_receipt_with_independent_observation"
}
