=== RUN   TestStableHashIdentity
    block_identity_test.go:106: === RUN   TestStableHashIdentityCases
        === RUN   TestStableHashIdentityCases/commit_fetch
        I[2026-10-04|13:37:44.778] service start                                module=events msg="Starting EventBus service" impl=EventBus
        I[2026-10-04|13:37:44.796] service start                                module=pubsub msg="Starting PubSub service" impl=PubSub
        D[2026-10-04|13:37:44.798] entering commit step                         module=consensus height=1 commit_round=0 current=1/0/RoundStepNewHeight
        I[2026-10-04|13:37:44.798] commit is for a block we do not know about; set ProposalBlock=nil module=consensus height=1 commit_round=0 proposal=57ECEF7CDBB43E9326CD575D6C5CF13FEAB90B14FCD87B4DD719FEC7FA705D12 commit=57ECEF7CDBB43E9326CD575D6C5CF13FEAB90B14FCD87B4DD719FEC7FA705D12
        D[2026-10-04|13:37:44.798] failed attempt to finalize commit; we do not have the commit block module=consensus height=1 proposal_block= commit_block=57ECEF7CDBB43E9326CD575D6C5CF13FEAB90B14FCD87B4DD719FEC7FA705D12
        I[2026-10-04|13:37:44.798] received complete proposal block             module=consensus height=1 hash=57ECEF7CDBB43E9326CD575D6C5CF13FEAB90B14FCD87B4DD719FEC7FA705D12
        I[2026-10-04|13:37:44.798] finalizing commit of block                   module=consensus height=1 hash=57ECEF7CDBB43E9326CD575D6C5CF13FEAB90B14FCD87B4DD719FEC7FA705D12 root= num_txs=1
        D[2026-10-04|13:37:44.798] committed block                              module=consensus height=1 block="Block{\n  Header{\n    Version:        {11 0}\n    ChainID:        test-chain\n    Height:         1\n    Time:           2026-10-04 05:37:44.7751186 +0000 UTC\n    LastBlockID:    :0:000000000000\n    LastCommit:     E3B0C44298FC1C149AFBF4C8996FB92427AE41E4649B934CA495991B7852B855\n    Data:           29A1413B135E56E6A1C0E3FA047B79B273241300FE4365ECA509E4C65BDD82EA\n    Validators:     60EC97A0FDD7293CC801BE57E3F2F19BB54551BDA8344DCFBCAEBC62AB9AC80C\n    NextValidators: 60EC97A0FDD7293CC801BE57E3F2F19BB54551BDA8344DCFBCAEBC62AB9AC80C\n    App:            \n    Consensus:      048091BC7DDC283F77BFBF91D73C44DA58C3DF8A9CBC867405D8B7F3DAADA22F\n    Results:        \n    Evidence:       E3B0C44298FC1C149AFBF4C8996FB92427AE41E4649B934CA495991B7852B855\n    Proposer:       3607D85F25922AAD2149A86D58583E172573C970\n  }#57ECEF7CDBB43E9326CD575D6C5CF13FEAB90B14FCD87B4DD719FEC7FA705D12\n  Data{\n    1DE3919779A4C5F5BC3CED49B079D1D5A6E80B0344E12B97228D5A7E0E1FAB74 (25 bytes)\n  }#29A1413B135E56E6A1C0E3FA047B79B273241300FE4365ECA509E4C65BDD82EA\n  EvidenceData{\n    \n  }#E3B0C44298FC1C149AFBF4C8996FB92427AE41E4649B934CA495991B7852B855\n  Commit{\n    Height:     0\n    Round:      0\n    BlockID:    :0:000000000000\n    Signatures:\n      \n  }#E3B0C44298FC1C149AFBF4C8996FB92427AE41E4649B934CA495991B7852B855\n}#57ECEF7CDBB43E9326CD575D6C5CF13FEAB90B14FCD87B4DD719FEC7FA705D12"
        I[2026-10-04|13:37:44.798] finalized block                              height=1 num_txs_res=1 num_val_updates=0 block_app_hash=0200000000000000
        I[2026-10-04|13:37:44.798] executed block                               height=1 app_hash=0200000000000000
        I[2026-10-04|13:37:44.798] committed state                              height=1 block_app_hash=
        D[2026-10-04|13:37:44.798] adding vote                                  module=consensus vote_height=1 vote_type=SIGNED_MSG_TYPE_PRECOMMIT val_index=1 cs_height=2 extLen=9 extSigLen=64
        D[2026-10-04|13:37:44.798] adding vote                                  module=consensus vote_height=1 vote_type=SIGNED_MSG_TYPE_PRECOMMIT val_index=2 cs_height=2 extLen=9 extSigLen=64
        D[2026-10-04|13:37:44.798] adding vote                                  module=consensus vote_height=1 vote_type=SIGNED_MSG_TYPE_PRECOMMIT val_index=3 cs_height=2 extLen=9 extSigLen=64
        I[2026-10-04|13:37:44.798] service stop                                 module=events msg="Stopping EventBus service" impl=EventBus
        I[2026-10-04|13:37:44.798] service stop                                 module=pubsub msg="Stopping PubSub service" impl=PubSub
        === RUN   TestStableHashIdentityCases/finalize_waits
        I[2026-10-04|13:37:44.801] service start                                module=events msg="Starting EventBus service" impl=EventBus
        I[2026-10-04|13:37:44.801] service start                                module=pubsub msg="Starting PubSub service" impl=PubSub
        D[2026-10-04|13:37:44.803] failed attempt to finalize commit; we do not have the commit block module=consensus height=1 proposal_block=84823CC76D606122700AB663C49C6A7254DBEC62741B299E7BA4A8BCAA115A8D commit_block=84823CC76D606122700AB663C49C6A7254DBEC62741B299E7BA4A8BCAA115A8D
        I[2026-10-04|13:37:44.804] service stop                                 module=events msg="Stopping EventBus service" impl=EventBus
        I[2026-10-04|13:37:44.804] service stop                                 module=pubsub msg="Stopping PubSub service" impl=PubSub
        === RUN   TestStableHashIdentityCases/precommit
        I[2026-10-04|13:37:44.808] service start                                module=events msg="Starting EventBus service" impl=EventBus
        I[2026-10-04|13:37:44.808] service start                                module=pubsub msg="Starting PubSub service" impl=PubSub
        D[2026-10-04|13:37:44.809] entering precommit step                      module=consensus height=1 round=0 current=1/0/RoundStepNewHeight
        D[2026-10-04|13:37:44.809] precommit step; +2/3 prevotes for a block we do not have; voting nil module=consensus height=1 round=0 block_id=C6D9955F2878B15D2F77FB9CA867E011106B54D928117503CE43F1F4034BA9B3:1:4E79861FA4DB
        D[2026-10-04|13:37:44.809] signed and pushed vote                       module=consensus height=1 round=0 vote="Vote{0:3D031112C94F 1/00/SIGNED_MSG_TYPE_PRECOMMIT(Precommit) 000000000000 7FAE226F76E4 000000000000 @ 2026-10-04T05:37:44.8096253Z}"
        I[2026-10-04|13:37:44.812] service start                                module=events msg="Starting EventBus service" impl=EventBus
        I[2026-10-04|13:37:44.813] service start                                module=pubsub msg="Starting PubSub service" impl=PubSub
        D[2026-10-04|13:37:44.813] entering precommit step                      module=consensus height=1 round=0 current=1/0/RoundStepNewHeight
        D[2026-10-04|13:37:44.813] precommit step; +2/3 prevotes for a block we do not have; voting nil module=consensus height=1 round=0 block_id=31053D2603AAB6157F348BCA057FD305763073EE33F24D76327F9E33C902C372:1:3ED2D59F4575
        D[2026-10-04|13:37:44.813] signed and pushed vote                       module=consensus height=1 round=0 vote="Vote{0:9F32D781803D 1/00/SIGNED_MSG_TYPE_PRECOMMIT(Precommit) 000000000000 32C6EEE46709 000000000000 @ 2026-10-04T05:37:44.8139122Z}"
        I[2026-10-04|13:37:44.813] service stop                                 module=events msg="Stopping EventBus service" impl=EventBus
        I[2026-10-04|13:37:44.813] service stop                                 module=pubsub msg="Stopping PubSub service" impl=PubSub
        I[2026-10-04|13:37:44.813] service stop                                 module=events msg="Stopping EventBus service" impl=EventBus
        I[2026-10-04|13:37:44.813] service stop                                 module=pubsub msg="Stopping PubSub service" impl=PubSub
        === RUN   TestStableHashIdentityCases/valid_block
        I[2026-10-04|13:37:44.817] service start                                module=events msg="Starting EventBus service" impl=EventBus
        I[2026-10-04|13:37:44.817] service start                                module=pubsub msg="Starting PubSub service" impl=PubSub
        I[2026-10-04|13:37:44.818] service stop                                 module=events msg="Stopping EventBus service" impl=EventBus
        I[2026-10-04|13:37:44.818] service stop                                 module=pubsub msg="Stopping PubSub service" impl=PubSub
        === RUN   TestStableHashIdentityCases/pol_rounds
        I[2026-10-04|13:37:44.821] service start                                module=events msg="Starting EventBus service" impl=EventBus
        I[2026-10-04|13:37:44.821] service start                                module=pubsub msg="Starting PubSub service" impl=PubSub
        D[2026-10-04|13:37:44.822] adding vote                                  module=consensus vote_height=1 vote_type=SIGNED_MSG_TYPE_PREVOTE val_index=1 cs_height=1 extLen=0 extSigLen=0
        D[2026-10-04|13:37:44.822] added vote to prevote                        module=consensus vote="Vote{1:83C8009AAF81 1/00/SIGNED_MSG_TYPE_PREVOTE(Prevote) 6F8585CC38B0 4CA042A71CC0 000000000000 @ 2026-10-04T05:37:44.822472Z}" prevotes="VoteSet{H:1 R:0 T:SIGNED_MSG_TYPE_PREVOTE +2/3:<nil>(0.25) BA{4:_x__} map[]}"
        D[2026-10-04|13:37:44.822] adding vote                                  module=consensus vote_height=1 vote_type=SIGNED_MSG_TYPE_PREVOTE val_index=2 cs_height=1 extLen=0 extSigLen=0
        D[2026-10-04|13:37:44.822] added vote to prevote                        module=consensus vote="Vote{2:B84DA6C614CA 1/00/SIGNED_MSG_TYPE_PREVOTE(Prevote) 6F8585CC38B0 3074D97B5B6A 000000000000 @ 2026-10-04T05:37:44.822472Z}" prevotes="VoteSet{H:1 R:0 T:SIGNED_MSG_TYPE_PREVOTE +2/3:<nil>(0.5) BA{4:_xx_} map[]}"
        D[2026-10-04|13:37:44.822] adding vote                                  module=consensus vote_height=1 vote_type=SIGNED_MSG_TYPE_PREVOTE val_index=3 cs_height=1 extLen=0 extSigLen=0
        D[2026-10-04|13:37:44.822] added vote to prevote                        module=consensus vote="Vote{3:D170E0BFF83E 1/00/SIGNED_MSG_TYPE_PREVOTE(Prevote) 6F8585CC38B0 BC007FFB0196 000000000000 @ 2026-10-04T05:37:44.822472Z}" prevotes="VoteSet{H:1 R:0 T:SIGNED_MSG_TYPE_PREVOTE +2/3:6F8585CC38B0508710C113BE6F9B3DEE07E10916A5A49B053DC5DC85ADA3B9F6:1:EC01100F9BD0(0.75) BA{4:_xxx} map[]}"
        I[2026-10-04|13:37:44.825] service start                                module=events msg="Starting EventBus service" impl=EventBus
        I[2026-10-04|13:37:44.825] service start                                module=pubsub msg="Starting PubSub service" impl=PubSub
        D[2026-10-04|13:37:44.825] adding vote                                  module=consensus vote_height=1 vote_type=SIGNED_MSG_TYPE_PREVOTE val_index=1 cs_height=1 extLen=0 extSigLen=0
        D[2026-10-04|13:37:44.825] added vote to prevote                        module=consensus vote="Vote{1:6CEAF08E0405 1/01/SIGNED_MSG_TYPE_PREVOTE(Prevote) 2E78DF01ACA3 35F27EE23B20 000000000000 @ 2026-10-04T05:37:44.8256337Z}" prevotes="VoteSet{H:1 R:1 T:SIGNED_MSG_TYPE_PREVOTE +2/3:<nil>(0.25) BA{4:_x__} map[]}"
        D[2026-10-04|13:37:44.825] adding vote                                  module=consensus vote_height=1 vote_type=SIGNED_MSG_TYPE_PREVOTE val_index=2 cs_height=1 extLen=0 extSigLen=0
        D[2026-10-04|13:37:44.825] added vote to prevote                        module=consensus vote="Vote{2:6E437B2395F0 1/01/SIGNED_MSG_TYPE_PREVOTE(Prevote) 2E78DF01ACA3 4EE844EFAC17 000000000000 @ 2026-10-04T05:37:44.8256337Z}" prevotes="VoteSet{H:1 R:1 T:SIGNED_MSG_TYPE_PREVOTE +2/3:<nil>(0.5) BA{4:_xx_} map[]}"
        D[2026-10-04|13:37:44.825] adding vote                                  module=consensus vote_height=1 vote_type=SIGNED_MSG_TYPE_PREVOTE val_index=3 cs_height=1 extLen=0 extSigLen=0
        D[2026-10-04|13:37:44.825] added vote to prevote                        module=consensus vote="Vote{3:D39142FF74D7 1/01/SIGNED_MSG_TYPE_PREVOTE(Prevote) 2E78DF01ACA3 ABA299C2D4DE 000000000000 @ 2026-10-04T05:37:44.8256337Z}" prevotes="VoteSet{H:1 R:1 T:SIGNED_MSG_TYPE_PREVOTE +2/3:2E78DF01ACA32BCCF510E4CF7F3A4C0190C9DEE69B5AD655DC37E92513441710:1:6D699AABED13(0.75) BA{4:_xxx} map[]}"
        I[2026-10-04|13:37:44.828] service start                                module=events msg="Starting EventBus service" impl=EventBus
        I[2026-10-04|13:37:44.828] service start                                module=pubsub msg="Starting PubSub service" impl=PubSub
        D[2026-10-04|13:37:44.828] adding vote                                  module=consensus vote_height=1 vote_type=SIGNED_MSG_TYPE_PREVOTE val_index=1 cs_height=1 extLen=0 extSigLen=0
        D[2026-10-04|13:37:44.828] added vote to prevote                        module=consensus vote="Vote{1:62839248AE8A 1/02/SIGNED_MSG_TYPE_PREVOTE(Prevote) BD1C85D324AD 2677330C438A 000000000000 @ 2026-10-04T05:37:44.8288127Z}" prevotes="VoteSet{H:1 R:2 T:SIGNED_MSG_TYPE_PREVOTE +2/3:<nil>(0.25) BA{4:_x__} map[]}"
        D[2026-10-04|13:37:44.828] adding vote                                  module=consensus vote_height=1 vote_type=SIGNED_MSG_TYPE_PREVOTE val_index=2 cs_height=1 extLen=0 extSigLen=0
        D[2026-10-04|13:37:44.828] added vote to prevote                        module=consensus vote="Vote{2:67F06DC18C17 1/02/SIGNED_MSG_TYPE_PREVOTE(Prevote) BD1C85D324AD 0CA43E5920F3 000000000000 @ 2026-10-04T05:37:44.8288127Z}" prevotes="VoteSet{H:1 R:2 T:SIGNED_MSG_TYPE_PREVOTE +2/3:<nil>(0.5) BA{4:_xx_} map[]}"
        D[2026-10-04|13:37:44.828] adding vote                                  module=consensus vote_height=1 vote_type=SIGNED_MSG_TYPE_PREVOTE val_index=3 cs_height=1 extLen=0 extSigLen=0
        D[2026-10-04|13:37:44.828] added vote to prevote                        module=consensus vote="Vote{3:C0DBBD2F7BB5 1/02/SIGNED_MSG_TYPE_PREVOTE(Prevote) BD1C85D324AD 64EBD4B1F8DD 000000000000 @ 2026-10-04T05:37:44.8288127Z}" prevotes="VoteSet{H:1 R:2 T:SIGNED_MSG_TYPE_PREVOTE +2/3:BD1C85D324AD71140A0293A25689892C899AE74D4799D9E5CB8E97832BEE0D89:1:7B09BD13AC14(0.75) BA{4:_xxx} map[]}"
        D[2026-10-04|13:37:44.828] unlocking because of POL                     module=consensus locked_round=1 pol_round=2
        D[2026-10-04|13:37:44.828] valid block we do not know about; set ProposalBlock=nil module=consensus proposal=BD1C85D324AD71140A0293A25689892C899AE74D4799D9E5CB8E97832BEE0D89 block_id=BD1C85D324AD71140A0293A25689892C899AE74D4799D9E5CB8E97832BEE0D89
        D[2026-10-04|13:37:44.828] entering prevote wait step with invalid args module=consensus height=1 round=2 current=1/2/RoundStepPrecommit
        I[2026-10-04|13:37:44.828] service stop                                 module=events msg="Stopping EventBus service" impl=EventBus
        I[2026-10-04|13:37:44.828] service stop                                 module=pubsub msg="Stopping PubSub service" impl=PubSub
        I[2026-10-04|13:37:44.828] service stop                                 module=events msg="Stopping EventBus service" impl=EventBus
        I[2026-10-04|13:37:44.828] service stop                                 module=pubsub msg="Stopping PubSub service" impl=PubSub
        I[2026-10-04|13:37:44.828] service stop                                 module=events msg="Stopping EventBus service" impl=EventBus
        I[2026-10-04|13:37:44.828] service stop                                 module=pubsub msg="Stopping PubSub service" impl=PubSub
        === RUN   TestStableHashIdentityCases/exact_precommit
        I[2026-10-04|13:37:44.832] service start                                module=events msg="Starting EventBus service" impl=EventBus
        I[2026-10-04|13:37:44.832] service start                                module=pubsub msg="Starting PubSub service" impl=PubSub
        D[2026-10-04|13:37:44.832] entering precommit step                      module=consensus height=1 round=0 current=1/0/RoundStepNewHeight
        D[2026-10-04|13:37:44.832] precommit step; +2/3 prevoted proposal block; locking module=consensus height=1 round=0 hash=2C387C6A82173DE0F8B2E543D9CBA4C11F2EBD637E8285E12462283AF2756568
        D[2026-10-04|13:37:44.832] signed and pushed vote                       module=consensus height=1 round=0 vote="Vote{0:23FE7F1928BB 1/00/SIGNED_MSG_TYPE_PRECOMMIT(Precommit) 2C387C6A8217 57DD516A67A0 000000000000 @ 2026-10-04T05:37:44.8325884Z}"
        I[2026-10-04|13:37:44.832] service stop                                 module=events msg="Stopping EventBus service" impl=EventBus
        I[2026-10-04|13:37:44.832] service stop                                 module=pubsub msg="Stopping PubSub service" impl=PubSub
        === RUN   TestStableHashIdentityCases/proposal_binding
        I[2026-10-04|13:37:44.835] service start                                module=events msg="Starting EventBus service" impl=EventBus
        I[2026-10-04|13:37:44.835] service start                                module=pubsub msg="Starting PubSub service" impl=PubSub
        D[2026-10-04|13:37:44.835] prevote step: matching proposal block is unavailable module=consensus height=1 round=0
        D[2026-10-04|13:37:44.835] signed and pushed vote                       module=consensus height=1 round=0 vote="Vote{0:8D025CECE002 1/00/SIGNED_MSG_TYPE_PREVOTE(Prevote) 000000000000 BA3A460E7A66 000000000000 @ 2026-10-04T05:37:44.8351852Z}"
        I[2026-10-04|13:37:44.835] service stop                                 module=events msg="Stopping EventBus service" impl=EventBus
        I[2026-10-04|13:37:44.835] service stop                                 module=pubsub msg="Stopping PubSub service" impl=PubSub
        === RUN   TestStableHashIdentityCases/qc_without_matching_proposal
        I[2026-10-04|13:37:44.837] service start                                module=events msg="Starting EventBus service" impl=EventBus
        I[2026-10-04|13:37:44.837] service start                                module=pubsub msg="Starting PubSub service" impl=PubSub
        D[2026-10-04|13:37:44.838] adding vote                                  module=consensus vote_height=1 vote_type=SIGNED_MSG_TYPE_PREVOTE val_index=1 cs_height=1 extLen=0 extSigLen=0
        D[2026-10-04|13:37:44.839] added vote to prevote                        module=consensus vote="Vote{1:CF7D628B68DC 1/00/SIGNED_MSG_TYPE_PREVOTE(Prevote) 07D1BB4662F5 2DACFF8C8D82 000000000000 @ 2026-10-04T05:37:44.8385623Z}" prevotes="VoteSet{H:1 R:0 T:SIGNED_MSG_TYPE_PREVOTE +2/3:<nil>(0.25) BA{4:_x__} map[]}"
        D[2026-10-04|13:37:44.839] adding vote                                  module=consensus vote_height=1 vote_type=SIGNED_MSG_TYPE_PREVOTE val_index=2 cs_height=1 extLen=0 extSigLen=0
        D[2026-10-04|13:37:44.839] added vote to prevote                        module=consensus vote="Vote{2:DADFAA975B85 1/00/SIGNED_MSG_TYPE_PREVOTE(Prevote) 07D1BB4662F5 6630F8D40526 000000000000 @ 2026-10-04T05:37:44.8385623Z}" prevotes="VoteSet{H:1 R:0 T:SIGNED_MSG_TYPE_PREVOTE +2/3:<nil>(0.5) BA{4:_xx_} map[]}"
        D[2026-10-04|13:37:44.839] adding vote                                  module=consensus vote_height=1 vote_type=SIGNED_MSG_TYPE_PREVOTE val_index=3 cs_height=1 extLen=0 extSigLen=0
        D[2026-10-04|13:37:44.839] added vote to prevote                        module=consensus vote="Vote{3:FB986BC94940 1/00/SIGNED_MSG_TYPE_PREVOTE(Prevote) 07D1BB4662F5 BC3A41CF6BDE 000000000000 @ 2026-10-04T05:37:44.8385623Z}" prevotes="VoteSet{H:1 R:0 T:SIGNED_MSG_TYPE_PREVOTE +2/3:07D1BB4662F53E9E8809CF701C74F3E8FD6D886EBABB9F83EBDDD0671F3968C4:1:08F4B7AF41A9(0.75) BA{4:_xxx} map[]}"
        D[2026-10-04|13:37:44.839] valid block we do not know about; set ProposalBlock=nil module=consensus proposal=07D1BB4662F53E9E8809CF701C74F3E8FD6D886EBABB9F83EBDDD0671F3968C4 block_id=07D1BB4662F53E9E8809CF701C74F3E8FD6D886EBABB9F83EBDDD0671F3968C4
        D[2026-10-04|13:37:44.839] entering prevote wait step                   module=consensus height=1 round=0 current=1/0/RoundStepPrevote
        I[2026-10-04|13:37:44.839] received complete proposal block             module=consensus height=1 hash=07D1BB4662F53E9E8809CF701C74F3E8FD6D886EBABB9F83EBDDD0671F3968C4
        D[2026-10-04|13:37:44.839] updating valid block to new proposal block   module=consensus valid_round=0 valid_block_hash=07D1BB4662F53E9E8809CF701C74F3E8FD6D886EBABB9F83EBDDD0671F3968C4
        D[2026-10-04|13:37:44.839] entering precommit step                      module=consensus height=1 round=0 current=1/0/RoundStepPrevoteWait
        D[2026-10-04|13:37:44.839] precommit step; +2/3 prevoted proposal block; locking module=consensus height=1 round=0 hash=07D1BB4662F53E9E8809CF701C74F3E8FD6D886EBABB9F83EBDDD0671F3968C4
        D[2026-10-04|13:37:44.839] signed and pushed vote                       module=consensus height=1 round=0 vote="Vote{0:3C5589292700 1/00/SIGNED_MSG_TYPE_PRECOMMIT(Precommit) 07D1BB4662F5 661A190E5B6D 000000000000 @ 2026-10-04T05:37:44.8390666Z}"
        I[2026-10-04|13:37:44.842] service start                                module=events msg="Starting EventBus service" impl=EventBus
        I[2026-10-04|13:37:44.842] service start                                module=pubsub msg="Starting PubSub service" impl=PubSub
        D[2026-10-04|13:37:44.842] adding vote                                  module=consensus vote_height=1 vote_type=SIGNED_MSG_TYPE_PREVOTE val_index=1 cs_height=1 extLen=0 extSigLen=0
        D[2026-10-04|13:37:44.842] added vote to prevote                        module=consensus vote="Vote{1:8DAD96D1C189 1/00/SIGNED_MSG_TYPE_PREVOTE(Prevote) 8AC233508629 C0B6E870807B 000000000000 @ 2026-10-04T05:37:44.8421355Z}" prevotes="VoteSet{H:1 R:0 T:SIGNED_MSG_TYPE_PREVOTE +2/3:<nil>(0.25) BA{4:_x__} map[]}"
        D[2026-10-04|13:37:44.842] adding vote                                  module=consensus vote_height=1 vote_type=SIGNED_MSG_TYPE_PREVOTE val_index=2 cs_height=1 extLen=0 extSigLen=0
        D[2026-10-04|13:37:44.842] added vote to prevote                        module=consensus vote="Vote{2:9EB7F9F0E83D 1/00/SIGNED_MSG_TYPE_PREVOTE(Prevote) 8AC233508629 29231723772D 000000000000 @ 2026-10-04T05:37:44.8421355Z}" prevotes="VoteSet{H:1 R:0 T:SIGNED_MSG_TYPE_PREVOTE +2/3:<nil>(0.5) BA{4:_xx_} map[]}"
        D[2026-10-04|13:37:44.842] adding vote                                  module=consensus vote_height=1 vote_type=SIGNED_MSG_TYPE_PREVOTE val_index=3 cs_height=1 extLen=0 extSigLen=0
        D[2026-10-04|13:37:44.842] added vote to prevote                        module=consensus vote="Vote{3:F9D4E32166B6 1/00/SIGNED_MSG_TYPE_PREVOTE(Prevote) 8AC233508629 56F1BA61092D 000000000000 @ 2026-10-04T05:37:44.8421355Z}" prevotes="VoteSet{H:1 R:0 T:SIGNED_MSG_TYPE_PREVOTE +2/3:8AC2335086296B3280E921DA3F6E6C8A3411FD0B9AD5D5C45E5DED71E8E8D02F:1:3319AB577F7E(0.75) BA{4:_xxx} map[]}"
        D[2026-10-04|13:37:44.842] updating valid block because of POL          module=consensus valid_round=-1 pol_round=0
        D[2026-10-04|13:37:44.842] entering precommit step                      module=consensus height=1 round=0 current=1/0/RoundStepPrevote
        D[2026-10-04|13:37:44.842] precommit step; +2/3 prevoted proposal block; locking module=consensus height=1 round=0 hash=8AC2335086296B3280E921DA3F6E6C8A3411FD0B9AD5D5C45E5DED71E8E8D02F
        D[2026-10-04|13:37:44.842] signed and pushed vote                       module=consensus height=1 round=0 vote="Vote{0:71557800F337 1/00/SIGNED_MSG_TYPE_PRECOMMIT(Precommit) 8AC233508629 D6069F15FC8D 000000000000 @ 2026-10-04T05:37:44.8428298Z}"
        I[2026-10-04|13:37:44.842] service stop                                 module=events msg="Stopping EventBus service" impl=EventBus
        I[2026-10-04|13:37:44.842] service stop                                 module=pubsub msg="Stopping PubSub service" impl=PubSub
        I[2026-10-04|13:37:44.842] service stop                                 module=events msg="Stopping EventBus service" impl=EventBus
        I[2026-10-04|13:37:44.842] service stop                                 module=pubsub msg="Stopping PubSub service" impl=PubSub
        === RUN   TestStableHashIdentityCases/late_parts_after_nil_precommit
        I[2026-10-04|13:37:44.844] service start                                module=events msg="Starting EventBus service" impl=EventBus
        I[2026-10-04|13:37:44.844] service start                                module=pubsub msg="Starting PubSub service" impl=PubSub
        D[2026-10-04|13:37:44.845] entering precommit step                      module=consensus height=1 round=0 current=1/0/RoundStepNewHeight
        D[2026-10-04|13:37:44.845] precommit step; +2/3 prevotes for a block we do not have; voting nil module=consensus height=1 round=0 block_id=D4E8A682F5AFC0B63BDB602BB461870839C07D6312443D1D43376980E8672295:1:36E9D043EF65
        D[2026-10-04|13:37:44.845] signed and pushed vote                       module=consensus height=1 round=0 vote="Vote{0:11EADAFFA735 1/00/SIGNED_MSG_TYPE_PRECOMMIT(Precommit) 000000000000 ED26A5FACD07 000000000000 @ 2026-10-04T05:37:44.8458621Z}"
        I[2026-10-04|13:37:44.845] received complete proposal block             module=consensus height=1 hash=D4E8A682F5AFC0B63BDB602BB461870839C07D6312443D1D43376980E8672295
        D[2026-10-04|13:37:44.845] updating valid block to new proposal block   module=consensus valid_round=0 valid_block_hash=D4E8A682F5AFC0B63BDB602BB461870839C07D6312443D1D43376980E8672295
        D[2026-10-04|13:37:44.845] entering precommit step with invalid args    module=consensus height=1 round=0 current=1/0/RoundStepPrecommit
        I[2026-10-04|13:37:44.845] service stop                                 module=events msg="Stopping EventBus service" impl=EventBus
        I[2026-10-04|13:37:44.845] service stop                                 module=pubsub msg="Stopping PubSub service" impl=PubSub
        --- PASS: TestStableHashIdentityCases (0.07s)
            --- PASS: TestStableHashIdentityCases/commit_fetch (0.02s)
            --- PASS: TestStableHashIdentityCases/finalize_waits (0.01s)
            --- PASS: TestStableHashIdentityCases/precommit (0.01s)
            --- PASS: TestStableHashIdentityCases/valid_block (0.00s)
            --- PASS: TestStableHashIdentityCases/pol_rounds (0.01s)
            --- PASS: TestStableHashIdentityCases/exact_precommit (0.00s)
            --- PASS: TestStableHashIdentityCases/proposal_binding (0.00s)
            --- PASS: TestStableHashIdentityCases/qc_without_matching_proposal (0.01s)
            --- PASS: TestStableHashIdentityCases/late_parts_after_nil_precommit (0.00s)
        PASS
--- PASS: TestStableHashIdentity (0.17s)
=== RUN   TestStableHashIdentityCases
    block_identity_test.go:114: run in isolated key-configured process
--- SKIP: TestStableHashIdentityCases (0.00s)
=== RUN   TestProposalBatchAlreadyReady
I[2026-10-04|13:37:44.859] service start                                module=events msg="Starting EventBus service" impl=EventBus
I[2026-10-04|13:37:44.870] service start                                module=pubsub msg="Starting PubSub service" impl=PubSub
I[2026-10-04|13:37:44.871] service stop                                 module=events msg="Stopping EventBus service" impl=EventBus
I[2026-10-04|13:37:44.871] service stop                                 module=pubsub msg="Stopping PubSub service" impl=PubSub
--- PASS: TestProposalBatchAlreadyReady (0.02s)
=== RUN   TestProposalBatchBoundaries
=== RUN   TestProposalBatchBoundaries/completion_leaves_vote_queued
I[2026-10-04|13:37:44.873] service start                                module=events msg="Starting EventBus service" impl=EventBus
I[2026-10-04|13:37:44.873] service start                                module=pubsub msg="Starting PubSub service" impl=PubSub
I[2026-10-04|13:37:44.874] service stop                                 module=events msg="Stopping EventBus service" impl=EventBus
I[2026-10-04|13:37:44.874] service stop                                 module=pubsub msg="Stopping PubSub service" impl=PubSub
=== RUN   TestProposalBatchBoundaries/peer_parts_reduce_remaining_budget
I[2026-10-04|13:37:44.876] service start                                module=events msg="Starting EventBus service" impl=EventBus
I[2026-10-04|13:37:44.876] service start                                module=pubsub msg="Starting PubSub service" impl=PubSub
I[2026-10-04|13:37:44.877] service stop                                 module=events msg="Stopping EventBus service" impl=EventBus
I[2026-10-04|13:37:44.877] service stop                                 module=pubsub msg="Stopping PubSub service" impl=PubSub
=== RUN   TestProposalBatchBoundaries/duplicate_counts_conservatively
I[2026-10-04|13:37:44.879] service start                                module=events msg="Starting EventBus service" impl=EventBus
I[2026-10-04|13:37:44.879] service start                                module=pubsub msg="Starting PubSub service" impl=PubSub
I[2026-10-04|13:37:44.879] service stop                                 module=events msg="Stopping EventBus service" impl=EventBus
I[2026-10-04|13:37:44.879] service stop                                 module=pubsub msg="Stopping PubSub service" impl=PubSub
=== RUN   TestProposalBatchBoundaries/vote_boundary_is_retained
I[2026-10-04|13:37:44.881] service start                                module=events msg="Starting EventBus service" impl=EventBus
I[2026-10-04|13:37:44.881] service start                                module=pubsub msg="Starting PubSub service" impl=PubSub
I[2026-10-04|13:37:44.881] service stop                                 module=events msg="Stopping EventBus service" impl=EventBus
I[2026-10-04|13:37:44.881] service stop                                 module=pubsub msg="Stopping PubSub service" impl=PubSub
=== RUN   TestProposalBatchBoundaries/other_round_is_not_batched
I[2026-10-04|13:37:44.885] service start                                module=events msg="Starting EventBus service" impl=EventBus
I[2026-10-04|13:37:44.885] service start                                module=pubsub msg="Starting PubSub service" impl=PubSub
I[2026-10-04|13:37:44.885] service stop                                 module=events msg="Stopping EventBus service" impl=EventBus
I[2026-10-04|13:37:44.885] service stop                                 module=pubsub msg="Stopping PubSub service" impl=PubSub
=== RUN   TestProposalBatchBoundaries/late_phase_uses_original_path
I[2026-10-04|13:37:44.887] service start                                module=events msg="Starting EventBus service" impl=EventBus
I[2026-10-04|13:37:44.887] service start                                module=pubsub msg="Starting PubSub service" impl=PubSub
I[2026-10-04|13:37:44.887] service stop                                 module=events msg="Stopping EventBus service" impl=EventBus
I[2026-10-04|13:37:44.888] service stop                                 module=pubsub msg="Stopping PubSub service" impl=PubSub
=== RUN   TestProposalBatchBoundaries/byte_bound
I[2026-10-04|13:37:44.890] service start                                module=events msg="Starting EventBus service" impl=EventBus
I[2026-10-04|13:37:44.890] service start                                module=pubsub msg="Starting PubSub service" impl=PubSub
I[2026-10-04|13:37:44.891] service stop                                 module=events msg="Stopping EventBus service" impl=EventBus
I[2026-10-04|13:37:44.891] service stop                                 module=pubsub msg="Stopping PubSub service" impl=PubSub
=== RUN   TestProposalBatchBoundaries/message_bound
I[2026-10-04|13:37:44.893] service start                                module=events msg="Starting EventBus service" impl=EventBus
I[2026-10-04|13:37:44.893] service start                                module=pubsub msg="Starting PubSub service" impl=PubSub
I[2026-10-04|13:37:44.894] service stop                                 module=events msg="Stopping EventBus service" impl=EventBus
I[2026-10-04|13:37:44.894] service stop                                 module=pubsub msg="Stopping PubSub service" impl=PubSub
--- PASS: TestProposalBatchBoundaries (0.02s)
    --- PASS: TestProposalBatchBoundaries/completion_leaves_vote_queued (0.00s)
    --- PASS: TestProposalBatchBoundaries/peer_parts_reduce_remaining_budget (0.00s)
    --- PASS: TestProposalBatchBoundaries/duplicate_counts_conservatively (0.00s)
    --- PASS: TestProposalBatchBoundaries/vote_boundary_is_retained (0.00s)
    --- PASS: TestProposalBatchBoundaries/other_round_is_not_batched (0.00s)
    --- PASS: TestProposalBatchBoundaries/late_phase_uses_original_path (0.00s)
    --- PASS: TestProposalBatchBoundaries/byte_bound (0.00s)
    --- PASS: TestProposalBatchBoundaries/message_bound (0.00s)
=== RUN   TestProposalBatchStorageFailureDoesNotApply
=== RUN   TestProposalBatchStorageFailureDoesNotApply/1
I[2026-10-04|13:37:44.898] service start                                module=events msg="Starting EventBus service" impl=EventBus
I[2026-10-04|13:37:44.898] service start                                module=pubsub msg="Starting PubSub service" impl=PubSub
I[2026-10-04|13:37:44.899] service stop                                 module=events msg="Stopping EventBus service" impl=EventBus
I[2026-10-04|13:37:44.899] service stop                                 module=pubsub msg="Stopping PubSub service" impl=PubSub
=== RUN   TestProposalBatchStorageFailureDoesNotApply/2
I[2026-10-04|13:37:44.900] service start                                module=events msg="Starting EventBus service" impl=EventBus
I[2026-10-04|13:37:44.900] service start                                module=pubsub msg="Starting PubSub service" impl=PubSub
I[2026-10-04|13:37:44.901] service stop                                 module=events msg="Stopping EventBus service" impl=EventBus
I[2026-10-04|13:37:44.901] service stop                                 module=pubsub msg="Stopping PubSub service" impl=PubSub
=== RUN   TestProposalBatchStorageFailureDoesNotApply/3
I[2026-10-04|13:37:44.903] service start                                module=events msg="Starting EventBus service" impl=EventBus
I[2026-10-04|13:37:44.903] service start                                module=pubsub msg="Starting PubSub service" impl=PubSub
I[2026-10-04|13:37:44.903] service stop                                 module=events msg="Stopping EventBus service" impl=EventBus
I[2026-10-04|13:37:44.903] service stop                                 module=pubsub msg="Stopping PubSub service" impl=PubSub
=== RUN   TestProposalBatchStorageFailureDoesNotApply/4
I[2026-10-04|13:37:44.905] service start                                module=events msg="Starting EventBus service" impl=EventBus
I[2026-10-04|13:37:44.905] service start                                module=pubsub msg="Starting PubSub service" impl=PubSub
I[2026-10-04|13:37:44.906] service stop                                 module=events msg="Stopping EventBus service" impl=EventBus
I[2026-10-04|13:37:44.906] service stop                                 module=pubsub msg="Stopping PubSub service" impl=PubSub
--- PASS: TestProposalBatchStorageFailureDoesNotApply (0.01s)
    --- PASS: TestProposalBatchStorageFailureDoesNotApply/1 (0.00s)
    --- PASS: TestProposalBatchStorageFailureDoesNotApply/2 (0.00s)
    --- PASS: TestProposalBatchStorageFailureDoesNotApply/3 (0.00s)
    --- PASS: TestProposalBatchStorageFailureDoesNotApply/4 (0.00s)
=== RUN   TestProposalBatchDurableReplay
=== RUN   TestProposalBatchDurableReplay/none
I[2026-10-04|13:37:44.908] service start                                module=events msg="Starting EventBus service" impl=EventBus
I[2026-10-04|13:37:44.908] service start                                module=pubsub msg="Starting PubSub service" impl=PubSub
I[2026-10-04|13:37:44.938] service start                                module=events msg="Starting EventBus service" impl=EventBus
I[2026-10-04|13:37:44.938] service start                                module=pubsub msg="Starting PubSub service" impl=PubSub
I[2026-10-04|13:37:44.939] service stop                                 module=events msg="Stopping EventBus service" impl=EventBus
I[2026-10-04|13:37:44.939] service stop                                 module=pubsub msg="Stopping PubSub service" impl=PubSub
I[2026-10-04|13:37:44.939] service stop                                 module=events msg="Stopping EventBus service" impl=EventBus
I[2026-10-04|13:37:44.939] service stop                                 module=pubsub msg="Stopping PubSub service" impl=PubSub
=== RUN   TestProposalBatchDurableReplay/write_prefix
I[2026-10-04|13:37:44.942] service start                                module=events msg="Starting EventBus service" impl=EventBus
I[2026-10-04|13:37:44.942] service start                                module=pubsub msg="Starting PubSub service" impl=PubSub
I[2026-10-04|13:37:44.967] service start                                module=events msg="Starting EventBus service" impl=EventBus
I[2026-10-04|13:37:44.968] service start                                module=pubsub msg="Starting PubSub service" impl=PubSub
I[2026-10-04|13:37:44.971] service stop                                 module=events msg="Stopping EventBus service" impl=EventBus
I[2026-10-04|13:37:44.971] service stop                                 module=pubsub msg="Stopping PubSub service" impl=PubSub
I[2026-10-04|13:37:44.971] service stop                                 module=events msg="Stopping EventBus service" impl=EventBus
I[2026-10-04|13:37:44.971] service stop                                 module=pubsub msg="Stopping PubSub service" impl=PubSub
=== RUN   TestProposalBatchDurableReplay/sync_error
I[2026-10-04|13:37:44.973] service start                                module=events msg="Starting EventBus service" impl=EventBus
I[2026-10-04|13:37:44.973] service start                                module=pubsub msg="Starting PubSub service" impl=PubSub
I[2026-10-04|13:37:45.005] service start                                module=events msg="Starting EventBus service" impl=EventBus
I[2026-10-04|13:37:45.005] service start                                module=pubsub msg="Starting PubSub service" impl=PubSub
I[2026-10-04|13:37:45.006] service stop                                 module=events msg="Stopping EventBus service" impl=EventBus
I[2026-10-04|13:37:45.006] service stop                                 module=pubsub msg="Stopping PubSub service" impl=PubSub
I[2026-10-04|13:37:45.006] service stop                                 module=events msg="Stopping EventBus service" impl=EventBus
I[2026-10-04|13:37:45.006] service stop                                 module=pubsub msg="Stopping PubSub service" impl=PubSub
=== RUN   TestProposalBatchDurableReplay/after_sync
I[2026-10-04|13:37:45.010] service start                                module=events msg="Starting EventBus service" impl=EventBus
I[2026-10-04|13:37:45.010] service start                                module=pubsub msg="Starting PubSub service" impl=PubSub
I[2026-10-04|13:37:45.038] service start                                module=events msg="Starting EventBus service" impl=EventBus
I[2026-10-04|13:37:45.038] service start                                module=pubsub msg="Starting PubSub service" impl=PubSub
I[2026-10-04|13:37:45.041] service stop                                 module=events msg="Stopping EventBus service" impl=EventBus
I[2026-10-04|13:37:45.041] service stop                                 module=pubsub msg="Stopping PubSub service" impl=PubSub
I[2026-10-04|13:37:45.041] service stop                                 module=events msg="Stopping EventBus service" impl=EventBus
I[2026-10-04|13:37:45.041] service stop                                 module=pubsub msg="Stopping PubSub service" impl=PubSub
=== RUN   TestProposalBatchDurableReplay/after_proposal
I[2026-10-04|13:37:45.044] service start                                module=events msg="Starting EventBus service" impl=EventBus
I[2026-10-04|13:37:45.044] service start                                module=pubsub msg="Starting PubSub service" impl=PubSub
I[2026-10-04|13:37:45.078] service start                                module=events msg="Starting EventBus service" impl=EventBus
I[2026-10-04|13:37:45.078] service start                                module=pubsub msg="Starting PubSub service" impl=PubSub
I[2026-10-04|13:37:45.080] service stop                                 module=events msg="Stopping EventBus service" impl=EventBus
I[2026-10-04|13:37:45.080] service stop                                 module=pubsub msg="Stopping PubSub service" impl=PubSub
I[2026-10-04|13:37:45.080] service stop                                 module=events msg="Stopping EventBus service" impl=EventBus
I[2026-10-04|13:37:45.080] service stop                                 module=pubsub msg="Stopping PubSub service" impl=PubSub
--- PASS: TestProposalBatchDurableReplay (0.18s)
    --- PASS: TestProposalBatchDurableReplay/none (0.03s)
    --- PASS: TestProposalBatchDurableReplay/write_prefix (0.03s)
    --- PASS: TestProposalBatchDurableReplay/sync_error (0.04s)
    --- PASS: TestProposalBatchDurableReplay/after_sync (0.03s)
    --- PASS: TestProposalBatchDurableReplay/after_proposal (0.04s)
PASS
ok  	github.com/cometbft/cometbft/consensus	0.616s
=== RUN   TestCatchupCandidateReadsOneUnchangedPart
--- PASS: TestCatchupCandidateReadsOneUnchangedPart (0.02s)
=== RUN   TestCatchupCandidateRewrittenBlockStillServesOriginal
--- PASS: TestCatchupCandidateRewrittenBlockStillServesOriginal (0.01s)
=== RUN   TestCatchupCandidateRedactableSubprocess
--- PASS: TestCatchupCandidateRedactableSubprocess (0.12s)
PASS
ok  	github.com/cometbft/cometbft/store	0.331s
=== RUN   TestFinalizeResultsFailureBeforeWriteDoesNotPublishPartialHistory
=== RUN   TestFinalizeResultsFailureBeforeWriteDoesNotPublishPartialHistory/sync
=== RUN   TestFinalizeResultsFailureBeforeWriteDoesNotPublishPartialHistory/second_set
--- PASS: TestFinalizeResultsFailureBeforeWriteDoesNotPublishPartialHistory (0.00s)
    --- PASS: TestFinalizeResultsFailureBeforeWriteDoesNotPublishPartialHistory/sync (0.00s)
    --- PASS: TestFinalizeResultsFailureBeforeWriteDoesNotPublishPartialHistory/second_set (0.00s)
=== RUN   TestFinalizeResultsUncertainSyncReturnsErrorWithoutRollback
--- PASS: TestFinalizeResultsUncertainSyncReturnsErrorWithoutRollback (0.00s)
=== RUN   TestFinalizeResultsLargeBatchAndExistingHistory
--- PASS: TestFinalizeResultsLargeBatchAndExistingHistory (0.05s)
=== RUN   TestFinalizeResultsSurviveReopen
=== RUN   TestFinalizeResultsSurviveReopen/history_and_recovery
=== RUN   TestFinalizeResultsSurviveReopen/recovery_only
--- PASS: TestFinalizeResultsSurviveReopen (0.06s)
    --- PASS: TestFinalizeResultsSurviveReopen/history_and_recovery (0.03s)
    --- PASS: TestFinalizeResultsSurviveReopen/recovery_only (0.02s)
PASS
ok  	github.com/cometbft/cometbft/state	0.298s
