=== RUN   TestStableHashIdentity
    block_identity_test.go:106: === RUN   TestStableHashIdentityCases
        === RUN   TestStableHashIdentityCases/commit_fetch
        I[2026-10-04|14:13:44.690] service start                                module=events msg="Starting EventBus service" impl=EventBus
        I[2026-10-04|14:13:44.699] service start                                module=pubsub msg="Starting PubSub service" impl=PubSub
        D[2026-10-04|14:13:44.700] entering commit step                         module=consensus height=1 commit_round=0 current=1/0/RoundStepNewHeight
        I[2026-10-04|14:13:44.700] commit is for a block we do not know about; set ProposalBlock=nil module=consensus height=1 commit_round=0 proposal=2B0A83214696126813194ACD9AAF22AE646EC02FBA5A74AE62F094D2DC6280EC commit=2B0A83214696126813194ACD9AAF22AE646EC02FBA5A74AE62F094D2DC6280EC
        D[2026-10-04|14:13:44.700] failed attempt to finalize commit; we do not have the commit block module=consensus height=1 proposal_block= commit_block=2B0A83214696126813194ACD9AAF22AE646EC02FBA5A74AE62F094D2DC6280EC
        I[2026-10-04|14:13:44.700] received complete proposal block             module=consensus height=1 hash=2B0A83214696126813194ACD9AAF22AE646EC02FBA5A74AE62F094D2DC6280EC
        I[2026-10-04|14:13:44.700] finalizing commit of block                   module=consensus height=1 hash=2B0A83214696126813194ACD9AAF22AE646EC02FBA5A74AE62F094D2DC6280EC root= num_txs=1
        D[2026-10-04|14:13:44.700] committed block                              module=consensus height=1 block="Block{\n  Header{\n    Version:        {11 0}\n    ChainID:        test-chain\n    Height:         1\n    Time:           2026-10-04 06:13:44.6872312 +0000 UTC\n    LastBlockID:    :0:000000000000\n    LastCommit:     E3B0C44298FC1C149AFBF4C8996FB92427AE41E4649B934CA495991B7852B855\n    Data:           29A1413B135E56E6A1C0E3FA047B79B273241300FE4365ECA509E4C65BDD82EA\n    Validators:     8FB7AE9C419B29637BD0B74C324A0805AE1B54DC520CE6782977F9B33CF10674\n    NextValidators: 8FB7AE9C419B29637BD0B74C324A0805AE1B54DC520CE6782977F9B33CF10674\n    App:            \n    Consensus:      048091BC7DDC283F77BFBF91D73C44DA58C3DF8A9CBC867405D8B7F3DAADA22F\n    Results:        \n    Evidence:       E3B0C44298FC1C149AFBF4C8996FB92427AE41E4649B934CA495991B7852B855\n    Proposer:       95EAD83180A6562DDD7158134E7E9C5EE6590D43\n  }#2B0A83214696126813194ACD9AAF22AE646EC02FBA5A74AE62F094D2DC6280EC\n  Data{\n    1DE3919779A4C5F5BC3CED49B079D1D5A6E80B0344E12B97228D5A7E0E1FAB74 (25 bytes)\n  }#29A1413B135E56E6A1C0E3FA047B79B273241300FE4365ECA509E4C65BDD82EA\n  EvidenceData{\n    \n  }#E3B0C44298FC1C149AFBF4C8996FB92427AE41E4649B934CA495991B7852B855\n  Commit{\n    Height:     0\n    Round:      0\n    BlockID:    :0:000000000000\n    Signatures:\n      \n  }#E3B0C44298FC1C149AFBF4C8996FB92427AE41E4649B934CA495991B7852B855\n}#2B0A83214696126813194ACD9AAF22AE646EC02FBA5A74AE62F094D2DC6280EC"
        I[2026-10-04|14:13:44.700] finalized block                              height=1 num_txs_res=1 num_val_updates=0 block_app_hash=0200000000000000
        I[2026-10-04|14:13:44.700] executed block                               height=1 app_hash=0200000000000000
        I[2026-10-04|14:13:44.700] committed state                              height=1 block_app_hash=
        D[2026-10-04|14:13:44.700] adding vote                                  module=consensus vote_height=1 vote_type=SIGNED_MSG_TYPE_PRECOMMIT val_index=1 cs_height=2 extLen=9 extSigLen=64
        D[2026-10-04|14:13:44.700] adding vote                                  module=consensus vote_height=1 vote_type=SIGNED_MSG_TYPE_PRECOMMIT val_index=2 cs_height=2 extLen=9 extSigLen=64
        D[2026-10-04|14:13:44.700] adding vote                                  module=consensus vote_height=1 vote_type=SIGNED_MSG_TYPE_PRECOMMIT val_index=3 cs_height=2 extLen=9 extSigLen=64
        I[2026-10-04|14:13:44.700] service stop                                 module=events msg="Stopping EventBus service" impl=EventBus
        I[2026-10-04|14:13:44.700] service stop                                 module=pubsub msg="Stopping PubSub service" impl=PubSub
        === RUN   TestStableHashIdentityCases/finalize_waits
        I[2026-10-04|14:13:44.705] service start                                module=events msg="Starting EventBus service" impl=EventBus
        I[2026-10-04|14:13:44.705] service start                                module=pubsub msg="Starting PubSub service" impl=PubSub
        D[2026-10-04|14:13:44.706] failed attempt to finalize commit; we do not have the commit block module=consensus height=1 proposal_block=F13BD5D5C6B0B22110494ABC1CB9D7C8E7B0535730B354884C0675989716B56D commit_block=F13BD5D5C6B0B22110494ABC1CB9D7C8E7B0535730B354884C0675989716B56D
        I[2026-10-04|14:13:44.706] service stop                                 module=events msg="Stopping EventBus service" impl=EventBus
        I[2026-10-04|14:13:44.706] service stop                                 module=pubsub msg="Stopping PubSub service" impl=PubSub
        === RUN   TestStableHashIdentityCases/precommit
        I[2026-10-04|14:13:44.707] service start                                module=events msg="Starting EventBus service" impl=EventBus
        I[2026-10-04|14:13:44.707] service start                                module=pubsub msg="Starting PubSub service" impl=PubSub
        D[2026-10-04|14:13:44.708] entering precommit step                      module=consensus height=1 round=0 current=1/0/RoundStepNewHeight
        D[2026-10-04|14:13:44.708] precommit step; +2/3 prevotes for a block we do not have; voting nil module=consensus height=1 round=0 block_id=6AEA932008E7D0960C023C68579859320ADD6E6E9B2CDDC95B32A8420B5C327F:1:544AA2455112
        D[2026-10-04|14:13:44.708] signed and pushed vote                       module=consensus height=1 round=0 vote="Vote{0:2AA36846CAA4 1/00/SIGNED_MSG_TYPE_PRECOMMIT(Precommit) 000000000000 9996271D9839 000000000000 @ 2026-10-04T06:13:44.7083602Z}"
        I[2026-10-04|14:13:44.710] service start                                module=events msg="Starting EventBus service" impl=EventBus
        I[2026-10-04|14:13:44.710] service start                                module=pubsub msg="Starting PubSub service" impl=PubSub
        D[2026-10-04|14:13:44.711] entering precommit step                      module=consensus height=1 round=0 current=1/0/RoundStepNewHeight
        D[2026-10-04|14:13:44.711] precommit step; +2/3 prevotes for a block we do not have; voting nil module=consensus height=1 round=0 block_id=FEF089388DB78E6608C354903A329D75D12316F9B993390B9FC0FF2CA543CE12:1:79734353F06C
        D[2026-10-04|14:13:44.711] signed and pushed vote                       module=consensus height=1 round=0 vote="Vote{0:2E0E5460FBAE 1/00/SIGNED_MSG_TYPE_PRECOMMIT(Precommit) 000000000000 57606365EC3A 000000000000 @ 2026-10-04T06:13:44.7110601Z}"
        I[2026-10-04|14:13:44.711] service stop                                 module=events msg="Stopping EventBus service" impl=EventBus
        I[2026-10-04|14:13:44.711] service stop                                 module=pubsub msg="Stopping PubSub service" impl=PubSub
        I[2026-10-04|14:13:44.711] service stop                                 module=events msg="Stopping EventBus service" impl=EventBus
        I[2026-10-04|14:13:44.711] service stop                                 module=pubsub msg="Stopping PubSub service" impl=PubSub
        === RUN   TestStableHashIdentityCases/valid_block
        I[2026-10-04|14:13:44.712] service start                                module=events msg="Starting EventBus service" impl=EventBus
        I[2026-10-04|14:13:44.712] service start                                module=pubsub msg="Starting PubSub service" impl=PubSub
        I[2026-10-04|14:13:44.713] service stop                                 module=events msg="Stopping EventBus service" impl=EventBus
        I[2026-10-04|14:13:44.713] service stop                                 module=pubsub msg="Stopping PubSub service" impl=PubSub
        === RUN   TestStableHashIdentityCases/pol_rounds
        I[2026-10-04|14:13:44.714] service start                                module=events msg="Starting EventBus service" impl=EventBus
        I[2026-10-04|14:13:44.715] service start                                module=pubsub msg="Starting PubSub service" impl=PubSub
        D[2026-10-04|14:13:44.715] adding vote                                  module=consensus vote_height=1 vote_type=SIGNED_MSG_TYPE_PREVOTE val_index=1 cs_height=1 extLen=0 extSigLen=0
        D[2026-10-04|14:13:44.715] added vote to prevote                        module=consensus vote="Vote{1:E027DBA178A6 1/00/SIGNED_MSG_TYPE_PREVOTE(Prevote) B08C6964B4FB DC79BEDB38BA 000000000000 @ 2026-10-04T06:13:44.7156393Z}" prevotes="VoteSet{H:1 R:0 T:SIGNED_MSG_TYPE_PREVOTE +2/3:<nil>(0.25) BA{4:_x__} map[]}"
        D[2026-10-04|14:13:44.715] adding vote                                  module=consensus vote_height=1 vote_type=SIGNED_MSG_TYPE_PREVOTE val_index=2 cs_height=1 extLen=0 extSigLen=0
        D[2026-10-04|14:13:44.715] added vote to prevote                        module=consensus vote="Vote{2:E67BB6AEC030 1/00/SIGNED_MSG_TYPE_PREVOTE(Prevote) B08C6964B4FB F17D87BC8195 000000000000 @ 2026-10-04T06:13:44.7156393Z}" prevotes="VoteSet{H:1 R:0 T:SIGNED_MSG_TYPE_PREVOTE +2/3:<nil>(0.5) BA{4:_xx_} map[]}"
        D[2026-10-04|14:13:44.715] adding vote                                  module=consensus vote_height=1 vote_type=SIGNED_MSG_TYPE_PREVOTE val_index=3 cs_height=1 extLen=0 extSigLen=0
        D[2026-10-04|14:13:44.715] added vote to prevote                        module=consensus vote="Vote{3:E6C7C29BCF42 1/00/SIGNED_MSG_TYPE_PREVOTE(Prevote) B08C6964B4FB 23E86E9AFDD6 000000000000 @ 2026-10-04T06:13:44.7156393Z}" prevotes="VoteSet{H:1 R:0 T:SIGNED_MSG_TYPE_PREVOTE +2/3:B08C6964B4FBA79E1F4E86E2383A3F458CC4787B9A3A6087FE9F6255B0465C83:1:87A930141BAA(0.75) BA{4:_xxx} map[]}"
        I[2026-10-04|14:13:44.718] service start                                module=events msg="Starting EventBus service" impl=EventBus
        I[2026-10-04|14:13:44.718] service start                                module=pubsub msg="Starting PubSub service" impl=PubSub
        D[2026-10-04|14:13:44.718] adding vote                                  module=consensus vote_height=1 vote_type=SIGNED_MSG_TYPE_PREVOTE val_index=1 cs_height=1 extLen=0 extSigLen=0
        D[2026-10-04|14:13:44.718] added vote to prevote                        module=consensus vote="Vote{1:4B54D678932C 1/01/SIGNED_MSG_TYPE_PREVOTE(Prevote) 77C6E72F2A65 91BC56ECE67C 000000000000 @ 2026-10-04T06:13:44.718229Z}" prevotes="VoteSet{H:1 R:1 T:SIGNED_MSG_TYPE_PREVOTE +2/3:<nil>(0.25) BA{4:_x__} map[]}"
        D[2026-10-04|14:13:44.718] adding vote                                  module=consensus vote_height=1 vote_type=SIGNED_MSG_TYPE_PREVOTE val_index=2 cs_height=1 extLen=0 extSigLen=0
        D[2026-10-04|14:13:44.718] added vote to prevote                        module=consensus vote="Vote{2:7868B0BA0729 1/01/SIGNED_MSG_TYPE_PREVOTE(Prevote) 77C6E72F2A65 D94CE61D91FA 000000000000 @ 2026-10-04T06:13:44.718229Z}" prevotes="VoteSet{H:1 R:1 T:SIGNED_MSG_TYPE_PREVOTE +2/3:<nil>(0.5) BA{4:_xx_} map[]}"
        D[2026-10-04|14:13:44.718] adding vote                                  module=consensus vote_height=1 vote_type=SIGNED_MSG_TYPE_PREVOTE val_index=3 cs_height=1 extLen=0 extSigLen=0
        D[2026-10-04|14:13:44.718] added vote to prevote                        module=consensus vote="Vote{3:D00700B635D4 1/01/SIGNED_MSG_TYPE_PREVOTE(Prevote) 77C6E72F2A65 30B1EBE7ECB9 000000000000 @ 2026-10-04T06:13:44.718229Z}" prevotes="VoteSet{H:1 R:1 T:SIGNED_MSG_TYPE_PREVOTE +2/3:77C6E72F2A656103BC6DFAC47705FFA9B0D557104BCE00E2207D9CD6B2F0069D:1:E0949338CC73(0.75) BA{4:_xxx} map[]}"
        I[2026-10-04|14:13:44.720] service start                                module=events msg="Starting EventBus service" impl=EventBus
        I[2026-10-04|14:13:44.720] service start                                module=pubsub msg="Starting PubSub service" impl=PubSub
        D[2026-10-04|14:13:44.721] adding vote                                  module=consensus vote_height=1 vote_type=SIGNED_MSG_TYPE_PREVOTE val_index=1 cs_height=1 extLen=0 extSigLen=0
        D[2026-10-04|14:13:44.721] added vote to prevote                        module=consensus vote="Vote{1:21B915E1BD6C 1/02/SIGNED_MSG_TYPE_PREVOTE(Prevote) 35F52D8379C5 4922EC1BF86E 000000000000 @ 2026-10-04T06:13:44.7212828Z}" prevotes="VoteSet{H:1 R:2 T:SIGNED_MSG_TYPE_PREVOTE +2/3:<nil>(0.25) BA{4:_x__} map[]}"
        D[2026-10-04|14:13:44.721] adding vote                                  module=consensus vote_height=1 vote_type=SIGNED_MSG_TYPE_PREVOTE val_index=2 cs_height=1 extLen=0 extSigLen=0
        D[2026-10-04|14:13:44.721] added vote to prevote                        module=consensus vote="Vote{2:21D193626D1C 1/02/SIGNED_MSG_TYPE_PREVOTE(Prevote) 35F52D8379C5 E24B3D6E2B70 000000000000 @ 2026-10-04T06:13:44.7212828Z}" prevotes="VoteSet{H:1 R:2 T:SIGNED_MSG_TYPE_PREVOTE +2/3:<nil>(0.5) BA{4:_xx_} map[]}"
        D[2026-10-04|14:13:44.721] adding vote                                  module=consensus vote_height=1 vote_type=SIGNED_MSG_TYPE_PREVOTE val_index=3 cs_height=1 extLen=0 extSigLen=0
        D[2026-10-04|14:13:44.721] added vote to prevote                        module=consensus vote="Vote{3:975B6CE09FED 1/02/SIGNED_MSG_TYPE_PREVOTE(Prevote) 35F52D8379C5 DD2DE009D07C 000000000000 @ 2026-10-04T06:13:44.7212828Z}" prevotes="VoteSet{H:1 R:2 T:SIGNED_MSG_TYPE_PREVOTE +2/3:35F52D8379C515837C54898C2BE6B0B4356DD5FAA1F1FDFD901373CA8FB25094:1:1BA6A2B91310(0.75) BA{4:_xxx} map[]}"
        D[2026-10-04|14:13:44.721] unlocking because of POL                     module=consensus locked_round=1 pol_round=2
        D[2026-10-04|14:13:44.721] valid block we do not know about; set ProposalBlock=nil module=consensus proposal=35F52D8379C515837C54898C2BE6B0B4356DD5FAA1F1FDFD901373CA8FB25094 block_id=35F52D8379C515837C54898C2BE6B0B4356DD5FAA1F1FDFD901373CA8FB25094
        D[2026-10-04|14:13:44.721] entering prevote wait step with invalid args module=consensus height=1 round=2 current=1/2/RoundStepPrecommit
        I[2026-10-04|14:13:44.721] service stop                                 module=events msg="Stopping EventBus service" impl=EventBus
        I[2026-10-04|14:13:44.721] service stop                                 module=pubsub msg="Stopping PubSub service" impl=PubSub
        I[2026-10-04|14:13:44.721] service stop                                 module=events msg="Stopping EventBus service" impl=EventBus
        I[2026-10-04|14:13:44.721] service stop                                 module=pubsub msg="Stopping PubSub service" impl=PubSub
        I[2026-10-04|14:13:44.721] service stop                                 module=events msg="Stopping EventBus service" impl=EventBus
        I[2026-10-04|14:13:44.721] service stop                                 module=pubsub msg="Stopping PubSub service" impl=PubSub
        === RUN   TestStableHashIdentityCases/exact_precommit
        I[2026-10-04|14:13:44.722] service start                                module=events msg="Starting EventBus service" impl=EventBus
        I[2026-10-04|14:13:44.722] service start                                module=pubsub msg="Starting PubSub service" impl=PubSub
        D[2026-10-04|14:13:44.723] entering precommit step                      module=consensus height=1 round=0 current=1/0/RoundStepNewHeight
        D[2026-10-04|14:13:44.723] precommit step; +2/3 prevoted proposal block; locking module=consensus height=1 round=0 hash=FDDF95FCCAD222CD8FE773849BF5C2E756549B810560685DB6A48AD2B22D6D4D
        D[2026-10-04|14:13:44.723] signed and pushed vote                       module=consensus height=1 round=0 vote="Vote{0:074BEEBEE4B2 1/00/SIGNED_MSG_TYPE_PRECOMMIT(Precommit) FDDF95FCCAD2 8BBB8D869C92 000000000000 @ 2026-10-04T06:13:44.7237179Z}"
        I[2026-10-04|14:13:44.723] service stop                                 module=events msg="Stopping EventBus service" impl=EventBus
        I[2026-10-04|14:13:44.723] service stop                                 module=pubsub msg="Stopping PubSub service" impl=PubSub
        === RUN   TestStableHashIdentityCases/proposal_binding
        I[2026-10-04|14:13:44.724] service start                                module=events msg="Starting EventBus service" impl=EventBus
        I[2026-10-04|14:13:44.724] service start                                module=pubsub msg="Starting PubSub service" impl=PubSub
        D[2026-10-04|14:13:44.725] prevote step: matching proposal block is unavailable module=consensus height=1 round=0
        D[2026-10-04|14:13:44.725] signed and pushed vote                       module=consensus height=1 round=0 vote="Vote{0:3F4AFED943C8 1/00/SIGNED_MSG_TYPE_PREVOTE(Prevote) 000000000000 7175710CD5D0 000000000000 @ 2026-10-04T06:13:44.7258778Z}"
        I[2026-10-04|14:13:44.725] service stop                                 module=events msg="Stopping EventBus service" impl=EventBus
        I[2026-10-04|14:13:44.725] service stop                                 module=pubsub msg="Stopping PubSub service" impl=PubSub
        === RUN   TestStableHashIdentityCases/qc_without_matching_proposal
        I[2026-10-04|14:13:44.727] service start                                module=events msg="Starting EventBus service" impl=EventBus
        I[2026-10-04|14:13:44.727] service start                                module=pubsub msg="Starting PubSub service" impl=PubSub
        D[2026-10-04|14:13:44.727] adding vote                                  module=consensus vote_height=1 vote_type=SIGNED_MSG_TYPE_PREVOTE val_index=1 cs_height=1 extLen=0 extSigLen=0
        D[2026-10-04|14:13:44.727] added vote to prevote                        module=consensus vote="Vote{1:6A75D34F7F5A 1/00/SIGNED_MSG_TYPE_PREVOTE(Prevote) 857E0AD1898E 52F11A3BCD32 000000000000 @ 2026-10-04T06:13:44.7279294Z}" prevotes="VoteSet{H:1 R:0 T:SIGNED_MSG_TYPE_PREVOTE +2/3:<nil>(0.25) BA{4:_x__} map[]}"
        D[2026-10-04|14:13:44.727] adding vote                                  module=consensus vote_height=1 vote_type=SIGNED_MSG_TYPE_PREVOTE val_index=2 cs_height=1 extLen=0 extSigLen=0
        D[2026-10-04|14:13:44.727] added vote to prevote                        module=consensus vote="Vote{2:813EB9BA967D 1/00/SIGNED_MSG_TYPE_PREVOTE(Prevote) 857E0AD1898E 06575FC7DA21 000000000000 @ 2026-10-04T06:13:44.7279294Z}" prevotes="VoteSet{H:1 R:0 T:SIGNED_MSG_TYPE_PREVOTE +2/3:<nil>(0.5) BA{4:_xx_} map[]}"
        D[2026-10-04|14:13:44.727] adding vote                                  module=consensus vote_height=1 vote_type=SIGNED_MSG_TYPE_PREVOTE val_index=3 cs_height=1 extLen=0 extSigLen=0
        D[2026-10-04|14:13:44.727] added vote to prevote                        module=consensus vote="Vote{3:C6B9EC0F12A0 1/00/SIGNED_MSG_TYPE_PREVOTE(Prevote) 857E0AD1898E 7E171074B0D4 000000000000 @ 2026-10-04T06:13:44.7279294Z}" prevotes="VoteSet{H:1 R:0 T:SIGNED_MSG_TYPE_PREVOTE +2/3:857E0AD1898E10970D153A380D8C2CFAFD3A747C99ED335A6C68F88774153BEA:1:8ECD99E16679(0.75) BA{4:_xxx} map[]}"
        D[2026-10-04|14:13:44.727] valid block we do not know about; set ProposalBlock=nil module=consensus proposal=857E0AD1898E10970D153A380D8C2CFAFD3A747C99ED335A6C68F88774153BEA block_id=857E0AD1898E10970D153A380D8C2CFAFD3A747C99ED335A6C68F88774153BEA
        I[2026-10-04|14:13:44.727] received complete proposal block             module=consensus height=1 hash=857E0AD1898E10970D153A380D8C2CFAFD3A747C99ED335A6C68F88774153BEA
        D[2026-10-04|14:13:44.727] updating valid block to new proposal block   module=consensus valid_round=0 valid_block_hash=857E0AD1898E10970D153A380D8C2CFAFD3A747C99ED335A6C68F88774153BEA
        D[2026-10-04|14:13:44.727] entering precommit step                      module=consensus height=1 round=0 current=1/0/RoundStepPropose
        D[2026-10-04|14:13:44.727] precommit step; +2/3 prevoted proposal block; locking module=consensus height=1 round=0 hash=857E0AD1898E10970D153A380D8C2CFAFD3A747C99ED335A6C68F88774153BEA
        D[2026-10-04|14:13:44.727] signed and pushed vote                       module=consensus height=1 round=0 vote="Vote{0:082E4A2C1BBB 1/00/SIGNED_MSG_TYPE_PRECOMMIT(Precommit) 857E0AD1898E 5F2F9D59EC5C 000000000000 @ 2026-10-04T06:13:44.7279294Z}"
        D[2026-10-04|14:13:44.727] entering prevote step with invalid args      module=consensus height=1 round=0 current=1/0/RoundStepPrecommit
        D[2026-10-04|14:13:44.727] entering precommit step with invalid args    module=consensus height=1 round=0 current=1/0/RoundStepPrecommit
        I[2026-10-04|14:13:44.729] service start                                module=events msg="Starting EventBus service" impl=EventBus
        I[2026-10-04|14:13:44.729] service start                                module=pubsub msg="Starting PubSub service" impl=PubSub
        D[2026-10-04|14:13:44.729] adding vote                                  module=consensus vote_height=1 vote_type=SIGNED_MSG_TYPE_PREVOTE val_index=1 cs_height=1 extLen=0 extSigLen=0
        D[2026-10-04|14:13:44.729] added vote to prevote                        module=consensus vote="Vote{1:34144F83DFB5 1/00/SIGNED_MSG_TYPE_PREVOTE(Prevote) 58EAB6053B67 D59C15306673 000000000000 @ 2026-10-04T06:13:44.7294807Z}" prevotes="VoteSet{H:1 R:0 T:SIGNED_MSG_TYPE_PREVOTE +2/3:<nil>(0.25) BA{4:_x__} map[]}"
        D[2026-10-04|14:13:44.729] adding vote                                  module=consensus vote_height=1 vote_type=SIGNED_MSG_TYPE_PREVOTE val_index=2 cs_height=1 extLen=0 extSigLen=0
        D[2026-10-04|14:13:44.729] added vote to prevote                        module=consensus vote="Vote{2:F0E8BD7BB6A4 1/00/SIGNED_MSG_TYPE_PREVOTE(Prevote) 58EAB6053B67 E892B9B067E6 000000000000 @ 2026-10-04T06:13:44.7294807Z}" prevotes="VoteSet{H:1 R:0 T:SIGNED_MSG_TYPE_PREVOTE +2/3:<nil>(0.5) BA{4:_xx_} map[]}"
        D[2026-10-04|14:13:44.729] adding vote                                  module=consensus vote_height=1 vote_type=SIGNED_MSG_TYPE_PREVOTE val_index=3 cs_height=1 extLen=0 extSigLen=0
        D[2026-10-04|14:13:44.729] added vote to prevote                        module=consensus vote="Vote{3:FAA34C4AFF34 1/00/SIGNED_MSG_TYPE_PREVOTE(Prevote) 58EAB6053B67 D6172412290E 000000000000 @ 2026-10-04T06:13:44.7294807Z}" prevotes="VoteSet{H:1 R:0 T:SIGNED_MSG_TYPE_PREVOTE +2/3:58EAB6053B67CCA5183CC6CEECB976C78F9161C09ED9FD312BBD1F74DA1F313E:1:31AEA7A55C3F(0.75) BA{4:_xxx} map[]}"
        D[2026-10-04|14:13:44.729] valid block we do not know about; set ProposalBlock=nil module=consensus proposal=58EAB6053B67CCA5183CC6CEECB976C78F9161C09ED9FD312BBD1F74DA1F313E block_id=58EAB6053B67CCA5183CC6CEECB976C78F9161C09ED9FD312BBD1F74DA1F313E
        D[2026-10-04|14:13:44.729] entering prevote wait step                   module=consensus height=1 round=0 current=1/0/RoundStepPrevote
        I[2026-10-04|14:13:44.729] received complete proposal block             module=consensus height=1 hash=58EAB6053B67CCA5183CC6CEECB976C78F9161C09ED9FD312BBD1F74DA1F313E
        D[2026-10-04|14:13:44.729] updating valid block to new proposal block   module=consensus valid_round=0 valid_block_hash=58EAB6053B67CCA5183CC6CEECB976C78F9161C09ED9FD312BBD1F74DA1F313E
        D[2026-10-04|14:13:44.729] entering precommit step                      module=consensus height=1 round=0 current=1/0/RoundStepPrevoteWait
        D[2026-10-04|14:13:44.729] precommit step; +2/3 prevoted proposal block; locking module=consensus height=1 round=0 hash=58EAB6053B67CCA5183CC6CEECB976C78F9161C09ED9FD312BBD1F74DA1F313E
        D[2026-10-04|14:13:44.729] signed and pushed vote                       module=consensus height=1 round=0 vote="Vote{0:28E73650E4F2 1/00/SIGNED_MSG_TYPE_PRECOMMIT(Precommit) 58EAB6053B67 017B2820C724 000000000000 @ 2026-10-04T06:13:44.7299992Z}"
        D[2026-10-04|14:13:44.729] entering prevote step with invalid args      module=consensus height=1 round=0 current=1/0/RoundStepPrecommit
        D[2026-10-04|14:13:44.729] entering precommit step with invalid args    module=consensus height=1 round=0 current=1/0/RoundStepPrecommit
        I[2026-10-04|14:13:44.731] service start                                module=events msg="Starting EventBus service" impl=EventBus
        I[2026-10-04|14:13:44.731] service start                                module=pubsub msg="Starting PubSub service" impl=PubSub
        D[2026-10-04|14:13:44.732] adding vote                                  module=consensus vote_height=1 vote_type=SIGNED_MSG_TYPE_PREVOTE val_index=1 cs_height=1 extLen=0 extSigLen=0
        D[2026-10-04|14:13:44.732] added vote to prevote                        module=consensus vote="Vote{1:75207EDEAC8A 1/00/SIGNED_MSG_TYPE_PREVOTE(Prevote) 7EED22593E66 62DC7C63FF29 000000000000 @ 2026-10-04T06:13:44.7320832Z}" prevotes="VoteSet{H:1 R:0 T:SIGNED_MSG_TYPE_PREVOTE +2/3:<nil>(0.25) BA{4:_x__} map[]}"
        D[2026-10-04|14:13:44.732] adding vote                                  module=consensus vote_height=1 vote_type=SIGNED_MSG_TYPE_PREVOTE val_index=2 cs_height=1 extLen=0 extSigLen=0
        D[2026-10-04|14:13:44.732] added vote to prevote                        module=consensus vote="Vote{2:B5B9B0B8712A 1/00/SIGNED_MSG_TYPE_PREVOTE(Prevote) 7EED22593E66 354C46554557 000000000000 @ 2026-10-04T06:13:44.7320832Z}" prevotes="VoteSet{H:1 R:0 T:SIGNED_MSG_TYPE_PREVOTE +2/3:<nil>(0.5) BA{4:_xx_} map[]}"
        D[2026-10-04|14:13:44.732] adding vote                                  module=consensus vote_height=1 vote_type=SIGNED_MSG_TYPE_PREVOTE val_index=3 cs_height=1 extLen=0 extSigLen=0
        D[2026-10-04|14:13:44.732] added vote to prevote                        module=consensus vote="Vote{3:ECECCA912005 1/00/SIGNED_MSG_TYPE_PREVOTE(Prevote) 7EED22593E66 21E8C8AA4911 000000000000 @ 2026-10-04T06:13:44.7320832Z}" prevotes="VoteSet{H:1 R:0 T:SIGNED_MSG_TYPE_PREVOTE +2/3:7EED22593E6657DF03E1F6408A208000508C9A516AD8F811ED5B6BDEFCDBF24A:1:A9018B15514D(0.75) BA{4:_xxx} map[]}"
        D[2026-10-04|14:13:44.732] updating valid block because of POL          module=consensus valid_round=-1 pol_round=0
        D[2026-10-04|14:13:44.732] entering precommit step                      module=consensus height=1 round=0 current=1/0/RoundStepPrevote
        D[2026-10-04|14:13:44.732] precommit step; +2/3 prevoted proposal block; locking module=consensus height=1 round=0 hash=7EED22593E6657DF03E1F6408A208000508C9A516AD8F811ED5B6BDEFCDBF24A
        D[2026-10-04|14:13:44.732] signed and pushed vote                       module=consensus height=1 round=0 vote="Vote{0:69B109A526AE 1/00/SIGNED_MSG_TYPE_PRECOMMIT(Precommit) 7EED22593E66 F27171F5AC04 000000000000 @ 2026-10-04T06:13:44.7320832Z}"
        D[2026-10-04|14:13:44.732] entering prevote step with invalid args      module=consensus height=1 round=0 current=1/0/RoundStepPrecommit
        D[2026-10-04|14:13:44.732] entering precommit step with invalid args    module=consensus height=1 round=0 current=1/0/RoundStepPrecommit
        I[2026-10-04|14:13:44.732] service stop                                 module=events msg="Stopping EventBus service" impl=EventBus
        I[2026-10-04|14:13:44.732] service stop                                 module=pubsub msg="Stopping PubSub service" impl=PubSub
        I[2026-10-04|14:13:44.732] service stop                                 module=events msg="Stopping EventBus service" impl=EventBus
        I[2026-10-04|14:13:44.732] service stop                                 module=pubsub msg="Stopping PubSub service" impl=PubSub
        I[2026-10-04|14:13:44.732] service stop                                 module=events msg="Stopping EventBus service" impl=EventBus
        I[2026-10-04|14:13:44.732] service stop                                 module=pubsub msg="Stopping PubSub service" impl=PubSub
        === RUN   TestStableHashIdentityCases/late_parts_after_nil_precommit
        I[2026-10-04|14:13:44.733] service start                                module=events msg="Starting EventBus service" impl=EventBus
        I[2026-10-04|14:13:44.733] service start                                module=pubsub msg="Starting PubSub service" impl=PubSub
        D[2026-10-04|14:13:44.734] entering precommit step                      module=consensus height=1 round=0 current=1/0/RoundStepNewHeight
        D[2026-10-04|14:13:44.734] precommit step; +2/3 prevotes for a block we do not have; voting nil module=consensus height=1 round=0 block_id=D95D11236EF2CD35CAA109AB2046BE96ACC8789DF4B63E60D6F12B612BD1AD0C:1:C28E0FF223E1
        D[2026-10-04|14:13:44.734] signed and pushed vote                       module=consensus height=1 round=0 vote="Vote{0:57D9B6DE6275 1/00/SIGNED_MSG_TYPE_PRECOMMIT(Precommit) 000000000000 A8A66ABC834A 000000000000 @ 2026-10-04T06:13:44.7342755Z}"
        I[2026-10-04|14:13:44.734] received complete proposal block             module=consensus height=1 hash=D95D11236EF2CD35CAA109AB2046BE96ACC8789DF4B63E60D6F12B612BD1AD0C
        D[2026-10-04|14:13:44.734] updating valid block to new proposal block   module=consensus valid_round=0 valid_block_hash=D95D11236EF2CD35CAA109AB2046BE96ACC8789DF4B63E60D6F12B612BD1AD0C
        D[2026-10-04|14:13:44.734] entering precommit step with invalid args    module=consensus height=1 round=0 current=1/0/RoundStepPrecommit
        I[2026-10-04|14:13:44.734] service stop                                 module=events msg="Stopping EventBus service" impl=EventBus
        I[2026-10-04|14:13:44.734] service stop                                 module=pubsub msg="Stopping PubSub service" impl=PubSub
        --- PASS: TestStableHashIdentityCases (0.05s)
            --- PASS: TestStableHashIdentityCases/commit_fetch (0.01s)
            --- PASS: TestStableHashIdentityCases/finalize_waits (0.01s)
            --- PASS: TestStableHashIdentityCases/precommit (0.01s)
            --- PASS: TestStableHashIdentityCases/valid_block (0.00s)
            --- PASS: TestStableHashIdentityCases/pol_rounds (0.01s)
            --- PASS: TestStableHashIdentityCases/exact_precommit (0.00s)
            --- PASS: TestStableHashIdentityCases/proposal_binding (0.00s)
            --- PASS: TestStableHashIdentityCases/qc_without_matching_proposal (0.01s)
            --- PASS: TestStableHashIdentityCases/late_parts_after_nil_precommit (0.00s)
        PASS
--- PASS: TestStableHashIdentity (0.16s)
=== RUN   TestStableHashIdentityCases
    block_identity_test.go:114: run in isolated key-configured process
--- SKIP: TestStableHashIdentityCases (0.00s)
PASS
ok  	github.com/cometbft/cometbft/consensus	0.317s
