=== RUN   TestFeeClosureMultipleObligations
=== RUN   TestFeeClosureMultipleObligations/owner=false/paid=0/surplus=0
=== RUN   TestFeeClosureMultipleObligations/owner=false/paid=0/surplus=17
=== RUN   TestFeeClosureMultipleObligations/owner=false/paid=1/surplus=0
=== RUN   TestFeeClosureMultipleObligations/owner=false/paid=1/surplus=17
=== RUN   TestFeeClosureMultipleObligations/owner=false/paid=2/surplus=0
=== RUN   TestFeeClosureMultipleObligations/owner=false/paid=2/surplus=17
=== RUN   TestFeeClosureMultipleObligations/owner=true/paid=0/surplus=0
=== RUN   TestFeeClosureMultipleObligations/owner=true/paid=0/surplus=17
=== RUN   TestFeeClosureMultipleObligations/owner=true/paid=1/surplus=0
=== RUN   TestFeeClosureMultipleObligations/owner=true/paid=1/surplus=17
=== RUN   TestFeeClosureMultipleObligations/owner=true/paid=2/surplus=0
=== RUN   TestFeeClosureMultipleObligations/owner=true/paid=2/surplus=17
--- PASS: TestFeeClosureMultipleObligations (0.06s)
    --- PASS: TestFeeClosureMultipleObligations/owner=false/paid=0/surplus=0 (0.01s)
    --- PASS: TestFeeClosureMultipleObligations/owner=false/paid=0/surplus=17 (0.01s)
    --- PASS: TestFeeClosureMultipleObligations/owner=false/paid=1/surplus=0 (0.00s)
    --- PASS: TestFeeClosureMultipleObligations/owner=false/paid=1/surplus=17 (0.00s)
    --- PASS: TestFeeClosureMultipleObligations/owner=false/paid=2/surplus=0 (0.00s)
    --- PASS: TestFeeClosureMultipleObligations/owner=false/paid=2/surplus=17 (0.00s)
    --- PASS: TestFeeClosureMultipleObligations/owner=true/paid=0/surplus=0 (0.00s)
    --- PASS: TestFeeClosureMultipleObligations/owner=true/paid=0/surplus=17 (0.00s)
    --- PASS: TestFeeClosureMultipleObligations/owner=true/paid=1/surplus=0 (0.00s)
    --- PASS: TestFeeClosureMultipleObligations/owner=true/paid=1/surplus=17 (0.00s)
    --- PASS: TestFeeClosureMultipleObligations/owner=true/paid=2/surplus=0 (0.00s)
    --- PASS: TestFeeClosureMultipleObligations/owner=true/paid=2/surplus=17 (0.00s)
=== RUN   TestFeeClosureFulfillmentBeforeCompensation
=== RUN   TestFeeClosureFulfillmentBeforeCompensation/owner=false
=== RUN   TestFeeClosureFulfillmentBeforeCompensation/owner=true
--- PASS: TestFeeClosureFulfillmentBeforeCompensation (0.01s)
    --- PASS: TestFeeClosureFulfillmentBeforeCompensation/owner=false (0.00s)
    --- PASS: TestFeeClosureFulfillmentBeforeCompensation/owner=true (0.00s)
PASS
ok  	utxo/internal/rules	0.506s
