[
  {
    "root": "main.tex",
    "labels": 71,
    "references": 36,
    "citation_keys": 22,
    "unresolved_references": [],
    "duplicate_labels": [],
    "unknown_citations": [],
    "missing_figures": []
  },
  {
    "root": "main-zh.tex",
    "labels": 71,
    "references": 36,
    "citation_keys": 22,
    "unresolved_references": [],
    "duplicate_labels": [],
    "unknown_citations": [],
    "missing_figures": []
  },
  {
    "root": "supplement-main.tex",
    "labels": 41,
    "references": 13,
    "citation_keys": 1,
    "unresolved_references": [],
    "duplicate_labels": [],
    "unknown_citations": [],
    "missing_figures": []
  },
  {
    "root": "supplement-main-zh.tex",
    "labels": 41,
    "references": 13,
    "citation_keys": 1,
    "unresolved_references": [],
    "duplicate_labels": [],
    "unknown_citations": [],
    "missing_figures": []
  }
]
Bilingual references, display equations, proof counts and table numbers match.
