=== RUN   TestBlockFollowerMissingRepairLateAndDuplicate
=== RUN   TestBlockFollowerMissingRepairLateAndDuplicate/source_arrives
=== RUN   TestBlockFollowerMissingRepairLateAndDuplicate/repair_then_late
=== RUN   TestBlockFollowerMissingRepairLateAndDuplicate/partial_repair_then_late
=== RUN   TestBlockFollowerMissingRepairLateAndDuplicate/child_parent_same_block
=== RUN   TestBlockFollowerMissingRepairLateAndDuplicate/owner_source
=== RUN   TestBlockFollowerMissingRepairLateAndDuplicate/owner_repair
=== RUN   TestBlockFollowerMissingRepairLateAndDuplicate/batch_owner_repair
=== RUN   TestBlockFollowerMissingRepairLateAndDuplicate/batch_late_signer
=== RUN   TestBlockFollowerMissingRepairLateAndDuplicate/owner_same_block
=== RUN   TestBlockFollowerMissingRepairLateAndDuplicate/owner_multiple_refunds
=== RUN   TestBlockFollowerMissingRepairLateAndDuplicate/projection_source
=== RUN   TestBlockFollowerMissingRepairLateAndDuplicate/projection_repair
=== RUN   TestBlockFollowerMissingRepairLateAndDuplicate/late_extra_signer
--- PASS: TestBlockFollowerMissingRepairLateAndDuplicate (0.13s)
    --- PASS: TestBlockFollowerMissingRepairLateAndDuplicate/source_arrives (0.01s)
    --- PASS: TestBlockFollowerMissingRepairLateAndDuplicate/repair_then_late (0.01s)
    --- PASS: TestBlockFollowerMissingRepairLateAndDuplicate/partial_repair_then_late (0.01s)
    --- PASS: TestBlockFollowerMissingRepairLateAndDuplicate/child_parent_same_block (0.01s)
    --- PASS: TestBlockFollowerMissingRepairLateAndDuplicate/owner_source (0.01s)
    --- PASS: TestBlockFollowerMissingRepairLateAndDuplicate/owner_repair (0.02s)
    --- PASS: TestBlockFollowerMissingRepairLateAndDuplicate/batch_owner_repair (0.01s)
    --- PASS: TestBlockFollowerMissingRepairLateAndDuplicate/batch_late_signer (0.01s)
    --- PASS: TestBlockFollowerMissingRepairLateAndDuplicate/owner_same_block (0.01s)
    --- PASS: TestBlockFollowerMissingRepairLateAndDuplicate/owner_multiple_refunds (0.01s)
    --- PASS: TestBlockFollowerMissingRepairLateAndDuplicate/projection_source (0.01s)
    --- PASS: TestBlockFollowerMissingRepairLateAndDuplicate/projection_repair (0.01s)
    --- PASS: TestBlockFollowerMissingRepairLateAndDuplicate/late_extra_signer (0.01s)
PASS
ok  	utxo/internal/member	0.344s
