=== RUN   TestFeeClosureMultipleObligations
=== RUN   TestFeeClosureMultipleObligations/owner=false/paid=0/surplus=0
=== RUN   TestFeeClosureMultipleObligations/owner=false/paid=0/surplus=17
=== RUN   TestFeeClosureMultipleObligations/owner=false/paid=1/surplus=0
=== RUN   TestFeeClosureMultipleObligations/owner=false/paid=1/surplus=17
=== RUN   TestFeeClosureMultipleObligations/owner=false/paid=2/surplus=0
=== RUN   TestFeeClosureMultipleObligations/owner=false/paid=2/surplus=17
=== RUN   TestFeeClosureMultipleObligations/owner=true/paid=0/surplus=0
=== RUN   TestFeeClosureMultipleObligations/owner=true/paid=0/surplus=17
=== RUN   TestFeeClosureMultipleObligations/owner=true/paid=1/surplus=0
=== RUN   TestFeeClosureMultipleObligations/owner=true/paid=1/surplus=17
=== RUN   TestFeeClosureMultipleObligations/owner=true/paid=2/surplus=0
=== RUN   TestFeeClosureMultipleObligations/owner=true/paid=2/surplus=17
--- PASS: TestFeeClosureMultipleObligations (0.05s)
    --- PASS: TestFeeClosureMultipleObligations/owner=false/paid=0/surplus=0 (0.01s)
    --- PASS: TestFeeClosureMultipleObligations/owner=false/paid=0/surplus=17 (0.01s)
    --- PASS: TestFeeClosureMultipleObligations/owner=false/paid=1/surplus=0 (0.00s)
    --- PASS: TestFeeClosureMultipleObligations/owner=false/paid=1/surplus=17 (0.01s)
    --- PASS: TestFeeClosureMultipleObligations/owner=false/paid=2/surplus=0 (0.00s)
    --- PASS: TestFeeClosureMultipleObligations/owner=false/paid=2/surplus=17 (0.00s)
    --- PASS: TestFeeClosureMultipleObligations/owner=true/paid=0/surplus=0 (0.00s)
    --- PASS: TestFeeClosureMultipleObligations/owner=true/paid=0/surplus=17 (0.00s)
    --- PASS: TestFeeClosureMultipleObligations/owner=true/paid=1/surplus=0 (0.00s)
    --- PASS: TestFeeClosureMultipleObligations/owner=true/paid=1/surplus=17 (0.00s)
    --- PASS: TestFeeClosureMultipleObligations/owner=true/paid=2/surplus=0 (0.00s)
    --- PASS: TestFeeClosureMultipleObligations/owner=true/paid=2/surplus=17 (0.00s)
PASS
ok  	utxo/internal/rules	0.531s
=== RUN   TestPublicAuthorizationAtABCIEntry
=== RUN   TestPublicAuthorizationAtABCIEntry/unrelated-qc
=== RUN   TestPublicAuthorizationAtABCIEntry/forged-qc
=== RUN   TestPublicAuthorizationAtABCIEntry/forged-owner
--- PASS: TestPublicAuthorizationAtABCIEntry (0.01s)
    --- PASS: TestPublicAuthorizationAtABCIEntry/unrelated-qc (0.00s)
    --- PASS: TestPublicAuthorizationAtABCIEntry/forged-qc (0.00s)
    --- PASS: TestPublicAuthorizationAtABCIEntry/forged-owner (0.00s)
PASS
ok  	utxo/internal/committee	0.177s
