[
  {
    "Name": "org0-member0",
    "Approvals": 1,
    "Pending": 0,
    "Payments": 0,
    "Closed": 0,
    "CAL": "",
    "FUEL": "",
    "Rewards": "",
    "Burned": ""
  },
  {
    "Name": "org0-member1",
    "Approvals": 1,
    "Pending": 0,
    "Payments": 0,
    "Closed": 0,
    "CAL": "",
    "FUEL": "",
    "Rewards": "",
    "Burned": ""
  },
  {
    "Name": "org0-member2",
    "Approvals": 1,
    "Pending": 0,
    "Payments": 0,
    "Closed": 0,
    "CAL": "",
    "FUEL": "",
    "Rewards": "",
    "Burned": ""
  },
  {
    "Name": "org0-member3",
    "Approvals": 1,
    "Pending": 0,
    "Payments": 0,
    "Closed": 0,
    "CAL": "",
    "FUEL": "",
    "Rewards": "",
    "Burned": ""
  },
  {
    "Name": "gateway0",
    "Approvals": 0,
    "Pending": 0,
    "Payments": 0,
    "Closed": 0,
    "CAL": "",
    "FUEL": "",
    "Rewards": "",
    "Burned": ""
  },
  {
    "Name": "committee0",
    "Approvals": 0,
    "Pending": 0,
    "Payments": 1,
    "Closed": 1,
    "CAL": "2000000000200",
    "FUEL": "2000000000000",
    "Rewards": "84",
    "Burned": "10",
    "StateHash": "f4f288a7cf0dfe4b682c6485f82d271940fdb0184f7d1a2180962ab8b837388d",
    "Gap": "0"
  },
  {
    "Name": "committee1",
    "Approvals": 0,
    "Pending": 0,
    "Payments": 1,
    "Closed": 1,
    "CAL": "2000000000200",
    "FUEL": "2000000000000",
    "Rewards": "84",
    "Burned": "10",
    "StateHash": "f4f288a7cf0dfe4b682c6485f82d271940fdb0184f7d1a2180962ab8b837388d",
    "Gap": "0"
  },
  {
    "Name": "committee2",
    "Approvals": 0,
    "Pending": 0,
    "Payments": 1,
    "Closed": 1,
    "CAL": "2000000000200",
    "FUEL": "2000000000000",
    "Rewards": "84",
    "Burned": "10",
    "StateHash": "f4f288a7cf0dfe4b682c6485f82d271940fdb0184f7d1a2180962ab8b837388d",
    "Gap": "0"
  },
  {
    "Name": "committee3",
    "Approvals": 0,
    "Pending": 0,
    "Payments": 1,
    "Closed": 1,
    "CAL": "2000000000200",
    "FUEL": "2000000000000",
    "Rewards": "84",
    "Burned": "10",
    "StateHash": "f4f288a7cf0dfe4b682c6485f82d271940fdb0184f7d1a2180962ab8b837388d",
    "Gap": "0"
  }
]
Supply and original-debit accounting verified: /Users/richz/lab/man/utxo-fastpay-v12/.run/chain-v3-wait_final-1-r3/reports/audit.json
{"checks":"exact chain links, receive-before-build, every input consumed once, final owner/output, no open or repaired obligations","hops":1,"obligations":null,"verified":true}
