/Users/richz/lab/man/utxo-fastpay-v12/.run/opt2-verify/.scratch/comet-src
ok  	utxo/cmd/bench	(cached)
ok  	utxo/cmd/committee	(cached)
ok  	utxo/cmd/gateway	(cached)
ok  	utxo/cmd/internal/config	(cached)
?   	utxo/cmd/member	[no test files]
ok  	utxo/cmd/payctl	(cached)
ok  	utxo/crypto/chameleon	(cached)
?   	utxo/docs/experiments/database-audit-2026-09-20/probe	[no test files]
ok  	utxo/finality	(cached)
ok  	utxo/internal/blockfollow	(cached)
ok  	utxo/internal/committee	(cached)
ok  	utxo/internal/gateway	(cached)
ok  	utxo/internal/member	(cached)
ok  	utxo/internal/redaction	(cached)
ok  	utxo/internal/requesttrace	(cached)
ok  	utxo/internal/rules	(cached)
?   	utxo/internal/state	[no test files]
ok  	utxo/internal/store	(cached)
?   	utxo/internal/testkit	[no test files]
ok  	utxo/internal/transport	(cached)
?   	utxo/internal/wallet	[no test files]
ok  	utxo/protocol	(cached)
ok  	utxo/internal/store	(cached)
ok  	utxo/internal/gateway	(cached)
ok  	utxo/cmd/gateway	(cached)
ok  	utxo/internal/transport	2.917s
?   	utxo/cmd/member	[no test files]
VERIFICATION_COMPLETE
