[
  {
    "Name": "org0-member0",
    "Approvals": 1,
    "Pending": 0,
    "Payments": 0,
    "Closed": 0,
    "CAL": "",
    "FUEL": "",
    "Rewards": "",
    "Burned": ""
  },
  {
    "Name": "org0-member1",
    "Approvals": 1,
    "Pending": 0,
    "Payments": 0,
    "Closed": 0,
    "CAL": "",
    "FUEL": "",
    "Rewards": "",
    "Burned": ""
  },
  {
    "Name": "org0-member2",
    "Approvals": 1,
    "Pending": 0,
    "Payments": 0,
    "Closed": 0,
    "CAL": "",
    "FUEL": "",
    "Rewards": "",
    "Burned": ""
  },
  {
    "Name": "org0-member3",
    "Approvals": 1,
    "Pending": 0,
    "Payments": 0,
    "Closed": 0,
    "CAL": "",
    "FUEL": "",
    "Rewards": "",
    "Burned": ""
  },
  {
    "Name": "gateway0",
    "Approvals": 0,
    "Pending": 0,
    "Payments": 0,
    "Closed": 0,
    "CAL": "",
    "FUEL": "",
    "Rewards": "",
    "Burned": ""
  },
  {
    "Name": "org1-member0",
    "Approvals": 1,
    "Pending": 0,
    "Payments": 0,
    "Closed": 0,
    "CAL": "",
    "FUEL": "",
    "Rewards": "",
    "Burned": ""
  },
  {
    "Name": "org1-member1",
    "Approvals": 1,
    "Pending": 0,
    "Payments": 0,
    "Closed": 0,
    "CAL": "",
    "FUEL": "",
    "Rewards": "",
    "Burned": ""
  },
  {
    "Name": "org1-member2",
    "Approvals": 1,
    "Pending": 0,
    "Payments": 0,
    "Closed": 0,
    "CAL": "",
    "FUEL": "",
    "Rewards": "",
    "Burned": ""
  },
  {
    "Name": "org1-member3",
    "Approvals": 1,
    "Pending": 0,
    "Payments": 0,
    "Closed": 0,
    "CAL": "",
    "FUEL": "",
    "Rewards": "",
    "Burned": ""
  },
  {
    "Name": "gateway1",
    "Approvals": 0,
    "Pending": 0,
    "Payments": 0,
    "Closed": 0,
    "CAL": "",
    "FUEL": "",
    "Rewards": "",
    "Burned": ""
  },
  {
    "Name": "committee0",
    "Approvals": 0,
    "Pending": 0,
    "Payments": 2,
    "Closed": 2,
    "CAL": "2000000090000",
    "FUEL": "2000000000000",
    "Rewards": "173",
    "Burned": "20",
    "StateHash": "dd0ec66c342e5dacab39d5f8651c259201d35d9ea7c8b6cd6296b9342f8a8cb2",
    "Gap": "0",
    "Revisions": 1,
    "Recovery": {
      "UserCAL": {
        "5e9e0583e9d95e35732c8431440d34ad40aa4c7c150507f58e36e8e0eae6596e": 45000,
        "b59304e0846fc68f015a62e1e0aa83f6a303e31ac1a26bacac0f51d8e1fb5a6f": 45000
      },
      "Open": 0,
      "Fulfilled": 0,
      "Repaired": 0,
      "Recovered": 1,
      "PaidCAL": 100,
      "RecoveredCAL": 100,
      "Reserves": [
        {
          "Organization": "ffb65bf7f37a0ecf7842adfa3aef064a5acadd9c9aa063f910287713d00684ca",
          "Balance": 1000000000000,
          "Spent": 0,
          "Reserved": 0
        },
        {
          "Organization": "20199cbfbf89ace7a5aa5817226208154db58f686463239a57600eccdbf1548b",
          "Balance": 1000000000000,
          "Spent": 0,
          "Reserved": 0
        }
      ]
    }
  },
  {
    "Name": "committee1",
    "Approvals": 0,
    "Pending": 0,
    "Payments": 2,
    "Closed": 2,
    "CAL": "2000000090000",
    "FUEL": "2000000000000",
    "Rewards": "173",
    "Burned": "20",
    "StateHash": "dd0ec66c342e5dacab39d5f8651c259201d35d9ea7c8b6cd6296b9342f8a8cb2",
    "Gap": "0",
    "Revisions": 1,
    "Recovery": {
      "UserCAL": {
        "5e9e0583e9d95e35732c8431440d34ad40aa4c7c150507f58e36e8e0eae6596e": 45000,
        "b59304e0846fc68f015a62e1e0aa83f6a303e31ac1a26bacac0f51d8e1fb5a6f": 45000
      },
      "Open": 0,
      "Fulfilled": 0,
      "Repaired": 0,
      "Recovered": 1,
      "PaidCAL": 100,
      "RecoveredCAL": 100,
      "Reserves": [
        {
          "Organization": "ffb65bf7f37a0ecf7842adfa3aef064a5acadd9c9aa063f910287713d00684ca",
          "Balance": 1000000000000,
          "Spent": 0,
          "Reserved": 0
        },
        {
          "Organization": "20199cbfbf89ace7a5aa5817226208154db58f686463239a57600eccdbf1548b",
          "Balance": 1000000000000,
          "Spent": 0,
          "Reserved": 0
        }
      ]
    }
  },
  {
    "Name": "committee2",
    "Approvals": 0,
    "Pending": 0,
    "Payments": 2,
    "Closed": 2,
    "CAL": "2000000090000",
    "FUEL": "2000000000000",
    "Rewards": "173",
    "Burned": "20",
    "StateHash": "dd0ec66c342e5dacab39d5f8651c259201d35d9ea7c8b6cd6296b9342f8a8cb2",
    "Gap": "0",
    "Revisions": 1,
    "Recovery": {
      "UserCAL": {
        "5e9e0583e9d95e35732c8431440d34ad40aa4c7c150507f58e36e8e0eae6596e": 45000,
        "b59304e0846fc68f015a62e1e0aa83f6a303e31ac1a26bacac0f51d8e1fb5a6f": 45000
      },
      "Open": 0,
      "Fulfilled": 0,
      "Repaired": 0,
      "Recovered": 1,
      "PaidCAL": 100,
      "RecoveredCAL": 100,
      "Reserves": [
        {
          "Organization": "ffb65bf7f37a0ecf7842adfa3aef064a5acadd9c9aa063f910287713d00684ca",
          "Balance": 1000000000000,
          "Spent": 0,
          "Reserved": 0
        },
        {
          "Organization": "20199cbfbf89ace7a5aa5817226208154db58f686463239a57600eccdbf1548b",
          "Balance": 1000000000000,
          "Spent": 0,
          "Reserved": 0
        }
      ]
    }
  },
  {
    "Name": "committee3",
    "Approvals": 0,
    "Pending": 0,
    "Payments": 2,
    "Closed": 2,
    "CAL": "2000000090000",
    "FUEL": "2000000000000",
    "Rewards": "173",
    "Burned": "20",
    "StateHash": "dd0ec66c342e5dacab39d5f8651c259201d35d9ea7c8b6cd6296b9342f8a8cb2",
    "Gap": "0",
    "Revisions": 1,
    "Recovery": {
      "UserCAL": {
        "5e9e0583e9d95e35732c8431440d34ad40aa4c7c150507f58e36e8e0eae6596e": 45000,
        "b59304e0846fc68f015a62e1e0aa83f6a303e31ac1a26bacac0f51d8e1fb5a6f": 45000
      },
      "Open": 0,
      "Fulfilled": 0,
      "Repaired": 0,
      "Recovered": 1,
      "PaidCAL": 100,
      "RecoveredCAL": 100,
      "Reserves": [
        {
          "Organization": "ffb65bf7f37a0ecf7842adfa3aef064a5acadd9c9aa063f910287713d00684ca",
          "Balance": 1000000000000,
          "Spent": 0,
          "Reserved": 0
        },
        {
          "Organization": "20199cbfbf89ace7a5aa5817226208154db58f686463239a57600eccdbf1548b",
          "Balance": 1000000000000,
          "Spent": 0,
          "Reserved": 0
        }
      ]
    }
  }
]
Supply and original-debit accounting verified: /Users/richz/lab/man/utxo-c3-20261002/.run/paused-2/reports/audit.json
