Child finalized; observing withheld-source outcome.
{
  "child_block_observed_ms": 1341.01025,
  "child_fast_ms": 13.916375,
  "child_output": "0f517a7df6556e05abb1b4c7a02ea70ebb8ed5cb6274c5c10977fa0e459941e1",
  "compensation_observed_ms": 35814.401667,
  "late_parent_reserve_recovered": true,
  "parent_fast_ms": 9.04175,
  "parent_output": "a50fa62feadf65f335b7d2ed988163e8e7e5bf1df1f608041c7e86b5992db475",
  "parent_withheld": true,
  "physical_repair": {
    "DeadlineUnix": 1790919027,
    "DeadlineObservedUnixNS": 1790919033613481000,
    "ProbeRequests": 97,
    "ProbeErrors": 0,
    "ProbeTimeNS": 13427709,
    "MaxProbeNS": 426167,
    "Nodes": [
      {
        "URL": "http://127.0.0.1:28100",
        "CommittedUnixNS": 1790919039130010000,
        "MaterializedUnixNS": 1790919039381724000,
        "Snapshot": {
          "Committed": true,
          "Materialized": true,
          "IdentityStable": true,
          "BytesChanged": true,
          "CommitHeight": 9,
          "TargetHeight": 1,
          "Revision": 1
        }
      },
      {
        "URL": "http://127.0.0.1:28101",
        "CommittedUnixNS": 1790919039130434000,
        "MaterializedUnixNS": 1790919039382151000,
        "Snapshot": {
          "Committed": true,
          "Materialized": true,
          "IdentityStable": true,
          "BytesChanged": true,
          "CommitHeight": 9,
          "TargetHeight": 1,
          "Revision": 1
        }
      },
      {
        "URL": "http://127.0.0.1:28102",
        "CommittedUnixNS": 1790919039130816000,
        "MaterializedUnixNS": 1790919039382555000,
        "Snapshot": {
          "Committed": true,
          "Materialized": true,
          "IdentityStable": true,
          "BytesChanged": true,
          "CommitHeight": 9,
          "TargetHeight": 1,
          "Revision": 1
        }
      },
      {
        "URL": "http://127.0.0.1:28103",
        "CommittedUnixNS": 1790919039131175000,
        "MaterializedUnixNS": 1790919039382981000,
        "Snapshot": {
          "Committed": true,
          "Materialized": true,
          "IdentityStable": true,
          "BytesChanged": true,
          "CommitHeight": 9,
          "TargetHeight": 1,
          "Revision": 1
        }
      }
    ]
  },
  "physical_repair_observed_ms": 42735.653458,
  "timing_origin": "wallet_http_submit_v4"
}
