[
  {
    "Name": "org0-member0",
    "Approvals": 5486,
    "Pending": 0,
    "Payments": 0,
    "Closed": 0,
    "CAL": "",
    "FUEL": "",
    "Rewards": "",
    "Burned": ""
  },
  {
    "Name": "org0-member1",
    "Approvals": 5478,
    "Pending": 0,
    "Payments": 0,
    "Closed": 0,
    "CAL": "",
    "FUEL": "",
    "Rewards": "",
    "Burned": ""
  },
  {
    "Name": "org0-member2",
    "Approvals": 5485,
    "Pending": 0,
    "Payments": 0,
    "Closed": 0,
    "CAL": "",
    "FUEL": "",
    "Rewards": "",
    "Burned": ""
  },
  {
    "Name": "org0-member3",
    "Approvals": 5470,
    "Pending": 0,
    "Payments": 0,
    "Closed": 0,
    "CAL": "",
    "FUEL": "",
    "Rewards": "",
    "Burned": ""
  },
  {
    "Name": "gateway0",
    "Approvals": 0,
    "Pending": 0,
    "Payments": 0,
    "Closed": 0,
    "CAL": "",
    "FUEL": "",
    "Rewards": "",
    "Burned": ""
  },
  {
    "Name": "committee0",
    "Approvals": 0,
    "Pending": 0,
    "Payments": 5486,
    "Closed": 5486,
    "CAL": "2000001200000",
    "FUEL": "120000000",
    "Rewards": "460824",
    "Burned": "54860",
    "StateHash": "f36bf1ba1baf962bbfa7ce076ba8df1f369b5a5d29bc82005370a1ab9b8936b6",
    "Gap": "0"
  },
  {
    "Name": "committee1",
    "Approvals": 0,
    "Pending": 0,
    "Payments": 5486,
    "Closed": 5486,
    "CAL": "2000001200000",
    "FUEL": "120000000",
    "Rewards": "460824",
    "Burned": "54860",
    "StateHash": "f36bf1ba1baf962bbfa7ce076ba8df1f369b5a5d29bc82005370a1ab9b8936b6",
    "Gap": "0"
  },
  {
    "Name": "committee2",
    "Approvals": 0,
    "Pending": 0,
    "Payments": 5486,
    "Closed": 5486,
    "CAL": "2000001200000",
    "FUEL": "120000000",
    "Rewards": "460824",
    "Burned": "54860",
    "StateHash": "f36bf1ba1baf962bbfa7ce076ba8df1f369b5a5d29bc82005370a1ab9b8936b6",
    "Gap": "0"
  },
  {
    "Name": "committee3",
    "Approvals": 0,
    "Pending": 0,
    "Payments": 5486,
    "Closed": 5486,
    "CAL": "2000001200000",
    "FUEL": "120000000",
    "Rewards": "460824",
    "Burned": "54860",
    "StateHash": "f36bf1ba1baf962bbfa7ce076ba8df1f369b5a5d29bc82005370a1ab9b8936b6",
    "Gap": "0"
  }
]
Supply and original-debit accounting verified: /Users/richz/lab/man/utxo-fastpay-v12/.run/budget-owner-r3-gate-k3/reports/audit.json
