[
  {
    "Name": "org0-member0",
    "Approvals": 4,
    "Pending": 0,
    "Payments": 0,
    "Closed": 0,
    "CAL": "",
    "FUEL": "",
    "Rewards": "",
    "Burned": ""
  },
  {
    "Name": "org0-member1",
    "Approvals": 4,
    "Pending": 0,
    "Payments": 0,
    "Closed": 0,
    "CAL": "",
    "FUEL": "",
    "Rewards": "",
    "Burned": ""
  },
  {
    "Name": "org0-member2",
    "Approvals": 4,
    "Pending": 0,
    "Payments": 0,
    "Closed": 0,
    "CAL": "",
    "FUEL": "",
    "Rewards": "",
    "Burned": ""
  },
  {
    "Name": "org0-member3",
    "Approvals": 4,
    "Pending": 0,
    "Payments": 0,
    "Closed": 0,
    "CAL": "",
    "FUEL": "",
    "Rewards": "",
    "Burned": ""
  },
  {
    "Name": "gateway0",
    "Approvals": 0,
    "Pending": 0,
    "Payments": 0,
    "Closed": 0,
    "CAL": "",
    "FUEL": "",
    "Rewards": "",
    "Burned": ""
  },
  {
    "Name": "org1-member0",
    "Approvals": 4,
    "Pending": 0,
    "Payments": 0,
    "Closed": 0,
    "CAL": "",
    "FUEL": "",
    "Rewards": "",
    "Burned": ""
  },
  {
    "Name": "org1-member1",
    "Approvals": 4,
    "Pending": 0,
    "Payments": 0,
    "Closed": 0,
    "CAL": "",
    "FUEL": "",
    "Rewards": "",
    "Burned": ""
  },
  {
    "Name": "org1-member2",
    "Approvals": 4,
    "Pending": 0,
    "Payments": 0,
    "Closed": 0,
    "CAL": "",
    "FUEL": "",
    "Rewards": "",
    "Burned": ""
  },
  {
    "Name": "org1-member3",
    "Approvals": 4,
    "Pending": 0,
    "Payments": 0,
    "Closed": 0,
    "CAL": "",
    "FUEL": "",
    "Rewards": "",
    "Burned": ""
  },
  {
    "Name": "gateway1",
    "Approvals": 0,
    "Pending": 0,
    "Payments": 0,
    "Closed": 0,
    "CAL": "",
    "FUEL": "",
    "Rewards": "",
    "Burned": ""
  },
  {
    "Name": "committee0",
    "Approvals": 0,
    "Pending": 0,
    "Payments": 8,
    "Closed": 8,
    "CAL": "2000006963200",
    "FUEL": "696320000",
    "Rewards": "672",
    "Burned": "80",
    "StateHash": "8ea50152fb8361e8cf0ea28c77f55099feb1a240b34eeb52d36e2cbcaf7a21ac",
    "Gap": "0"
  },
  {
    "Name": "committee1",
    "Approvals": 0,
    "Pending": 0,
    "Payments": 8,
    "Closed": 8,
    "CAL": "2000006963200",
    "FUEL": "696320000",
    "Rewards": "672",
    "Burned": "80",
    "StateHash": "8ea50152fb8361e8cf0ea28c77f55099feb1a240b34eeb52d36e2cbcaf7a21ac",
    "Gap": "0"
  },
  {
    "Name": "committee2",
    "Approvals": 0,
    "Pending": 0,
    "Payments": 8,
    "Closed": 8,
    "CAL": "2000006963200",
    "FUEL": "696320000",
    "Rewards": "672",
    "Burned": "80",
    "StateHash": "8ea50152fb8361e8cf0ea28c77f55099feb1a240b34eeb52d36e2cbcaf7a21ac",
    "Gap": "0"
  },
  {
    "Name": "committee3",
    "Approvals": 0,
    "Pending": 0,
    "Payments": 8,
    "Closed": 8,
    "CAL": "2000006963200",
    "FUEL": "696320000",
    "Rewards": "672",
    "Burned": "80",
    "StateHash": "8ea50152fb8361e8cf0ea28c77f55099feb1a240b34eeb52d36e2cbcaf7a21ac",
    "Gap": "0"
  }
]
Supply and original-debit accounting verified: /Users/richz/lab/man/utxo-e7/.run/e7-cold-r6/reports/audit.json
