[
  {
    "Name": "org0-member0",
    "Approvals": 300,
    "Pending": 0,
    "Payments": 0,
    "Closed": 0,
    "CAL": "",
    "FUEL": "",
    "Rewards": "",
    "Burned": ""
  },
  {
    "Name": "org0-member1",
    "Approvals": 300,
    "Pending": 0,
    "Payments": 0,
    "Closed": 0,
    "CAL": "",
    "FUEL": "",
    "Rewards": "",
    "Burned": ""
  },
  {
    "Name": "org0-member2",
    "Approvals": 300,
    "Pending": 0,
    "Payments": 0,
    "Closed": 0,
    "CAL": "",
    "FUEL": "",
    "Rewards": "",
    "Burned": ""
  },
  {
    "Name": "org0-member3",
    "Approvals": 300,
    "Pending": 0,
    "Payments": 0,
    "Closed": 0,
    "CAL": "",
    "FUEL": "",
    "Rewards": "",
    "Burned": ""
  },
  {
    "Name": "gateway0",
    "Approvals": 0,
    "Pending": 0,
    "Payments": 0,
    "Closed": 0,
    "CAL": "",
    "FUEL": "",
    "Rewards": "",
    "Burned": ""
  },
  {
    "Name": "committee0",
    "Approvals": 0,
    "Pending": 0,
    "Payments": 300,
    "Closed": 300,
    "CAL": "2000000060000",
    "FUEL": "2000000000000",
    "Rewards": "25200",
    "Burned": "3000",
    "StateHash": "ac9cbe7e61633f3ca65a21958cc7b4ac1cbe1b5dfe427fab34249f428a9f458b",
    "Gap": "0"
  },
  {
    "Name": "committee1",
    "Approvals": 0,
    "Pending": 0,
    "Payments": 300,
    "Closed": 300,
    "CAL": "2000000060000",
    "FUEL": "2000000000000",
    "Rewards": "25200",
    "Burned": "3000",
    "StateHash": "ac9cbe7e61633f3ca65a21958cc7b4ac1cbe1b5dfe427fab34249f428a9f458b",
    "Gap": "0"
  },
  {
    "Name": "committee2",
    "Approvals": 0,
    "Pending": 0,
    "Payments": 300,
    "Closed": 300,
    "CAL": "2000000060000",
    "FUEL": "2000000000000",
    "Rewards": "25200",
    "Burned": "3000",
    "StateHash": "ac9cbe7e61633f3ca65a21958cc7b4ac1cbe1b5dfe427fab34249f428a9f458b",
    "Gap": "0"
  },
  {
    "Name": "committee3",
    "Approvals": 0,
    "Pending": 0,
    "Payments": 300,
    "Closed": 300,
    "CAL": "2000000060000",
    "FUEL": "2000000000000",
    "Rewards": "25200",
    "Burned": "3000",
    "StateHash": "ac9cbe7e61633f3ca65a21958cc7b4ac1cbe1b5dfe427fab34249f428a9f458b",
    "Gap": "0"
  }
]
Supply and original-debit accounting verified: /Users/richz/lab/man/utxo-e5/.run/repro-ln-reference100/reports/audit.json
