{
  "batch_progress": true,
  "block_observed_p50_ms": 1528.110959,
  "completed_per_second": 98.32682969591373,
  "concurrency": 64,
  "count": 7000,
  "dispatch_delivery_wait_p95_ms": 0.230667,
  "dispatch_lag_p50_ms": 0.052875,
  "dispatch_lag_p95_ms": 0.241667,
  "elapsed_s": 71.191149167,
  "failed": 0,
  "fast_completed": 7000,
  "fast_p50_ms": 55.132333,
  "fast_p95_ms": 155.991708,
  "final_unfinished": 0,
  "finished_unix_ns": 1790952027510472000,
  "max_pending": 256,
  "member_applied_p50_ms": 1615.236375,
  "member_completed": 7000,
  "not_sent": 0,
  "note": "Block observation includes block verification and wallet polling; member applied queries local member status for all four nodes. No committee payment proofs are requested.",
  "pending_limit": 256,
  "progress_batch_facts": 46606,
  "progress_batch_http_errors": 0,
  "progress_batch_http_requests": 3737,
  "progress_batch_http_total_ms": 2391.368993,
  "progress_batch_queue_total_ms": 184562.882918,
  "progress_errors": 0,
  "progress_http_max_ms": 114.200417,
  "progress_http_mean_ms": 4.720950314015368,
  "progress_metric_note": "progress_requests counts logical fact checks; progress_http durations include batch queue wait. Actual batch HTTP requests/errors are separate.",
  "progress_requests": 46606,
  "progress_requests_per_second": 654.6600321153936,
  "same_org": false,
  "sampled_oldest_unfinished_max_ms": 2609.932,
  "sampled_peak_unfinished": 255,
  "send_limit_hits": 0,
  "send_pacing_wait_p95_ms": 0.000583,
  "send_permit_wait_p95_ms": 0.000084,
  "started_unix_ns": 1790951956333450000,
  "target_send_rate": 100,
  "timing_origin": "wallet_http_submit_v4",
  "total_limit_hits": 5,
  "total_permit_wait_p95_ms": 0.000333,
  "trace": false,
  "unknown": 0,
  "wallet_block_observed": 7000,
  "wallet_no_sync": true,
  "wallet_queries": 26572,
  "workload": "bounded_fast_receipt_with_independent_observation"
}
