[
  {
    "Name": "org0-member0",
    "Approvals": 12000,
    "Pending": 0,
    "Payments": 0,
    "Closed": 0,
    "CAL": "",
    "FUEL": "",
    "Rewards": "",
    "Burned": ""
  },
  {
    "Name": "org0-member1",
    "Approvals": 12000,
    "Pending": 0,
    "Payments": 0,
    "Closed": 0,
    "CAL": "",
    "FUEL": "",
    "Rewards": "",
    "Burned": ""
  },
  {
    "Name": "org0-member2",
    "Approvals": 12000,
    "Pending": 0,
    "Payments": 0,
    "Closed": 0,
    "CAL": "",
    "FUEL": "",
    "Rewards": "",
    "Burned": ""
  },
  {
    "Name": "org0-member3",
    "Approvals": 12000,
    "Pending": 0,
    "Payments": 0,
    "Closed": 0,
    "CAL": "",
    "FUEL": "",
    "Rewards": "",
    "Burned": ""
  },
  {
    "Name": "gateway0",
    "Approvals": 0,
    "Pending": 0,
    "Payments": 0,
    "Closed": 0,
    "CAL": "",
    "FUEL": "",
    "Rewards": "",
    "Burned": ""
  },
  {
    "Name": "committee0",
    "Approvals": 0,
    "Pending": 0,
    "Payments": 12000,
    "Closed": 12000,
    "CAL": "2000001200000",
    "FUEL": "2000000000000",
    "Rewards": "1008000",
    "Burned": "120000",
    "StateHash": "c1a6bac06b034eb092b668a21761ae109a0c972906c893f214dca136143b0198",
    "Gap": "0"
  },
  {
    "Name": "committee1",
    "Approvals": 0,
    "Pending": 0,
    "Payments": 12000,
    "Closed": 12000,
    "CAL": "2000001200000",
    "FUEL": "2000000000000",
    "Rewards": "1008000",
    "Burned": "120000",
    "StateHash": "c1a6bac06b034eb092b668a21761ae109a0c972906c893f214dca136143b0198",
    "Gap": "0"
  },
  {
    "Name": "committee2",
    "Approvals": 0,
    "Pending": 0,
    "Payments": 12000,
    "Closed": 12000,
    "CAL": "2000001200000",
    "FUEL": "2000000000000",
    "Rewards": "1008000",
    "Burned": "120000",
    "StateHash": "c1a6bac06b034eb092b668a21761ae109a0c972906c893f214dca136143b0198",
    "Gap": "0"
  },
  {
    "Name": "committee3",
    "Approvals": 0,
    "Pending": 0,
    "Payments": 12000,
    "Closed": 12000,
    "CAL": "2000001200000",
    "FUEL": "2000000000000",
    "Rewards": "1008000",
    "Burned": "120000",
    "StateHash": "c1a6bac06b034eb092b668a21761ae109a0c972906c893f214dca136143b0198",
    "Gap": "0"
  }
]
Supply and original-debit accounting verified: /Users/richz/lab/man/utxo-fastpay-v12/.run/budget-r3-k2-high/reports/audit.json
