[
  {
    "Name": "org0-member0",
    "Approvals": 89382,
    "Pending": 0,
    "Payments": 0,
    "Closed": 0,
    "CAL": "",
    "FUEL": "",
    "Rewards": "",
    "Burned": ""
  },
  {
    "Name": "org0-member1",
    "Approvals": 89368,
    "Pending": 0,
    "Payments": 0,
    "Closed": 0,
    "CAL": "",
    "FUEL": "",
    "Rewards": "",
    "Burned": ""
  },
  {
    "Name": "org0-member2",
    "Approvals": 88997,
    "Pending": 0,
    "Payments": 0,
    "Closed": 0,
    "CAL": "",
    "FUEL": "",
    "Rewards": "",
    "Burned": ""
  },
  {
    "Name": "org0-member3",
    "Approvals": 89597,
    "Pending": 0,
    "Payments": 0,
    "Closed": 0,
    "CAL": "",
    "FUEL": "",
    "Rewards": "",
    "Burned": ""
  },
  {
    "Name": "gateway0",
    "Approvals": 0,
    "Pending": 0,
    "Payments": 0,
    "Closed": 0,
    "CAL": "",
    "FUEL": "",
    "Rewards": "",
    "Burned": ""
  },
  {
    "Name": "org1-member0",
    "Approvals": 0,
    "Pending": 0,
    "Payments": 0,
    "Closed": 0,
    "CAL": "",
    "FUEL": "",
    "Rewards": "",
    "Burned": ""
  },
  {
    "Name": "org1-member1",
    "Approvals": 0,
    "Pending": 0,
    "Payments": 0,
    "Closed": 0,
    "CAL": "",
    "FUEL": "",
    "Rewards": "",
    "Burned": ""
  },
  {
    "Name": "org1-member2",
    "Approvals": 0,
    "Pending": 0,
    "Payments": 0,
    "Closed": 0,
    "CAL": "",
    "FUEL": "",
    "Rewards": "",
    "Burned": ""
  },
  {
    "Name": "org1-member3",
    "Approvals": 0,
    "Pending": 0,
    "Payments": 0,
    "Closed": 0,
    "CAL": "",
    "FUEL": "",
    "Rewards": "",
    "Burned": ""
  },
  {
    "Name": "gateway1",
    "Approvals": 0,
    "Pending": 0,
    "Payments": 0,
    "Closed": 0,
    "CAL": "",
    "FUEL": "",
    "Rewards": "",
    "Burned": ""
  },
  {
    "Name": "committee0",
    "Approvals": 0,
    "Pending": 0,
    "Payments": 90000,
    "Closed": 90000,
    "CAL": "2000018000000",
    "FUEL": "2000000000000",
    "Rewards": "7560000",
    "Burned": "900000",
    "StateHash": "e607609a1d18a51d10697b93a1b8e9d630a493722ee886295dd13e634383ebaf",
    "Gap": "0"
  },
  {
    "Name": "committee1",
    "Approvals": 0,
    "Pending": 0,
    "Payments": 90000,
    "Closed": 90000,
    "CAL": "2000018000000",
    "FUEL": "2000000000000",
    "Rewards": "7560000",
    "Burned": "900000",
    "StateHash": "e607609a1d18a51d10697b93a1b8e9d630a493722ee886295dd13e634383ebaf",
    "Gap": "0"
  },
  {
    "Name": "committee2",
    "Approvals": 0,
    "Pending": 0,
    "Payments": 90000,
    "Closed": 90000,
    "CAL": "2000018000000",
    "FUEL": "2000000000000",
    "Rewards": "7560000",
    "Burned": "900000",
    "StateHash": "e607609a1d18a51d10697b93a1b8e9d630a493722ee886295dd13e634383ebaf",
    "Gap": "0"
  },
  {
    "Name": "committee3",
    "Approvals": 0,
    "Pending": 0,
    "Payments": 90000,
    "Closed": 90000,
    "CAL": "2000018000000",
    "FUEL": "2000000000000",
    "Rewards": "7560000",
    "Burned": "900000",
    "StateHash": "e607609a1d18a51d10697b93a1b8e9d630a493722ee886295dd13e634383ebaf",
    "Gap": "0"
  }
]
Supply and original-debit accounting verified: /Users/richz/lab/man/utxo-fastpay-v12/.run/repro-fresh800/reports/audit.json
