{
  "batch_progress": true,
  "block_observed_p50_ms": 1586.86325,
  "completed_per_second": 97.98296548135838,
  "concurrency": 64,
  "count": 7000,
  "dispatch_delivery_wait_p95_ms": 0.257959,
  "dispatch_lag_p50_ms": 70.567667,
  "dispatch_lag_p95_ms": 405.295917,
  "elapsed_s": 71.440989417,
  "failed": 0,
  "fast_completed": 7000,
  "fast_p50_ms": 55.682209,
  "fast_p95_ms": 159.437416,
  "final_unfinished": 0,
  "finished_unix_ns": 1790952191641652000,
  "max_pending": 256,
  "member_applied_p50_ms": 1679.698,
  "member_completed": 7000,
  "not_sent": 0,
  "note": "Block observation includes block verification and wallet polling; member applied queries local member status for all four nodes. No committee payment proofs are requested.",
  "pending_limit": 256,
  "progress_batch_facts": 45903,
  "progress_batch_http_errors": 0,
  "progress_batch_http_requests": 3612,
  "progress_batch_http_total_ms": 2247.849947,
  "progress_batch_queue_total_ms": 192194.621027,
  "progress_errors": 0,
  "progress_http_max_ms": 158.165417,
  "progress_http_mean_ms": 4.991295694333719,
  "progress_metric_note": "progress_requests counts logical fact checks; progress_http durations include batch queue wait. Actual batch HTTP requests/errors are separate.",
  "progress_requests": 45903,
  "progress_requests_per_second": 642.5302949272563,
  "same_org": false,
  "sampled_oldest_unfinished_max_ms": 2999.67,
  "sampled_peak_unfinished": 256,
  "send_limit_hits": 2,
  "send_pacing_wait_p95_ms": 405.230291,
  "send_permit_wait_p95_ms": 0.000125,
  "started_unix_ns": 1790952120200977000,
  "target_send_rate": 100,
  "timing_origin": "wallet_http_submit_v4",
  "total_limit_hits": 65,
  "total_permit_wait_p95_ms": 0.000375,
  "trace": false,
  "unknown": 0,
  "wallet_block_observed": 7000,
  "wallet_no_sync": true,
  "wallet_queries": 26721,
  "workload": "bounded_fast_receipt_with_independent_observation"
}
