EVENT {"fact":"74385f769973087c521977f2508d128754236466ad6f2d63df996a56520bdf52","input":7,"output":"a8ef815cca61d30b29014b2871ed3b59869ba00ecd991997f8c16a74e75bc35a","sent_unix_ns":1790952136329588000,"stage":"parent_ready","unix_ns":1790952136419609000}
EVENT {"fact":"c3b5157a31cc8ed68021b976ac5d29a3346e37c4eae10403f818d319d88e906c","input":7,"output":"32716458747012bb369efcbaea669de2047c92c4f79e9f7d2804bcd7e6f1abba","sent_unix_ns":1790952136475627000,"stage":"child_ready","unix_ns":1790952136588710000}
EVENT {"input":7,"stage":"child_public_observed","unix_ns":1790952138416916000}
Child finalized; observing withheld-source outcome.
EVENT {"input":7,"obligation":{"AnchorHeight":30,"Output":[168,239,129,92,202,97,211,11,41,1,75,40,113,237,59,89,134,155,160,14,205,153,25,151,248,193,106,116,231,91,195,90],"Issuer":"798ad5bfa2784648dd20522a2ca6c7550ad71b45fc2a2fb8f603e973f3e5a8c6","Config":"ac5930da9caf75f4aa633af09c8a84ee3e034394465965e5231e8008f48916fa","Certificate":[116,56,95,118,153,115,8,124,82,25,119,242,80,141,18,135,84,35,100,102,173,111,45,99,223,153,106,86,82,11,223,82],"Consumer":[195,181,21,122,49,204,142,214,128,33,185,118,172,93,41,163,52,110,55,196,234,225,4,3,248,24,211,25,216,142,144,108],"Transaction":[112,165,145,175,204,29,170,149,116,144,166,49,116,23,255,39,92,253,55,27,111,148,50,95,54,249,232,55,32,100,122,83],"Input":0,"Amount":100,"Deadline":1790952167,"Status":2},"stage":"compensation_observed","unix_ns":1790952170913827000}
EVENT {"input":7,"stage":"late_source_submit_start","unix_ns":1790952170927762000}
EVENT {"input":7,"stage":"source_repaid_observed","unix_ns":1790952173114406000}
EVENT {"input":7,"stage":"materialization_observed","unix_ns":1790952173214970000}
{
  "child_block_observed_ms": 1941.294209,
  "child_fast_ms": 113.080375,
  "child_output": "32716458747012bb369efcbaea669de2047c92c4f79e9f7d2804bcd7e6f1abba",
  "compensation_observed_ms": 34438.342209,
  "late_parent_reserve_recovered": true,
  "parent_fast_ms": 90.018708,
  "parent_output": "a8ef815cca61d30b29014b2871ed3b59869ba00ecd991997f8c16a74e75bc35a",
  "parent_withheld": true,
  "physical_repair": {
    "DeadlineUnix": 1790952167,
    "DeadlineObservedUnixNS": 1790952173208861000,
    "ProbeRequests": 5,
    "ProbeErrors": 0,
    "ProbeTimeNS": 6376207,
    "MaxProbeNS": 1569833,
    "Nodes": [
      {
        "URL": "http://127.0.0.1:32100",
        "CommittedUnixNS": 1790952173210350000,
        "MaterializedUnixNS": 1790952173210350000,
        "Snapshot": {
          "Committed": true,
          "Materialized": true,
          "IdentityStable": true,
          "BytesChanged": true,
          "CommitHeight": 85,
          "TargetHeight": 29,
          "Revision": 1
        }
      },
      {
        "URL": "http://127.0.0.1:32101",
        "CommittedUnixNS": 1790952173211920000,
        "MaterializedUnixNS": 1790952173211920000,
        "Snapshot": {
          "Committed": true,
          "Materialized": true,
          "IdentityStable": true,
          "BytesChanged": true,
          "CommitHeight": 85,
          "TargetHeight": 29,
          "Revision": 1
        }
      },
      {
        "URL": "http://127.0.0.1:32102",
        "CommittedUnixNS": 1790952173213410000,
        "MaterializedUnixNS": 1790952173213410000,
        "Snapshot": {
          "Committed": true,
          "Materialized": true,
          "IdentityStable": true,
          "BytesChanged": true,
          "CommitHeight": 85,
          "TargetHeight": 29,
          "Revision": 1
        }
      },
      {
        "URL": "http://127.0.0.1:32103",
        "CommittedUnixNS": 1790952173214969000,
        "MaterializedUnixNS": 1790952173214969000,
        "Snapshot": {
          "Committed": true,
          "Materialized": true,
          "IdentityStable": true,
          "BytesChanged": true,
          "CommitHeight": 85,
          "TargetHeight": 29,
          "Revision": 1
        }
      }
    ]
  },
  "physical_repair_observed_ms": 36739.496667,
  "timing_origin": "wallet_http_submit_v4"
}
