[
  {
    "Name": "org0-member0",
    "Approvals": 301,
    "Pending": 0,
    "Payments": 0,
    "Closed": 0,
    "CAL": "",
    "FUEL": "",
    "Rewards": "",
    "Burned": ""
  },
  {
    "Name": "org0-member1",
    "Approvals": 301,
    "Pending": 0,
    "Payments": 0,
    "Closed": 0,
    "CAL": "",
    "FUEL": "",
    "Rewards": "",
    "Burned": ""
  },
  {
    "Name": "org0-member2",
    "Approvals": 301,
    "Pending": 0,
    "Payments": 0,
    "Closed": 0,
    "CAL": "",
    "FUEL": "",
    "Rewards": "",
    "Burned": ""
  },
  {
    "Name": "org0-member3",
    "Approvals": 301,
    "Pending": 0,
    "Payments": 0,
    "Closed": 0,
    "CAL": "",
    "FUEL": "",
    "Rewards": "",
    "Burned": ""
  },
  {
    "Name": "gateway0",
    "Approvals": 0,
    "Pending": 0,
    "Payments": 0,
    "Closed": 0,
    "CAL": "",
    "FUEL": "",
    "Rewards": "",
    "Burned": ""
  },
  {
    "Name": "org1-member0",
    "Approvals": 1,
    "Pending": 0,
    "Payments": 0,
    "Closed": 0,
    "CAL": "",
    "FUEL": "",
    "Rewards": "",
    "Burned": ""
  },
  {
    "Name": "org1-member1",
    "Approvals": 1,
    "Pending": 0,
    "Payments": 0,
    "Closed": 0,
    "CAL": "",
    "FUEL": "",
    "Rewards": "",
    "Burned": ""
  },
  {
    "Name": "org1-member2",
    "Approvals": 1,
    "Pending": 0,
    "Payments": 0,
    "Closed": 0,
    "CAL": "",
    "FUEL": "",
    "Rewards": "",
    "Burned": ""
  },
  {
    "Name": "org1-member3",
    "Approvals": 1,
    "Pending": 0,
    "Payments": 0,
    "Closed": 0,
    "CAL": "",
    "FUEL": "",
    "Rewards": "",
    "Burned": ""
  },
  {
    "Name": "gateway1",
    "Approvals": 0,
    "Pending": 0,
    "Payments": 0,
    "Closed": 0,
    "CAL": "",
    "FUEL": "",
    "Rewards": "",
    "Burned": ""
  },
  {
    "Name": "committee0",
    "Approvals": 0,
    "Pending": 0,
    "Payments": 302,
    "Closed": 302,
    "CAL": "2000000090000",
    "FUEL": "2000000000000",
    "Rewards": "25373",
    "Burned": "3020",
    "StateHash": "994f848eb40ff5691edf2808c883d6fd4f561332c31b02caf4c73d7329b3e480",
    "Gap": "0",
    "Revisions": 1,
    "Recovery": {
      "UserCAL": {
        "35eb151dca53a8b3e59aaf644506bc029c4bf960effc0513fd7d7fc0641b8075": 15000,
        "c13a8f5a6c065e10fc284d8d688b24b62f121ed985dc41574801b7fb011d9a38": 75000
      },
      "Open": 0,
      "Fulfilled": 0,
      "Repaired": 0,
      "Recovered": 1,
      "PaidCAL": 100,
      "RecoveredCAL": 100,
      "Reserves": [
        {
          "Organization": "4db91788644b2efb9e12de59ce16a3ab469e41a864cfc9231ee9861bfcd126df",
          "Balance": 1000000000000,
          "Spent": 0,
          "Reserved": 0
        },
        {
          "Organization": "b72c971457d676bde983ee162a85c89ce1914b737057d0526a79feb20c85f9df",
          "Balance": 1000000000000,
          "Spent": 0,
          "Reserved": 0
        }
      ]
    }
  },
  {
    "Name": "committee1",
    "Approvals": 0,
    "Pending": 0,
    "Payments": 302,
    "Closed": 302,
    "CAL": "2000000090000",
    "FUEL": "2000000000000",
    "Rewards": "25373",
    "Burned": "3020",
    "StateHash": "994f848eb40ff5691edf2808c883d6fd4f561332c31b02caf4c73d7329b3e480",
    "Gap": "0",
    "Revisions": 1,
    "Recovery": {
      "UserCAL": {
        "35eb151dca53a8b3e59aaf644506bc029c4bf960effc0513fd7d7fc0641b8075": 15000,
        "c13a8f5a6c065e10fc284d8d688b24b62f121ed985dc41574801b7fb011d9a38": 75000
      },
      "Open": 0,
      "Fulfilled": 0,
      "Repaired": 0,
      "Recovered": 1,
      "PaidCAL": 100,
      "RecoveredCAL": 100,
      "Reserves": [
        {
          "Organization": "4db91788644b2efb9e12de59ce16a3ab469e41a864cfc9231ee9861bfcd126df",
          "Balance": 1000000000000,
          "Spent": 0,
          "Reserved": 0
        },
        {
          "Organization": "b72c971457d676bde983ee162a85c89ce1914b737057d0526a79feb20c85f9df",
          "Balance": 1000000000000,
          "Spent": 0,
          "Reserved": 0
        }
      ]
    }
  },
  {
    "Name": "committee2",
    "Approvals": 0,
    "Pending": 0,
    "Payments": 302,
    "Closed": 302,
    "CAL": "2000000090000",
    "FUEL": "2000000000000",
    "Rewards": "25373",
    "Burned": "3020",
    "StateHash": "994f848eb40ff5691edf2808c883d6fd4f561332c31b02caf4c73d7329b3e480",
    "Gap": "0",
    "Revisions": 1,
    "Recovery": {
      "UserCAL": {
        "35eb151dca53a8b3e59aaf644506bc029c4bf960effc0513fd7d7fc0641b8075": 15000,
        "c13a8f5a6c065e10fc284d8d688b24b62f121ed985dc41574801b7fb011d9a38": 75000
      },
      "Open": 0,
      "Fulfilled": 0,
      "Repaired": 0,
      "Recovered": 1,
      "PaidCAL": 100,
      "RecoveredCAL": 100,
      "Reserves": [
        {
          "Organization": "4db91788644b2efb9e12de59ce16a3ab469e41a864cfc9231ee9861bfcd126df",
          "Balance": 1000000000000,
          "Spent": 0,
          "Reserved": 0
        },
        {
          "Organization": "b72c971457d676bde983ee162a85c89ce1914b737057d0526a79feb20c85f9df",
          "Balance": 1000000000000,
          "Spent": 0,
          "Reserved": 0
        }
      ]
    }
  },
  {
    "Name": "committee3",
    "Approvals": 0,
    "Pending": 0,
    "Payments": 302,
    "Closed": 302,
    "CAL": "2000000090000",
    "FUEL": "2000000000000",
    "Rewards": "25373",
    "Burned": "3020",
    "StateHash": "994f848eb40ff5691edf2808c883d6fd4f561332c31b02caf4c73d7329b3e480",
    "Gap": "0",
    "Revisions": 1,
    "Recovery": {
      "UserCAL": {
        "35eb151dca53a8b3e59aaf644506bc029c4bf960effc0513fd7d7fc0641b8075": 15000,
        "c13a8f5a6c065e10fc284d8d688b24b62f121ed985dc41574801b7fb011d9a38": 75000
      },
      "Open": 0,
      "Fulfilled": 0,
      "Repaired": 0,
      "Recovered": 1,
      "PaidCAL": 100,
      "RecoveredCAL": 100,
      "Reserves": [
        {
          "Organization": "4db91788644b2efb9e12de59ce16a3ab469e41a864cfc9231ee9861bfcd126df",
          "Balance": 1000000000000,
          "Spent": 0,
          "Reserved": 0
        },
        {
          "Organization": "b72c971457d676bde983ee162a85c89ce1914b737057d0526a79feb20c85f9df",
          "Balance": 1000000000000,
          "Spent": 0,
          "Reserved": 0
        }
      ]
    }
  }
]
Supply and original-debit accounting verified: /Users/richz/lab/man/utxo-c3-20261002/.run/control-2/reports/audit.json
