{
  "batch_progress": true,
  "block_observed_p50_ms": 1101.100167,
  "completed_per_second": 73.25633292946083,
  "concurrency": 64,
  "count": 300,
  "dispatch_delivery_wait_p95_ms": 0.31575,
  "dispatch_lag_p50_ms": 0.110041,
  "dispatch_lag_p95_ms": 0.328166,
  "elapsed_s": 4.095209083,
  "failed": 0,
  "fast_completed": 300,
  "fast_p50_ms": 1.158625,
  "fast_p95_ms": 38.517417,
  "final_unfinished": 0,
  "finished_unix_ns": 1790918924819477000,
  "max_pending": 256,
  "member_applied_p50_ms": 1120.189916,
  "member_completed": 300,
  "not_sent": 0,
  "note": "Block observation includes block verification and wallet polling; member applied queries local member status for all four nodes. No committee payment proofs are requested.",
  "pending_limit": 256,
  "progress_batch_facts": 1200,
  "progress_batch_http_errors": 0,
  "progress_batch_http_requests": 132,
  "progress_batch_http_total_ms": 28.520588,
  "progress_batch_queue_total_ms": 5276.455285,
  "progress_errors": 0,
  "progress_http_max_ms": 5.696083,
  "progress_http_mean_ms": 4.633293567500002,
  "progress_metric_note": "progress_requests counts logical fact checks; progress_http durations include batch queue wait. Actual batch HTTP requests/errors are separate.",
  "progress_requests": 1200,
  "progress_requests_per_second": 293.0253317178433,
  "same_org": false,
  "sampled_oldest_unfinished_max_ms": 1399.901,
  "sampled_peak_unfinished": 140,
  "send_limit_hits": 0,
  "send_pacing_wait_p95_ms": 0.0005,
  "send_permit_wait_p95_ms": 0.000083,
  "started_unix_ns": 1790918920724296000,
  "target_send_rate": 100,
  "timing_origin": "wallet_http_submit_v4",
  "total_limit_hits": 0,
  "total_permit_wait_p95_ms": 0.00025,
  "trace": false,
  "unknown": 0,
  "wallet_block_observed": 300,
  "wallet_no_sync": true,
  "wallet_queries": 965,
  "workload": "bounded_fast_receipt_with_independent_observation"
}
