Child finalized; observing withheld-source outcome.
{
  "child_block_observed_ms": 1413.131417,
  "child_fast_ms": 12.935209,
  "child_output": "557116e3b1d3308297cf09dbcca69cabea25bb6da35c0e31e97636d72339e2b7",
  "compensation_observed_ms": 35888.103709,
  "late_parent_reserve_recovered": true,
  "parent_fast_ms": 8.968125,
  "parent_output": "b3983b0b4d19be47af04cd261b08257abed69cb4a11636b6a86b87b4cd4f4753",
  "parent_withheld": true,
  "physical_repair": {
    "DeadlineUnix": 1790918914,
    "DeadlineObservedUnixNS": 1790918920640118000,
    "ProbeRequests": 5,
    "ProbeErrors": 0,
    "ProbeTimeNS": 1981165,
    "MaxProbeNS": 532583,
    "Nodes": [
      {
        "URL": "http://127.0.0.1:28100",
        "CommittedUnixNS": 1790918920640507000,
        "MaterializedUnixNS": 1790918920640507000,
        "Snapshot": {
          "Committed": true,
          "Materialized": true,
          "IdentityStable": true,
          "BytesChanged": true,
          "CommitHeight": 7,
          "TargetHeight": 1,
          "Revision": 1
        }
      },
      {
        "URL": "http://127.0.0.1:28101",
        "CommittedUnixNS": 1790918920641040000,
        "MaterializedUnixNS": 1790918920641040000,
        "Snapshot": {
          "Committed": true,
          "Materialized": true,
          "IdentityStable": true,
          "BytesChanged": true,
          "CommitHeight": 7,
          "TargetHeight": 1,
          "Revision": 1
        }
      },
      {
        "URL": "http://127.0.0.1:28102",
        "CommittedUnixNS": 1790918920641530000,
        "MaterializedUnixNS": 1790918920641530000,
        "Snapshot": {
          "Committed": true,
          "Materialized": true,
          "IdentityStable": true,
          "BytesChanged": true,
          "CommitHeight": 7,
          "TargetHeight": 1,
          "Revision": 1
        }
      },
      {
        "URL": "http://127.0.0.1:28103",
        "CommittedUnixNS": 1790918920642000000,
        "MaterializedUnixNS": 1790918920642000000,
        "Snapshot": {
          "Committed": true,
          "Materialized": true,
          "IdentityStable": true,
          "BytesChanged": true,
          "CommitHeight": 7,
          "TargetHeight": 1,
          "Revision": 1
        }
      }
    ]
  },
  "physical_repair_observed_ms": 37020.690042,
  "timing_origin": "wallet_http_submit_v4"
}
