[
  {
    "Name": "org0-member0",
    "Approvals": 7806,
    "Pending": 0,
    "Payments": 0,
    "Closed": 0,
    "CAL": "",
    "FUEL": "",
    "Rewards": "",
    "Burned": ""
  },
  {
    "Name": "org0-member1",
    "Approvals": 7780,
    "Pending": 0,
    "Payments": 0,
    "Closed": 0,
    "CAL": "",
    "FUEL": "",
    "Rewards": "",
    "Burned": ""
  },
  {
    "Name": "org0-member2",
    "Approvals": 7803,
    "Pending": 0,
    "Payments": 0,
    "Closed": 0,
    "CAL": "",
    "FUEL": "",
    "Rewards": "",
    "Burned": ""
  },
  {
    "Name": "org0-member3",
    "Approvals": 7803,
    "Pending": 0,
    "Payments": 0,
    "Closed": 0,
    "CAL": "",
    "FUEL": "",
    "Rewards": "",
    "Burned": ""
  },
  {
    "Name": "gateway0",
    "Approvals": 0,
    "Pending": 0,
    "Payments": 0,
    "Closed": 0,
    "CAL": "",
    "FUEL": "",
    "Rewards": "",
    "Burned": ""
  },
  {
    "Name": "committee0",
    "Approvals": 0,
    "Pending": 0,
    "Payments": 7806,
    "Closed": 7806,
    "CAL": "2000001200000",
    "FUEL": "2000000000000",
    "Rewards": "655704",
    "Burned": "78060",
    "StateHash": "6cb111c968e96fa5fa9179939a340c0d18e329fec894a33e5ef6046cd01578db",
    "Gap": "0"
  },
  {
    "Name": "committee1",
    "Approvals": 0,
    "Pending": 0,
    "Payments": 7806,
    "Closed": 7806,
    "CAL": "2000001200000",
    "FUEL": "2000000000000",
    "Rewards": "655704",
    "Burned": "78060",
    "StateHash": "6cb111c968e96fa5fa9179939a340c0d18e329fec894a33e5ef6046cd01578db",
    "Gap": "0"
  },
  {
    "Name": "committee2",
    "Approvals": 0,
    "Pending": 0,
    "Payments": 7806,
    "Closed": 7806,
    "CAL": "2000001200000",
    "FUEL": "2000000000000",
    "Rewards": "655704",
    "Burned": "78060",
    "StateHash": "6cb111c968e96fa5fa9179939a340c0d18e329fec894a33e5ef6046cd01578db",
    "Gap": "0"
  },
  {
    "Name": "committee3",
    "Approvals": 0,
    "Pending": 0,
    "Payments": 7806,
    "Closed": 7806,
    "CAL": "2000001200000",
    "FUEL": "2000000000000",
    "Rewards": "655704",
    "Burned": "78060",
    "StateHash": "6cb111c968e96fa5fa9179939a340c0d18e329fec894a33e5ef6046cd01578db",
    "Gap": "0"
  }
]
Supply and original-debit accounting verified: /Users/richz/lab/man/utxo-fastpay-v12/.run/budget-gate-r1-work-low-serial/reports/audit.json
