[
  {
    "Name": "org0-member0",
    "Approvals": 151871,
    "Pending": 0,
    "Payments": 0,
    "Closed": 0,
    "CAL": "",
    "FUEL": "",
    "Rewards": "",
    "Burned": ""
  },
  {
    "Name": "org0-member1",
    "Approvals": 151870,
    "Pending": 0,
    "Payments": 0,
    "Closed": 0,
    "CAL": "",
    "FUEL": "",
    "Rewards": "",
    "Burned": ""
  },
  {
    "Name": "org0-member2",
    "Approvals": 151870,
    "Pending": 0,
    "Payments": 0,
    "Closed": 0,
    "CAL": "",
    "FUEL": "",
    "Rewards": "",
    "Burned": ""
  },
  {
    "Name": "org0-member3",
    "Approvals": 151872,
    "Pending": 0,
    "Payments": 0,
    "Closed": 0,
    "CAL": "",
    "FUEL": "",
    "Rewards": "",
    "Burned": ""
  },
  {
    "Name": "gateway0",
    "Approvals": 0,
    "Pending": 0,
    "Payments": 0,
    "Closed": 0,
    "CAL": "",
    "FUEL": "",
    "Rewards": "",
    "Burned": ""
  },
  {
    "Name": "committee0",
    "Approvals": 0,
    "Pending": 0,
    "Payments": 151872,
    "Closed": 151872,
    "CAL": "2000016793600",
    "FUEL": "1679360000",
    "Rewards": "12757248",
    "Burned": "1518720",
    "StateHash": "03504cc7deb7c6264c8e3d933f576101bb4f26cda44431450e4a9691348399b7",
    "Gap": "0"
  },
  {
    "Name": "committee1",
    "Approvals": 0,
    "Pending": 0,
    "Payments": 151872,
    "Closed": 151872,
    "CAL": "2000016793600",
    "FUEL": "1679360000",
    "Rewards": "12757248",
    "Burned": "1518720",
    "StateHash": "03504cc7deb7c6264c8e3d933f576101bb4f26cda44431450e4a9691348399b7",
    "Gap": "0"
  },
  {
    "Name": "committee2",
    "Approvals": 0,
    "Pending": 0,
    "Payments": 151872,
    "Closed": 151872,
    "CAL": "2000016793600",
    "FUEL": "1679360000",
    "Rewards": "12757248",
    "Burned": "1518720",
    "StateHash": "03504cc7deb7c6264c8e3d933f576101bb4f26cda44431450e4a9691348399b7",
    "Gap": "0"
  },
  {
    "Name": "committee3",
    "Approvals": 0,
    "Pending": 0,
    "Payments": 151872,
    "Closed": 151872,
    "CAL": "2000016793600",
    "FUEL": "1679360000",
    "Rewards": "12757248",
    "Burned": "1518720",
    "StateHash": "03504cc7deb7c6264c8e3d933f576101bb4f26cda44431450e4a9691348399b7",
    "Gap": "0"
  }
]
Supply and original-debit accounting verified: /Users/richz/lab/man/utxo-e8/.run/e8-formal-b2/reports/audit.json
