[
  {
    "Name": "org0-member0",
    "Approvals": 100,
    "Pending": 0,
    "Payments": 0,
    "Closed": 0,
    "CAL": "",
    "FUEL": "",
    "Rewards": "",
    "Burned": ""
  },
  {
    "Name": "org0-member1",
    "Approvals": 100,
    "Pending": 0,
    "Payments": 0,
    "Closed": 0,
    "CAL": "",
    "FUEL": "",
    "Rewards": "",
    "Burned": ""
  },
  {
    "Name": "org0-member2",
    "Approvals": 100,
    "Pending": 0,
    "Payments": 0,
    "Closed": 0,
    "CAL": "",
    "FUEL": "",
    "Rewards": "",
    "Burned": ""
  },
  {
    "Name": "org0-member3",
    "Approvals": 100,
    "Pending": 0,
    "Payments": 0,
    "Closed": 0,
    "CAL": "",
    "FUEL": "",
    "Rewards": "",
    "Burned": ""
  },
  {
    "Name": "gateway0",
    "Approvals": 0,
    "Pending": 0,
    "Payments": 0,
    "Closed": 0,
    "CAL": "",
    "FUEL": "",
    "Rewards": "",
    "Burned": ""
  },
  {
    "Name": "committee0",
    "Approvals": 0,
    "Pending": 0,
    "Payments": 100,
    "Closed": 100,
    "CAL": "2000000000200",
    "FUEL": "2000000000000",
    "Rewards": "8400",
    "Burned": "1000",
    "StateHash": "ab5ab21ed7558f228f5cff297a64d8fff1564c3e63f764d9dff7db34ae3c6de8",
    "Gap": "0"
  },
  {
    "Name": "committee1",
    "Approvals": 0,
    "Pending": 0,
    "Payments": 100,
    "Closed": 100,
    "CAL": "2000000000200",
    "FUEL": "2000000000000",
    "Rewards": "8400",
    "Burned": "1000",
    "StateHash": "ab5ab21ed7558f228f5cff297a64d8fff1564c3e63f764d9dff7db34ae3c6de8",
    "Gap": "0"
  },
  {
    "Name": "committee2",
    "Approvals": 0,
    "Pending": 0,
    "Payments": 100,
    "Closed": 100,
    "CAL": "2000000000200",
    "FUEL": "2000000000000",
    "Rewards": "8400",
    "Burned": "1000",
    "StateHash": "ab5ab21ed7558f228f5cff297a64d8fff1564c3e63f764d9dff7db34ae3c6de8",
    "Gap": "0"
  },
  {
    "Name": "committee3",
    "Approvals": 0,
    "Pending": 0,
    "Payments": 100,
    "Closed": 100,
    "CAL": "2000000000200",
    "FUEL": "2000000000000",
    "Rewards": "8400",
    "Burned": "1000",
    "StateHash": "ab5ab21ed7558f228f5cff297a64d8fff1564c3e63f764d9dff7db34ae3c6de8",
    "Gap": "0"
  }
]
Supply and original-debit accounting verified: /Users/richz/lab/man/utxo-fastpay-v12/.run/chain-v3-fast-100-r3/reports/audit.json
{"checks":"exact chain links, receive-before-build, every input consumed once, final owner/output, no open or repaired obligations","hops":100,"obligations":[{"AnchorHeight":4,"Output":[183,134,114,215,236,106,144,63,35,124,205,63,45,168,204,243,16,191,61,10,90,103,11,150,117,230,160,205,162,188,80,228],"Issuer":"10744798af03766088226050cfbbc18adc0f49521644727ae686d721f13d8d80","Config":"a788bd1567ab44b7ac215a149dab2c719b459ac30c3c2ae828311cd9683c8099","Certificate":[104,81,64,146,177,143,120,113,41,115,24,78,71,247,50,208,102,235,85,255,181,232,47,177,177,244,191,213,234,170,60,120],"Consumer":[34,173,11,15,61,238,4,100,210,238,19,41,137,130,248,235,128,191,80,23,237,37,105,127,117,95,60,234,191,187,69,104],"Transaction":[111,60,150,251,98,118,87,79,156,219,251,251,28,119,175,194,68,188,212,54,210,60,16,79,83,163,230,17,144,21,186,235],"Input":0,"Amount":100,"Deadline":0,"Status":1},{"AnchorHeight":4,"Output":[204,67,175,64,204,119,8,137,227,17,252,118,43,108,144,117,97,169,187,215,117,163,31,236,40,3,173,209,11,144,149,224],"Issuer":"10744798af03766088226050cfbbc18adc0f49521644727ae686d721f13d8d80","Config":"a788bd1567ab44b7ac215a149dab2c719b459ac30c3c2ae828311cd9683c8099","Certificate":[94,230,45,252,71,230,152,140,84,127,237,92,227,3,239,78,196,144,6,61,142,196,149,75,70,68,84,0,22,26,191,66],"Consumer":[131,108,207,170,71,192,7,79,232,13,95,219,84,231,18,236,65,240,65,140,0,195,17,31,75,225,167,7,166,122,188,162],"Transaction":[193,97,151,142,21,33,52,111,44,209,45,144,74,0,175,180,65,238,168,138,249,127,130,248,232,223,147,182,178,252,74,224],"Input":0,"Amount":100,"Deadline":0,"Status":1},{"AnchorHeight":4,"Output":[30,103,164,66,97,119,247,64,244,226,16,102,47,16,126,73,95,14,243,90,98,9,118,221,99,138,136,93,220,89,233,245],"Issuer":"10744798af03766088226050cfbbc18adc0f49521644727ae686d721f13d8d80","Config":"a788bd1567ab44b7ac215a149dab2c719b459ac30c3c2ae828311cd9683c8099","Certificate":[184,255,128,12,136,171,206,175,160,195,238,202,215,122,217,78,55,140,23,23,11,246,54,211,99,67,106,90,183,164,252,68],"Consumer":[91,238,244,206,49,4,238,229,134,205,215,104,206,126,13,205,29,47,201,154,180,104,172,117,2,130,75,68,156,96,48,96],"Transaction":[109,38,154,60,103,49,109,2,244,172,204,24,167,119,147,44,77,132,111,90,16,225,48,217,91,181,132,199,45,196,168,201],"Input":0,"Amount":100,"Deadline":0,"Status":1},{"AnchorHeight":4,"Output":[180,210,12,153,24,203,253,221,240,182,59,148,97,214,238,120,167,215,233,38,132,128,178,227,148,161,64,37,245,224,115,208],"Issuer":"10744798af03766088226050cfbbc18adc0f49521644727ae686d721f13d8d80","Config":"a788bd1567ab44b7ac215a149dab2c719b459ac30c3c2ae828311cd9683c8099","Certificate":[218,215,100,13,203,81,255,101,105,206,198,123,144,235,58,221,163,37,210,200,98,41,113,150,169,18,17,117,209,243,46,13],"Consumer":[215,99,253,44,90,216,250,199,196,49,242,3,197,92,216,17,137,38,110,117,195,178,203,158,39,153,48,241,185,70,44,49],"Transaction":[114,24,12,47,154,119,173,232,194,55,164,239,130,22,55,170,153,116,114,32,53,214,10,152,74,16,139,78,200,145,198,34],"Input":0,"Amount":100,"Deadline":0,"Status":1},{"AnchorHeight":4,"Output":[97,136,184,39,4,237,167,161,179,165,82,11,71,118,85,254,89,2,245,115,191,132,246,79,39,38,81,226,35,73,132,61],"Issuer":"10744798af03766088226050cfbbc18adc0f49521644727ae686d721f13d8d80","Config":"a788bd1567ab44b7ac215a149dab2c719b459ac30c3c2ae828311cd9683c8099","Certificate":[244,230,75,169,128,41,100,198,135,36,3,211,225,245,97,36,156,56,23,91,238,184,32,15,95,145,30,182,58,79,107,252],"Consumer":[84,134,210,38,233,228,3,134,39,147,98,254,107,83,75,205,184,38,143,56,87,207,7,85,224,76,210,113,178,9,159,148],"Transaction":[140,211,104,216,204,54,79,43,161,66,9,183,13,247,64,29,46,19,94,72,32,243,94,33,216,196,210,136,195,131,209,91],"Input":0,"Amount":100,"Deadline":0,"Status":1},{"AnchorHeight":4,"Output":[166,13,205,36,139,115,168,92,227,100,106,223,13,11,207,214,196,131,190,225,190,49,42,85,162,176,64,69,193,40,101,174],"Issuer":"10744798af03766088226050cfbbc18adc0f49521644727ae686d721f13d8d80","Config":"a788bd1567ab44b7ac215a149dab2c719b459ac30c3c2ae828311cd9683c8099","Certificate":[240,137,215,224,244,143,231,172,150,26,61,137,113,214,58,48,60,16,111,160,115,141,54,238,173,184,242,92,19,220,184,204],"Consumer":[132,243,139,115,115,83,209,128,121,105,175,223,196,93,169,141,158,222,10,146,219,246,214,109,125,111,198,79,221,229,215,255],"Transaction":[233,97,31,77,161,211,108,105,169,138,170,167,91,85,252,215,11,184,139,102,175,197,19,168,86,146,106,205,243,34,159,134],"Input":0,"Amount":100,"Deadline":0,"Status":1},{"AnchorHeight":4,"Output":[145,65,19,60,15,31,43,123,10,190,230,68,202,193,117,99,220,8,186,143,61,25,205,73,136,75,96,205,131,148,233,126],"Issuer":"10744798af03766088226050cfbbc18adc0f49521644727ae686d721f13d8d80","Config":"a788bd1567ab44b7ac215a149dab2c719b459ac30c3c2ae828311cd9683c8099","Certificate":[97,207,191,209,142,223,116,33,99,152,64,32,207,112,244,128,119,52,92,90,178,66,179,144,251,138,60,120,70,251,19,205],"Consumer":[145,156,93,231,50,220,96,95,191,53,149,35,61,46,97,225,159,57,36,79,116,252,111,254,189,70,100,242,197,212,27,193],"Transaction":[109,106,168,246,160,62,124,176,116,13,138,67,216,97,151,199,66,170,102,167,192,8,40,84,207,122,27,200,183,88,131,174],"Input":0,"Amount":100,"Deadline":0,"Status":1},{"AnchorHeight":4,"Output":[66,248,234,165,48,123,83,94,182,23,250,12,155,5,109,111,66,200,36,136,160,231,63,204,220,101,104,206,14,123,133,147],"Issuer":"10744798af03766088226050cfbbc18adc0f49521644727ae686d721f13d8d80","Config":"a788bd1567ab44b7ac215a149dab2c719b459ac30c3c2ae828311cd9683c8099","Certificate":[239,51,23,232,185,112,173,167,37,253,151,122,67,44,199,121,120,35,84,11,106,62,84,152,107,21,126,46,119,249,82,153],"Consumer":[110,206,61,147,211,57,58,38,70,252,154,229,219,113,251,105,167,253,185,162,107,81,168,21,207,250,169,132,82,118,73,20],"Transaction":[129,89,130,58,164,208,32,96,87,100,77,234,67,126,245,43,195,124,203,229,109,39,214,103,41,243,38,69,226,227,110,40],"Input":0,"Amount":100,"Deadline":0,"Status":1},{"AnchorHeight":4,"Output":[86,97,242,114,103,11,49,191,204,95,57,140,52,121,122,40,233,117,207,112,140,175,252,44,153,159,189,137,60,28,21,174],"Issuer":"10744798af03766088226050cfbbc18adc0f49521644727ae686d721f13d8d80","Config":"a788bd1567ab44b7ac215a149dab2c719b459ac30c3c2ae828311cd9683c8099","Certificate":[110,206,61,147,211,57,58,38,70,252,154,229,219,113,251,105,167,253,185,162,107,81,168,21,207,250,169,132,82,118,73,20],"Consumer":[240,240,22,54,253,180,54,64,159,91,138,62,66,188,216,91,93,96,141,119,26,167,74,170,143,195,245,194,252,145,172,228],"Transaction":[124,162,13,112,241,161,154,48,214,55,129,201,86,80,190,84,131,146,29,142,48,208,171,184,26,220,133,146,159,196,39,207],"Input":0,"Amount":100,"Deadline":0,"Status":1},{"AnchorHeight":4,"Output":[174,158,219,82,126,41,43,196,156,112,16,61,108,195,85,91,192,143,29,195,125,68,80,145,41,227,11,189,147,217,173,79],"Issuer":"10744798af03766088226050cfbbc18adc0f49521644727ae686d721f13d8d80","Config":"a788bd1567ab44b7ac215a149dab2c719b459ac30c3c2ae828311cd9683c8099","Certificate":[224,78,131,101,63,165,180,170,31,140,157,154,213,145,20,69,211,212,62,88,167,146,167,93,83,41,119,177,98,102,188,202],"Consumer":[63,104,211,137,202,54,4,50,61,26,85,67,91,254,253,241,176,163,142,187,114,249,197,55,143,153,54,80,157,45,215,130],"Transaction":[176,213,73,41,129,32,217,176,253,46,181,224,134,122,39,162,25,186,56,49,176,1,21,233,212,237,165,84,216,239,201,107],"Input":0,"Amount":100,"Deadline":0,"Status":1},{"AnchorHeight":4,"Output":[107,158,115,13,72,48,160,105,69,128,62,177,45,104,66,146,23,221,4,98,5,144,143,105,211,99,218,194,150,30,7,52],"Issuer":"10744798af03766088226050cfbbc18adc0f49521644727ae686d721f13d8d80","Config":"a788bd1567ab44b7ac215a149dab2c719b459ac30c3c2ae828311cd9683c8099","Certificate":[88,52,79,50,40,110,235,46,58,20,73,131,42,166,121,131,40,216,20,120,78,23,97,137,127,108,210,77,160,176,230,24],"Consumer":[25,202,73,234,148,57,15,0,67,189,89,131,163,249,80,213,91,40,203,74,98,246,255,247,183,149,65,215,76,49,70,64],"Transaction":[199,45,22,186,24,208,226,40,79,199,159,215,120,38,55,6,196,24,126,200,79,41,78,7,32,140,239,137,69,66,74,246],"Input":0,"Amount":100,"Deadline":0,"Status":1},{"AnchorHeight":4,"Output":[85,78,23,48,41,22,82,123,39,209,19,99,18,80,247,82,47,246,227,250,202,71,144,28,20,243,96,222,105,87,128,78],"Issuer":"10744798af03766088226050cfbbc18adc0f49521644727ae686d721f13d8d80","Config":"a788bd1567ab44b7ac215a149dab2c719b459ac30c3c2ae828311cd9683c8099","Certificate":[227,13,218,219,152,53,213,189,161,248,164,5,212,176,109,158,190,125,187,121,144,214,152,191,71,208,8,111,2,60,226,22],"Consumer":[35,76,209,8,83,116,202,196,64,98,65,235,143,135,156,183,142,248,168,151,28,129,199,16,135,67,8,206,129,104,244,185],"Transaction":[106,26,50,120,30,27,97,14,11,185,51,145,78,158,83,63,187,155,129,86,39,41,17,251,74,81,14,33,127,151,52,104],"Input":0,"Amount":100,"Deadline":0,"Status":1},{"AnchorHeight":4,"Output":[139,195,14,80,131,161,54,95,60,210,146,131,13,160,14,222,104,120,247,234,0,223,63,206,208,234,33,194,32,62,151,55],"Issuer":"10744798af03766088226050cfbbc18adc0f49521644727ae686d721f13d8d80","Config":"a788bd1567ab44b7ac215a149dab2c719b459ac30c3c2ae828311cd9683c8099","Certificate":[14,89,83,38,206,80,137,211,8,96,248,126,12,167,184,174,72,160,87,146,74,18,238,123,198,55,23,16,163,129,230,146],"Consumer":[188,126,44,195,228,225,201,247,200,221,219,51,64,3,181,83,168,94,134,33,216,198,27,192,173,245,179,79,214,225,92,186],"Transaction":[70,180,192,172,225,45,59,179,153,245,180,187,191,143,157,98,213,203,210,82,185,183,208,176,73,171,43,201,120,139,89,232],"Input":0,"Amount":100,"Deadline":0,"Status":1},{"AnchorHeight":4,"Output":[92,196,211,8,38,3,234,233,84,243,118,149,71,23,75,115,210,201,110,238,173,114,120,197,66,232,234,185,235,168,149,14],"Issuer":"10744798af03766088226050cfbbc18adc0f49521644727ae686d721f13d8d80","Config":"a788bd1567ab44b7ac215a149dab2c719b459ac30c3c2ae828311cd9683c8099","Certificate":[85,250,40,82,237,248,62,39,223,123,181,40,111,11,206,59,155,78,207,159,28,202,139,14,14,10,0,89,233,186,96,249],"Consumer":[109,188,89,5,245,121,64,138,17,127,52,41,201,166,163,4,192,23,5,61,26,76,219,213,218,225,169,201,49,23,224,219],"Transaction":[223,196,232,85,165,192,172,107,208,217,145,84,83,236,47,238,28,183,207,250,86,168,170,206,87,212,218,105,125,3,171,175],"Input":0,"Amount":100,"Deadline":0,"Status":1},{"AnchorHeight":4,"Output":[40,174,180,54,180,84,3,163,154,134,153,36,172,175,86,181,251,215,98,138,98,244,206,239,253,181,230,142,152,37,159,205],"Issuer":"10744798af03766088226050cfbbc18adc0f49521644727ae686d721f13d8d80","Config":"a788bd1567ab44b7ac215a149dab2c719b459ac30c3c2ae828311cd9683c8099","Certificate":[109,188,89,5,245,121,64,138,17,127,52,41,201,166,163,4,192,23,5,61,26,76,219,213,218,225,169,201,49,23,224,219],"Consumer":[8,135,178,246,109,199,55,5,177,117,219,247,17,25,131,54,205,219,180,170,55,138,245,3,190,34,198,206,233,249,206,130],"Transaction":[100,195,226,35,131,228,70,59,199,186,236,16,214,61,211,205,187,84,187,133,74,55,165,208,216,48,8,25,48,215,236,208],"Input":0,"Amount":100,"Deadline":0,"Status":1},{"AnchorHeight":4,"Output":[195,131,178,101,25,80,93,55,146,118,2,0,124,137,127,193,107,158,202,157,82,236,22,145,89,105,164,227,76,121,217,68],"Issuer":"10744798af03766088226050cfbbc18adc0f49521644727ae686d721f13d8d80","Config":"a788bd1567ab44b7ac215a149dab2c719b459ac30c3c2ae828311cd9683c8099","Certificate":[21,115,139,253,53,102,248,155,25,98,28,199,104,223,2,13,147,155,239,19,124,0,181,193,47,76,29,193,58,93,152,36],"Consumer":[91,247,221,24,149,216,56,225,193,129,145,88,41,252,0,216,118,72,236,183,71,230,179,7,154,163,229,0,188,96,10,209],"Transaction":[69,164,25,24,125,132,178,202,8,50,187,76,207,85,36,100,79,90,74,89,217,132,218,19,237,1,207,216,79,183,104,114],"Input":0,"Amount":100,"Deadline":0,"Status":1},{"AnchorHeight":4,"Output":[157,28,64,195,35,110,22,39,244,4,125,38,82,49,123,85,4,154,119,107,183,98,106,221,170,42,203,10,235,229,76,10],"Issuer":"10744798af03766088226050cfbbc18adc0f49521644727ae686d721f13d8d80","Config":"a788bd1567ab44b7ac215a149dab2c719b459ac30c3c2ae828311cd9683c8099","Certificate":[213,157,51,42,73,130,108,43,173,77,106,224,161,196,23,218,190,243,116,255,103,206,172,16,216,92,64,72,191,70,147,181],"Consumer":[51,202,22,24,77,90,42,112,143,113,53,149,241,229,114,190,200,172,219,138,80,119,71,200,220,225,229,117,191,73,108,64],"Transaction":[72,125,62,235,244,83,97,148,234,245,211,0,207,17,82,138,106,184,117,72,129,220,211,67,117,109,166,200,227,242,19,251],"Input":0,"Amount":100,"Deadline":0,"Status":1},{"AnchorHeight":4,"Output":[83,59,187,125,134,227,82,67,1,31,252,178,113,135,74,247,29,57,122,2,192,178,150,7,76,248,178,116,125,219,213,231],"Issuer":"10744798af03766088226050cfbbc18adc0f49521644727ae686d721f13d8d80","Config":"a788bd1567ab44b7ac215a149dab2c719b459ac30c3c2ae828311cd9683c8099","Certificate":[215,104,42,242,218,44,213,84,244,192,123,42,230,252,237,183,219,59,25,99,133,167,99,13,137,22,60,170,59,141,125,191],"Consumer":[115,164,45,90,155,186,93,253,23,117,29,141,133,150,114,238,25,250,220,218,47,76,41,108,212,148,143,179,6,81,158,166],"Transaction":[176,68,60,120,198,71,179,189,41,77,90,240,130,193,189,23,61,37,26,82,18,9,111,252,143,151,241,49,134,116,35,119],"Input":0,"Amount":100,"Deadline":0,"Status":1},{"AnchorHeight":4,"Output":[78,43,140,231,196,178,180,216,50,93,237,194,103,21,142,83,125,118,251,82,180,192,90,15,104,12,49,144,243,143,53,17],"Issuer":"10744798af03766088226050cfbbc18adc0f49521644727ae686d721f13d8d80","Config":"a788bd1567ab44b7ac215a149dab2c719b459ac30c3c2ae828311cd9683c8099","Certificate":[119,21,55,71,92,33,85,193,143,234,4,10,125,219,148,118,34,1,123,228,215,174,213,129,227,142,249,7,133,140,175,7],"Consumer":[215,102,199,2,47,233,165,149,61,35,215,58,20,210,150,233,106,12,174,236,225,93,75,149,44,241,209,219,174,1,122,26],"Transaction":[196,172,226,118,67,197,113,110,106,185,64,202,21,160,20,53,197,251,78,232,157,67,202,221,166,235,210,94,13,127,219,57],"Input":0,"Amount":100,"Deadline":0,"Status":1},{"AnchorHeight":4,"Output":[1,158,33,241,190,180,251,100,198,220,158,63,232,132,254,241,56,206,159,110,227,155,71,103,131,175,149,223,208,156,80,203],"Issuer":"10744798af03766088226050cfbbc18adc0f49521644727ae686d721f13d8d80","Config":"a788bd1567ab44b7ac215a149dab2c719b459ac30c3c2ae828311cd9683c8099","Certificate":[251,243,203,58,112,185,186,60,3,69,193,233,140,13,190,96,57,16,162,95,231,108,57,84,193,96,96,214,140,198,33,241],"Consumer":[68,67,166,148,61,41,8,90,254,162,117,153,147,165,246,158,110,126,87,231,136,2,43,237,79,87,188,148,220,137,212,75],"Transaction":[36,63,63,170,219,73,152,77,15,92,202,134,36,247,92,235,215,131,178,104,125,29,216,254,192,179,239,86,220,4,21,237],"Input":0,"Amount":100,"Deadline":0,"Status":1},{"AnchorHeight":4,"Output":[220,203,226,9,48,142,181,100,5,255,98,147,164,138,23,131,93,27,89,77,57,26,228,208,228,115,248,74,7,158,138,17],"Issuer":"10744798af03766088226050cfbbc18adc0f49521644727ae686d721f13d8d80","Config":"a788bd1567ab44b7ac215a149dab2c719b459ac30c3c2ae828311cd9683c8099","Certificate":[129,207,103,35,73,64,47,135,82,8,236,140,105,27,197,48,153,153,88,66,126,108,36,51,12,153,11,249,245,0,25,91],"Consumer":[229,196,66,132,173,205,222,255,101,55,133,13,59,219,6,81,160,102,130,234,71,144,161,229,254,238,137,103,94,144,20,142],"Transaction":[193,97,202,101,207,230,63,176,114,32,239,110,63,234,52,109,63,63,68,251,229,137,91,202,195,127,193,85,44,208,15,14],"Input":0,"Amount":100,"Deadline":0,"Status":1},{"AnchorHeight":4,"Output":[63,16,226,252,218,119,138,18,15,246,255,174,85,223,161,8,23,64,249,204,180,248,134,243,147,55,40,159,242,83,220,58],"Issuer":"10744798af03766088226050cfbbc18adc0f49521644727ae686d721f13d8d80","Config":"a788bd1567ab44b7ac215a149dab2c719b459ac30c3c2ae828311cd9683c8099","Certificate":[2,185,251,136,4,149,74,19,165,145,94,159,38,72,83,67,16,133,168,133,69,88,87,226,105,205,71,199,128,96,55,187],"Consumer":[157,249,10,163,28,253,133,71,179,216,201,33,10,19,251,176,4,18,80,179,70,255,46,104,30,224,135,212,114,40,118,165],"Transaction":[253,97,48,166,220,113,45,94,61,183,57,157,63,62,40,145,165,142,74,74,98,96,26,115,52,226,13,142,173,200,46,153],"Input":0,"Amount":100,"Deadline":0,"Status":1},{"AnchorHeight":4,"Output":[222,191,40,40,42,243,94,197,184,222,229,112,67,32,119,101,5,117,197,68,177,104,156,192,182,206,140,153,222,201,158,129],"Issuer":"10744798af03766088226050cfbbc18adc0f49521644727ae686d721f13d8d80","Config":"a788bd1567ab44b7ac215a149dab2c719b459ac30c3c2ae828311cd9683c8099","Certificate":[252,191,195,151,111,20,230,230,207,190,106,242,194,63,166,84,108,39,201,12,8,172,246,73,151,127,221,0,71,200,5,130],"Consumer":[97,60,232,64,128,46,252,141,12,44,94,113,182,88,218,253,71,228,180,234,247,190,139,246,188,84,102,47,75,229,45,142],"Transaction":[23,252,218,10,115,12,191,156,36,107,28,218,84,183,225,202,185,194,118,165,63,17,136,139,179,236,163,24,20,222,144,175],"Input":0,"Amount":100,"Deadline":0,"Status":1},{"AnchorHeight":4,"Output":[151,228,211,49,141,42,87,103,101,221,9,178,1,69,254,170,251,79,7,220,39,218,168,37,208,201,45,235,104,7,226,92],"Issuer":"10744798af03766088226050cfbbc18adc0f49521644727ae686d721f13d8d80","Config":"a788bd1567ab44b7ac215a149dab2c719b459ac30c3c2ae828311cd9683c8099","Certificate":[144,57,92,159,209,196,46,208,166,130,69,195,193,183,136,106,222,139,128,221,218,236,40,71,13,7,136,188,169,1,240,227],"Consumer":[153,140,54,48,120,185,134,88,182,116,202,243,24,95,240,179,53,109,185,141,72,162,173,205,36,226,227,215,62,245,101,81],"Transaction":[185,156,153,204,30,194,15,168,42,127,49,49,203,102,52,10,36,224,235,164,151,43,73,5,119,179,216,208,24,142,243,26],"Input":0,"Amount":100,"Deadline":0,"Status":1},{"AnchorHeight":4,"Output":[225,31,57,179,43,98,233,11,76,187,180,126,16,73,44,244,26,52,168,94,218,46,194,173,33,192,87,4,12,29,133,11],"Issuer":"10744798af03766088226050cfbbc18adc0f49521644727ae686d721f13d8d80","Config":"a788bd1567ab44b7ac215a149dab2c719b459ac30c3c2ae828311cd9683c8099","Certificate":[8,13,214,225,170,161,159,119,245,241,229,245,230,233,203,150,67,10,91,13,80,118,161,44,40,131,48,149,228,104,28,181],"Consumer":[17,54,251,41,194,186,244,207,161,245,74,7,27,56,89,240,0,224,5,109,196,182,144,244,165,1,154,107,15,186,230,174],"Transaction":[184,208,31,89,119,137,128,204,100,157,125,198,18,180,0,195,211,65,212,222,67,251,179,187,46,191,114,142,95,59,244,2],"Input":0,"Amount":100,"Deadline":0,"Status":1},{"AnchorHeight":4,"Output":[3,179,162,105,66,122,66,93,164,235,125,76,198,186,123,131,210,107,127,25,216,38,169,61,76,106,111,146,249,68,73,146],"Issuer":"10744798af03766088226050cfbbc18adc0f49521644727ae686d721f13d8d80","Config":"a788bd1567ab44b7ac215a149dab2c719b459ac30c3c2ae828311cd9683c8099","Certificate":[183,195,183,65,75,117,169,169,220,111,169,240,129,148,25,225,44,88,97,61,150,26,126,199,223,213,68,71,209,239,47,253],"Consumer":[60,118,222,214,59,146,93,111,49,106,122,236,143,46,148,241,103,196,70,9,89,26,245,253,53,88,232,165,93,181,82,103],"Transaction":[12,174,203,228,239,185,84,212,143,103,87,67,202,149,158,156,185,209,234,240,190,109,50,131,50,90,150,68,76,65,27,91],"Input":0,"Amount":100,"Deadline":0,"Status":1},{"AnchorHeight":4,"Output":[192,39,124,72,241,245,7,200,156,61,95,89,95,58,23,195,225,84,88,229,69,102,238,14,62,119,198,140,194,108,209,21],"Issuer":"10744798af03766088226050cfbbc18adc0f49521644727ae686d721f13d8d80","Config":"a788bd1567ab44b7ac215a149dab2c719b459ac30c3c2ae828311cd9683c8099","Certificate":[60,118,222,214,59,146,93,111,49,106,122,236,143,46,148,241,103,196,70,9,89,26,245,253,53,88,232,165,93,181,82,103],"Consumer":[104,181,187,185,82,10,229,97,43,21,155,127,187,246,241,206,237,211,154,49,146,169,108,193,179,140,234,153,195,195,161,42],"Transaction":[43,77,245,65,110,12,213,19,137,47,227,140,54,55,191,217,165,182,174,246,34,137,31,17,133,141,168,14,123,81,13,63],"Input":0,"Amount":100,"Deadline":0,"Status":1},{"AnchorHeight":4,"Output":[208,176,36,212,215,244,5,9,8,109,212,71,156,156,30,78,104,83,133,202,253,208,148,219,22,124,16,19,134,134,185,2],"Issuer":"10744798af03766088226050cfbbc18adc0f49521644727ae686d721f13d8d80","Config":"a788bd1567ab44b7ac215a149dab2c719b459ac30c3c2ae828311cd9683c8099","Certificate":[23,86,37,53,58,21,211,60,105,12,142,209,115,67,51,115,107,243,171,100,50,201,199,56,116,238,162,150,192,11,234,35],"Consumer":[198,55,102,94,145,50,197,167,244,238,236,116,48,114,243,224,170,57,30,24,61,235,50,65,159,21,154,216,99,137,32,62],"Transaction":[113,165,59,0,119,205,240,151,240,95,80,219,68,226,167,216,38,194,74,21,125,234,146,116,37,211,254,147,182,250,91,157],"Input":0,"Amount":100,"Deadline":0,"Status":1},{"AnchorHeight":4,"Output":[138,131,101,74,167,110,5,113,193,248,173,17,56,142,121,206,233,239,136,120,129,141,120,243,52,162,219,127,105,236,189,220],"Issuer":"10744798af03766088226050cfbbc18adc0f49521644727ae686d721f13d8d80","Config":"a788bd1567ab44b7ac215a149dab2c719b459ac30c3c2ae828311cd9683c8099","Certificate":[190,13,88,111,14,39,236,91,23,115,90,239,116,233,135,27,222,208,116,229,49,66,39,233,212,41,192,197,92,177,23,151],"Consumer":[79,244,11,136,60,232,123,169,231,160,182,173,11,0,168,193,234,6,38,163,137,207,215,92,207,196,173,80,97,93,182,12],"Transaction":[48,92,244,177,37,146,95,248,222,153,150,215,191,250,9,84,37,113,141,49,227,64,135,10,119,193,199,204,240,237,244,226],"Input":0,"Amount":100,"Deadline":0,"Status":1}],"verified":true}
