{
  "batch_progress": true,
  "block_observed_p50_ms": 1101.108375,
  "completed_per_second": 78.6341260895575,
  "concurrency": 64,
  "count": 300,
  "dispatch_delivery_wait_p95_ms": 0.28525,
  "dispatch_lag_p50_ms": 0.067542,
  "dispatch_lag_p95_ms": 0.295292,
  "elapsed_s": 3.815137459,
  "failed": 0,
  "fast_completed": 300,
  "fast_p50_ms": 1.095833,
  "fast_p95_ms": 17.951208,
  "final_unfinished": 0,
  "finished_unix_ns": 1790919472651568000,
  "max_pending": 256,
  "member_applied_p50_ms": 1130.117083,
  "member_completed": 300,
  "not_sent": 0,
  "note": "Block observation includes block verification and wallet polling; member applied queries local member status for all four nodes. No committee payment proofs are requested.",
  "pending_limit": 256,
  "progress_batch_facts": 1393,
  "progress_batch_http_errors": 0,
  "progress_batch_http_requests": 126,
  "progress_batch_http_total_ms": 27.042295,
  "progress_batch_queue_total_ms": 6002.691502,
  "progress_errors": 0,
  "progress_http_max_ms": 6.010458,
  "progress_http_mean_ms": 4.543236271356784,
  "progress_metric_note": "progress_requests counts logical fact checks; progress_http durations include batch queue wait. Actual batch HTTP requests/errors are separate.",
  "progress_requests": 1393,
  "progress_requests_per_second": 365.1244588091787,
  "same_org": false,
  "sampled_oldest_unfinished_max_ms": 1959.861,
  "sampled_peak_unfinished": 156,
  "send_limit_hits": 0,
  "send_pacing_wait_p95_ms": 0.0005,
  "send_permit_wait_p95_ms": 0.000083,
  "started_unix_ns": 1790919468836424000,
  "target_send_rate": 100,
  "timing_origin": "wallet_http_submit_v4",
  "total_limit_hits": 0,
  "total_permit_wait_p95_ms": 0.000333,
  "trace": false,
  "unknown": 0,
  "wallet_block_observed": 300,
  "wallet_no_sync": true,
  "wallet_queries": 898,
  "workload": "bounded_fast_receipt_with_independent_observation"
}
