{
  "batch_progress": true,
  "block_observed_p50_ms": 1423.115042,
  "completed_per_second": 98.8627025950426,
  "concurrency": 64,
  "count": 7000,
  "dispatch_delivery_wait_p95_ms": 0.229708,
  "dispatch_lag_p50_ms": 0.047,
  "dispatch_lag_p95_ms": 0.239208,
  "elapsed_s": 70.805266458,
  "failed": 0,
  "fast_completed": 7000,
  "fast_p50_ms": 53.034042,
  "fast_p95_ms": 139.893583,
  "final_unfinished": 0,
  "finished_unix_ns": 1790951450595188000,
  "max_pending": 256,
  "member_applied_p50_ms": 1505.213084,
  "member_completed": 7000,
  "not_sent": 0,
  "note": "Block observation includes block verification and wallet polling; member applied queries local member status for all four nodes. No committee payment proofs are requested.",
  "pending_limit": 256,
  "progress_batch_facts": 44408,
  "progress_batch_http_errors": 0,
  "progress_batch_http_requests": 3609,
  "progress_batch_http_total_ms": 2115.090916,
  "progress_batch_queue_total_ms": 168277.789543,
  "progress_errors": 0,
  "progress_http_max_ms": 85.629334,
  "progress_http_mean_ms": 4.509911907133845,
  "progress_metric_note": "progress_requests counts logical fact checks; progress_http durations include batch queue wait. Actual batch HTTP requests/errors are separate.",
  "progress_requests": 44408,
  "progress_requests_per_second": 627.1849852629502,
  "same_org": false,
  "sampled_oldest_unfinished_max_ms": 2459.953,
  "sampled_peak_unfinished": 238,
  "send_limit_hits": 0,
  "send_pacing_wait_p95_ms": 0.000584,
  "send_permit_wait_p95_ms": 0.000125,
  "started_unix_ns": 1790951379789904000,
  "target_send_rate": 100,
  "timing_origin": "wallet_http_submit_v4",
  "total_limit_hits": 0,
  "total_permit_wait_p95_ms": 0.000333,
  "trace": false,
  "unknown": 0,
  "wallet_block_observed": 7000,
  "wallet_no_sync": true,
  "wallet_queries": 25997,
  "workload": "bounded_fast_receipt_with_independent_observation"
}
