=== RUN   TestRepairBatchCost
=== RUN   TestRepairBatchCost/same_block_1
    batch_test.go:609: COST items=1 single_commands=1 batch_commands=1 single_bytes=3751 batch_bytes=680 single_part_adaptations=1 batch_part_adaptations=1 single_ms=22.523 batch_ms=22.591
=== RUN   TestRepairBatchCost/same_block_4
    batch_test.go:609: COST items=4 single_commands=4 batch_commands=1 single_bytes=35860 batch_bytes=1568 single_part_adaptations=4 batch_part_adaptations=1 single_ms=85.500 batch_ms=66.310
=== RUN   TestRepairBatchCost/same_block_8
    batch_test.go:609: COST items=8 single_commands=8 batch_commands=1 single_bytes=127336 batch_bytes=2752 single_part_adaptations=8 batch_part_adaptations=1 single_ms=198.286 batch_ms=96.771
=== RUN   TestRepairBatchCost/separate_blocks_8
    batch_test.go:609: COST items=1 single_commands=1 batch_commands=1 single_bytes=3751 batch_bytes=680 single_part_adaptations=1 batch_part_adaptations=1 single_ms=17.521 batch_ms=18.454
    batch_test.go:609: COST items=1 single_commands=1 batch_commands=1 single_bytes=3751 batch_bytes=680 single_part_adaptations=1 batch_part_adaptations=1 single_ms=19.019 batch_ms=17.609
    batch_test.go:609: COST items=1 single_commands=1 batch_commands=1 single_bytes=3751 batch_bytes=680 single_part_adaptations=1 batch_part_adaptations=1 single_ms=20.626 batch_ms=22.246
    batch_test.go:609: COST items=1 single_commands=1 batch_commands=1 single_bytes=3751 batch_bytes=680 single_part_adaptations=1 batch_part_adaptations=1 single_ms=20.012 batch_ms=21.016
    batch_test.go:609: COST items=1 single_commands=1 batch_commands=1 single_bytes=3751 batch_bytes=680 single_part_adaptations=1 batch_part_adaptations=1 single_ms=20.682 batch_ms=19.164
    batch_test.go:609: COST items=1 single_commands=1 batch_commands=1 single_bytes=3751 batch_bytes=680 single_part_adaptations=1 batch_part_adaptations=1 single_ms=17.375 batch_ms=18.233
    batch_test.go:609: COST items=1 single_commands=1 batch_commands=1 single_bytes=3751 batch_bytes=680 single_part_adaptations=1 batch_part_adaptations=1 single_ms=17.214 batch_ms=19.637
    batch_test.go:609: COST items=1 single_commands=1 batch_commands=1 single_bytes=3751 batch_bytes=680 single_part_adaptations=1 batch_part_adaptations=1 single_ms=18.638 batch_ms=19.129
--- PASS: TestRepairBatchCost (0.97s)
    --- PASS: TestRepairBatchCost/same_block_1 (0.06s)
    --- PASS: TestRepairBatchCost/same_block_4 (0.18s)
    --- PASS: TestRepairBatchCost/same_block_8 (0.33s)
    --- PASS: TestRepairBatchCost/separate_blocks_8 (0.40s)
=== RUN   TestRepairBatchCost
=== RUN   TestRepairBatchCost/same_block_1
    batch_test.go:609: COST items=1 single_commands=1 batch_commands=1 single_bytes=3751 batch_bytes=680 single_part_adaptations=1 batch_part_adaptations=1 single_ms=18.031 batch_ms=19.544
=== RUN   TestRepairBatchCost/same_block_4
    batch_test.go:609: COST items=4 single_commands=4 batch_commands=1 single_bytes=35860 batch_bytes=1568 single_part_adaptations=4 batch_part_adaptations=1 single_ms=80.292 batch_ms=50.098
=== RUN   TestRepairBatchCost/same_block_8
    batch_test.go:609: COST items=8 single_commands=8 batch_commands=1 single_bytes=127336 batch_bytes=2752 single_part_adaptations=8 batch_part_adaptations=1 single_ms=176.515 batch_ms=112.180
=== RUN   TestRepairBatchCost/separate_blocks_8
    batch_test.go:609: COST items=1 single_commands=1 batch_commands=1 single_bytes=3751 batch_bytes=680 single_part_adaptations=1 batch_part_adaptations=1 single_ms=18.024 batch_ms=17.229
    batch_test.go:609: COST items=1 single_commands=1 batch_commands=1 single_bytes=3751 batch_bytes=680 single_part_adaptations=1 batch_part_adaptations=1 single_ms=18.095 batch_ms=18.620
    batch_test.go:609: COST items=1 single_commands=1 batch_commands=1 single_bytes=3751 batch_bytes=680 single_part_adaptations=1 batch_part_adaptations=1 single_ms=19.225 batch_ms=20.162
    batch_test.go:609: COST items=1 single_commands=1 batch_commands=1 single_bytes=3751 batch_bytes=680 single_part_adaptations=1 batch_part_adaptations=1 single_ms=18.070 batch_ms=18.640
    batch_test.go:609: COST items=1 single_commands=1 batch_commands=1 single_bytes=3751 batch_bytes=680 single_part_adaptations=1 batch_part_adaptations=1 single_ms=21.082 batch_ms=22.166
    batch_test.go:609: COST items=1 single_commands=1 batch_commands=1 single_bytes=3751 batch_bytes=680 single_part_adaptations=1 batch_part_adaptations=1 single_ms=19.622 batch_ms=24.402
    batch_test.go:609: COST items=1 single_commands=1 batch_commands=1 single_bytes=3751 batch_bytes=680 single_part_adaptations=1 batch_part_adaptations=1 single_ms=21.246 batch_ms=21.707
    batch_test.go:609: COST items=1 single_commands=1 batch_commands=1 single_bytes=3751 batch_bytes=680 single_part_adaptations=1 batch_part_adaptations=1 single_ms=20.622 batch_ms=23.388
--- PASS: TestRepairBatchCost (0.95s)
    --- PASS: TestRepairBatchCost/same_block_1 (0.05s)
    --- PASS: TestRepairBatchCost/same_block_4 (0.15s)
    --- PASS: TestRepairBatchCost/same_block_8 (0.34s)
    --- PASS: TestRepairBatchCost/separate_blocks_8 (0.41s)
=== RUN   TestRepairBatchCost
=== RUN   TestRepairBatchCost/same_block_1
    batch_test.go:609: COST items=1 single_commands=1 batch_commands=1 single_bytes=3751 batch_bytes=680 single_part_adaptations=1 batch_part_adaptations=1 single_ms=22.578 batch_ms=23.008
=== RUN   TestRepairBatchCost/same_block_4
    batch_test.go:609: COST items=4 single_commands=4 batch_commands=1 single_bytes=35860 batch_bytes=1568 single_part_adaptations=4 batch_part_adaptations=1 single_ms=90.324 batch_ms=61.449
=== RUN   TestRepairBatchCost/same_block_8
    batch_test.go:609: COST items=8 single_commands=8 batch_commands=1 single_bytes=127336 batch_bytes=2752 single_part_adaptations=8 batch_part_adaptations=1 single_ms=209.083 batch_ms=105.700
=== RUN   TestRepairBatchCost/separate_blocks_8
    batch_test.go:609: COST items=1 single_commands=1 batch_commands=1 single_bytes=3751 batch_bytes=680 single_part_adaptations=1 batch_part_adaptations=1 single_ms=18.781 batch_ms=23.683
    batch_test.go:609: COST items=1 single_commands=1 batch_commands=1 single_bytes=3751 batch_bytes=680 single_part_adaptations=1 batch_part_adaptations=1 single_ms=20.535 batch_ms=19.078
    batch_test.go:609: COST items=1 single_commands=1 batch_commands=1 single_bytes=3751 batch_bytes=680 single_part_adaptations=1 batch_part_adaptations=1 single_ms=18.731 batch_ms=16.806
    batch_test.go:609: COST items=1 single_commands=1 batch_commands=1 single_bytes=3751 batch_bytes=680 single_part_adaptations=1 batch_part_adaptations=1 single_ms=21.128 batch_ms=20.038
    batch_test.go:609: COST items=1 single_commands=1 batch_commands=1 single_bytes=3751 batch_bytes=680 single_part_adaptations=1 batch_part_adaptations=1 single_ms=31.532 batch_ms=19.257
    batch_test.go:609: COST items=1 single_commands=1 batch_commands=1 single_bytes=3751 batch_bytes=680 single_part_adaptations=1 batch_part_adaptations=1 single_ms=18.114 batch_ms=17.475
    batch_test.go:609: COST items=1 single_commands=1 batch_commands=1 single_bytes=3751 batch_bytes=680 single_part_adaptations=1 batch_part_adaptations=1 single_ms=18.640 batch_ms=16.757
    batch_test.go:609: COST items=1 single_commands=1 batch_commands=1 single_bytes=3751 batch_bytes=680 single_part_adaptations=1 batch_part_adaptations=1 single_ms=17.604 batch_ms=22.792
--- PASS: TestRepairBatchCost (0.99s)
    --- PASS: TestRepairBatchCost/same_block_1 (0.05s)
    --- PASS: TestRepairBatchCost/same_block_4 (0.17s)
    --- PASS: TestRepairBatchCost/same_block_8 (0.36s)
    --- PASS: TestRepairBatchCost/separate_blocks_8 (0.41s)
=== RUN   TestRepairBatchCost
=== RUN   TestRepairBatchCost/same_block_1
    batch_test.go:609: COST items=1 single_commands=1 batch_commands=1 single_bytes=3751 batch_bytes=680 single_part_adaptations=1 batch_part_adaptations=1 single_ms=62.230 batch_ms=51.727
=== RUN   TestRepairBatchCost/same_block_4
    batch_test.go:609: COST items=4 single_commands=4 batch_commands=1 single_bytes=35860 batch_bytes=1568 single_part_adaptations=4 batch_part_adaptations=1 single_ms=169.670 batch_ms=138.926
=== RUN   TestRepairBatchCost/same_block_8
    batch_test.go:609: COST items=8 single_commands=8 batch_commands=1 single_bytes=127336 batch_bytes=2752 single_part_adaptations=8 batch_part_adaptations=1 single_ms=340.634 batch_ms=201.686
=== RUN   TestRepairBatchCost/separate_blocks_8
    batch_test.go:609: COST items=1 single_commands=1 batch_commands=1 single_bytes=3751 batch_bytes=680 single_part_adaptations=1 batch_part_adaptations=1 single_ms=41.398 batch_ms=35.442
    batch_test.go:609: COST items=1 single_commands=1 batch_commands=1 single_bytes=3751 batch_bytes=680 single_part_adaptations=1 batch_part_adaptations=1 single_ms=35.938 batch_ms=44.345
    batch_test.go:609: COST items=1 single_commands=1 batch_commands=1 single_bytes=3751 batch_bytes=680 single_part_adaptations=1 batch_part_adaptations=1 single_ms=33.490 batch_ms=39.982
    batch_test.go:609: COST items=1 single_commands=1 batch_commands=1 single_bytes=3751 batch_bytes=680 single_part_adaptations=1 batch_part_adaptations=1 single_ms=35.710 batch_ms=34.424
    batch_test.go:609: COST items=1 single_commands=1 batch_commands=1 single_bytes=3751 batch_bytes=680 single_part_adaptations=1 batch_part_adaptations=1 single_ms=38.279 batch_ms=39.535
    batch_test.go:609: COST items=1 single_commands=1 batch_commands=1 single_bytes=3751 batch_bytes=680 single_part_adaptations=1 batch_part_adaptations=1 single_ms=35.693 batch_ms=34.754
    batch_test.go:609: COST items=1 single_commands=1 batch_commands=1 single_bytes=3751 batch_bytes=680 single_part_adaptations=1 batch_part_adaptations=1 single_ms=28.913 batch_ms=33.315
    batch_test.go:609: COST items=1 single_commands=1 batch_commands=1 single_bytes=3751 batch_bytes=680 single_part_adaptations=1 batch_part_adaptations=1 single_ms=22.011 batch_ms=23.754
--- PASS: TestRepairBatchCost (1.77s)
    --- PASS: TestRepairBatchCost/same_block_1 (0.13s)
    --- PASS: TestRepairBatchCost/same_block_4 (0.35s)
    --- PASS: TestRepairBatchCost/same_block_8 (0.61s)
    --- PASS: TestRepairBatchCost/separate_blocks_8 (0.68s)
=== RUN   TestRepairBatchCost
=== RUN   TestRepairBatchCost/same_block_1
    batch_test.go:609: COST items=1 single_commands=1 batch_commands=1 single_bytes=3751 batch_bytes=680 single_part_adaptations=1 batch_part_adaptations=1 single_ms=26.507 batch_ms=25.287
=== RUN   TestRepairBatchCost/same_block_4
    batch_test.go:609: COST items=4 single_commands=4 batch_commands=1 single_bytes=35860 batch_bytes=1568 single_part_adaptations=4 batch_part_adaptations=1 single_ms=111.308 batch_ms=66.157
=== RUN   TestRepairBatchCost/same_block_8
    batch_test.go:609: COST items=8 single_commands=8 batch_commands=1 single_bytes=127336 batch_bytes=2752 single_part_adaptations=8 batch_part_adaptations=1 single_ms=306.503 batch_ms=136.701
=== RUN   TestRepairBatchCost/separate_blocks_8
    batch_test.go:609: COST items=1 single_commands=1 batch_commands=1 single_bytes=3751 batch_bytes=680 single_part_adaptations=1 batch_part_adaptations=1 single_ms=36.794 batch_ms=32.032
    batch_test.go:609: COST items=1 single_commands=1 batch_commands=1 single_bytes=3751 batch_bytes=680 single_part_adaptations=1 batch_part_adaptations=1 single_ms=34.506 batch_ms=32.113
    batch_test.go:609: COST items=1 single_commands=1 batch_commands=1 single_bytes=3751 batch_bytes=680 single_part_adaptations=1 batch_part_adaptations=1 single_ms=37.388 batch_ms=38.135
    batch_test.go:609: COST items=1 single_commands=1 batch_commands=1 single_bytes=3751 batch_bytes=680 single_part_adaptations=1 batch_part_adaptations=1 single_ms=25.619 batch_ms=39.087
    batch_test.go:609: COST items=1 single_commands=1 batch_commands=1 single_bytes=3751 batch_bytes=680 single_part_adaptations=1 batch_part_adaptations=1 single_ms=27.141 batch_ms=24.783
    batch_test.go:609: COST items=1 single_commands=1 batch_commands=1 single_bytes=3751 batch_bytes=680 single_part_adaptations=1 batch_part_adaptations=1 single_ms=26.657 batch_ms=27.398
    batch_test.go:609: COST items=1 single_commands=1 batch_commands=1 single_bytes=3751 batch_bytes=680 single_part_adaptations=1 batch_part_adaptations=1 single_ms=31.076 batch_ms=30.446
    batch_test.go:609: COST items=1 single_commands=1 batch_commands=1 single_bytes=3751 batch_bytes=680 single_part_adaptations=1 batch_part_adaptations=1 single_ms=27.187 batch_ms=24.612
--- PASS: TestRepairBatchCost (1.36s)
    --- PASS: TestRepairBatchCost/same_block_1 (0.06s)
    --- PASS: TestRepairBatchCost/same_block_4 (0.20s)
    --- PASS: TestRepairBatchCost/same_block_8 (0.49s)
    --- PASS: TestRepairBatchCost/separate_blocks_8 (0.60s)
PASS
ok  	utxo/internal/redaction	6.197s
=== RUN   TestAtomicRepairBatchTwoInputs
=== RUN   TestAtomicRepairBatchTwoInputs/honest_quorum_duplicate
=== RUN   TestAtomicRepairBatchTwoInputs/honest_quorum_short
=== RUN   TestAtomicRepairBatchTwoInputs/honest_quorum_empty
=== RUN   TestAtomicRepairBatchTwoInputs/unaffordable_batch_not_signed
=== RUN   TestAtomicRepairBatchTwoInputs/batch_then_batch_false
=== RUN   TestAtomicRepairBatchTwoInputs/batch_then_batch_true
=== NAME  TestAtomicRepairBatchTwoInputs
    batch_test.go:609: COST items=2 single_commands=2 batch_commands=1 single_bytes=10978 batch_bytes=976 single_part_adaptations=2 batch_part_adaptations=1 single_ms=40.917 batch_ms=41.788
--- PASS: TestAtomicRepairBatchTwoInputs (0.20s)
    --- PASS: TestAtomicRepairBatchTwoInputs/honest_quorum_duplicate (0.00s)
    --- PASS: TestAtomicRepairBatchTwoInputs/honest_quorum_short (0.00s)
    --- PASS: TestAtomicRepairBatchTwoInputs/honest_quorum_empty (0.00s)
    --- PASS: TestAtomicRepairBatchTwoInputs/unaffordable_batch_not_signed (0.00s)
    --- PASS: TestAtomicRepairBatchTwoInputs/batch_then_batch_false (0.04s)
    --- PASS: TestAtomicRepairBatchTwoInputs/batch_then_batch_true (0.05s)
=== RUN   TestAtomicRepairBatchTwoInputs
=== RUN   TestAtomicRepairBatchTwoInputs/honest_quorum_empty
=== RUN   TestAtomicRepairBatchTwoInputs/honest_quorum_duplicate
=== RUN   TestAtomicRepairBatchTwoInputs/honest_quorum_short
=== RUN   TestAtomicRepairBatchTwoInputs/unaffordable_batch_not_signed
=== RUN   TestAtomicRepairBatchTwoInputs/batch_then_batch_false
=== RUN   TestAtomicRepairBatchTwoInputs/batch_then_batch_true
=== NAME  TestAtomicRepairBatchTwoInputs
    batch_test.go:609: COST items=2 single_commands=2 batch_commands=1 single_bytes=10978 batch_bytes=976 single_part_adaptations=2 batch_part_adaptations=1 single_ms=43.583 batch_ms=33.723
--- PASS: TestAtomicRepairBatchTwoInputs (0.18s)
    --- PASS: TestAtomicRepairBatchTwoInputs/honest_quorum_empty (0.00s)
    --- PASS: TestAtomicRepairBatchTwoInputs/honest_quorum_duplicate (0.00s)
    --- PASS: TestAtomicRepairBatchTwoInputs/honest_quorum_short (0.00s)
    --- PASS: TestAtomicRepairBatchTwoInputs/unaffordable_batch_not_signed (0.00s)
    --- PASS: TestAtomicRepairBatchTwoInputs/batch_then_batch_false (0.04s)
    --- PASS: TestAtomicRepairBatchTwoInputs/batch_then_batch_true (0.04s)
=== RUN   TestAtomicRepairBatchTwoInputs
=== RUN   TestAtomicRepairBatchTwoInputs/honest_quorum_empty
=== RUN   TestAtomicRepairBatchTwoInputs/honest_quorum_duplicate
=== RUN   TestAtomicRepairBatchTwoInputs/honest_quorum_short
=== RUN   TestAtomicRepairBatchTwoInputs/unaffordable_batch_not_signed
=== RUN   TestAtomicRepairBatchTwoInputs/batch_then_batch_false
=== RUN   TestAtomicRepairBatchTwoInputs/batch_then_batch_true
=== NAME  TestAtomicRepairBatchTwoInputs
    batch_test.go:609: COST items=2 single_commands=2 batch_commands=1 single_bytes=10978 batch_bytes=976 single_part_adaptations=2 batch_part_adaptations=1 single_ms=40.809 batch_ms=34.983
--- PASS: TestAtomicRepairBatchTwoInputs (0.17s)
    --- PASS: TestAtomicRepairBatchTwoInputs/honest_quorum_empty (0.00s)
    --- PASS: TestAtomicRepairBatchTwoInputs/honest_quorum_duplicate (0.00s)
    --- PASS: TestAtomicRepairBatchTwoInputs/honest_quorum_short (0.00s)
    --- PASS: TestAtomicRepairBatchTwoInputs/unaffordable_batch_not_signed (0.00s)
    --- PASS: TestAtomicRepairBatchTwoInputs/batch_then_batch_false (0.04s)
    --- PASS: TestAtomicRepairBatchTwoInputs/batch_then_batch_true (0.04s)
=== RUN   TestAtomicRepairBatchTwoInputs
=== RUN   TestAtomicRepairBatchTwoInputs/honest_quorum_empty
=== RUN   TestAtomicRepairBatchTwoInputs/honest_quorum_duplicate
=== RUN   TestAtomicRepairBatchTwoInputs/honest_quorum_short
=== RUN   TestAtomicRepairBatchTwoInputs/unaffordable_batch_not_signed
=== RUN   TestAtomicRepairBatchTwoInputs/batch_then_batch_false
=== RUN   TestAtomicRepairBatchTwoInputs/batch_then_batch_true
=== NAME  TestAtomicRepairBatchTwoInputs
    batch_test.go:609: COST items=2 single_commands=2 batch_commands=1 single_bytes=10978 batch_bytes=976 single_part_adaptations=2 batch_part_adaptations=1 single_ms=40.362 batch_ms=45.818
--- PASS: TestAtomicRepairBatchTwoInputs (0.18s)
    --- PASS: TestAtomicRepairBatchTwoInputs/honest_quorum_empty (0.00s)
    --- PASS: TestAtomicRepairBatchTwoInputs/honest_quorum_duplicate (0.00s)
    --- PASS: TestAtomicRepairBatchTwoInputs/honest_quorum_short (0.00s)
    --- PASS: TestAtomicRepairBatchTwoInputs/unaffordable_batch_not_signed (0.00s)
    --- PASS: TestAtomicRepairBatchTwoInputs/batch_then_batch_false (0.04s)
    --- PASS: TestAtomicRepairBatchTwoInputs/batch_then_batch_true (0.04s)
=== RUN   TestAtomicRepairBatchTwoInputs
=== RUN   TestAtomicRepairBatchTwoInputs/honest_quorum_empty
=== RUN   TestAtomicRepairBatchTwoInputs/honest_quorum_duplicate
=== RUN   TestAtomicRepairBatchTwoInputs/honest_quorum_short
=== RUN   TestAtomicRepairBatchTwoInputs/unaffordable_batch_not_signed
=== RUN   TestAtomicRepairBatchTwoInputs/batch_then_batch_false
=== RUN   TestAtomicRepairBatchTwoInputs/batch_then_batch_true
=== NAME  TestAtomicRepairBatchTwoInputs
    batch_test.go:609: COST items=2 single_commands=2 batch_commands=1 single_bytes=10978 batch_bytes=976 single_part_adaptations=2 batch_part_adaptations=1 single_ms=43.581 batch_ms=37.241
--- PASS: TestAtomicRepairBatchTwoInputs (0.18s)
    --- PASS: TestAtomicRepairBatchTwoInputs/honest_quorum_empty (0.00s)
    --- PASS: TestAtomicRepairBatchTwoInputs/honest_quorum_duplicate (0.00s)
    --- PASS: TestAtomicRepairBatchTwoInputs/honest_quorum_short (0.00s)
    --- PASS: TestAtomicRepairBatchTwoInputs/unaffordable_batch_not_signed (0.00s)
    --- PASS: TestAtomicRepairBatchTwoInputs/batch_then_batch_false (0.04s)
    --- PASS: TestAtomicRepairBatchTwoInputs/batch_then_batch_true (0.04s)
PASS
ok  	utxo/internal/redaction	1.113s
