2026/09/24 19:46:26 INFO gateway started listen=127.0.0.1:26301 organization=062f856d452e238aa4b1152acf77e379ee0109b9aa2aec348442e82adf1c6512
2026/09/24 19:46:45 WARN direct approval quorum unavailable tx="[116 38 38 16 70 215 132 131 223 132 68 28 174 153 152 10 70 14 71 141 130 18 94 248 213 182 17 90 131 181 238 203]" error="valid quorum unavailable\nmember HTTP 409: DEFERRED\nmember HTTP 409: DEFERRED"
2026/09/24 19:46:45 WARN direct approval quorum unavailable tx="[139 27 214 254 165 238 221 153 233 54 97 177 6 141 109 190 245 199 99 158 106 73 209 43 13 95 159 201 75 134 107 139]" error="valid quorum unavailable\nmember HTTP 409: DEFERRED\nmember HTTP 409: DEFERRED\nmember HTTP 409: DEFERRED"
2026/09/24 19:46:45 WARN direct approval quorum unavailable tx="[90 3 20 126 191 34 185 46 201 241 118 253 159 114 85 38 122 44 80 114 138 69 92 196 231 9 249 183 74 37 60 134]" error="valid quorum unavailable\nmember HTTP 409: DEFERRED\nmember HTTP 409: DEFERRED\nmember HTTP 409: DEFERRED"
2026/09/24 19:46:48 WARN direct approval quorum unavailable tx="[9 125 192 75 30 171 115 174 182 216 180 179 237 242 225 137 247 245 19 134 194 172 51 128 41 245 208 238 250 61 203 12]" error="valid quorum unavailable\nmember HTTP 409: DEFERRED\nmember HTTP 409: DEFERRED\nmember HTTP 409: DEFERRED"
2026/09/24 19:46:50 WARN direct approval quorum unavailable tx="[125 164 54 251 246 163 227 101 31 207 193 135 115 51 58 10 228 11 42 38 28 101 67 157 228 51 65 211 103 174 216 58]" error="valid quorum unavailable\nmember HTTP 409: DEFERRED\nmember HTTP 409: DEFERRED"
2026/09/24 19:46:51 WARN direct approval quorum unavailable tx="[133 233 212 27 82 222 112 122 185 35 155 54 228 233 231 42 101 10 31 46 61 200 12 252 218 48 114 108 51 229 125 195]" error="valid quorum unavailable\nmember HTTP 409: DEFERRED\nmember HTTP 409: DEFERRED\nmember HTTP 409: DEFERRED"
2026/09/24 19:46:52 WARN direct approval quorum unavailable tx="[2 205 11 199 132 197 143 233 116 246 23 233 239 246 255 62 119 76 96 55 119 198 190 164 62 1 172 195 186 120 165 141]" error="valid quorum unavailable\nmember HTTP 409: DEFERRED\nmember HTTP 409: DEFERRED\nmember HTTP 409: DEFERRED"
2026/09/24 19:46:54 WARN direct approval quorum unavailable tx="[4 66 207 24 112 42 22 241 241 201 139 92 74 43 154 152 88 93 91 226 145 34 132 41 241 10 108 203 96 64 21 152]" error="valid quorum unavailable\nmember HTTP 409: DEFERRED\nmember HTTP 409: DEFERRED\nmember HTTP 409: DEFERRED"
2026/09/24 19:46:56 WARN direct approval quorum unavailable tx="[215 225 127 188 160 47 166 70 49 116 17 128 66 180 145 155 64 24 251 232 197 37 200 135 175 179 106 46 207 169 5 207]" error="valid quorum unavailable\nmember HTTP 409: DEFERRED\nmember HTTP 409: DEFERRED"
2026/09/24 19:47:00 WARN direct approval quorum unavailable tx="[17 155 233 223 105 81 213 44 144 125 28 245 53 242 40 55 245 156 207 37 122 98 238 61 24 22 80 156 209 137 75 173]" error="valid quorum unavailable\nmember HTTP 409: DEFERRED\nmember HTTP 409: DEFERRED\nmember HTTP 409: DEFERRED"
2026/09/24 19:47:01 WARN direct approval quorum unavailable tx="[212 58 26 131 27 7 203 217 75 59 73 105 19 129 73 64 188 1 103 202 6 27 66 239 250 195 49 176 62 27 55 163]" error="valid quorum unavailable\nmember HTTP 409: DEFERRED\nmember HTTP 409: DEFERRED"
2026/09/24 19:47:03 WARN direct approval quorum unavailable tx="[93 188 3 209 27 114 17 92 36 41 207 14 161 37 218 25 205 54 213 88 172 91 2 92 118 44 210 135 1 171 150 42]" error="valid quorum unavailable\nmember HTTP 409: DEFERRED\nmember HTTP 409: DEFERRED"
2026/09/24 19:47:05 WARN direct approval quorum unavailable tx="[176 236 218 199 224 45 29 236 250 187 77 105 211 244 92 64 85 45 151 188 83 164 19 213 235 2 230 56 36 10 197 204]" error="valid quorum unavailable\nmember HTTP 409: DEFERRED\nmember HTTP 409: DEFERRED\nmember HTTP 409: DEFERRED"
2026/09/24 19:47:06 WARN direct approval quorum unavailable tx="[146 53 14 185 180 248 133 234 100 105 210 118 63 107 35 144 189 75 77 192 180 76 97 193 46 196 184 201 239 91 32 155]" error="valid quorum unavailable\nmember HTTP 409: DEFERRED\nmember HTTP 409: DEFERRED"
2026/09/24 19:47:07 WARN direct approval quorum unavailable tx="[25 3 161 214 89 194 163 104 20 167 196 95 244 81 229 248 174 113 114 147 98 98 207 108 27 226 50 23 160 136 51 238]" error="valid quorum unavailable\nmember HTTP 409: DEFERRED\nmember HTTP 409: DEFERRED\nmember HTTP 409: DEFERRED"
2026/09/24 19:47:08 WARN direct approval quorum unavailable tx="[208 79 154 4 14 160 11 173 171 26 178 227 221 209 143 152 101 110 46 56 133 40 99 154 30 93 61 49 81 4 213 164]" error="valid quorum unavailable\nmember HTTP 409: DEFERRED\nmember HTTP 409: DEFERRED"
2026/09/24 19:47:11 WARN direct approval quorum unavailable tx="[186 112 159 97 137 59 24 211 211 137 40 167 197 3 169 230 224 166 122 6 68 163 98 127 110 20 194 72 217 197 130 140]" error="valid quorum unavailable\nmember HTTP 409: DEFERRED\nmember HTTP 409: DEFERRED"
2026/09/24 19:47:11 WARN direct approval quorum unavailable tx="[84 251 28 170 238 227 178 113 236 212 78 148 252 73 160 3 40 12 99 224 140 53 50 139 136 121 34 214 40 202 210 35]" error="valid quorum unavailable\nmember HTTP 409: DEFERRED\nmember HTTP 409: DEFERRED"
2026/09/24 19:47:11 WARN direct approval quorum unavailable tx="[145 252 20 223 163 71 228 49 139 192 0 23 9 156 246 179 226 83 228 244 91 140 76 241 225 159 23 125 97 65 253 179]" error="valid quorum unavailable\nmember HTTP 409: DEFERRED\nmember HTTP 409: DEFERRED"
2026/09/24 19:47:20 WARN direct approval quorum unavailable tx="[39 17 177 127 8 88 11 201 37 126 178 190 123 36 67 66 97 172 87 9 129 217 94 95 249 245 196 110 157 233 231 203]" error="valid quorum unavailable\nmember HTTP 409: DEFERRED\nmember HTTP 409: DEFERRED\nmember HTTP 409: DEFERRED"
2026/09/24 19:47:24 WARN direct approval quorum unavailable tx="[1 41 15 105 52 80 39 172 121 93 199 253 239 168 128 199 122 31 95 255 131 31 1 233 54 251 236 105 113 186 86 161]" error="valid quorum unavailable\nmember HTTP 409: DEFERRED\nmember HTTP 409: DEFERRED"
2026/09/24 19:47:27 WARN direct approval quorum unavailable tx="[25 177 67 126 171 222 0 209 31 18 64 9 131 146 137 188 253 17 248 144 72 88 204 176 185 3 122 221 224 141 9 19]" error="valid quorum unavailable\nmember HTTP 409: DEFERRED\nmember HTTP 409: DEFERRED"
2026/09/24 19:47:30 WARN direct approval quorum unavailable tx="[121 203 118 221 177 101 128 206 113 210 132 108 16 37 217 123 212 32 244 100 126 214 241 0 200 121 99 107 194 115 41 60]" error="valid quorum unavailable\nmember HTTP 409: DEFERRED\nmember HTTP 409: DEFERRED\nmember HTTP 409: DEFERRED"
2026/09/24 19:47:37 WARN direct approval quorum unavailable tx="[93 23 53 129 232 20 181 220 50 142 248 79 49 218 47 191 22 16 81 160 124 79 100 229 114 130 224 221 243 185 250 34]" error="valid quorum unavailable\nmember HTTP 409: DEFERRED\nmember HTTP 409: DEFERRED\nmember HTTP 409: DEFERRED"
2026/09/24 19:47:39 WARN direct approval quorum unavailable tx="[148 65 253 228 32 64 31 167 166 240 210 120 206 224 231 24 39 114 108 243 31 158 141 18 229 193 57 149 196 185 172 90]" error="valid quorum unavailable\nmember HTTP 409: DEFERRED\nmember HTTP 409: DEFERRED\nmember HTTP 409: DEFERRED"
2026/09/24 19:47:43 WARN direct approval quorum unavailable tx="[220 141 27 19 25 136 215 145 66 100 104 65 106 144 188 57 28 152 6 176 219 179 209 14 126 103 76 188 193 0 22 68]" error="valid quorum unavailable\nmember HTTP 409: DEFERRED\nmember HTTP 409: DEFERRED"
2026/09/24 19:47:49 WARN direct approval quorum unavailable tx="[29 62 16 22 227 244 75 120 35 107 201 245 184 46 103 3 146 250 242 232 146 62 254 32 183 132 105 154 21 123 26 70]" error="valid quorum unavailable\nmember HTTP 409: DEFERRED\nmember HTTP 409: DEFERRED\nmember HTTP 409: DEFERRED"
2026/09/24 19:47:51 WARN direct approval quorum unavailable tx="[127 1 5 191 79 115 84 52 110 165 110 93 136 98 118 221 135 125 223 189 190 183 140 109 105 241 200 216 31 5 55 86]" error="valid quorum unavailable\nmember HTTP 409: DEFERRED\nmember HTTP 409: DEFERRED"
2026/09/24 19:47:55 WARN direct approval quorum unavailable tx="[125 121 210 250 40 224 209 229 8 112 110 96 64 50 38 58 22 104 38 66 234 186 179 61 72 125 88 173 3 36 112 214]" error="valid quorum unavailable\nmember HTTP 409: DEFERRED\nmember HTTP 409: DEFERRED"
2026/09/24 19:47:59 WARN direct approval quorum unavailable tx="[10 133 113 86 59 202 26 41 209 208 187 29 176 75 51 227 240 76 40 30 176 2 77 77 65 27 58 247 41 134 119 131]" error="valid quorum unavailable\nmember HTTP 409: DEFERRED\nmember HTTP 409: DEFERRED\nmember HTTP 409: DEFERRED"
2026/09/24 19:48:02 WARN direct approval quorum unavailable tx="[52 223 60 26 131 145 90 129 219 36 7 222 205 170 115 72 177 65 19 7 30 4 4 223 25 255 29 48 131 145 214 235]" error="valid quorum unavailable\nmember HTTP 409: DEFERRED\nmember HTTP 409: DEFERRED"
2026/09/24 19:48:07 WARN direct approval quorum unavailable tx="[184 24 4 248 196 44 43 17 180 192 26 93 169 158 206 190 119 80 193 115 13 82 225 105 0 99 110 49 73 253 43 10]" error="valid quorum unavailable\nmember HTTP 409: DEFERRED\nmember HTTP 409: DEFERRED"
2026/09/24 19:48:09 WARN direct approval quorum unavailable tx="[171 80 135 73 140 177 70 11 177 25 53 232 124 187 105 16 62 180 61 108 50 155 161 100 103 235 184 3 6 43 114 78]" error="valid quorum unavailable\nmember HTTP 409: DEFERRED\nmember HTTP 409: DEFERRED\nmember HTTP 409: DEFERRED"
2026/09/24 19:48:10 WARN direct approval quorum unavailable tx="[105 246 29 174 58 248 19 183 85 18 84 83 180 52 112 18 58 57 251 20 215 193 212 193 92 156 185 133 131 148 85 156]" error="valid quorum unavailable\nmember HTTP 409: DEFERRED\nmember HTTP 409: DEFERRED"
2026/09/24 19:48:12 WARN direct approval quorum unavailable tx="[108 244 105 24 168 185 117 150 115 41 79 44 149 38 123 119 246 184 44 39 169 166 114 11 190 39 75 216 174 38 178 216]" error="valid quorum unavailable\nmember HTTP 409: DEFERRED\nmember HTTP 409: DEFERRED\nmember HTTP 409: DEFERRED"
2026/09/24 19:48:14 WARN direct approval quorum unavailable tx="[36 105 159 226 191 196 98 155 36 231 67 252 162 114 44 150 229 26 161 233 76 142 143 203 58 151 182 115 44 218 210 43]" error="valid quorum unavailable\nmember HTTP 409: DEFERRED\nmember HTTP 409: DEFERRED"
2026/09/24 19:48:16 WARN direct approval quorum unavailable tx="[125 44 202 147 95 210 7 221 243 207 195 41 62 225 59 241 36 33 29 12 54 187 62 241 80 238 93 207 233 202 145 191]" error="valid quorum unavailable\nmember HTTP 409: DEFERRED\nmember HTTP 409: DEFERRED"
2026/09/24 19:48:20 WARN direct approval quorum unavailable tx="[182 72 124 0 175 118 146 231 235 117 147 36 124 230 137 209 221 118 108 59 19 235 246 18 140 74 202 161 199 62 11 80]" error="valid quorum unavailable\nmember HTTP 409: DEFERRED\nmember HTTP 409: DEFERRED"
2026/09/24 19:48:21 WARN direct approval quorum unavailable tx="[189 121 208 96 55 250 13 88 2 123 125 165 230 238 159 91 127 60 150 90 199 103 154 111 213 206 246 32 135 162 91 155]" error="valid quorum unavailable\nmember HTTP 409: DEFERRED\nmember HTTP 409: DEFERRED"
2026/09/24 19:48:22 WARN direct approval quorum unavailable tx="[8 224 199 108 232 131 23 83 231 7 163 145 42 204 122 30 146 237 7 120 80 163 183 190 62 6 203 246 136 94 186 5]" error="valid quorum unavailable\nmember HTTP 409: DEFERRED\nmember HTTP 409: DEFERRED"
2026/09/24 19:48:25 WARN direct approval quorum unavailable tx="[174 42 32 142 204 54 248 14 128 131 26 9 151 102 160 39 131 231 228 158 226 210 235 48 237 251 163 255 148 50 60 39]" error="valid quorum unavailable\nmember HTTP 409: DEFERRED\nmember HTTP 409: DEFERRED\nmember HTTP 409: DEFERRED"
2026/09/24 19:48:26 WARN direct approval quorum unavailable tx="[110 161 15 162 218 113 28 185 169 241 246 190 228 80 173 165 191 225 139 41 12 116 133 98 45 69 100 17 163 225 218 245]" error="valid quorum unavailable\nmember HTTP 409: DEFERRED\nmember HTTP 409: DEFERRED"
2026/09/24 19:48:26 WARN direct approval quorum unavailable tx="[231 240 215 65 165 128 200 142 25 108 92 233 170 128 76 66 193 180 26 134 32 234 115 46 113 202 226 253 59 20 73 20]" error="valid quorum unavailable\nmember HTTP 409: DEFERRED\nmember HTTP 409: DEFERRED\nmember HTTP 409: DEFERRED"
2026/09/24 19:48:27 WARN direct approval quorum unavailable tx="[54 159 252 126 203 156 20 70 201 242 77 143 153 100 216 121 157 93 153 119 195 243 43 178 50 234 232 42 206 35 6 187]" error="valid quorum unavailable\nmember HTTP 409: DEFERRED\nmember HTTP 409: DEFERRED"
2026/09/24 19:48:28 WARN direct approval quorum unavailable tx="[45 115 37 194 227 86 51 247 85 50 174 135 166 124 155 49 48 105 111 130 138 44 221 168 126 114 174 65 120 9 78 122]" error="valid quorum unavailable\nmember HTTP 409: DEFERRED\nmember HTTP 409: DEFERRED"
2026/09/24 19:48:28 WARN direct approval quorum unavailable tx="[20 236 28 8 169 2 63 11 61 92 18 107 99 177 8 33 108 10 67 160 26 211 156 129 204 214 104 90 46 75 201 53]" error="valid quorum unavailable\nmember HTTP 409: DEFERRED\nmember HTTP 409: DEFERRED"
2026/09/24 19:48:29 WARN direct approval quorum unavailable tx="[147 233 20 39 109 235 215 134 158 215 90 162 55 96 0 52 163 186 216 164 168 241 185 15 231 132 134 155 111 43 240 253]" error="valid quorum unavailable\nmember HTTP 409: DEFERRED\nmember HTTP 409: DEFERRED\nmember HTTP 409: DEFERRED"
2026/09/24 19:48:30 WARN direct approval quorum unavailable tx="[249 18 134 119 16 254 25 161 91 116 102 158 104 61 36 157 89 30 50 248 226 44 211 115 175 244 30 194 112 194 85 139]" error="valid quorum unavailable\nmember HTTP 409: DEFERRED\nmember HTTP 409: DEFERRED\nmember HTTP 409: DEFERRED"
2026/09/24 19:48:36 WARN direct approval quorum unavailable tx="[14 56 199 208 127 78 109 195 206 42 228 239 149 230 43 44 162 255 131 50 88 50 181 218 193 153 87 55 8 204 129 187]" error="valid quorum unavailable\nmember HTTP 409: DEFERRED\nmember HTTP 409: DEFERRED"
2026/09/24 19:48:37 WARN direct approval quorum unavailable tx="[117 36 169 188 83 71 52 31 39 195 254 253 188 140 242 222 3 206 155 110 142 37 216 131 235 216 247 89 210 35 71 77]" error="valid quorum unavailable\nmember HTTP 409: DEFERRED\nmember HTTP 409: DEFERRED"
2026/09/24 19:48:41 WARN direct approval quorum unavailable tx="[154 241 217 229 53 43 131 18 202 46 81 134 24 186 27 64 252 182 180 39 2 89 104 57 61 5 227 88 240 240 148 147]" error="valid quorum unavailable\nmember HTTP 409: DEFERRED\nmember HTTP 409: DEFERRED"
