2026/09/24 19:46:26 INFO gateway started listen=127.0.0.1:26300 organization=49be96489ff513310314d931923c72145ab05646ed099b21ad2e0f3178e10ab2
2026/09/24 19:46:43 WARN direct approval quorum unavailable tx="[141 141 190 115 132 7 115 136 115 76 41 221 193 55 96 186 112 81 119 136 245 103 132 205 32 26 231 63 188 172 229 152]" error="valid quorum unavailable\nmember HTTP 409: DEFERRED\nmember HTTP 409: DEFERRED\nmember HTTP 409: DEFERRED"
2026/09/24 19:46:45 WARN direct approval quorum unavailable tx="[187 11 151 60 203 89 203 195 224 219 125 11 227 227 36 19 57 184 23 68 42 208 194 67 130 185 158 92 255 125 40 228]" error="valid quorum unavailable\nmember HTTP 409: DEFERRED\nmember HTTP 409: DEFERRED\nmember HTTP 409: DEFERRED\nmember HTTP 409: DEFERRED"
2026/09/24 19:46:50 WARN direct approval quorum unavailable tx="[57 69 190 179 111 109 156 129 44 233 12 223 90 24 251 169 23 148 17 222 115 12 59 232 254 188 22 137 54 48 12 38]" error="valid quorum unavailable\nmember HTTP 409: DEFERRED\nmember HTTP 409: DEFERRED\nmember HTTP 409: DEFERRED"
2026/09/24 19:46:52 WARN direct approval quorum unavailable tx="[55 247 35 240 32 44 51 39 130 73 39 58 18 36 132 146 63 130 208 100 235 74 19 31 63 33 32 73 119 196 25 133]" error="valid quorum unavailable\nmember HTTP 409: DEFERRED\nmember HTTP 409: DEFERRED\nmember HTTP 409: DEFERRED"
2026/09/24 19:46:53 WARN direct approval quorum unavailable tx="[228 96 245 18 223 120 102 25 126 5 168 133 246 76 63 212 113 158 84 155 199 157 96 46 70 83 157 162 133 202 2 107]" error="valid quorum unavailable\nmember HTTP 409: DEFERRED\nmember HTTP 409: DEFERRED\nmember HTTP 409: DEFERRED"
2026/09/24 19:46:54 WARN direct approval quorum unavailable tx="[31 138 225 197 216 215 122 250 73 87 72 81 17 189 240 135 200 255 109 65 94 45 14 201 220 135 48 172 139 75 67 233]" error="valid quorum unavailable\nmember HTTP 409: DEFERRED\nmember HTTP 409: DEFERRED\nmember HTTP 409: DEFERRED"
2026/09/24 19:46:55 WARN direct approval quorum unavailable tx="[246 41 247 54 248 161 234 190 172 203 78 224 144 249 191 210 239 237 143 183 244 124 176 205 64 204 223 198 13 173 5 121]" error="valid quorum unavailable\nmember HTTP 409: DEFERRED\nmember HTTP 409: DEFERRED\nmember HTTP 409: DEFERRED"
2026/09/24 19:46:57 WARN direct approval quorum unavailable tx="[97 81 38 68 7 173 15 114 164 223 131 189 205 192 117 106 0 84 82 92 122 84 29 143 227 156 36 224 41 206 115 114]" error="valid quorum unavailable\nmember HTTP 409: DEFERRED\nmember HTTP 409: DEFERRED\nmember HTTP 409: DEFERRED"
2026/09/24 19:46:58 WARN direct approval quorum unavailable tx="[20 203 132 202 65 103 204 140 49 234 121 44 122 36 108 136 183 46 201 98 33 47 192 171 68 65 241 36 101 238 168 88]" error="valid quorum unavailable\nmember HTTP 409: DEFERRED\nmember HTTP 409: DEFERRED\nmember HTTP 409: DEFERRED"
2026/09/24 19:47:00 WARN direct approval quorum unavailable tx="[96 31 164 27 247 213 11 122 237 223 112 128 145 226 114 69 33 80 205 16 101 81 156 25 66 61 211 169 132 255 226 209]" error="valid quorum unavailable\nmember HTTP 409: DEFERRED\nmember HTTP 409: DEFERRED\nmember HTTP 409: DEFERRED"
2026/09/24 19:47:01 WARN direct approval quorum unavailable tx="[26 133 84 88 92 85 9 156 161 155 255 231 230 44 14 46 16 126 5 65 118 224 240 47 59 110 237 143 69 94 170 253]" error="valid quorum unavailable\nmember HTTP 409: DEFERRED\nmember HTTP 409: DEFERRED\nmember HTTP 409: DEFERRED"
2026/09/24 19:47:06 WARN direct approval quorum unavailable tx="[204 183 135 157 147 216 187 97 24 86 229 147 180 67 117 110 82 151 146 228 216 224 235 55 185 82 187 80 149 147 191 110]" error="valid quorum unavailable\nmember HTTP 409: DEFERRED\nmember HTTP 409: DEFERRED\nmember HTTP 409: DEFERRED"
2026/09/24 19:47:07 WARN direct approval quorum unavailable tx="[229 182 62 206 188 126 233 194 113 157 80 191 137 133 8 41 155 206 242 242 43 181 154 132 195 189 193 35 168 141 143 117]" error="valid quorum unavailable\nmember HTTP 409: DEFERRED\nmember HTTP 409: DEFERRED\nmember HTTP 409: DEFERRED"
2026/09/24 19:47:11 WARN direct approval quorum unavailable tx="[52 147 61 89 33 71 87 198 169 191 112 162 42 79 94 163 104 41 250 110 148 113 146 186 208 204 134 161 182 86 58 38]" error="valid quorum unavailable\nmember HTTP 409: DEFERRED\nmember HTTP 409: DEFERRED\nmember HTTP 409: DEFERRED\nmember HTTP 409: DEFERRED"
2026/09/24 19:47:14 WARN direct approval quorum unavailable tx="[16 95 25 242 82 205 88 192 168 161 78 113 31 228 116 48 15 106 111 6 53 12 41 144 216 193 50 175 4 62 71 53]" error="valid quorum unavailable\nmember HTTP 409: DEFERRED\nmember HTTP 409: DEFERRED"
2026/09/24 19:47:14 WARN direct approval quorum unavailable tx="[81 164 4 35 209 207 135 200 14 108 129 96 252 237 100 141 84 166 125 213 113 153 118 217 176 178 137 24 83 188 97 185]" error="valid quorum unavailable\nmember HTTP 409: DEFERRED\nmember HTTP 409: DEFERRED\nmember HTTP 409: DEFERRED"
2026/09/24 19:47:16 WARN direct approval quorum unavailable tx="[255 215 62 135 216 13 37 129 223 0 210 153 246 5 145 54 249 148 74 199 113 91 54 106 101 104 104 179 125 225 127 98]" error="valid quorum unavailable\nmember HTTP 409: DEFERRED\nmember HTTP 409: DEFERRED\nmember HTTP 409: DEFERRED"
2026/09/24 19:47:17 WARN direct approval quorum unavailable tx="[19 142 41 209 27 231 237 225 217 109 229 135 58 9 138 140 100 186 153 0 148 96 199 1 62 150 178 64 248 13 209 52]" error="valid quorum unavailable\nmember HTTP 409: DEFERRED\nmember HTTP 409: DEFERRED\nmember HTTP 409: DEFERRED"
2026/09/24 19:47:19 WARN direct approval quorum unavailable tx="[234 235 109 201 53 45 29 183 180 146 217 224 44 49 162 193 237 248 182 65 196 175 238 175 43 101 2 181 47 219 80 141]" error="valid quorum unavailable\nmember HTTP 409: DEFERRED\nmember HTTP 409: DEFERRED\nmember HTTP 409: DEFERRED\nmember HTTP 409: DEFERRED"
2026/09/24 19:47:21 WARN direct approval quorum unavailable tx="[86 62 106 159 154 55 39 156 36 157 249 146 32 121 52 147 178 236 193 192 87 41 111 170 104 28 231 188 59 96 111 231]" error="valid quorum unavailable\nmember HTTP 409: DEFERRED\nmember HTTP 409: DEFERRED\nmember HTTP 409: DEFERRED\nmember HTTP 409: DEFERRED"
2026/09/24 19:47:22 WARN direct approval quorum unavailable tx="[199 97 123 44 29 198 61 115 46 192 31 152 233 80 183 10 54 54 239 19 15 255 20 67 56 253 108 213 218 157 48 77]" error="valid quorum unavailable\nmember HTTP 409: DEFERRED\nmember HTTP 409: DEFERRED\nmember HTTP 409: DEFERRED"
2026/09/24 19:47:23 WARN direct approval quorum unavailable tx="[161 167 232 87 127 202 125 93 239 220 68 242 168 163 86 127 161 158 85 233 205 168 6 102 98 195 161 202 34 43 193 196]" error="valid quorum unavailable\nmember HTTP 409: DEFERRED\nmember HTTP 409: DEFERRED\nmember HTTP 409: DEFERRED"
2026/09/24 19:47:25 WARN direct approval quorum unavailable tx="[168 130 50 220 78 64 233 223 168 62 254 142 16 135 150 234 50 238 152 89 33 41 136 190 106 49 67 5 52 25 7 6]" error="valid quorum unavailable\nmember HTTP 409: DEFERRED\nmember HTTP 409: DEFERRED"
2026/09/24 19:47:25 WARN direct approval quorum unavailable tx="[143 161 162 41 149 91 230 2 219 15 74 71 57 119 47 31 213 125 220 58 240 25 114 60 137 223 159 248 80 213 121 24]" error="valid quorum unavailable\nmember HTTP 409: DEFERRED\nmember HTTP 409: DEFERRED\nmember HTTP 409: DEFERRED"
2026/09/24 19:47:27 WARN direct approval quorum unavailable tx="[173 187 228 101 17 137 183 96 31 218 92 177 254 195 177 199 45 117 177 84 198 103 33 161 86 174 119 12 74 61 31 77]" error="valid quorum unavailable\nmember HTTP 409: DEFERRED\nmember HTTP 409: DEFERRED\nmember HTTP 409: DEFERRED"
2026/09/24 19:47:29 WARN direct approval quorum unavailable tx="[187 85 228 230 207 35 163 133 80 143 190 26 131 70 4 42 240 29 141 46 123 20 118 0 98 87 143 213 197 200 48 192]" error="valid quorum unavailable\nmember HTTP 409: DEFERRED\nmember HTTP 409: DEFERRED\nmember HTTP 409: DEFERRED"
2026/09/24 19:47:35 WARN direct approval quorum unavailable tx="[241 211 105 247 140 69 48 71 54 128 105 244 100 170 25 26 194 237 90 101 188 221 26 82 174 212 200 204 51 43 235 173]" error="valid quorum unavailable\nmember HTTP 409: DEFERRED\nmember HTTP 409: DEFERRED\nmember HTTP 409: DEFERRED"
2026/09/24 19:47:39 WARN direct approval quorum unavailable tx="[55 14 250 17 112 182 136 224 100 3 75 80 50 229 181 208 101 42 64 75 229 106 166 87 59 144 225 110 75 6 54 63]" error="valid quorum unavailable\nmember HTTP 409: DEFERRED\nmember HTTP 409: DEFERRED\nmember HTTP 409: DEFERRED"
2026/09/24 19:47:42 WARN direct approval quorum unavailable tx="[36 46 9 100 174 75 181 215 206 86 142 102 106 72 26 32 24 236 238 5 4 163 50 147 14 87 116 121 255 115 248 223]" error="valid quorum unavailable\nmember HTTP 409: DEFERRED\nmember HTTP 409: DEFERRED\nmember HTTP 409: DEFERRED"
2026/09/24 19:47:43 WARN direct approval quorum unavailable tx="[145 52 52 11 162 30 228 131 42 72 101 217 51 209 154 149 118 252 20 8 244 55 222 182 105 41 65 69 173 17 234 160]" error="valid quorum unavailable\nmember HTTP 409: DEFERRED\nmember HTTP 409: DEFERRED\nmember HTTP 409: DEFERRED\nmember HTTP 409: DEFERRED"
2026/09/24 19:47:45 WARN direct approval quorum unavailable tx="[235 36 53 1 188 73 143 76 137 110 192 160 214 229 58 46 187 4 251 185 52 117 74 37 230 104 195 204 254 210 253 53]" error="valid quorum unavailable\nmember HTTP 409: DEFERRED\nmember HTTP 409: DEFERRED\nmember HTTP 409: DEFERRED"
2026/09/24 19:47:49 WARN direct approval quorum unavailable tx="[13 40 23 231 104 168 199 211 18 35 141 115 146 11 117 2 171 105 250 167 32 214 206 241 218 217 197 11 67 115 85 31]" error="valid quorum unavailable\nmember HTTP 409: DEFERRED\nmember HTTP 409: DEFERRED\nmember HTTP 409: DEFERRED\nmember HTTP 409: DEFERRED"
2026/09/24 19:47:50 WARN direct approval quorum unavailable tx="[253 193 84 3 217 138 196 104 165 143 94 92 44 221 244 29 247 64 253 222 215 203 161 17 115 117 150 166 73 239 105 82]" error="valid quorum unavailable\nmember HTTP 409: DEFERRED\nmember HTTP 409: DEFERRED\nmember HTTP 409: DEFERRED"
2026/09/24 19:47:53 WARN direct approval quorum unavailable tx="[236 23 187 40 1 169 183 225 184 210 80 180 56 151 3 133 49 193 191 127 228 152 34 185 114 79 126 139 201 175 2 149]" error="valid quorum unavailable\nmember HTTP 409: DEFERRED\nmember HTTP 409: DEFERRED\nmember HTTP 409: DEFERRED"
2026/09/24 19:47:56 WARN direct approval quorum unavailable tx="[252 141 219 20 245 149 183 79 240 37 122 2 208 181 181 95 232 250 174 63 104 138 238 186 141 36 79 252 144 45 75 119]" error="valid quorum unavailable\nmember HTTP 409: DEFERRED\nmember HTTP 409: DEFERRED\nmember HTTP 409: DEFERRED\nmember HTTP 409: DEFERRED"
2026/09/24 19:47:56 WARN direct approval quorum unavailable tx="[67 247 121 253 69 4 185 140 43 72 226 194 39 246 233 202 153 13 86 43 4 237 109 66 221 123 228 93 155 108 0 79]" error="valid quorum unavailable\nmember HTTP 409: DEFERRED\nmember HTTP 409: DEFERRED\nmember HTTP 409: DEFERRED"
2026/09/24 19:47:57 WARN direct approval quorum unavailable tx="[250 113 211 15 198 8 72 202 35 228 152 105 172 218 76 157 147 168 30 135 202 143 22 200 21 174 131 118 254 78 181 23]" error="valid quorum unavailable\nmember HTTP 409: DEFERRED\nmember HTTP 409: DEFERRED\nmember HTTP 409: DEFERRED"
2026/09/24 19:47:59 WARN direct approval quorum unavailable tx="[212 28 100 100 216 73 25 14 84 36 57 205 198 63 24 23 29 144 35 77 41 76 175 164 43 225 114 252 102 66 242 91]" error="valid quorum unavailable\nmember HTTP 409: DEFERRED\nmember HTTP 409: DEFERRED\nmember HTTP 409: DEFERRED"
2026/09/24 19:48:01 WARN direct approval quorum unavailable tx="[98 237 220 65 189 114 192 239 140 7 9 58 151 102 212 244 167 47 161 148 73 196 199 24 102 7 109 44 179 236 200 145]" error="valid quorum unavailable\nmember HTTP 409: DEFERRED\nmember HTTP 409: DEFERRED\nmember HTTP 409: DEFERRED"
2026/09/24 19:48:05 WARN direct approval quorum unavailable tx="[159 203 243 238 230 208 13 225 23 193 226 173 84 26 97 128 58 239 175 96 133 94 229 151 71 152 180 40 158 39 147 124]" error="valid quorum unavailable\nmember HTTP 409: DEFERRED\nmember HTTP 409: DEFERRED\nmember HTTP 409: DEFERRED\nmember HTTP 409: DEFERRED"
2026/09/24 19:48:08 WARN direct approval quorum unavailable tx="[112 38 85 50 73 86 165 222 126 24 229 128 2 243 174 116 65 81 226 89 14 235 74 0 32 167 38 164 8 6 239 144]" error="valid quorum unavailable\nmember HTTP 409: DEFERRED\nmember HTTP 409: DEFERRED\nmember HTTP 409: DEFERRED"
2026/09/24 19:48:09 WARN direct approval quorum unavailable tx="[92 19 134 51 16 144 219 217 252 35 185 22 121 27 151 110 212 133 45 196 190 11 225 159 135 248 5 252 163 87 250 79]" error="valid quorum unavailable\nmember HTTP 409: DEFERRED\nmember HTTP 409: DEFERRED\nmember HTTP 409: DEFERRED"
2026/09/24 19:48:17 WARN direct approval quorum unavailable tx="[99 174 37 165 101 136 22 166 17 135 29 164 248 6 234 175 58 8 4 156 248 76 204 89 94 32 76 220 62 50 235 217]" error="valid quorum unavailable\nmember HTTP 409: DEFERRED\nmember HTTP 409: DEFERRED\nmember HTTP 409: DEFERRED"
2026/09/24 19:48:21 WARN direct approval quorum unavailable tx="[162 147 69 124 96 128 6 139 2 117 70 106 198 139 47 97 156 67 61 132 170 84 150 89 53 29 106 197 122 105 108 85]" error="valid quorum unavailable\nmember HTTP 409: DEFERRED\nmember HTTP 409: DEFERRED\nmember HTTP 409: DEFERRED\nmember HTTP 409: DEFERRED"
2026/09/24 19:48:25 WARN direct approval quorum unavailable tx="[240 94 152 178 145 143 239 84 190 20 203 28 39 228 226 2 33 13 89 93 2 51 154 231 234 22 50 140 53 50 73 95]" error="valid quorum unavailable\nmember HTTP 409: DEFERRED\nmember HTTP 409: DEFERRED\nmember HTTP 409: DEFERRED\nmember HTTP 409: DEFERRED"
2026/09/24 19:48:26 WARN direct approval quorum unavailable tx="[230 85 212 88 215 177 16 13 39 122 42 219 247 58 30 243 66 164 253 177 199 40 47 237 27 1 248 177 68 218 31 2]" error="valid quorum unavailable\nmember HTTP 409: DEFERRED\nmember HTTP 409: DEFERRED\nmember HTTP 409: DEFERRED\nmember HTTP 409: DEFERRED"
2026/09/24 19:48:29 WARN direct approval quorum unavailable tx="[229 51 171 154 54 20 146 201 7 76 29 91 44 138 26 87 98 243 181 201 35 120 73 26 95 137 38 204 7 103 175 160]" error="valid quorum unavailable\nmember HTTP 409: DEFERRED\nmember HTTP 409: DEFERRED\nmember HTTP 409: DEFERRED"
2026/09/24 19:48:30 WARN direct approval quorum unavailable tx="[57 183 229 128 131 131 216 102 29 79 214 193 76 241 30 224 235 159 27 82 45 247 126 119 151 146 12 209 15 16 46 86]" error="valid quorum unavailable\nmember HTTP 409: DEFERRED\nmember HTTP 409: DEFERRED\nmember HTTP 409: DEFERRED\nmember HTTP 409: DEFERRED"
2026/09/24 19:48:33 WARN direct approval quorum unavailable tx="[33 29 56 164 239 113 168 105 154 159 193 114 66 145 223 82 221 132 142 142 52 133 81 133 14 228 131 150 25 132 73 191]" error="valid quorum unavailable\nmember HTTP 409: DEFERRED\nmember HTTP 409: DEFERRED\nmember HTTP 409: DEFERRED\nmember HTTP 409: DEFERRED"
2026/09/24 19:48:34 WARN direct approval quorum unavailable tx="[251 32 172 153 157 9 93 109 97 38 253 32 182 161 134 37 38 204 176 154 88 105 180 56 132 228 13 192 249 172 110 0]" error="valid quorum unavailable\nmember HTTP 409: DEFERRED\nmember HTTP 409: DEFERRED\nmember HTTP 409: DEFERRED"
2026/09/24 19:48:42 WARN direct approval quorum unavailable tx="[242 69 167 169 96 73 211 3 231 91 106 216 11 36 129 134 46 49 105 252 252 232 67 96 164 123 81 63 110 127 16 77]" error="valid quorum unavailable\nmember HTTP 409: DEFERRED\nmember HTTP 409: DEFERRED\nmember HTTP 409: DEFERRED"
