2026/09/24 19:43:38 INFO gateway started listen=127.0.0.1:26301 organization=062f856d452e238aa4b1152acf77e379ee0109b9aa2aec348442e82adf1c6512
2026/09/24 19:44:00 WARN direct approval quorum unavailable tx="[1 159 110 69 248 170 128 2 243 254 153 16 74 39 145 177 254 180 247 80 245 193 81 242 11 129 68 138 206 158 182 45]" error="valid quorum unavailable\nmember HTTP 409: DEFERRED\nmember HTTP 409: DEFERRED"
2026/09/24 19:44:20 WARN direct approval quorum unavailable tx="[121 132 49 22 194 27 248 254 195 9 230 79 66 80 102 39 80 104 200 159 195 124 127 132 46 127 223 68 138 19 33 95]" error="valid quorum unavailable\nmember HTTP 409: DEFERRED\nmember HTTP 409: DEFERRED"
2026/09/24 19:44:22 WARN direct approval quorum unavailable tx="[210 188 95 229 65 238 116 50 97 154 226 197 161 244 247 193 57 18 252 2 225 155 139 205 146 232 200 249 122 25 4 222]" error="valid quorum unavailable\nmember HTTP 409: DEFERRED\nmember HTTP 409: DEFERRED\nmember HTTP 409: DEFERRED"
2026/09/24 19:44:23 WARN direct approval quorum unavailable tx="[105 87 47 171 181 116 155 6 241 253 75 254 109 67 44 171 133 31 141 139 69 151 220 104 249 253 192 85 153 241 69 192]" error="valid quorum unavailable\nmember HTTP 409: DEFERRED\nmember HTTP 409: DEFERRED"
2026/09/24 19:44:23 WARN direct approval quorum unavailable tx="[245 96 210 230 185 34 11 7 45 179 29 97 234 254 35 181 241 43 88 184 221 128 216 80 29 244 97 85 26 85 143 80]" error="valid quorum unavailable\nmember HTTP 409: DEFERRED\nmember HTTP 409: DEFERRED"
2026/09/24 19:44:29 WARN direct approval quorum unavailable tx="[107 132 6 4 201 49 222 202 11 88 175 39 155 94 17 185 205 172 133 109 107 127 29 138 73 198 106 127 6 156 12 7]" error="valid quorum unavailable\nmember HTTP 409: DEFERRED\nmember HTTP 409: DEFERRED"
2026/09/24 19:44:44 WARN direct approval quorum unavailable tx="[210 206 231 44 206 137 80 85 43 72 70 6 24 157 169 81 120 107 59 63 203 217 6 128 13 55 41 192 4 253 167 217]" error="valid quorum unavailable\nmember HTTP 409: DEFERRED\nmember HTTP 409: DEFERRED"
2026/09/24 19:44:44 WARN direct approval quorum unavailable tx="[113 40 222 134 99 76 187 153 76 198 175 104 97 255 20 169 143 169 20 168 93 240 34 54 17 94 192 164 110 203 93 101]" error="valid quorum unavailable\nmember HTTP 409: DEFERRED\nmember HTTP 409: DEFERRED\nmember HTTP 409: DEFERRED"
2026/09/24 19:44:47 WARN direct approval quorum unavailable tx="[240 11 46 115 0 70 186 99 81 222 184 135 226 213 230 123 62 49 83 25 152 199 171 218 91 214 131 33 67 209 248 51]" error="valid quorum unavailable\nmember HTTP 409: DEFERRED\nmember HTTP 409: DEFERRED\nmember HTTP 409: DEFERRED"
2026/09/24 19:44:52 WARN direct approval quorum unavailable tx="[145 166 155 133 171 39 185 180 12 49 63 105 17 157 71 141 210 142 245 44 138 251 250 176 20 231 66 144 210 60 31 31]" error="valid quorum unavailable\nmember HTTP 409: DEFERRED\nmember HTTP 409: DEFERRED\nmember HTTP 409: DEFERRED"
2026/09/24 19:44:53 WARN direct approval quorum unavailable tx="[239 117 200 24 114 227 150 138 116 255 195 225 156 181 146 225 235 62 93 216 147 135 12 238 249 209 105 190 169 66 170 131]" error="valid quorum unavailable\nmember HTTP 409: DEFERRED\nmember HTTP 409: DEFERRED"
2026/09/24 19:44:55 WARN direct approval quorum unavailable tx="[9 3 71 141 180 173 212 76 230 141 165 114 160 238 202 161 175 191 179 170 109 241 63 7 102 161 238 149 38 187 125 246]" error="valid quorum unavailable\nmember HTTP 409: DEFERRED\nmember HTTP 409: DEFERRED\nmember HTTP 409: DEFERRED"
2026/09/24 19:45:00 WARN direct approval quorum unavailable tx="[157 17 122 12 227 99 75 67 74 9 94 45 45 119 255 113 61 232 216 17 144 132 172 144 219 181 228 0 246 195 166 198]" error="valid quorum unavailable\nmember HTTP 409: DEFERRED\nmember HTTP 409: DEFERRED"
2026/09/24 19:45:12 WARN direct approval quorum unavailable tx="[97 176 34 96 118 158 134 31 53 26 218 156 130 65 29 175 128 7 186 161 104 160 224 71 169 88 32 109 203 159 225 186]" error="valid quorum unavailable\nmember HTTP 409: DEFERRED\nmember HTTP 409: DEFERRED"
2026/09/24 19:45:16 WARN direct approval quorum unavailable tx="[201 187 84 210 75 24 147 70 170 50 157 229 141 39 52 168 149 207 48 129 232 203 13 149 135 83 41 215 112 7 149 194]" error="valid quorum unavailable\nmember HTTP 409: DEFERRED\nmember HTTP 409: DEFERRED"
2026/09/24 19:45:26 WARN direct approval quorum unavailable tx="[179 147 184 186 166 79 105 221 89 218 246 243 200 189 106 55 244 17 32 173 102 165 11 132 196 27 66 194 105 214 96 110]" error="valid quorum unavailable\nmember HTTP 409: DEFERRED\nmember HTTP 409: DEFERRED"
2026/09/24 19:45:29 WARN direct approval quorum unavailable tx="[200 164 57 71 92 40 47 150 91 61 109 24 147 206 125 254 190 203 116 137 149 180 221 142 112 110 204 235 140 225 156 79]" error="valid quorum unavailable\nmember HTTP 409: DEFERRED\nmember HTTP 409: DEFERRED\nmember HTTP 409: DEFERRED\nmember HTTP 409: DEFERRED"
2026/09/24 19:45:32 WARN direct approval quorum unavailable tx="[87 231 252 176 221 120 9 92 110 38 17 37 191 198 128 92 38 36 67 174 54 247 123 192 62 76 77 214 185 3 195 139]" error="valid quorum unavailable\nmember HTTP 409: DEFERRED\nmember HTTP 409: DEFERRED"
2026/09/24 19:45:34 WARN direct approval quorum unavailable tx="[14 132 180 151 219 30 164 136 205 100 229 20 17 177 227 86 90 35 161 251 95 200 218 237 204 158 152 226 217 209 232 155]" error="valid quorum unavailable\nmember HTTP 409: DEFERRED\nmember HTTP 409: DEFERRED"
2026/09/24 19:45:43 WARN direct approval quorum unavailable tx="[57 229 0 124 129 8 85 29 126 86 98 68 103 9 50 104 188 175 113 127 65 206 49 20 86 57 10 38 48 117 39 128]" error="valid quorum unavailable\nmember HTTP 409: DEFERRED\nmember HTTP 409: DEFERRED"
2026/09/24 19:45:43 WARN direct approval quorum unavailable tx="[114 187 47 199 247 186 165 23 173 160 198 121 253 67 225 67 70 54 219 132 14 154 214 18 155 63 13 107 60 41 219 199]" error="valid quorum unavailable\nmember HTTP 409: DEFERRED\nmember HTTP 409: DEFERRED"
2026/09/24 19:45:44 WARN direct approval quorum unavailable tx="[200 99 166 216 171 50 125 9 102 53 208 99 110 82 178 2 13 121 115 7 44 198 181 202 25 99 0 155 191 20 137 71]" error="valid quorum unavailable\nmember HTTP 409: DEFERRED\nmember HTTP 409: DEFERRED"
2026/09/24 19:45:46 WARN direct approval quorum unavailable tx="[233 124 231 127 52 2 151 194 63 139 67 167 170 253 245 164 216 82 173 26 166 248 185 118 153 10 118 77 124 199 248 49]" error="valid quorum unavailable\nmember HTTP 409: DEFERRED\nmember HTTP 409: DEFERRED"
2026/09/24 19:45:50 WARN direct approval quorum unavailable tx="[3 46 136 28 91 71 63 134 57 68 94 107 151 229 108 61 104 237 242 18 19 251 190 50 247 158 144 185 6 253 159 52]" error="valid quorum unavailable\nmember HTTP 409: DEFERRED\nmember HTTP 409: DEFERRED"
2026/09/24 19:45:52 WARN direct approval quorum unavailable tx="[192 8 22 72 1 227 22 26 120 23 188 132 211 153 133 132 59 54 58 42 220 88 13 211 116 28 80 182 168 193 211 51]" error="valid quorum unavailable\nmember HTTP 409: DEFERRED\nmember HTTP 409: DEFERRED\nmember HTTP 409: DEFERRED"
