2026/09/24 19:43:38 INFO gateway started listen=127.0.0.1:26300 organization=49be96489ff513310314d931923c72145ab05646ed099b21ad2e0f3178e10ab2
2026/09/24 19:43:56 WARN direct approval quorum unavailable tx="[188 171 7 77 187 233 30 166 207 83 59 107 109 184 10 118 174 247 36 189 248 169 172 236 117 197 61 112 234 105 51 201]" error="valid quorum unavailable\nmember HTTP 409: DEFERRED\nmember HTTP 409: DEFERRED\nmember HTTP 409: DEFERRED"
2026/09/24 19:43:58 WARN direct approval quorum unavailable tx="[0 231 187 213 37 124 67 224 235 66 32 24 50 80 125 97 156 156 47 242 242 127 51 121 219 206 225 138 200 219 37 145]" error="valid quorum unavailable\nmember HTTP 409: DEFERRED\nmember HTTP 409: DEFERRED\nmember HTTP 409: DEFERRED\nmember HTTP 409: DEFERRED"
2026/09/24 19:44:00 WARN direct approval quorum unavailable tx="[82 214 236 27 184 4 253 121 97 27 106 90 69 0 189 39 249 75 223 180 242 108 92 135 93 155 210 249 132 156 78 242]" error="valid quorum unavailable\nmember HTTP 409: DEFERRED\nmember HTTP 409: DEFERRED"
2026/09/24 19:44:03 WARN direct approval quorum unavailable tx="[72 252 183 86 245 71 105 135 216 197 81 27 190 39 68 21 80 156 180 156 5 180 75 205 14 1 103 138 210 227 146 122]" error="valid quorum unavailable\nmember HTTP 409: DEFERRED\nmember HTTP 409: DEFERRED\nmember HTTP 409: DEFERRED"
2026/09/24 19:44:04 WARN direct approval quorum unavailable tx="[227 30 21 175 162 24 128 143 100 115 96 78 58 134 35 128 63 160 39 228 40 149 147 28 166 58 214 188 186 202 60 192]" error="valid quorum unavailable\nmember HTTP 409: DEFERRED\nmember HTTP 409: DEFERRED"
2026/09/24 19:44:06 WARN direct approval quorum unavailable tx="[2 193 184 97 224 102 218 87 23 17 53 254 22 147 32 62 51 156 18 103 106 20 192 215 111 89 118 192 5 204 145 11]" error="valid quorum unavailable\nmember HTTP 409: DEFERRED\nmember HTTP 409: DEFERRED\nmember HTTP 409: DEFERRED"
2026/09/24 19:44:07 WARN direct approval quorum unavailable tx="[11 211 63 145 214 32 222 54 153 67 105 94 81 86 9 119 77 157 14 127 134 84 247 4 148 106 192 69 159 241 68 243]" error="valid quorum unavailable\nmember HTTP 409: DEFERRED\nmember HTTP 409: DEFERRED"
2026/09/24 19:44:09 WARN direct approval quorum unavailable tx="[152 45 75 110 251 37 221 60 249 47 129 215 91 229 234 253 13 36 73 134 174 106 205 170 167 54 52 195 210 47 75 140]" error="valid quorum unavailable\nmember HTTP 409: DEFERRED\nmember HTTP 409: DEFERRED\nmember HTTP 409: DEFERRED"
2026/09/24 19:44:14 WARN direct approval quorum unavailable tx="[134 178 250 60 217 211 148 44 104 23 202 32 53 190 16 87 226 197 134 131 62 207 35 238 251 160 140 91 178 79 215 195]" error="valid quorum unavailable\nmember HTTP 409: DEFERRED\nmember HTTP 409: DEFERRED"
2026/09/24 19:44:21 WARN direct approval quorum unavailable tx="[45 244 19 172 185 65 105 251 128 190 52 63 174 139 123 206 204 182 216 44 159 228 66 45 133 54 92 203 255 89 39 240]" error="valid quorum unavailable\nmember HTTP 409: DEFERRED\nmember HTTP 409: DEFERRED"
2026/09/24 19:44:23 WARN direct approval quorum unavailable tx="[74 67 221 114 213 177 178 105 206 68 255 167 97 228 80 164 141 109 76 155 75 209 253 207 142 203 56 189 40 16 107 139]" error="valid quorum unavailable\nmember HTTP 409: DEFERRED\nmember HTTP 409: DEFERRED\nmember HTTP 409: DEFERRED"
2026/09/24 19:44:24 WARN direct approval quorum unavailable tx="[92 18 85 212 42 207 220 185 9 100 227 106 163 251 143 134 58 216 114 246 245 116 155 244 150 157 147 163 214 110 106 137]" error="valid quorum unavailable\nmember HTTP 409: DEFERRED\nmember HTTP 409: DEFERRED\nmember HTTP 409: DEFERRED"
2026/09/24 19:44:24 WARN direct approval quorum unavailable tx="[33 211 59 59 220 169 174 104 17 180 212 92 42 149 247 120 67 245 148 90 84 203 32 126 86 32 82 82 143 93 238 150]" error="valid quorum unavailable\nmember HTTP 409: DEFERRED\nmember HTTP 409: DEFERRED\nmember HTTP 409: DEFERRED"
2026/09/24 19:44:27 WARN direct approval quorum unavailable tx="[59 170 159 213 100 82 106 213 29 8 3 156 78 45 81 161 193 64 52 157 193 191 247 36 46 195 248 92 107 35 4 200]" error="valid quorum unavailable\nmember HTTP 409: DEFERRED\nmember HTTP 409: DEFERRED\nmember HTTP 409: DEFERRED"
2026/09/24 19:44:28 WARN direct approval quorum unavailable tx="[204 214 195 12 187 91 138 100 14 11 191 51 185 72 211 90 59 78 13 33 165 154 156 30 26 195 65 201 80 108 161 111]" error="valid quorum unavailable\nmember HTTP 409: DEFERRED\nmember HTTP 409: DEFERRED"
2026/09/24 19:44:29 WARN direct approval quorum unavailable tx="[134 8 107 210 24 138 195 235 126 154 132 86 203 14 132 47 91 210 43 163 53 183 215 65 147 231 145 108 76 136 140 132]" error="valid quorum unavailable\nmember HTTP 409: DEFERRED\nmember HTTP 409: DEFERRED\nmember HTTP 409: DEFERRED"
2026/09/24 19:44:31 WARN direct approval quorum unavailable tx="[117 238 99 170 115 32 21 254 97 117 36 158 168 145 9 204 242 84 46 7 156 98 251 100 30 158 231 3 245 79 254 29]" error="valid quorum unavailable\nmember HTTP 409: DEFERRED\nmember HTTP 409: DEFERRED"
2026/09/24 19:44:33 WARN direct approval quorum unavailable tx="[132 34 22 24 222 110 216 226 133 188 110 147 20 207 3 30 217 46 212 102 52 171 199 112 235 92 14 132 202 9 66 53]" error="valid quorum unavailable\nmember HTTP 409: DEFERRED\nmember HTTP 409: DEFERRED\nmember HTTP 409: DEFERRED"
2026/09/24 19:44:33 WARN direct approval quorum unavailable tx="[116 29 139 168 35 41 35 44 27 6 225 93 121 95 166 215 121 36 166 223 41 46 186 63 83 164 101 219 54 252 98 121]" error="valid quorum unavailable\nmember HTTP 409: DEFERRED\nmember HTTP 409: DEFERRED"
2026/09/24 19:44:36 WARN direct approval quorum unavailable tx="[48 205 160 240 168 214 195 40 119 219 18 142 235 135 7 225 239 232 77 227 30 57 171 45 28 88 140 112 166 230 10 109]" error="valid quorum unavailable\nmember HTTP 409: DEFERRED\nmember HTTP 409: DEFERRED"
2026/09/24 19:44:37 WARN direct approval quorum unavailable tx="[85 211 86 234 245 163 24 170 124 9 175 118 16 45 50 109 116 125 32 89 210 148 240 139 240 220 166 83 66 71 80 122]" error="valid quorum unavailable\nmember HTTP 409: DEFERRED\nmember HTTP 409: DEFERRED\nmember HTTP 409: DEFERRED"
2026/09/24 19:44:38 WARN direct approval quorum unavailable tx="[49 117 106 176 4 60 3 69 232 18 254 187 79 91 238 120 201 171 178 223 175 183 53 62 81 0 161 158 185 110 211 46]" error="valid quorum unavailable\nmember HTTP 409: DEFERRED\nmember HTTP 409: DEFERRED\nmember HTTP 409: DEFERRED"
2026/09/24 19:44:43 WARN direct approval quorum unavailable tx="[148 17 149 223 124 163 0 217 143 65 60 11 66 100 98 198 94 246 217 14 246 105 177 210 114 94 25 122 142 33 20 211]" error="valid quorum unavailable\nmember HTTP 409: DEFERRED\nmember HTTP 409: DEFERRED"
2026/09/24 19:44:44 WARN direct approval quorum unavailable tx="[247 127 57 7 14 40 137 93 115 98 166 79 32 218 221 85 139 180 188 63 61 236 193 125 198 11 164 29 9 17 230 58]" error="valid quorum unavailable\nmember HTTP 409: DEFERRED\nmember HTTP 409: DEFERRED\nmember HTTP 409: DEFERRED"
2026/09/24 19:44:44 WARN direct approval quorum unavailable tx="[168 241 49 196 91 198 174 246 4 175 90 166 241 73 216 148 173 171 202 238 76 7 14 14 244 3 5 148 129 114 237 232]" error="valid quorum unavailable\nmember HTTP 409: DEFERRED\nmember HTTP 409: DEFERRED"
2026/09/24 19:44:45 WARN direct approval quorum unavailable tx="[241 159 32 84 120 172 244 45 83 56 13 69 159 198 214 250 78 199 105 68 144 235 20 136 41 36 105 103 16 63 0 210]" error="valid quorum unavailable\nmember HTTP 409: DEFERRED\nmember HTTP 409: DEFERRED"
2026/09/24 19:44:46 WARN direct approval quorum unavailable tx="[255 255 232 96 75 216 106 8 19 125 80 185 80 74 116 10 9 105 195 91 218 194 152 42 192 220 223 109 233 199 201 148]" error="valid quorum unavailable\nmember HTTP 409: DEFERRED\nmember HTTP 409: DEFERRED"
2026/09/24 19:44:48 WARN direct approval quorum unavailable tx="[32 162 64 208 59 38 159 33 32 27 184 60 192 25 168 117 63 171 31 41 207 91 148 219 253 212 58 158 84 128 213 251]" error="valid quorum unavailable\nmember HTTP 409: DEFERRED\nmember HTTP 409: DEFERRED"
2026/09/24 19:44:48 WARN direct approval quorum unavailable tx="[113 214 106 170 52 235 63 154 210 4 213 172 220 100 61 216 135 217 107 36 133 159 219 175 234 173 152 228 18 254 241 173]" error="valid quorum unavailable\nmember HTTP 409: DEFERRED\nmember HTTP 409: DEFERRED\nmember HTTP 409: DEFERRED\nmember HTTP 409: DEFERRED"
2026/09/24 19:44:52 WARN direct approval quorum unavailable tx="[222 114 213 96 204 52 15 124 166 160 214 49 214 203 4 29 66 225 53 89 96 183 133 107 210 216 91 119 76 127 171 197]" error="valid quorum unavailable\nmember HTTP 409: DEFERRED\nmember HTTP 409: DEFERRED\nmember HTTP 409: DEFERRED\nmember HTTP 409: DEFERRED"
2026/09/24 19:44:53 WARN direct approval quorum unavailable tx="[90 216 146 1 165 50 217 16 66 105 148 220 40 244 207 13 119 183 240 79 111 187 178 113 130 139 119 37 26 245 68 11]" error="valid quorum unavailable\nmember HTTP 409: DEFERRED\nmember HTTP 409: DEFERRED"
2026/09/24 19:44:56 WARN direct approval quorum unavailable tx="[231 36 78 202 122 225 199 51 65 184 226 91 240 27 175 90 180 36 200 179 225 96 22 175 206 162 15 172 57 90 152 188]" error="valid quorum unavailable\nmember HTTP 409: DEFERRED\nmember HTTP 409: DEFERRED\nmember HTTP 409: DEFERRED"
2026/09/24 19:44:59 WARN direct approval quorum unavailable tx="[204 242 2 202 166 31 108 237 213 109 52 108 177 133 105 140 68 255 127 102 248 46 191 91 90 200 122 69 35 139 41 148]" error="valid quorum unavailable\nmember HTTP 409: DEFERRED\nmember HTTP 409: DEFERRED"
2026/09/24 19:44:59 WARN direct approval quorum unavailable tx="[4 136 102 48 48 47 176 118 75 18 67 247 209 53 12 107 123 62 203 255 85 125 72 39 53 98 119 4 100 176 10 161]" error="valid quorum unavailable\nmember HTTP 409: DEFERRED\nmember HTTP 409: DEFERRED\nmember HTTP 409: DEFERRED"
2026/09/24 19:45:00 WARN direct approval quorum unavailable tx="[67 69 174 245 97 187 158 173 95 2 88 195 80 141 167 222 114 53 202 27 18 142 50 86 71 93 243 185 179 106 51 25]" error="valid quorum unavailable\nmember HTTP 409: DEFERRED\nmember HTTP 409: DEFERRED\nmember HTTP 409: DEFERRED"
2026/09/24 19:45:02 WARN direct approval quorum unavailable tx="[30 161 200 27 121 148 245 121 241 96 74 150 111 75 110 35 255 252 2 3 75 226 254 180 70 2 196 13 142 131 34 22]" error="valid quorum unavailable\nmember HTTP 409: DEFERRED\nmember HTTP 409: DEFERRED"
2026/09/24 19:45:03 WARN direct approval quorum unavailable tx="[91 71 230 95 121 108 159 230 90 234 74 115 80 45 4 101 55 65 32 135 46 211 27 187 152 53 200 152 124 233 94 57]" error="valid quorum unavailable\nmember HTTP 409: DEFERRED\nmember HTTP 409: DEFERRED"
2026/09/24 19:45:06 WARN direct approval quorum unavailable tx="[27 169 17 82 109 242 255 18 27 194 134 241 32 78 213 162 145 112 97 231 162 111 1 159 36 149 0 76 28 210 165 213]" error="valid quorum unavailable\nmember HTTP 409: DEFERRED\nmember HTTP 409: DEFERRED\nmember HTTP 409: DEFERRED"
2026/09/24 19:45:07 WARN direct approval quorum unavailable tx="[7 4 207 64 128 145 228 147 68 227 238 230 159 93 112 250 209 252 230 252 215 26 252 30 117 49 125 65 103 245 122 183]" error="valid quorum unavailable\nmember HTTP 409: DEFERRED\nmember HTTP 409: DEFERRED\nmember HTTP 409: DEFERRED"
2026/09/24 19:45:08 WARN direct approval quorum unavailable tx="[28 30 6 8 115 110 129 40 134 208 174 57 37 185 30 118 180 7 104 69 70 71 254 88 97 225 182 242 1 86 224 173]" error="valid quorum unavailable\nmember HTTP 409: DEFERRED\nmember HTTP 409: DEFERRED"
2026/09/24 19:45:12 WARN direct approval quorum unavailable tx="[106 36 20 185 23 91 212 126 242 186 175 42 25 177 42 64 93 124 95 137 254 249 203 242 178 127 247 121 0 224 25 211]" error="valid quorum unavailable\nmember HTTP 409: DEFERRED\nmember HTTP 409: DEFERRED"
2026/09/24 19:45:15 WARN direct approval quorum unavailable tx="[187 40 71 27 161 45 1 3 101 81 181 37 98 144 161 37 123 154 193 87 122 26 210 247 210 155 118 109 148 172 221 145]" error="valid quorum unavailable\nmember HTTP 409: DEFERRED\nmember HTTP 409: DEFERRED\nmember HTTP 409: DEFERRED"
2026/09/24 19:45:16 WARN direct approval quorum unavailable tx="[251 62 144 18 66 27 111 255 130 27 26 194 195 97 176 198 177 5 29 131 222 188 195 143 179 128 127 44 67 234 70 246]" error="valid quorum unavailable\nmember HTTP 409: DEFERRED\nmember HTTP 409: DEFERRED\nmember HTTP 409: DEFERRED"
2026/09/24 19:45:18 WARN direct approval quorum unavailable tx="[96 158 196 127 163 62 70 193 31 214 93 17 50 21 177 144 173 167 1 94 146 109 191 22 230 192 253 188 207 207 251 176]" error="valid quorum unavailable\nmember HTTP 409: DEFERRED\nmember HTTP 409: DEFERRED\nmember HTTP 409: DEFERRED"
2026/09/24 19:45:19 WARN direct approval quorum unavailable tx="[224 174 231 9 244 122 227 103 19 62 184 22 224 31 139 206 76 24 245 174 182 162 220 107 99 112 35 78 190 23 32 203]" error="valid quorum unavailable\nmember HTTP 409: DEFERRED\nmember HTTP 409: DEFERRED"
2026/09/24 19:45:20 WARN direct approval quorum unavailable tx="[167 229 243 31 98 110 12 43 41 82 168 247 155 124 6 251 155 130 87 18 41 14 209 189 34 111 115 34 139 145 128 243]" error="valid quorum unavailable\nmember HTTP 409: DEFERRED\nmember HTTP 409: DEFERRED\nmember HTTP 409: DEFERRED"
2026/09/24 19:45:20 WARN direct approval quorum unavailable tx="[224 188 171 211 229 99 50 142 134 210 251 120 244 29 168 170 251 104 73 229 63 42 10 42 190 89 224 190 155 133 94 86]" error="valid quorum unavailable\nmember HTTP 409: DEFERRED\nmember HTTP 409: DEFERRED"
2026/09/24 19:45:21 WARN direct approval quorum unavailable tx="[231 21 142 156 108 77 148 115 129 81 142 251 111 193 176 217 66 202 215 122 229 105 17 217 35 218 67 20 84 113 108 15]" error="valid quorum unavailable\nmember HTTP 409: DEFERRED\nmember HTTP 409: DEFERRED\nmember HTTP 409: DEFERRED\nmember HTTP 409: DEFERRED"
2026/09/24 19:45:29 WARN direct approval quorum unavailable tx="[193 54 93 165 59 226 139 31 209 152 248 25 115 245 133 107 102 8 101 75 99 142 108 241 36 241 46 95 167 69 165 58]" error="valid quorum unavailable\nmember HTTP 409: DEFERRED\nmember HTTP 409: DEFERRED"
2026/09/24 19:45:31 WARN direct approval quorum unavailable tx="[92 242 104 221 148 119 25 98 245 141 89 223 189 101 212 135 142 250 114 75 210 123 111 249 32 27 146 177 149 87 219 63]" error="valid quorum unavailable\nmember HTTP 409: DEFERRED\nmember HTTP 409: DEFERRED\nmember HTTP 409: DEFERRED"
2026/09/24 19:45:32 WARN direct approval quorum unavailable tx="[27 177 226 168 253 66 154 54 227 202 59 61 66 77 144 50 215 135 41 208 19 168 98 192 148 28 113 208 197 165 195 185]" error="valid quorum unavailable\nmember HTTP 409: DEFERRED\nmember HTTP 409: DEFERRED"
2026/09/24 19:45:32 WARN direct approval quorum unavailable tx="[212 195 104 63 142 213 10 13 33 110 174 191 22 228 244 218 34 157 230 161 225 34 168 17 229 135 201 149 213 249 216 130]" error="valid quorum unavailable\nmember HTTP 409: DEFERRED\nmember HTTP 409: DEFERRED\nmember HTTP 409: DEFERRED"
2026/09/24 19:45:33 WARN direct approval quorum unavailable tx="[232 251 71 179 97 197 248 47 10 12 245 220 152 165 81 251 135 48 54 248 232 169 46 239 230 42 46 93 136 61 61 194]" error="valid quorum unavailable\nmember HTTP 409: DEFERRED\nmember HTTP 409: DEFERRED\nmember HTTP 409: DEFERRED"
2026/09/24 19:45:37 WARN direct approval quorum unavailable tx="[54 150 157 99 181 251 46 50 75 92 50 81 32 161 83 219 81 148 255 233 120 41 19 189 100 158 249 131 55 67 63 71]" error="valid quorum unavailable\nmember HTTP 409: DEFERRED\nmember HTTP 409: DEFERRED"
2026/09/24 19:45:37 WARN direct approval quorum unavailable tx="[16 87 178 84 232 12 28 119 154 103 208 34 107 80 17 248 182 84 172 157 68 1 59 50 10 129 157 169 76 114 26 17]" error="valid quorum unavailable\nmember HTTP 409: DEFERRED\nmember HTTP 409: DEFERRED\nmember HTTP 409: DEFERRED\nmember HTTP 409: DEFERRED"
2026/09/24 19:45:38 WARN direct approval quorum unavailable tx="[141 77 24 31 119 93 204 227 185 251 149 119 196 210 80 245 105 209 69 66 30 175 194 37 6 242 142 43 2 144 3 61]" error="valid quorum unavailable\nmember HTTP 409: DEFERRED\nmember HTTP 409: DEFERRED\nmember HTTP 409: DEFERRED"
2026/09/24 19:45:40 WARN direct approval quorum unavailable tx="[87 231 174 204 93 238 71 193 244 180 22 84 233 41 84 224 178 161 63 146 239 4 212 227 110 215 108 143 42 253 109 33]" error="valid quorum unavailable\nmember HTTP 409: DEFERRED\nmember HTTP 409: DEFERRED\nmember HTTP 409: DEFERRED\nmember HTTP 409: DEFERRED"
2026/09/24 19:45:41 WARN direct approval quorum unavailable tx="[101 82 251 223 72 11 176 196 62 43 129 167 167 164 8 109 227 84 230 19 130 6 31 171 23 20 244 134 112 119 248 53]" error="valid quorum unavailable\nmember HTTP 409: DEFERRED\nmember HTTP 409: DEFERRED\nmember HTTP 409: DEFERRED"
2026/09/24 19:45:42 WARN direct approval quorum unavailable tx="[88 94 155 206 121 189 103 71 136 223 47 231 157 202 30 13 242 205 109 87 30 32 187 173 161 54 178 6 30 182 92 173]" error="valid quorum unavailable\nmember HTTP 409: DEFERRED\nmember HTTP 409: DEFERRED"
2026/09/24 19:45:44 WARN direct approval quorum unavailable tx="[168 246 40 128 202 103 213 246 126 133 104 248 112 141 23 66 168 117 213 212 132 29 137 205 197 52 70 190 12 36 41 48]" error="valid quorum unavailable\nmember HTTP 409: DEFERRED\nmember HTTP 409: DEFERRED"
2026/09/24 19:45:45 WARN direct approval quorum unavailable tx="[173 239 97 72 7 139 236 83 107 78 44 93 119 134 78 6 120 36 114 59 236 10 196 98 41 18 70 51 90 141 157 11]" error="valid quorum unavailable\nmember HTTP 409: DEFERRED\nmember HTTP 409: DEFERRED"
2026/09/24 19:45:46 WARN direct approval quorum unavailable tx="[211 216 228 162 108 59 69 212 125 79 90 237 251 30 60 221 247 191 225 251 38 204 13 145 168 162 71 252 238 66 75 217]" error="valid quorum unavailable\nmember HTTP 409: DEFERRED\nmember HTTP 409: DEFERRED\nmember HTTP 409: DEFERRED"
2026/09/24 19:45:50 WARN direct approval quorum unavailable tx="[84 189 52 186 108 168 49 147 177 199 178 194 108 62 63 103 185 28 196 134 254 68 64 226 178 154 97 147 128 148 244 216]" error="valid quorum unavailable\nmember HTTP 409: DEFERRED\nmember HTTP 409: DEFERRED"
2026/09/24 19:45:50 WARN direct approval quorum unavailable tx="[118 158 39 0 131 33 237 196 190 234 57 158 199 16 100 204 241 134 69 55 164 134 130 146 167 119 145 138 38 229 214 249]" error="valid quorum unavailable\nmember HTTP 409: DEFERRED\nmember HTTP 409: DEFERRED\nmember HTTP 409: DEFERRED"
2026/09/24 19:45:51 WARN direct approval quorum unavailable tx="[217 156 162 190 13 34 213 34 201 157 132 29 66 200 219 193 139 235 196 232 182 194 37 218 154 197 55 29 167 187 18 211]" error="valid quorum unavailable\nmember HTTP 409: DEFERRED\nmember HTTP 409: DEFERRED"
2026/09/24 19:45:52 WARN direct approval quorum unavailable tx="[30 133 131 237 11 189 106 213 241 207 141 56 91 193 114 127 96 42 241 234 196 94 219 186 140 156 246 239 97 139 66 236]" error="valid quorum unavailable\nmember HTTP 409: DEFERRED\nmember HTTP 409: DEFERRED"
2026/09/24 19:45:53 WARN direct approval quorum unavailable tx="[238 84 146 152 12 142 55 67 58 111 41 81 213 183 233 137 108 248 33 109 175 175 19 94 208 176 228 7 155 35 41 106]" error="valid quorum unavailable\nmember HTTP 409: DEFERRED\nmember HTTP 409: DEFERRED"
