[
  {
    "Name": "org0-member0",
    "Approvals": 300,
    "Pending": 0,
    "Payments": 0,
    "Closed": 0,
    "CAL": "",
    "FUEL": "",
    "Rewards": "",
    "Burned": ""
  },
  {
    "Name": "org0-member1",
    "Approvals": 300,
    "Pending": 0,
    "Payments": 0,
    "Closed": 0,
    "CAL": "",
    "FUEL": "",
    "Rewards": "",
    "Burned": ""
  },
  {
    "Name": "org0-member2",
    "Approvals": 300,
    "Pending": 0,
    "Payments": 0,
    "Closed": 0,
    "CAL": "",
    "FUEL": "",
    "Rewards": "",
    "Burned": ""
  },
  {
    "Name": "org0-member3",
    "Approvals": 300,
    "Pending": 0,
    "Payments": 0,
    "Closed": 0,
    "CAL": "",
    "FUEL": "",
    "Rewards": "",
    "Burned": ""
  },
  {
    "Name": "gateway0",
    "Approvals": 0,
    "Pending": 0,
    "Payments": 0,
    "Closed": 0,
    "CAL": "",
    "FUEL": "",
    "Rewards": "",
    "Burned": ""
  },
  {
    "Name": "org1-member0",
    "Approvals": 0,
    "Pending": 0,
    "Payments": 0,
    "Closed": 0,
    "CAL": "",
    "FUEL": "",
    "Rewards": "",
    "Burned": ""
  },
  {
    "Name": "org1-member1",
    "Approvals": 0,
    "Pending": 0,
    "Payments": 0,
    "Closed": 0,
    "CAL": "",
    "FUEL": "",
    "Rewards": "",
    "Burned": ""
  },
  {
    "Name": "org1-member2",
    "Approvals": 0,
    "Pending": 0,
    "Payments": 0,
    "Closed": 0,
    "CAL": "",
    "FUEL": "",
    "Rewards": "",
    "Burned": ""
  },
  {
    "Name": "org1-member3",
    "Approvals": 0,
    "Pending": 0,
    "Payments": 0,
    "Closed": 0,
    "CAL": "",
    "FUEL": "",
    "Rewards": "",
    "Burned": ""
  },
  {
    "Name": "gateway1",
    "Approvals": 0,
    "Pending": 0,
    "Payments": 0,
    "Closed": 0,
    "CAL": "",
    "FUEL": "",
    "Rewards": "",
    "Burned": ""
  },
  {
    "Name": "committee0",
    "Approvals": 0,
    "Pending": 0,
    "Payments": 300,
    "Closed": 300,
    "CAL": "2000000090000",
    "FUEL": "2000000000000",
    "Rewards": "25200",
    "Burned": "3000",
    "StateHash": "d7e2112a804b36560c177b39657b4270b4bdb0bc33c834e6b6f893b4bd48d848",
    "Gap": "0",
    "Recovery": {
      "UserCAL": {
        "027435562973b3aae1b0e92cadccf021c667681ab42262f5a987d4c9f9d874ba": 15000,
        "837f1d275a4e973cfcd23bdbc30e3fe6b7049bb86d1b8c8eff7606b084707ace": 75000
      },
      "Open": 0,
      "Fulfilled": 0,
      "Repaired": 0,
      "Recovered": 0,
      "PaidCAL": 0,
      "RecoveredCAL": 0,
      "Reserves": [
        {
          "Organization": "8c0c5201712af9ee732720e3e82f0b7db70838e5ab758d52e7b97caea3e8b248",
          "Balance": 1000000000000,
          "Spent": 0,
          "Reserved": 0
        },
        {
          "Organization": "5cfd01084d0ae6fb18dc70131a52938a306570449647fe52ee27b8a0eb3d2f2e",
          "Balance": 1000000000000,
          "Spent": 0,
          "Reserved": 0
        }
      ]
    }
  },
  {
    "Name": "committee1",
    "Approvals": 0,
    "Pending": 0,
    "Payments": 300,
    "Closed": 300,
    "CAL": "2000000090000",
    "FUEL": "2000000000000",
    "Rewards": "25200",
    "Burned": "3000",
    "StateHash": "d7e2112a804b36560c177b39657b4270b4bdb0bc33c834e6b6f893b4bd48d848",
    "Gap": "0",
    "Recovery": {
      "UserCAL": {
        "027435562973b3aae1b0e92cadccf021c667681ab42262f5a987d4c9f9d874ba": 15000,
        "837f1d275a4e973cfcd23bdbc30e3fe6b7049bb86d1b8c8eff7606b084707ace": 75000
      },
      "Open": 0,
      "Fulfilled": 0,
      "Repaired": 0,
      "Recovered": 0,
      "PaidCAL": 0,
      "RecoveredCAL": 0,
      "Reserves": [
        {
          "Organization": "8c0c5201712af9ee732720e3e82f0b7db70838e5ab758d52e7b97caea3e8b248",
          "Balance": 1000000000000,
          "Spent": 0,
          "Reserved": 0
        },
        {
          "Organization": "5cfd01084d0ae6fb18dc70131a52938a306570449647fe52ee27b8a0eb3d2f2e",
          "Balance": 1000000000000,
          "Spent": 0,
          "Reserved": 0
        }
      ]
    }
  },
  {
    "Name": "committee2",
    "Approvals": 0,
    "Pending": 0,
    "Payments": 300,
    "Closed": 300,
    "CAL": "2000000090000",
    "FUEL": "2000000000000",
    "Rewards": "25200",
    "Burned": "3000",
    "StateHash": "d7e2112a804b36560c177b39657b4270b4bdb0bc33c834e6b6f893b4bd48d848",
    "Gap": "0",
    "Recovery": {
      "UserCAL": {
        "027435562973b3aae1b0e92cadccf021c667681ab42262f5a987d4c9f9d874ba": 15000,
        "837f1d275a4e973cfcd23bdbc30e3fe6b7049bb86d1b8c8eff7606b084707ace": 75000
      },
      "Open": 0,
      "Fulfilled": 0,
      "Repaired": 0,
      "Recovered": 0,
      "PaidCAL": 0,
      "RecoveredCAL": 0,
      "Reserves": [
        {
          "Organization": "8c0c5201712af9ee732720e3e82f0b7db70838e5ab758d52e7b97caea3e8b248",
          "Balance": 1000000000000,
          "Spent": 0,
          "Reserved": 0
        },
        {
          "Organization": "5cfd01084d0ae6fb18dc70131a52938a306570449647fe52ee27b8a0eb3d2f2e",
          "Balance": 1000000000000,
          "Spent": 0,
          "Reserved": 0
        }
      ]
    }
  },
  {
    "Name": "committee3",
    "Approvals": 0,
    "Pending": 0,
    "Payments": 300,
    "Closed": 300,
    "CAL": "2000000090000",
    "FUEL": "2000000000000",
    "Rewards": "25200",
    "Burned": "3000",
    "StateHash": "d7e2112a804b36560c177b39657b4270b4bdb0bc33c834e6b6f893b4bd48d848",
    "Gap": "0",
    "Recovery": {
      "UserCAL": {
        "027435562973b3aae1b0e92cadccf021c667681ab42262f5a987d4c9f9d874ba": 15000,
        "837f1d275a4e973cfcd23bdbc30e3fe6b7049bb86d1b8c8eff7606b084707ace": 75000
      },
      "Open": 0,
      "Fulfilled": 0,
      "Repaired": 0,
      "Recovered": 0,
      "PaidCAL": 0,
      "RecoveredCAL": 0,
      "Reserves": [
        {
          "Organization": "8c0c5201712af9ee732720e3e82f0b7db70838e5ab758d52e7b97caea3e8b248",
          "Balance": 1000000000000,
          "Spent": 0,
          "Reserved": 0
        },
        {
          "Organization": "5cfd01084d0ae6fb18dc70131a52938a306570449647fe52ee27b8a0eb3d2f2e",
          "Balance": 1000000000000,
          "Spent": 0,
          "Reserved": 0
        }
      ]
    }
  }
]
Supply and original-debit accounting verified: /Users/richz/lab/man/utxo-c3-20261002/.run/cost-baseline-3/reports/audit.json
