{
  "batch_progress": true,
  "block_observed_p50_ms": 1076.007917,
  "completed_per_second": 78.8359590412011,
  "concurrency": 64,
  "count": 300,
  "dispatch_delivery_wait_p95_ms": 0.425708,
  "dispatch_lag_p50_ms": 0.091583,
  "dispatch_lag_p95_ms": 0.436875,
  "elapsed_s": 3.805370083,
  "failed": 0,
  "fast_completed": 300,
  "fast_p50_ms": 1.051791,
  "fast_p95_ms": 39.944958,
  "final_unfinished": 0,
  "finished_unix_ns": 1790919500049565000,
  "max_pending": 256,
  "member_applied_p50_ms": 1120.2895,
  "member_completed": 300,
  "not_sent": 0,
  "note": "Block observation includes block verification and wallet polling; member applied queries local member status for all four nodes. No committee payment proofs are requested.",
  "pending_limit": 256,
  "progress_batch_facts": 1608,
  "progress_batch_http_errors": 0,
  "progress_batch_http_requests": 135,
  "progress_batch_http_total_ms": 27.266881,
  "progress_batch_queue_total_ms": 6784.009053,
  "progress_errors": 0,
  "progress_http_max_ms": 5.826583,
  "progress_http_mean_ms": 4.43330191728856,
  "progress_metric_note": "progress_requests counts logical fact checks; progress_http durations include batch queue wait. Actual batch HTTP requests/errors are separate.",
  "progress_requests": 1608,
  "progress_requests_per_second": 422.56074046083785,
  "same_org": false,
  "sampled_oldest_unfinished_max_ms": 1499.977,
  "sampled_peak_unfinished": 150,
  "send_limit_hits": 0,
  "send_pacing_wait_p95_ms": 0.000417,
  "send_permit_wait_p95_ms": 0.000042,
  "started_unix_ns": 1790919496244188000,
  "target_send_rate": 100,
  "timing_origin": "wallet_http_submit_v4",
  "total_limit_hits": 0,
  "total_permit_wait_p95_ms": 0.00025,
  "trace": false,
  "unknown": 0,
  "wallet_block_observed": 300,
  "wallet_no_sync": true,
  "wallet_queries": 868,
  "workload": "bounded_fast_receipt_with_independent_observation"
}
