{
  "batch_progress": true,
  "block_observed_p50_ms": 1151.015584,
  "completed_per_second": 77.49990974489678,
  "concurrency": 64,
  "count": 300,
  "dispatch_delivery_wait_p95_ms": 0.325375,
  "dispatch_lag_p50_ms": 0.059542,
  "dispatch_lag_p95_ms": 0.338042,
  "elapsed_s": 3.87097225,
  "failed": 0,
  "fast_completed": 300,
  "fast_p50_ms": 1.11225,
  "fast_p95_ms": 27.4405,
  "final_unfinished": 0,
  "finished_unix_ns": 1790919273414048000,
  "max_pending": 256,
  "member_applied_p50_ms": 1180.425583,
  "member_completed": 300,
  "not_sent": 0,
  "note": "Block observation includes block verification and wallet polling; member applied queries local member status for all four nodes. No committee payment proofs are requested.",
  "pending_limit": 256,
  "progress_batch_facts": 1359,
  "progress_batch_http_errors": 0,
  "progress_batch_http_requests": 113,
  "progress_batch_http_total_ms": 21.789993,
  "progress_batch_queue_total_ms": 5852.769537,
  "progress_errors": 0,
  "progress_http_max_ms": 6.029042,
  "progress_http_mean_ms": 4.524499117733625,
  "progress_metric_note": "progress_requests counts logical fact checks; progress_http durations include batch queue wait. Actual batch HTTP requests/errors are separate.",
  "progress_requests": 1359,
  "progress_requests_per_second": 351.0745911443824,
  "same_org": false,
  "sampled_oldest_unfinished_max_ms": 1989.948,
  "sampled_peak_unfinished": 181,
  "send_limit_hits": 0,
  "send_pacing_wait_p95_ms": 0.000417,
  "send_permit_wait_p95_ms": 0.000083,
  "started_unix_ns": 1790919269543103000,
  "target_send_rate": 100,
  "timing_origin": "wallet_http_submit_v4",
  "total_limit_hits": 0,
  "total_permit_wait_p95_ms": 0.00025,
  "trace": false,
  "unknown": 0,
  "wallet_block_observed": 300,
  "wallet_no_sync": true,
  "wallet_queries": 921,
  "workload": "bounded_fast_receipt_with_independent_observation"
}
