{
  "batch_progress": true,
  "block_observed_p50_ms": 1447.96,
  "completed_per_second": 98.51364812445271,
  "concurrency": 64,
  "count": 7000,
  "dispatch_delivery_wait_p95_ms": 0.230917,
  "dispatch_lag_p50_ms": 0.104667,
  "dispatch_lag_p95_ms": 0.241584,
  "elapsed_s": 71.056144334,
  "failed": 0,
  "fast_completed": 7000,
  "fast_p50_ms": 52.892083,
  "fast_p95_ms": 134.962708,
  "final_unfinished": 0,
  "finished_unix_ns": 1790951698598055000,
  "max_pending": 256,
  "member_applied_p50_ms": 1520.130584,
  "member_completed": 7000,
  "not_sent": 0,
  "note": "Block observation includes block verification and wallet polling; member applied queries local member status for all four nodes. No committee payment proofs are requested.",
  "pending_limit": 256,
  "progress_batch_facts": 42404,
  "progress_batch_http_errors": 0,
  "progress_batch_http_requests": 3503,
  "progress_batch_http_total_ms": 1875.510794,
  "progress_batch_queue_total_ms": 165407.943697,
  "progress_errors": 0,
  "progress_http_max_ms": 99.93525,
  "progress_http_mean_ms": 4.467204006815392,
  "progress_metric_note": "progress_requests counts logical fact checks; progress_http durations include batch queue wait. Actual batch HTTP requests/errors are separate.",
  "progress_requests": 42404,
  "progress_requests_per_second": 596.7675335813276,
  "same_org": false,
  "sampled_oldest_unfinished_max_ms": 2339.894,
  "sampled_peak_unfinished": 229,
  "send_limit_hits": 0,
  "send_pacing_wait_p95_ms": 0.000583,
  "send_permit_wait_p95_ms": 0.000084,
  "started_unix_ns": 1790951627541893000,
  "target_send_rate": 100,
  "timing_origin": "wallet_http_submit_v4",
  "total_limit_hits": 0,
  "total_permit_wait_p95_ms": 0.000292,
  "trace": false,
  "unknown": 0,
  "wallet_block_observed": 7000,
  "wallet_no_sync": true,
  "wallet_queries": 26109,
  "workload": "bounded_fast_receipt_with_independent_observation"
}
