EVENT {"fact":"9045d2529a3035f031c3855f81ada610fb3afc227070dff114add0ec328b0ed5","input":6,"output":"827ef9b8a8acf4950701166ad1690ff372b54a8c6f74d2010d84c821072c87e8","sent_unix_ns":1790951642489556000,"stage":"parent_ready","unix_ns":1790951642594226000}
EVENT {"fact":"f4d2475b3adaf79969ff9b1a7b59878790b0b3e0f997207c65547adb41f4d683","input":6,"output":"e761ecb812b257ee9718018333283da52e22ba2eba68409c8c6210810ed526fc","sent_unix_ns":1790951642725625000,"stage":"child_ready","unix_ns":1790951642783485000}
EVENT {"input":6,"stage":"child_public_observed","unix_ns":1790951644691743000}
Child finalized; observing withheld-source outcome.
EVENT {"input":6,"obligation":{"AnchorHeight":29,"Output":[130,126,249,184,168,172,244,149,7,1,22,106,209,105,15,243,114,181,74,140,111,116,210,1,13,132,200,33,7,44,135,232],"Issuer":"798ad5bfa2784648dd20522a2ca6c7550ad71b45fc2a2fb8f603e973f3e5a8c6","Config":"ac5930da9caf75f4aa633af09c8a84ee3e034394465965e5231e8008f48916fa","Certificate":[144,69,210,82,154,48,53,240,49,195,133,95,129,173,166,16,251,58,252,34,112,112,223,241,20,173,208,236,50,139,14,213],"Consumer":[244,210,71,91,58,218,247,153,105,255,155,26,123,89,135,135,144,176,179,224,249,151,32,124,101,84,122,219,65,244,214,131],"Transaction":[96,104,76,175,152,48,179,71,186,75,226,172,37,143,153,15,2,181,211,118,67,124,88,219,133,202,59,105,143,10,215,55],"Input":0,"Amount":100,"Deadline":1790951673,"Status":2},"stage":"compensation_observed","unix_ns":1790951675467421000}
EVENT {"input":6,"stage":"late_source_submit_start","unix_ns":1790951675467652000}
EVENT {"input":6,"stage":"source_repaid_observed","unix_ns":1790951676590793000}
EVENT {"input":6,"stage":"materialization_observed","unix_ns":1790951683442578000}
{
  "child_block_observed_ms": 1966.115208,
  "child_fast_ms": 57.85725,
  "child_output": "e761ecb812b257ee9718018333283da52e22ba2eba68409c8c6210810ed526fc",
  "compensation_observed_ms": 32741.786667,
  "late_parent_reserve_recovered": true,
  "parent_fast_ms": 104.665417,
  "parent_output": "827ef9b8a8acf4950701166ad1690ff372b54a8c6f74d2010d84c821072c87e8",
  "parent_withheld": true,
  "physical_repair": {
    "DeadlineUnix": 1790951673,
    "DeadlineObservedUnixNS": 1790951676654128000,
    "ProbeRequests": 113,
    "ProbeErrors": 0,
    "ProbeTimeNS": 17640085,
    "MaxProbeNS": 1376000,
    "Nodes": [
      {
        "URL": "http://127.0.0.1:32100",
        "CommittedUnixNS": 1790951683438997000,
        "MaterializedUnixNS": 1790951683438997000,
        "Snapshot": {
          "Committed": true,
          "Materialized": true,
          "IdentityStable": true,
          "BytesChanged": true,
          "CommitHeight": 96,
          "TargetHeight": 28,
          "Revision": 1
        }
      },
      {
        "URL": "http://127.0.0.1:32101",
        "CommittedUnixNS": 1790951683440190000,
        "MaterializedUnixNS": 1790951683440190000,
        "Snapshot": {
          "Committed": true,
          "Materialized": true,
          "IdentityStable": true,
          "BytesChanged": true,
          "CommitHeight": 96,
          "TargetHeight": 28,
          "Revision": 1
        }
      },
      {
        "URL": "http://127.0.0.1:32102",
        "CommittedUnixNS": 1790951683441356000,
        "MaterializedUnixNS": 1790951683441356000,
        "Snapshot": {
          "Committed": true,
          "Materialized": true,
          "IdentityStable": true,
          "BytesChanged": true,
          "CommitHeight": 96,
          "TargetHeight": 28,
          "Revision": 1
        }
      },
      {
        "URL": "http://127.0.0.1:32103",
        "CommittedUnixNS": 1790951683442578000,
        "MaterializedUnixNS": 1790951683442578000,
        "Snapshot": {
          "Committed": true,
          "Materialized": true,
          "IdentityStable": true,
          "BytesChanged": true,
          "CommitHeight": 96,
          "TargetHeight": 28,
          "Revision": 1
        }
      }
    ]
  },
  "physical_repair_observed_ms": 40716.942958,
  "timing_origin": "wallet_http_submit_v4"
}
