EVENT {"fact":"0e14141d3f53f9a24eaa3e7ec242a46a9d03c11040e68dd394acc6079fb57137","input":7,"output":"465faefaaa0b77ebf717dcfeacbdfa9d675037b069e0bfb9a8396149954c591e","sent_unix_ns":1790951643592544000,"stage":"parent_ready","unix_ns":1790951643680513000}
EVENT {"fact":"de150ba462d1afa09f344297fb5373109b0ca84a3be532692554a2487cd96209","input":7,"output":"03e020e14c2adfb01d12ad3daeebf51ad7bc0054343373cbcf66c024e2bb8c08","sent_unix_ns":1790951643733548000,"stage":"child_ready","unix_ns":1790951643807559000}
EVENT {"input":7,"stage":"child_public_observed","unix_ns":1790951645252685000}
Child finalized; observing withheld-source outcome.
EVENT {"input":7,"obligation":{"AnchorHeight":30,"Output":[70,95,174,250,170,11,119,235,247,23,220,254,172,189,250,157,103,80,55,176,105,224,191,185,168,57,97,73,149,76,89,30],"Issuer":"798ad5bfa2784648dd20522a2ca6c7550ad71b45fc2a2fb8f603e973f3e5a8c6","Config":"ac5930da9caf75f4aa633af09c8a84ee3e034394465965e5231e8008f48916fa","Certificate":[14,20,20,29,63,83,249,162,78,170,62,126,194,66,164,106,157,3,193,16,64,230,141,211,148,172,198,7,159,181,113,55],"Consumer":[222,21,11,164,98,209,175,160,159,52,66,151,251,83,115,16,155,12,168,74,59,229,50,105,37,84,162,72,124,217,98,9],"Transaction":[219,69,25,211,56,101,184,96,156,106,141,2,191,138,170,235,189,226,183,21,251,71,36,64,73,118,90,153,11,156,27,88],"Input":0,"Amount":100,"Deadline":1790951674,"Status":2},"stage":"compensation_observed","unix_ns":1790951677847924000}
EVENT {"input":7,"stage":"late_source_submit_start","unix_ns":1790951677851679000}
EVENT {"input":7,"stage":"source_repaid_observed","unix_ns":1790951678848232000}
EVENT {"input":7,"stage":"materialization_observed","unix_ns":1790951686576919000}
{
  "child_block_observed_ms": 1519.132708,
  "child_fast_ms": 74.00875,
  "child_output": "03e020e14c2adfb01d12ad3daeebf51ad7bc0054343373cbcf66c024e2bb8c08",
  "compensation_observed_ms": 34114.366542,
  "late_parent_reserve_recovered": true,
  "parent_fast_ms": 87.966917,
  "parent_output": "465faefaaa0b77ebf717dcfeacbdfa9d675037b069e0bfb9a8396149954c591e",
  "parent_withheld": true,
  "physical_repair": {
    "DeadlineUnix": 1790951674,
    "DeadlineObservedUnixNS": 1790951678934912000,
    "ProbeRequests": 123,
    "ProbeErrors": 0,
    "ProbeTimeNS": 124261916,
    "MaxProbeNS": 96755500,
    "Nodes": [
      {
        "URL": "http://127.0.0.1:32100",
        "CommittedUnixNS": 1790951685965257000,
        "MaterializedUnixNS": 1790951686572080000,
        "Snapshot": {
          "Committed": true,
          "Materialized": true,
          "IdentityStable": true,
          "BytesChanged": true,
          "CommitHeight": 100,
          "TargetHeight": 29,
          "Revision": 1
        }
      },
      {
        "URL": "http://127.0.0.1:32101",
        "CommittedUnixNS": 1790951685966736000,
        "MaterializedUnixNS": 1790951686574790000,
        "Snapshot": {
          "Committed": true,
          "Materialized": true,
          "IdentityStable": true,
          "BytesChanged": true,
          "CommitHeight": 100,
          "TargetHeight": 29,
          "Revision": 1
        }
      },
      {
        "URL": "http://127.0.0.1:32102",
        "CommittedUnixNS": 1790951685968350000,
        "MaterializedUnixNS": 1790951686576918000,
        "Snapshot": {
          "Committed": true,
          "Materialized": true,
          "IdentityStable": true,
          "BytesChanged": true,
          "CommitHeight": 100,
          "TargetHeight": 29,
          "Revision": 1
        }
      },
      {
        "URL": "http://127.0.0.1:32103",
        "CommittedUnixNS": 1790951685969672000,
        "MaterializedUnixNS": 1790951685969672000,
        "Snapshot": {
          "Committed": true,
          "Materialized": true,
          "IdentityStable": true,
          "BytesChanged": true,
          "CommitHeight": 100,
          "TargetHeight": 29,
          "Revision": 1
        }
      }
    ]
  },
  "physical_repair_observed_ms": 42843.36075,
  "timing_origin": "wallet_http_submit_v4"
}
