[
  {
    "Name": "org0-member0",
    "Approvals": 1,
    "Pending": 0,
    "Payments": 0,
    "Closed": 0,
    "CAL": "",
    "FUEL": "",
    "Rewards": "",
    "Burned": ""
  },
  {
    "Name": "org0-member1",
    "Approvals": 1,
    "Pending": 0,
    "Payments": 0,
    "Closed": 0,
    "CAL": "",
    "FUEL": "",
    "Rewards": "",
    "Burned": ""
  },
  {
    "Name": "org0-member2",
    "Approvals": 1,
    "Pending": 0,
    "Payments": 0,
    "Closed": 0,
    "CAL": "",
    "FUEL": "",
    "Rewards": "",
    "Burned": ""
  },
  {
    "Name": "org0-member3",
    "Approvals": 1,
    "Pending": 0,
    "Payments": 0,
    "Closed": 0,
    "CAL": "",
    "FUEL": "",
    "Rewards": "",
    "Burned": ""
  },
  {
    "Name": "gateway0",
    "Approvals": 0,
    "Pending": 0,
    "Payments": 0,
    "Closed": 0,
    "CAL": "",
    "FUEL": "",
    "Rewards": "",
    "Burned": ""
  },
  {
    "Name": "org1-member0",
    "Approvals": 1,
    "Pending": 0,
    "Payments": 0,
    "Closed": 0,
    "CAL": "",
    "FUEL": "",
    "Rewards": "",
    "Burned": ""
  },
  {
    "Name": "org1-member1",
    "Approvals": 1,
    "Pending": 0,
    "Payments": 0,
    "Closed": 0,
    "CAL": "",
    "FUEL": "",
    "Rewards": "",
    "Burned": ""
  },
  {
    "Name": "org1-member2",
    "Approvals": 1,
    "Pending": 0,
    "Payments": 0,
    "Closed": 0,
    "CAL": "",
    "FUEL": "",
    "Rewards": "",
    "Burned": ""
  },
  {
    "Name": "org1-member3",
    "Approvals": 1,
    "Pending": 0,
    "Payments": 0,
    "Closed": 0,
    "CAL": "",
    "FUEL": "",
    "Rewards": "",
    "Burned": ""
  },
  {
    "Name": "gateway1",
    "Approvals": 0,
    "Pending": 0,
    "Payments": 0,
    "Closed": 0,
    "CAL": "",
    "FUEL": "",
    "Rewards": "",
    "Burned": ""
  },
  {
    "Name": "committee0",
    "Approvals": 0,
    "Pending": 0,
    "Payments": 2,
    "Closed": 2,
    "CAL": "2000000090000",
    "FUEL": "2000000000000",
    "Rewards": "173",
    "Burned": "20",
    "StateHash": "3498f01f98632fb378413b5b1a2816cf8ccb956df9703a1ed3ab2841735d7952",
    "Gap": "0",
    "Revisions": 1,
    "Recovery": {
      "UserCAL": {
        "4275d36740b8f57a8801b6a49a46169950d03a4cd0292d1a13ef4ba76159f71d": 45000,
        "9bd199d03130646d5a9bb22776f8f704ad4049d9c53821737c71f57972e5c1e2": 45000
      },
      "Open": 0,
      "Fulfilled": 0,
      "Repaired": 0,
      "Recovered": 1,
      "PaidCAL": 100,
      "RecoveredCAL": 100,
      "Reserves": [
        {
          "Organization": "364b54de50d0023d158cd3e25198a8781564ef7fabf25194df8da6baa2aed74f",
          "Balance": 1000000000000,
          "Spent": 0,
          "Reserved": 0
        },
        {
          "Organization": "8eb34cff5f436f466e45bc38feb5c6a25adc432d8ee708e344cbee073490c61a",
          "Balance": 1000000000000,
          "Spent": 0,
          "Reserved": 0
        }
      ]
    }
  },
  {
    "Name": "committee1",
    "Approvals": 0,
    "Pending": 0,
    "Payments": 2,
    "Closed": 2,
    "CAL": "2000000090000",
    "FUEL": "2000000000000",
    "Rewards": "173",
    "Burned": "20",
    "StateHash": "3498f01f98632fb378413b5b1a2816cf8ccb956df9703a1ed3ab2841735d7952",
    "Gap": "0",
    "Revisions": 1,
    "Recovery": {
      "UserCAL": {
        "4275d36740b8f57a8801b6a49a46169950d03a4cd0292d1a13ef4ba76159f71d": 45000,
        "9bd199d03130646d5a9bb22776f8f704ad4049d9c53821737c71f57972e5c1e2": 45000
      },
      "Open": 0,
      "Fulfilled": 0,
      "Repaired": 0,
      "Recovered": 1,
      "PaidCAL": 100,
      "RecoveredCAL": 100,
      "Reserves": [
        {
          "Organization": "364b54de50d0023d158cd3e25198a8781564ef7fabf25194df8da6baa2aed74f",
          "Balance": 1000000000000,
          "Spent": 0,
          "Reserved": 0
        },
        {
          "Organization": "8eb34cff5f436f466e45bc38feb5c6a25adc432d8ee708e344cbee073490c61a",
          "Balance": 1000000000000,
          "Spent": 0,
          "Reserved": 0
        }
      ]
    }
  },
  {
    "Name": "committee2",
    "Approvals": 0,
    "Pending": 0,
    "Payments": 2,
    "Closed": 2,
    "CAL": "2000000090000",
    "FUEL": "2000000000000",
    "Rewards": "173",
    "Burned": "20",
    "StateHash": "3498f01f98632fb378413b5b1a2816cf8ccb956df9703a1ed3ab2841735d7952",
    "Gap": "0",
    "Revisions": 1,
    "Recovery": {
      "UserCAL": {
        "4275d36740b8f57a8801b6a49a46169950d03a4cd0292d1a13ef4ba76159f71d": 45000,
        "9bd199d03130646d5a9bb22776f8f704ad4049d9c53821737c71f57972e5c1e2": 45000
      },
      "Open": 0,
      "Fulfilled": 0,
      "Repaired": 0,
      "Recovered": 1,
      "PaidCAL": 100,
      "RecoveredCAL": 100,
      "Reserves": [
        {
          "Organization": "364b54de50d0023d158cd3e25198a8781564ef7fabf25194df8da6baa2aed74f",
          "Balance": 1000000000000,
          "Spent": 0,
          "Reserved": 0
        },
        {
          "Organization": "8eb34cff5f436f466e45bc38feb5c6a25adc432d8ee708e344cbee073490c61a",
          "Balance": 1000000000000,
          "Spent": 0,
          "Reserved": 0
        }
      ]
    }
  },
  {
    "Name": "committee3",
    "Approvals": 0,
    "Pending": 0,
    "Payments": 2,
    "Closed": 2,
    "CAL": "2000000090000",
    "FUEL": "2000000000000",
    "Rewards": "173",
    "Burned": "20",
    "StateHash": "3498f01f98632fb378413b5b1a2816cf8ccb956df9703a1ed3ab2841735d7952",
    "Gap": "0",
    "Revisions": 1,
    "Recovery": {
      "UserCAL": {
        "4275d36740b8f57a8801b6a49a46169950d03a4cd0292d1a13ef4ba76159f71d": 45000,
        "9bd199d03130646d5a9bb22776f8f704ad4049d9c53821737c71f57972e5c1e2": 45000
      },
      "Open": 0,
      "Fulfilled": 0,
      "Repaired": 0,
      "Recovered": 1,
      "PaidCAL": 100,
      "RecoveredCAL": 100,
      "Reserves": [
        {
          "Organization": "364b54de50d0023d158cd3e25198a8781564ef7fabf25194df8da6baa2aed74f",
          "Balance": 1000000000000,
          "Spent": 0,
          "Reserved": 0
        },
        {
          "Organization": "8eb34cff5f436f466e45bc38feb5c6a25adc432d8ee708e344cbee073490c61a",
          "Balance": 1000000000000,
          "Spent": 0,
          "Reserved": 0
        }
      ]
    }
  }
]
Supply and original-debit accounting verified: /Users/richz/lab/man/utxo-c3-20261002/.run/paused-1/reports/audit.json
