{
  "batch_progress": true,
  "block_observed_p50_ms": 1526.910833,
  "completed_per_second": 98.23120753856192,
  "concurrency": 64,
  "count": 7000,
  "dispatch_delivery_wait_p95_ms": 0.239,
  "dispatch_lag_p50_ms": 0.082792,
  "dispatch_lag_p95_ms": 255.395708,
  "elapsed_s": 71.260449458,
  "failed": 0,
  "fast_completed": 7000,
  "fast_p50_ms": 55.259375,
  "fast_p95_ms": 152.765917,
  "final_unfinished": 0,
  "finished_unix_ns": 1790951368992354000,
  "max_pending": 256,
  "member_applied_p50_ms": 1610.369417,
  "member_completed": 7000,
  "not_sent": 0,
  "note": "Block observation includes block verification and wallet polling; member applied queries local member status for all four nodes. No committee payment proofs are requested.",
  "pending_limit": 256,
  "progress_batch_facts": 47911,
  "progress_batch_http_errors": 0,
  "progress_batch_http_requests": 3820,
  "progress_batch_http_total_ms": 2122.798897,
  "progress_batch_queue_total_ms": 186824.332895,
  "progress_errors": 0,
  "progress_http_max_ms": 72.1435,
  "progress_http_mean_ms": 4.579740369121908,
  "progress_metric_note": "progress_requests counts logical fact checks; progress_http durations include batch queue wait. Actual batch HTTP requests/errors are separate.",
  "progress_requests": 47911,
  "progress_requests_per_second": 672.3364834828628,
  "same_org": false,
  "sampled_oldest_unfinished_max_ms": 2829.699,
  "sampled_peak_unfinished": 256,
  "send_limit_hits": 0,
  "send_pacing_wait_p95_ms": 255.273209,
  "send_permit_wait_p95_ms": 0.000125,
  "started_unix_ns": 1790951297731887000,
  "target_send_rate": 100,
  "timing_origin": "wallet_http_submit_v4",
  "total_limit_hits": 16,
  "total_permit_wait_p95_ms": 0.000333,
  "trace": false,
  "unknown": 0,
  "wallet_block_observed": 7000,
  "wallet_no_sync": true,
  "wallet_queries": 26412,
  "workload": "bounded_fast_receipt_with_independent_observation"
}
