{
  "batch_progress": true,
  "block_observed_p50_ms": 1103.890417,
  "completed_per_second": 78.01659788765006,
  "concurrency": 64,
  "count": 300,
  "dispatch_delivery_wait_p95_ms": 0.346,
  "dispatch_lag_p50_ms": 0.089334,
  "dispatch_lag_p95_ms": 0.355,
  "elapsed_s": 3.845335584,
  "failed": 0,
  "fast_completed": 300,
  "fast_p50_ms": 1.072542,
  "fast_p95_ms": 22.083791,
  "final_unfinished": 0,
  "finished_unix_ns": 1790919429983498000,
  "max_pending": 256,
  "member_applied_p50_ms": 1125.441,
  "member_completed": 300,
  "not_sent": 0,
  "note": "Block observation includes block verification and wallet polling; member applied queries local member status for all four nodes. No committee payment proofs are requested.",
  "pending_limit": 256,
  "progress_batch_facts": 1250,
  "progress_batch_http_errors": 0,
  "progress_batch_http_requests": 108,
  "progress_batch_http_total_ms": 22.29359,
  "progress_batch_queue_total_ms": 5532.802813,
  "progress_errors": 0,
  "progress_http_max_ms": 6.022208,
  "progress_http_mean_ms": 4.636974803199995,
  "progress_metric_note": "progress_requests counts logical fact checks; progress_http durations include batch queue wait. Actual batch HTTP requests/errors are separate.",
  "progress_requests": 1250,
  "progress_requests_per_second": 325.0691578652086,
  "same_org": false,
  "sampled_oldest_unfinished_max_ms": 1499.969,
  "sampled_peak_unfinished": 150,
  "send_limit_hits": 0,
  "send_pacing_wait_p95_ms": 0.0005,
  "send_permit_wait_p95_ms": 0.000083,
  "started_unix_ns": 1790919426138156000,
  "target_send_rate": 100,
  "timing_origin": "wallet_http_submit_v4",
  "total_limit_hits": 0,
  "total_permit_wait_p95_ms": 0.00025,
  "trace": false,
  "unknown": 0,
  "wallet_block_observed": 300,
  "wallet_no_sync": true,
  "wallet_queries": 874,
  "workload": "bounded_fast_receipt_with_independent_observation"
}
