[
  {
    "Name": "org0-member0",
    "Approvals": 6250,
    "Pending": 0,
    "Payments": 0,
    "Closed": 0,
    "CAL": "",
    "FUEL": "",
    "Rewards": "",
    "Burned": ""
  },
  {
    "Name": "org0-member1",
    "Approvals": 6250,
    "Pending": 0,
    "Payments": 0,
    "Closed": 0,
    "CAL": "",
    "FUEL": "",
    "Rewards": "",
    "Burned": ""
  },
  {
    "Name": "org0-member2",
    "Approvals": 6250,
    "Pending": 0,
    "Payments": 0,
    "Closed": 0,
    "CAL": "",
    "FUEL": "",
    "Rewards": "",
    "Burned": ""
  },
  {
    "Name": "org0-member3",
    "Approvals": 6250,
    "Pending": 0,
    "Payments": 0,
    "Closed": 0,
    "CAL": "",
    "FUEL": "",
    "Rewards": "",
    "Burned": ""
  },
  {
    "Name": "gateway0",
    "Approvals": 0,
    "Pending": 0,
    "Payments": 0,
    "Closed": 0,
    "CAL": "",
    "FUEL": "",
    "Rewards": "",
    "Burned": ""
  },
  {
    "Name": "org1-member0",
    "Approvals": 6250,
    "Pending": 0,
    "Payments": 0,
    "Closed": 0,
    "CAL": "",
    "FUEL": "",
    "Rewards": "",
    "Burned": ""
  },
  {
    "Name": "org1-member1",
    "Approvals": 6250,
    "Pending": 0,
    "Payments": 0,
    "Closed": 0,
    "CAL": "",
    "FUEL": "",
    "Rewards": "",
    "Burned": ""
  },
  {
    "Name": "org1-member2",
    "Approvals": 6250,
    "Pending": 0,
    "Payments": 0,
    "Closed": 0,
    "CAL": "",
    "FUEL": "",
    "Rewards": "",
    "Burned": ""
  },
  {
    "Name": "org1-member3",
    "Approvals": 6250,
    "Pending": 0,
    "Payments": 0,
    "Closed": 0,
    "CAL": "",
    "FUEL": "",
    "Rewards": "",
    "Burned": ""
  },
  {
    "Name": "gateway1",
    "Approvals": 0,
    "Pending": 0,
    "Payments": 0,
    "Closed": 0,
    "CAL": "",
    "FUEL": "",
    "Rewards": "",
    "Burned": ""
  },
  {
    "Name": "committee0",
    "Approvals": 0,
    "Pending": 0,
    "Payments": 12500,
    "Closed": 12500,
    "CAL": "2000006963200",
    "FUEL": "696320000",
    "Rewards": "1050000",
    "Burned": "125000",
    "StateHash": "6b9c1548da1357c2b230e5291a74ab9946f7ce60878313600ebdb8228e9ff151",
    "Gap": "0"
  },
  {
    "Name": "committee1",
    "Approvals": 0,
    "Pending": 0,
    "Payments": 12500,
    "Closed": 12500,
    "CAL": "2000006963200",
    "FUEL": "696320000",
    "Rewards": "1050000",
    "Burned": "125000",
    "StateHash": "6b9c1548da1357c2b230e5291a74ab9946f7ce60878313600ebdb8228e9ff151",
    "Gap": "0"
  },
  {
    "Name": "committee2",
    "Approvals": 0,
    "Pending": 0,
    "Payments": 12500,
    "Closed": 12500,
    "CAL": "2000006963200",
    "FUEL": "696320000",
    "Rewards": "1050000",
    "Burned": "125000",
    "StateHash": "6b9c1548da1357c2b230e5291a74ab9946f7ce60878313600ebdb8228e9ff151",
    "Gap": "0"
  },
  {
    "Name": "committee3",
    "Approvals": 0,
    "Pending": 0,
    "Payments": 12500,
    "Closed": 12500,
    "CAL": "2000006963200",
    "FUEL": "696320000",
    "Rewards": "1050000",
    "Burned": "125000",
    "StateHash": "6b9c1548da1357c2b230e5291a74ab9946f7ce60878313600ebdb8228e9ff151",
    "Gap": "0"
  }
]
Supply and original-debit accounting verified: /Users/richz/lab/man/utxo-e7/.run/e7-formal-r2-a-0/reports/audit.json
