[
  {
    "Name": "org0-member0",
    "Approvals": 300,
    "Pending": 0,
    "Payments": 0,
    "Closed": 0,
    "CAL": "",
    "FUEL": "",
    "Rewards": "",
    "Burned": ""
  },
  {
    "Name": "org0-member1",
    "Approvals": 301,
    "Pending": 0,
    "Payments": 0,
    "Closed": 0,
    "CAL": "",
    "FUEL": "",
    "Rewards": "",
    "Burned": ""
  },
  {
    "Name": "org0-member2",
    "Approvals": 301,
    "Pending": 0,
    "Payments": 0,
    "Closed": 0,
    "CAL": "",
    "FUEL": "",
    "Rewards": "",
    "Burned": ""
  },
  {
    "Name": "org0-member3",
    "Approvals": 301,
    "Pending": 0,
    "Payments": 0,
    "Closed": 0,
    "CAL": "",
    "FUEL": "",
    "Rewards": "",
    "Burned": ""
  },
  {
    "Name": "gateway0",
    "Approvals": 0,
    "Pending": 0,
    "Payments": 0,
    "Closed": 0,
    "CAL": "",
    "FUEL": "",
    "Rewards": "",
    "Burned": ""
  },
  {
    "Name": "org1-member0",
    "Approvals": 1,
    "Pending": 0,
    "Payments": 0,
    "Closed": 0,
    "CAL": "",
    "FUEL": "",
    "Rewards": "",
    "Burned": ""
  },
  {
    "Name": "org1-member1",
    "Approvals": 1,
    "Pending": 0,
    "Payments": 0,
    "Closed": 0,
    "CAL": "",
    "FUEL": "",
    "Rewards": "",
    "Burned": ""
  },
  {
    "Name": "org1-member2",
    "Approvals": 1,
    "Pending": 0,
    "Payments": 0,
    "Closed": 0,
    "CAL": "",
    "FUEL": "",
    "Rewards": "",
    "Burned": ""
  },
  {
    "Name": "org1-member3",
    "Approvals": 1,
    "Pending": 0,
    "Payments": 0,
    "Closed": 0,
    "CAL": "",
    "FUEL": "",
    "Rewards": "",
    "Burned": ""
  },
  {
    "Name": "gateway1",
    "Approvals": 0,
    "Pending": 0,
    "Payments": 0,
    "Closed": 0,
    "CAL": "",
    "FUEL": "",
    "Rewards": "",
    "Burned": ""
  },
  {
    "Name": "committee0",
    "Approvals": 0,
    "Pending": 0,
    "Payments": 302,
    "Closed": 302,
    "CAL": "2000000090000",
    "FUEL": "2000000000000",
    "Rewards": "25373",
    "Burned": "3020",
    "StateHash": "5b4e6ac5317e75ef0498b249f875e5774620e6c65df3004cdb5c3bb5aecf46e4",
    "Gap": "0",
    "Revisions": 1,
    "Recovery": {
      "UserCAL": {
        "05a4594c1ad8765a4e30bffb6e998e79e062839a565cb40cec193620e1d3730e": 75000,
        "d3ef4cf1add6cf36c80103117144bd7e58be4aef47d0b5a93b098ea45e83c376": 15000
      },
      "Open": 0,
      "Fulfilled": 0,
      "Repaired": 0,
      "Recovered": 1,
      "PaidCAL": 100,
      "RecoveredCAL": 100,
      "Reserves": [
        {
          "Organization": "5a01223860e6544e7adbdcfddeaa1e6e819789275855c492acd5ece49c7b4be6",
          "Balance": 1000000000000,
          "Spent": 0,
          "Reserved": 0
        },
        {
          "Organization": "354eb2cc8fcd17db4ff6700f32675c616a897f9ddfcccaedf54bb87276b2b02b",
          "Balance": 1000000000000,
          "Spent": 0,
          "Reserved": 0
        }
      ]
    }
  },
  {
    "Name": "committee1",
    "Approvals": 0,
    "Pending": 0,
    "Payments": 302,
    "Closed": 302,
    "CAL": "2000000090000",
    "FUEL": "2000000000000",
    "Rewards": "25373",
    "Burned": "3020",
    "StateHash": "5b4e6ac5317e75ef0498b249f875e5774620e6c65df3004cdb5c3bb5aecf46e4",
    "Gap": "0",
    "Revisions": 1,
    "Recovery": {
      "UserCAL": {
        "05a4594c1ad8765a4e30bffb6e998e79e062839a565cb40cec193620e1d3730e": 75000,
        "d3ef4cf1add6cf36c80103117144bd7e58be4aef47d0b5a93b098ea45e83c376": 15000
      },
      "Open": 0,
      "Fulfilled": 0,
      "Repaired": 0,
      "Recovered": 1,
      "PaidCAL": 100,
      "RecoveredCAL": 100,
      "Reserves": [
        {
          "Organization": "5a01223860e6544e7adbdcfddeaa1e6e819789275855c492acd5ece49c7b4be6",
          "Balance": 1000000000000,
          "Spent": 0,
          "Reserved": 0
        },
        {
          "Organization": "354eb2cc8fcd17db4ff6700f32675c616a897f9ddfcccaedf54bb87276b2b02b",
          "Balance": 1000000000000,
          "Spent": 0,
          "Reserved": 0
        }
      ]
    }
  },
  {
    "Name": "committee2",
    "Approvals": 0,
    "Pending": 0,
    "Payments": 302,
    "Closed": 302,
    "CAL": "2000000090000",
    "FUEL": "2000000000000",
    "Rewards": "25373",
    "Burned": "3020",
    "StateHash": "5b4e6ac5317e75ef0498b249f875e5774620e6c65df3004cdb5c3bb5aecf46e4",
    "Gap": "0",
    "Revisions": 1,
    "Recovery": {
      "UserCAL": {
        "05a4594c1ad8765a4e30bffb6e998e79e062839a565cb40cec193620e1d3730e": 75000,
        "d3ef4cf1add6cf36c80103117144bd7e58be4aef47d0b5a93b098ea45e83c376": 15000
      },
      "Open": 0,
      "Fulfilled": 0,
      "Repaired": 0,
      "Recovered": 1,
      "PaidCAL": 100,
      "RecoveredCAL": 100,
      "Reserves": [
        {
          "Organization": "5a01223860e6544e7adbdcfddeaa1e6e819789275855c492acd5ece49c7b4be6",
          "Balance": 1000000000000,
          "Spent": 0,
          "Reserved": 0
        },
        {
          "Organization": "354eb2cc8fcd17db4ff6700f32675c616a897f9ddfcccaedf54bb87276b2b02b",
          "Balance": 1000000000000,
          "Spent": 0,
          "Reserved": 0
        }
      ]
    }
  },
  {
    "Name": "committee3",
    "Approvals": 0,
    "Pending": 0,
    "Payments": 302,
    "Closed": 302,
    "CAL": "2000000090000",
    "FUEL": "2000000000000",
    "Rewards": "25373",
    "Burned": "3020",
    "StateHash": "5b4e6ac5317e75ef0498b249f875e5774620e6c65df3004cdb5c3bb5aecf46e4",
    "Gap": "0",
    "Revisions": 1,
    "Recovery": {
      "UserCAL": {
        "05a4594c1ad8765a4e30bffb6e998e79e062839a565cb40cec193620e1d3730e": 75000,
        "d3ef4cf1add6cf36c80103117144bd7e58be4aef47d0b5a93b098ea45e83c376": 15000
      },
      "Open": 0,
      "Fulfilled": 0,
      "Repaired": 0,
      "Recovered": 1,
      "PaidCAL": 100,
      "RecoveredCAL": 100,
      "Reserves": [
        {
          "Organization": "5a01223860e6544e7adbdcfddeaa1e6e819789275855c492acd5ece49c7b4be6",
          "Balance": 1000000000000,
          "Spent": 0,
          "Reserved": 0
        },
        {
          "Organization": "354eb2cc8fcd17db4ff6700f32675c616a897f9ddfcccaedf54bb87276b2b02b",
          "Balance": 1000000000000,
          "Spent": 0,
          "Reserved": 0
        }
      ]
    }
  }
]
Supply and original-debit accounting verified: /Users/richz/lab/man/utxo-c3-20261002/.run/control-1/reports/audit.json
