{
  "batch_progress": true,
  "block_observed_p50_ms": 1076.091709,
  "completed_per_second": 74.16253578767241,
  "concurrency": 64,
  "count": 300,
  "dispatch_delivery_wait_p95_ms": 0.4205,
  "dispatch_lag_p50_ms": 0.094584,
  "dispatch_lag_p95_ms": 0.432584,
  "elapsed_s": 4.045169125,
  "failed": 0,
  "fast_completed": 300,
  "fast_p50_ms": 1.140708,
  "fast_p95_ms": 42.309208,
  "final_unfinished": 0,
  "finished_unix_ns": 1790918773390284000,
  "max_pending": 256,
  "member_applied_p50_ms": 1095.270791,
  "member_completed": 300,
  "not_sent": 0,
  "note": "Block observation includes block verification and wallet polling; member applied queries local member status for all four nodes. No committee payment proofs are requested.",
  "pending_limit": 256,
  "progress_batch_facts": 1271,
  "progress_batch_http_errors": 0,
  "progress_batch_http_requests": 134,
  "progress_batch_http_total_ms": 26.858826,
  "progress_batch_queue_total_ms": 5554.977249,
  "progress_errors": 0,
  "progress_http_max_ms": 5.598708,
  "progress_http_mean_ms": 4.588813309205351,
  "progress_metric_note": "progress_requests counts logical fact checks; progress_http durations include batch queue wait. Actual batch HTTP requests/errors are separate.",
  "progress_requests": 1271,
  "progress_requests_per_second": 314.20194328710545,
  "same_org": false,
  "sampled_oldest_unfinished_max_ms": 1439.967,
  "sampled_peak_unfinished": 144,
  "send_limit_hits": 0,
  "send_pacing_wait_p95_ms": 0.000541,
  "send_permit_wait_p95_ms": 0.000083,
  "started_unix_ns": 1790918769345143000,
  "target_send_rate": 100,
  "timing_origin": "wallet_http_submit_v4",
  "total_limit_hits": 0,
  "total_permit_wait_p95_ms": 0.00025,
  "trace": false,
  "unknown": 0,
  "wallet_block_observed": 300,
  "wallet_no_sync": true,
  "wallet_queries": 962,
  "workload": "bounded_fast_receipt_with_independent_observation"
}
