[
  {
    "Name": "org0-member0",
    "Approvals": 7008,
    "Pending": 0,
    "Payments": 0,
    "Closed": 0,
    "RetainedPayments": 3375,
    "RetainedPaymentBytes": 8025750,
    "RetainedCertificateBytes": 3175875,
    "CAL": "",
    "FUEL": "",
    "Rewards": "",
    "Burned": ""
  },
  {
    "Name": "org0-member1",
    "Approvals": 7008,
    "Pending": 0,
    "Payments": 0,
    "Closed": 0,
    "RetainedPayments": 1016,
    "RetainedPaymentBytes": 2416048,
    "RetainedCertificateBytes": 956056,
    "CAL": "",
    "FUEL": "",
    "Rewards": "",
    "Burned": ""
  },
  {
    "Name": "org0-member2",
    "Approvals": 7008,
    "Pending": 0,
    "Payments": 0,
    "Closed": 0,
    "RetainedPayments": 269,
    "RetainedPaymentBytes": 639682,
    "RetainedCertificateBytes": 253129,
    "CAL": "",
    "FUEL": "",
    "Rewards": "",
    "Burned": ""
  },
  {
    "Name": "org0-member3",
    "Approvals": 7008,
    "Pending": 0,
    "Payments": 0,
    "Closed": 0,
    "RetainedPayments": 93,
    "RetainedPaymentBytes": 221154,
    "RetainedCertificateBytes": 87513,
    "CAL": "",
    "FUEL": "",
    "Rewards": "",
    "Burned": ""
  },
  {
    "Name": "gateway0",
    "Approvals": 0,
    "Pending": 0,
    "Payments": 0,
    "Closed": 0,
    "RetainedPayments": 7000,
    "RetainedPaymentBytes": 16646000,
    "RetainedCertificateBytes": 6587000,
    "CAL": "",
    "FUEL": "",
    "Rewards": "",
    "Burned": ""
  },
  {
    "Name": "org1-member0",
    "Approvals": 8,
    "Pending": 0,
    "Payments": 0,
    "Closed": 0,
    "RetainedPayments": 8,
    "RetainedPaymentBytes": 26616,
    "RetainedCertificateBytes": 7528,
    "CAL": "",
    "FUEL": "",
    "Rewards": "",
    "Burned": ""
  },
  {
    "Name": "org1-member1",
    "Approvals": 8,
    "Pending": 0,
    "Payments": 0,
    "Closed": 0,
    "RetainedPayments": 8,
    "RetainedPaymentBytes": 26616,
    "RetainedCertificateBytes": 7528,
    "CAL": "",
    "FUEL": "",
    "Rewards": "",
    "Burned": ""
  },
  {
    "Name": "org1-member2",
    "Approvals": 8,
    "Pending": 0,
    "Payments": 0,
    "Closed": 0,
    "RetainedPayments": 8,
    "RetainedPaymentBytes": 26616,
    "RetainedCertificateBytes": 7528,
    "CAL": "",
    "FUEL": "",
    "Rewards": "",
    "Burned": ""
  },
  {
    "Name": "org1-member3",
    "Approvals": 8,
    "Pending": 0,
    "Payments": 0,
    "Closed": 0,
    "RetainedPayments": 8,
    "RetainedPaymentBytes": 26616,
    "RetainedCertificateBytes": 7528,
    "CAL": "",
    "FUEL": "",
    "Rewards": "",
    "Burned": ""
  },
  {
    "Name": "gateway1",
    "Approvals": 0,
    "Pending": 0,
    "Payments": 0,
    "Closed": 0,
    "RetainedPayments": 8,
    "RetainedPaymentBytes": 26616,
    "RetainedCertificateBytes": 7528,
    "CAL": "",
    "FUEL": "",
    "Rewards": "",
    "Burned": ""
  },
  {
    "Name": "committee0",
    "Approvals": 0,
    "Pending": 0,
    "Payments": 7016,
    "Closed": 7016,
    "CAL": "2000001420000",
    "FUEL": "2000000000000",
    "Rewards": "589384",
    "Burned": "70160",
    "StateHash": "de5c18bae9eac6c18d0ce2aacfd6f7a4c37df4ddb11a2a89203d18fdd527fb24",
    "Gap": "0",
    "Revisions": 8,
    "Recovery": {
      "UserCAL": {
        "4781f34817fdecf1e6bda46a7b8d79486d7f47f5e25290c39306c24877036397": 1410000,
        "dd4c523b0b3cb9abbc8084a1974f2b25f8648212e30b119a11a6319582bebcf7": 10000
      },
      "Open": 0,
      "Fulfilled": 0,
      "Repaired": 0,
      "Recovered": 8,
      "PaidCAL": 800,
      "RecoveredCAL": 800,
      "Reserves": [
        {
          "Organization": "9ed95ddc0ade8949cc48e5e553895f1bde180579949c9d67fc2a29268c5fb4f2",
          "Balance": 1000000000000,
          "Spent": 0,
          "Reserved": 0
        },
        {
          "Organization": "d3dc373535f803b7fdabda686a29fe1dfbfac8fff8e06959c3ff9c0931c4f5ed",
          "Balance": 1000000000000,
          "Spent": 0,
          "Reserved": 0
        }
      ]
    }
  },
  {
    "Name": "committee1",
    "Approvals": 0,
    "Pending": 0,
    "Payments": 7016,
    "Closed": 7016,
    "CAL": "2000001420000",
    "FUEL": "2000000000000",
    "Rewards": "589384",
    "Burned": "70160",
    "StateHash": "de5c18bae9eac6c18d0ce2aacfd6f7a4c37df4ddb11a2a89203d18fdd527fb24",
    "Gap": "0",
    "Revisions": 8,
    "Recovery": {
      "UserCAL": {
        "4781f34817fdecf1e6bda46a7b8d79486d7f47f5e25290c39306c24877036397": 1410000,
        "dd4c523b0b3cb9abbc8084a1974f2b25f8648212e30b119a11a6319582bebcf7": 10000
      },
      "Open": 0,
      "Fulfilled": 0,
      "Repaired": 0,
      "Recovered": 8,
      "PaidCAL": 800,
      "RecoveredCAL": 800,
      "Reserves": [
        {
          "Organization": "9ed95ddc0ade8949cc48e5e553895f1bde180579949c9d67fc2a29268c5fb4f2",
          "Balance": 1000000000000,
          "Spent": 0,
          "Reserved": 0
        },
        {
          "Organization": "d3dc373535f803b7fdabda686a29fe1dfbfac8fff8e06959c3ff9c0931c4f5ed",
          "Balance": 1000000000000,
          "Spent": 0,
          "Reserved": 0
        }
      ]
    }
  },
  {
    "Name": "committee2",
    "Approvals": 0,
    "Pending": 0,
    "Payments": 7016,
    "Closed": 7016,
    "CAL": "2000001420000",
    "FUEL": "2000000000000",
    "Rewards": "589384",
    "Burned": "70160",
    "StateHash": "de5c18bae9eac6c18d0ce2aacfd6f7a4c37df4ddb11a2a89203d18fdd527fb24",
    "Gap": "0",
    "Revisions": 8,
    "Recovery": {
      "UserCAL": {
        "4781f34817fdecf1e6bda46a7b8d79486d7f47f5e25290c39306c24877036397": 1410000,
        "dd4c523b0b3cb9abbc8084a1974f2b25f8648212e30b119a11a6319582bebcf7": 10000
      },
      "Open": 0,
      "Fulfilled": 0,
      "Repaired": 0,
      "Recovered": 8,
      "PaidCAL": 800,
      "RecoveredCAL": 800,
      "Reserves": [
        {
          "Organization": "9ed95ddc0ade8949cc48e5e553895f1bde180579949c9d67fc2a29268c5fb4f2",
          "Balance": 1000000000000,
          "Spent": 0,
          "Reserved": 0
        },
        {
          "Organization": "d3dc373535f803b7fdabda686a29fe1dfbfac8fff8e06959c3ff9c0931c4f5ed",
          "Balance": 1000000000000,
          "Spent": 0,
          "Reserved": 0
        }
      ]
    }
  },
  {
    "Name": "committee3",
    "Approvals": 0,
    "Pending": 0,
    "Payments": 7016,
    "Closed": 7016,
    "CAL": "2000001420000",
    "FUEL": "2000000000000",
    "Rewards": "589384",
    "Burned": "70160",
    "StateHash": "de5c18bae9eac6c18d0ce2aacfd6f7a4c37df4ddb11a2a89203d18fdd527fb24",
    "Gap": "0",
    "Revisions": 8,
    "Recovery": {
      "UserCAL": {
        "4781f34817fdecf1e6bda46a7b8d79486d7f47f5e25290c39306c24877036397": 1410000,
        "dd4c523b0b3cb9abbc8084a1974f2b25f8648212e30b119a11a6319582bebcf7": 10000
      },
      "Open": 0,
      "Fulfilled": 0,
      "Repaired": 0,
      "Recovered": 8,
      "PaidCAL": 800,
      "RecoveredCAL": 800,
      "Reserves": [
        {
          "Organization": "9ed95ddc0ade8949cc48e5e553895f1bde180579949c9d67fc2a29268c5fb4f2",
          "Balance": 1000000000000,
          "Spent": 0,
          "Reserved": 0
        },
        {
          "Organization": "d3dc373535f803b7fdabda686a29fe1dfbfac8fff8e06959c3ff9c0931c4f5ed",
          "Balance": 1000000000000,
          "Spent": 0,
          "Reserved": 0
        }
      ]
    }
  }
]
Supply and original-debit accounting verified: /Users/richz/lab/man/utxo-final-evidence-20261004/.run/results-mixed-r2-P/reports/audit.json
