{
  "batch_progress": true,
  "block_observed_p50_ms": 1527.226875,
  "completed_per_second": 98.3275205726774,
  "concurrency": 64,
  "count": 7000,
  "dispatch_delivery_wait_p95_ms": 0.238333,
  "dispatch_lag_p50_ms": 0.055792,
  "dispatch_lag_p95_ms": 245.315,
  "elapsed_s": 71.190648958,
  "failed": 0,
  "fast_completed": 7000,
  "fast_p50_ms": 54.007458,
  "fast_p95_ms": 147.549083,
  "final_unfinished": 0,
  "finished_unix_ns": 1791047358869136000,
  "max_pending": 256,
  "member_applied_p50_ms": 1595.193625,
  "member_completed": 7000,
  "not_sent": 0,
  "note": "Block observation includes block verification and wallet polling; member applied queries local member status for all four nodes. No committee payment proofs are requested.",
  "pending_limit": 256,
  "progress_batch_facts": 41696,
  "progress_batch_http_errors": 0,
  "progress_batch_http_requests": 3312,
  "progress_batch_http_total_ms": 2097.604325,
  "progress_batch_queue_total_ms": 170292.279385,
  "progress_errors": 0,
  "progress_http_max_ms": 78.873375,
  "progress_http_mean_ms": 4.8403461788900595,
  "progress_metric_note": "progress_requests counts logical fact checks; progress_http durations include batch queue wait. Actual batch HTTP requests/errors are separate.",
  "progress_requests": 41696,
  "progress_requests_per_second": 585.6948996854796,
  "same_org": false,
  "sampled_oldest_unfinished_max_ms": 2830.066,
  "sampled_peak_unfinished": 256,
  "send_limit_hits": 0,
  "send_pacing_wait_p95_ms": 245.2695,
  "send_permit_wait_p95_ms": 0.000084,
  "started_unix_ns": 1791047287678603000,
  "target_send_rate": 100,
  "timing_origin": "wallet_http_submit_v4",
  "total_limit_hits": 29,
  "total_permit_wait_p95_ms": 0.000292,
  "trace": false,
  "unknown": 0,
  "wallet_block_observed": 7000,
  "wallet_no_sync": true,
  "wallet_queries": 26373,
  "workload": "bounded_fast_receipt_with_independent_observation"
}
