EVENT {"fact":"fa348e11e4c2101e16aaada13ed8f88f1d6f6901f838e4a2efd559ba94c7a2f4","input":7,"output":"788d096a196d73be2bf6e7c674ada5eaaf8ae8a962b6884297f18348885e8b2c","sent_unix_ns":1791047303659460000,"stage":"parent_ready","unix_ns":1791047303755988000}
EVENT {"fact":"d4893dcf30693e64c1c42e63ea1c07f902f9b1ef8f1426b097e11f9613f20537","input":7,"output":"7917c3e0897b93867bb535e49955b0100d042c0df3a9d01576ef91d306668c9e","sent_unix_ns":1791047303803010000,"stage":"child_ready","unix_ns":1791047303893979000}
EVENT {"input":7,"stage":"child_public_observed","unix_ns":1791047305517253000}
Child finalized; observing withheld-source outcome.
EVENT {"input":7,"obligation":{"AnchorHeight":30,"Output":[120,141,9,106,25,109,115,190,43,246,231,198,116,173,165,234,175,138,232,169,98,182,136,66,151,241,131,72,136,94,139,44],"Issuer":"9ed95ddc0ade8949cc48e5e553895f1bde180579949c9d67fc2a29268c5fb4f2","Config":"9ca5c080bb2717d1a42f6e534a981b70d62c2171e81d5223e402b9dcc9070f1b","Certificate":[250,52,142,17,228,194,16,30,22,170,173,161,62,216,248,143,29,111,105,1,248,56,228,162,239,213,89,186,148,199,162,244],"Consumer":[212,137,61,207,48,105,62,100,193,196,46,99,234,28,7,249,2,249,177,239,143,20,38,176,151,225,31,150,19,242,5,55],"Transaction":[210,246,233,16,155,108,150,132,178,25,165,133,75,111,134,73,30,198,7,237,129,136,132,148,108,175,86,115,69,164,182,28],"Input":0,"Amount":100,"Deadline":1791047334,"Status":2},"stage":"compensation_observed","unix_ns":1791047337501346000}
EVENT {"input":7,"stage":"late_source_submit_start","unix_ns":1791047337505207000}
EVENT {"input":7,"stage":"source_repaid_observed","unix_ns":1791047338677551000}
EVENT {"input":7,"stage":"materialization_observed","unix_ns":1791047340600657000}
{
  "child_block_observed_ms": 1714.241709,
  "child_fast_ms": 90.965875,
  "child_output": "7917c3e0897b93867bb535e49955b0100d042c0df3a9d01576ef91d306668c9e",
  "compensation_observed_ms": 33698.388584,
  "late_parent_reserve_recovered": true,
  "parent_fast_ms": 96.526292,
  "parent_output": "788d096a196d73be2bf6e7c674ada5eaaf8ae8a962b6884297f18348885e8b2c",
  "parent_withheld": true,
  "physical_repair": {
    "DeadlineUnix": 1791047334,
    "DeadlineObservedUnixNS": 1791047338796276000,
    "ProbeRequests": 33,
    "ProbeErrors": 0,
    "ProbeTimeNS": 51460375,
    "MaxProbeNS": 38744792,
    "Nodes": [
      {
        "URL": "http://127.0.0.1:32100",
        "CommittedUnixNS": 1791047340303262000,
        "MaterializedUnixNS": 1791047340596879000,
        "Snapshot": {
          "Committed": true,
          "Materialized": true,
          "IdentityStable": true,
          "BytesChanged": true,
          "CommitHeight": 88,
          "TargetHeight": 29,
          "Revision": 1
        }
      },
      {
        "URL": "http://127.0.0.1:32101",
        "CommittedUnixNS": 1791047340304749000,
        "MaterializedUnixNS": 1791047340598100000,
        "Snapshot": {
          "Committed": true,
          "Materialized": true,
          "IdentityStable": true,
          "BytesChanged": true,
          "CommitHeight": 88,
          "TargetHeight": 29,
          "Revision": 1
        }
      },
      {
        "URL": "http://127.0.0.1:32102",
        "CommittedUnixNS": 1791047340306298000,
        "MaterializedUnixNS": 1791047340599404000,
        "Snapshot": {
          "Committed": true,
          "Materialized": true,
          "IdentityStable": true,
          "BytesChanged": true,
          "CommitHeight": 88,
          "TargetHeight": 29,
          "Revision": 1
        }
      },
      {
        "URL": "http://127.0.0.1:32103",
        "CommittedUnixNS": 1791047340307716000,
        "MaterializedUnixNS": 1791047340600656000,
        "Snapshot": {
          "Committed": true,
          "Materialized": true,
          "IdentityStable": true,
          "BytesChanged": true,
          "CommitHeight": 88,
          "TargetHeight": 29,
          "Revision": 1
        }
      }
    ]
  },
  "physical_repair_observed_ms": 36797.705084,
  "timing_origin": "wallet_http_submit_v4"
}
