EVENT {"fact":"bfe47a0224809995db9f800b62fbdf5e53a65c310daab924e35b1b0d13db116b","input":4,"output":"260169d0533ae6354461e12a0be829c55fdba41a52cbd8735690b711c73524e2","sent_unix_ns":1791047300647965000,"stage":"parent_ready","unix_ns":1791047300736919000}
EVENT {"fact":"a4616510af52b62e1d56d6b75bac329356996fcdf64cc8ef3104d3cebaf051f0","input":4,"output":"41e41a9a37125832535800bbacec298dceb9b12a36fde4c39d82ce86e8f8c1cf","sent_unix_ns":1791047300840023000,"stage":"child_ready","unix_ns":1791047300960053000}
EVENT {"input":4,"stage":"child_public_observed","unix_ns":1791047302247507000}
Child finalized; observing withheld-source outcome.
EVENT {"input":4,"obligation":{"AnchorHeight":25,"Output":[38,1,105,208,83,58,230,53,68,97,225,42,11,232,41,197,95,219,164,26,82,203,216,115,86,144,183,17,199,53,36,226],"Issuer":"9ed95ddc0ade8949cc48e5e553895f1bde180579949c9d67fc2a29268c5fb4f2","Config":"9ca5c080bb2717d1a42f6e534a981b70d62c2171e81d5223e402b9dcc9070f1b","Certificate":[191,228,122,2,36,128,153,149,219,159,128,11,98,251,223,94,83,166,92,49,13,170,185,36,227,91,27,13,19,219,17,107],"Consumer":[164,97,101,16,175,82,182,46,29,86,214,183,91,172,50,147,86,153,111,205,246,76,200,239,49,4,211,206,186,240,81,240],"Transaction":[66,190,126,242,223,235,240,197,147,176,64,176,233,163,13,175,60,104,155,174,241,108,115,119,31,206,83,87,170,194,86,85],"Input":0,"Amount":100,"Deadline":1791047331,"Status":2},"stage":"compensation_observed","unix_ns":1791047333713924000}
EVENT {"input":4,"stage":"late_source_submit_start","unix_ns":1791047333720051000}
EVENT {"input":4,"stage":"source_repaid_observed","unix_ns":1791047334838284000}
EVENT {"input":4,"stage":"materialization_observed","unix_ns":1791047341677248000}
{
  "child_block_observed_ms": 1407.481417,
  "child_fast_ms": 120.027084,
  "child_output": "41e41a9a37125832535800bbacec298dceb9b12a36fde4c39d82ce86e8f8c1cf",
  "compensation_observed_ms": 32873.953292,
  "late_parent_reserve_recovered": true,
  "parent_fast_ms": 88.947125,
  "parent_output": "260169d0533ae6354461e12a0be829c55fdba41a52cbd8735690b711c73524e2",
  "parent_withheld": true,
  "physical_repair": {
    "DeadlineUnix": 1791047331,
    "DeadlineObservedUnixNS": 1791047334913316000,
    "ProbeRequests": 107,
    "ProbeErrors": 0,
    "ProbeTimeNS": 242643573,
    "MaxProbeNS": 123965875,
    "Nodes": [
      {
        "URL": "http://127.0.0.1:32100",
        "CommittedUnixNS": 1791047341325643000,
        "MaterializedUnixNS": 1791047341669934000,
        "Snapshot": {
          "Committed": true,
          "Materialized": true,
          "IdentityStable": true,
          "BytesChanged": true,
          "CommitHeight": 89,
          "TargetHeight": 24,
          "Revision": 1
        }
      },
      {
        "URL": "http://127.0.0.1:32101",
        "CommittedUnixNS": 1791047341068900000,
        "MaterializedUnixNS": 1791047341068900000,
        "Snapshot": {
          "Committed": true,
          "Materialized": true,
          "IdentityStable": true,
          "BytesChanged": true,
          "CommitHeight": 89,
          "TargetHeight": 24,
          "Revision": 1
        }
      },
      {
        "URL": "http://127.0.0.1:32102",
        "CommittedUnixNS": 1791047341070486000,
        "MaterializedUnixNS": 1791047341675967000,
        "Snapshot": {
          "Committed": true,
          "Materialized": true,
          "IdentityStable": true,
          "BytesChanged": true,
          "CommitHeight": 89,
          "TargetHeight": 24,
          "Revision": 1
        }
      },
      {
        "URL": "http://127.0.0.1:32103",
        "CommittedUnixNS": 1791047341072969000,
        "MaterializedUnixNS": 1791047341677247000,
        "Snapshot": {
          "Committed": true,
          "Materialized": true,
          "IdentityStable": true,
          "BytesChanged": true,
          "CommitHeight": 89,
          "TargetHeight": 24,
          "Revision": 1
        }
      }
    ]
  },
  "physical_repair_observed_ms": 40837.290417,
  "timing_origin": "wallet_http_submit_v4"
}
