[
  {
    "Name": "org0-member0",
    "Approvals": 15250,
    "Pending": 0,
    "Payments": 0,
    "Closed": 0,
    "CAL": "",
    "FUEL": "",
    "Rewards": "",
    "Burned": ""
  },
  {
    "Name": "org0-member1",
    "Approvals": 15250,
    "Pending": 0,
    "Payments": 0,
    "Closed": 0,
    "CAL": "",
    "FUEL": "",
    "Rewards": "",
    "Burned": ""
  },
  {
    "Name": "org0-member2",
    "Approvals": 15250,
    "Pending": 0,
    "Payments": 0,
    "Closed": 0,
    "CAL": "",
    "FUEL": "",
    "Rewards": "",
    "Burned": ""
  },
  {
    "Name": "org0-member3",
    "Approvals": 15250,
    "Pending": 0,
    "Payments": 0,
    "Closed": 0,
    "CAL": "",
    "FUEL": "",
    "Rewards": "",
    "Burned": ""
  },
  {
    "Name": "gateway0",
    "Approvals": 0,
    "Pending": 0,
    "Payments": 0,
    "Closed": 0,
    "CAL": "",
    "FUEL": "",
    "Rewards": "",
    "Burned": ""
  },
  {
    "Name": "org1-member0",
    "Approvals": 15250,
    "Pending": 0,
    "Payments": 0,
    "Closed": 0,
    "CAL": "",
    "FUEL": "",
    "Rewards": "",
    "Burned": ""
  },
  {
    "Name": "org1-member1",
    "Approvals": 15250,
    "Pending": 0,
    "Payments": 0,
    "Closed": 0,
    "CAL": "",
    "FUEL": "",
    "Rewards": "",
    "Burned": ""
  },
  {
    "Name": "org1-member2",
    "Approvals": 15250,
    "Pending": 0,
    "Payments": 0,
    "Closed": 0,
    "CAL": "",
    "FUEL": "",
    "Rewards": "",
    "Burned": ""
  },
  {
    "Name": "org1-member3",
    "Approvals": 15250,
    "Pending": 0,
    "Payments": 0,
    "Closed": 0,
    "CAL": "",
    "FUEL": "",
    "Rewards": "",
    "Burned": ""
  },
  {
    "Name": "gateway1",
    "Approvals": 0,
    "Pending": 0,
    "Payments": 0,
    "Closed": 0,
    "CAL": "",
    "FUEL": "",
    "Rewards": "",
    "Burned": ""
  },
  {
    "Name": "committee0",
    "Approvals": 0,
    "Pending": 0,
    "Payments": 30500,
    "Closed": 30500,
    "CAL": "2000006963200",
    "FUEL": "696320000",
    "Rewards": "2562000",
    "Burned": "305000",
    "StateHash": "95046d775c68ec6f1871197043306a88eb2c127a9849ee0ad7620fa6d494b10e",
    "Gap": "0"
  },
  {
    "Name": "committee1",
    "Approvals": 0,
    "Pending": 0,
    "Payments": 30500,
    "Closed": 30500,
    "CAL": "2000006963200",
    "FUEL": "696320000",
    "Rewards": "2562000",
    "Burned": "305000",
    "StateHash": "95046d775c68ec6f1871197043306a88eb2c127a9849ee0ad7620fa6d494b10e",
    "Gap": "0"
  },
  {
    "Name": "committee2",
    "Approvals": 0,
    "Pending": 0,
    "Payments": 30500,
    "Closed": 30500,
    "CAL": "2000006963200",
    "FUEL": "696320000",
    "Rewards": "2562000",
    "Burned": "305000",
    "StateHash": "95046d775c68ec6f1871197043306a88eb2c127a9849ee0ad7620fa6d494b10e",
    "Gap": "0"
  },
  {
    "Name": "committee3",
    "Approvals": 0,
    "Pending": 0,
    "Payments": 30500,
    "Closed": 30500,
    "CAL": "2000006963200",
    "FUEL": "696320000",
    "Rewards": "2562000",
    "Burned": "305000",
    "StateHash": "95046d775c68ec6f1871197043306a88eb2c127a9849ee0ad7620fa6d494b10e",
    "Gap": "0"
  }
]
Supply and original-debit accounting verified: /Users/richz/lab/man/utxo-e7/.run/e7-formal-r3-d-100/reports/audit.json
