[
  {
    "Name": "org0-member0",
    "Approvals": 150336,
    "Pending": 0,
    "Payments": 0,
    "Closed": 0,
    "CAL": "",
    "FUEL": "",
    "Rewards": "",
    "Burned": ""
  },
  {
    "Name": "org0-member1",
    "Approvals": 150339,
    "Pending": 0,
    "Payments": 0,
    "Closed": 0,
    "CAL": "",
    "FUEL": "",
    "Rewards": "",
    "Burned": ""
  },
  {
    "Name": "org0-member2",
    "Approvals": 150339,
    "Pending": 0,
    "Payments": 0,
    "Closed": 0,
    "CAL": "",
    "FUEL": "",
    "Rewards": "",
    "Burned": ""
  },
  {
    "Name": "org0-member3",
    "Approvals": 150342,
    "Pending": 0,
    "Payments": 0,
    "Closed": 0,
    "CAL": "",
    "FUEL": "",
    "Rewards": "",
    "Burned": ""
  },
  {
    "Name": "gateway0",
    "Approvals": 0,
    "Pending": 0,
    "Payments": 0,
    "Closed": 0,
    "CAL": "",
    "FUEL": "",
    "Rewards": "",
    "Burned": ""
  },
  {
    "Name": "committee0",
    "Approvals": 0,
    "Pending": 0,
    "Payments": 150342,
    "Closed": 150342,
    "CAL": "2000016793600",
    "FUEL": "1679360000",
    "Rewards": "12628728",
    "Burned": "1503420",
    "StateHash": "f461df882248d56035c1137e5a030c4ceabf7e2c1208d528c8155b75abbe725e",
    "Gap": "0"
  },
  {
    "Name": "committee1",
    "Approvals": 0,
    "Pending": 0,
    "Payments": 150342,
    "Closed": 150342,
    "CAL": "2000016793600",
    "FUEL": "1679360000",
    "Rewards": "12628728",
    "Burned": "1503420",
    "StateHash": "f461df882248d56035c1137e5a030c4ceabf7e2c1208d528c8155b75abbe725e",
    "Gap": "0"
  },
  {
    "Name": "committee2",
    "Approvals": 0,
    "Pending": 0,
    "Payments": 150342,
    "Closed": 150342,
    "CAL": "2000016793600",
    "FUEL": "1679360000",
    "Rewards": "12628728",
    "Burned": "1503420",
    "StateHash": "f461df882248d56035c1137e5a030c4ceabf7e2c1208d528c8155b75abbe725e",
    "Gap": "0"
  },
  {
    "Name": "committee3",
    "Approvals": 0,
    "Pending": 0,
    "Payments": 150342,
    "Closed": 150342,
    "CAL": "2000016793600",
    "FUEL": "1679360000",
    "Rewards": "12628728",
    "Burned": "1503420",
    "StateHash": "f461df882248d56035c1137e5a030c4ceabf7e2c1208d528c8155b75abbe725e",
    "Gap": "0"
  }
]
Supply and original-debit accounting verified: /Users/richz/lab/man/utxo-e8/.run/e8-formal-c1/reports/audit.json
