{
  "batch_progress": true,
  "block_observed_p50_ms": 1497.466625,
  "completed_per_second": 98.35561535839003,
  "concurrency": 64,
  "count": 7000,
  "dispatch_delivery_wait_p95_ms": 0.125083,
  "dispatch_lag_p50_ms": 0.044166,
  "dispatch_lag_p95_ms": 90.335125,
  "elapsed_s": 71.170313708,
  "failed": 0,
  "fast_completed": 7000,
  "fast_p50_ms": 54.538209,
  "fast_p95_ms": 156.680084,
  "final_unfinished": 0,
  "finished_unix_ns": 1791047276497903000,
  "max_pending": 256,
  "member_applied_p50_ms": 1574.25175,
  "member_completed": 7000,
  "not_sent": 0,
  "note": "Block observation includes block verification and wallet polling; member applied queries local member status for all four nodes. No committee payment proofs are requested.",
  "pending_limit": 256,
  "progress_batch_facts": 44087,
  "progress_batch_http_errors": 0,
  "progress_batch_http_requests": 3512,
  "progress_batch_http_total_ms": 1835.275806,
  "progress_batch_queue_total_ms": 167841.094769,
  "progress_errors": 0,
  "progress_http_max_ms": 71.817583,
  "progress_http_mean_ms": 4.423398591716378,
  "progress_metric_note": "progress_requests counts logical fact checks; progress_http durations include batch queue wait. Actual batch HTTP requests/errors are separate.",
  "progress_requests": 44087,
  "progress_requests_per_second": 619.4577163293344,
  "same_org": false,
  "sampled_oldest_unfinished_max_ms": 2580.065,
  "sampled_peak_unfinished": 253,
  "send_limit_hits": 0,
  "send_pacing_wait_p95_ms": 90.304167,
  "send_permit_wait_p95_ms": 0.000084,
  "started_unix_ns": 1791047205327705000,
  "target_send_rate": 100,
  "timing_origin": "wallet_http_submit_v4",
  "total_limit_hits": 7,
  "total_permit_wait_p95_ms": 0.00025,
  "trace": false,
  "unknown": 0,
  "wallet_block_observed": 7000,
  "wallet_no_sync": true,
  "wallet_queries": 26272,
  "workload": "bounded_fast_receipt_with_independent_observation"
}
