EVENT {"fact":"2aded6146e3f9a44fa70e631429e7fe0acb2b685e29929fbca1b24f9958bf83f","input":1,"output":"20d3343f18970c56bfe6104124d8ef4d2388cee92da24220b41a1bfd26a6d37f","sent_unix_ns":1791047215350808000,"stage":"parent_ready","unix_ns":1791047215491769000}
EVENT {"fact":"d825004f9bea2caebea07b4ce42b633638ffb73bf719ef956271dabe16a7d6b8","input":1,"output":"d2fcdfad268a92005dab8a046293a6d88798e7c9dad58bb709192efee05d8982","sent_unix_ns":1791047215550825000,"stage":"child_ready","unix_ns":1791047215647933000}
EVENT {"input":1,"stage":"child_public_observed","unix_ns":1791047217230743000}
Child finalized; observing withheld-source outcome.
EVENT {"input":1,"obligation":{"AnchorHeight":22,"Output":[32,211,52,63,24,151,12,86,191,230,16,65,36,216,239,77,35,136,206,233,45,162,66,32,180,26,27,253,38,166,211,127],"Issuer":"9ed95ddc0ade8949cc48e5e553895f1bde180579949c9d67fc2a29268c5fb4f2","Config":"9ca5c080bb2717d1a42f6e534a981b70d62c2171e81d5223e402b9dcc9070f1b","Certificate":[42,222,214,20,110,63,154,68,250,112,230,49,66,158,127,224,172,178,182,133,226,153,41,251,202,27,36,249,149,139,248,63],"Consumer":[216,37,0,79,155,234,44,174,190,160,123,76,228,43,99,54,56,255,183,59,247,25,239,149,98,113,218,190,22,167,214,184],"Transaction":[77,216,140,149,136,198,108,205,147,2,102,187,9,174,223,88,33,14,200,93,126,174,203,177,132,60,172,197,149,215,18,185],"Input":0,"Amount":100,"Deadline":1791047246,"Status":2},"stage":"compensation_observed","unix_ns":1791047249580184000}
EVENT {"input":1,"stage":"late_source_submit_start","unix_ns":1791047249583921000}
EVENT {"input":1,"stage":"source_repaid_observed","unix_ns":1791047250731494000}
EVENT {"input":1,"stage":"materialization_observed","unix_ns":1791047262990608000}
{
  "child_block_observed_ms": 1679.916875,
  "child_fast_ms": 97.105333,
  "child_output": "d2fcdfad268a92005dab8a046293a6d88798e7c9dad58bb709192efee05d8982",
  "compensation_observed_ms": 34029.412375,
  "late_parent_reserve_recovered": true,
  "parent_fast_ms": 140.956459,
  "parent_output": "20d3343f18970c56bfe6104124d8ef4d2388cee92da24220b41a1bfd26a6d37f",
  "parent_withheld": true,
  "physical_repair": {
    "DeadlineUnix": 1791047246,
    "DeadlineObservedUnixNS": 1791047250830179000,
    "ProbeRequests": 197,
    "ProbeErrors": 0,
    "ProbeTimeNS": 128754719,
    "MaxProbeNS": 91687875,
    "Nodes": [
      {
        "URL": "http://127.0.0.1:32100",
        "CommittedUnixNS": 1791047262384260000,
        "MaterializedUnixNS": 1791047262896145000,
        "Snapshot": {
          "Committed": true,
          "Materialized": true,
          "IdentityStable": true,
          "BytesChanged": true,
          "CommitHeight": 96,
          "TargetHeight": 21,
          "Revision": 1
        }
      },
      {
        "URL": "http://127.0.0.1:32101",
        "CommittedUnixNS": 1791047262638686000,
        "MaterializedUnixNS": 1791047262987833000,
        "Snapshot": {
          "Committed": true,
          "Materialized": true,
          "IdentityStable": true,
          "BytesChanged": true,
          "CommitHeight": 96,
          "TargetHeight": 21,
          "Revision": 1
        }
      },
      {
        "URL": "http://127.0.0.1:32102",
        "CommittedUnixNS": 1791047262640045000,
        "MaterializedUnixNS": 1791047262989098000,
        "Snapshot": {
          "Committed": true,
          "Materialized": true,
          "IdentityStable": true,
          "BytesChanged": true,
          "CommitHeight": 96,
          "TargetHeight": 21,
          "Revision": 1
        }
      },
      {
        "URL": "http://127.0.0.1:32103",
        "CommittedUnixNS": 1791047262385929000,
        "MaterializedUnixNS": 1791047262990606000,
        "Snapshot": {
          "Committed": true,
          "Materialized": true,
          "IdentityStable": true,
          "BytesChanged": true,
          "CommitHeight": 96,
          "TargetHeight": 21,
          "Revision": 1
        }
      }
    ]
  },
  "physical_repair_observed_ms": 47439.859125,
  "timing_origin": "wallet_http_submit_v4"
}
