2026/09/24 20:30:01 INFO gateway started listen=127.0.0.1:26300 organization=49be96489ff513310314d931923c72145ab05646ed099b21ad2e0f3178e10ab2
2026/09/24 20:30:21 WARN direct approval quorum unavailable tx="[115 9 224 114 239 155 56 46 90 88 141 203 33 233 192 147 220 176 227 14 168 37 38 154 82 244 15 167 25 124 248 246]" error="valid quorum unavailable\nmember HTTP 409: DEFERRED\nmember HTTP 409: DEFERRED"
2026/09/24 20:30:22 WARN direct approval quorum unavailable tx="[50 124 68 245 199 4 84 189 4 70 233 201 50 122 247 25 182 243 193 207 180 89 136 168 155 40 24 54 204 144 69 170]" error="valid quorum unavailable\nmember HTTP 409: DEFERRED\nmember HTTP 409: DEFERRED\nmember HTTP 409: DEFERRED\nmember HTTP 409: DEFERRED"
2026/09/24 20:30:23 WARN direct approval quorum unavailable tx="[130 180 140 195 53 25 46 92 41 9 171 223 254 158 132 65 57 10 108 77 60 219 60 46 3 156 242 184 99 143 89 81]" error="valid quorum unavailable\nmember HTTP 409: DEFERRED\nmember HTTP 409: DEFERRED"
2026/09/24 20:30:24 WARN direct approval quorum unavailable tx="[91 41 53 241 34 185 229 120 162 115 75 183 159 221 194 220 5 157 196 212 204 222 246 21 54 191 197 96 175 72 52 203]" error="valid quorum unavailable\nmember HTTP 409: DEFERRED\nmember HTTP 409: DEFERRED"
2026/09/24 20:30:25 WARN direct approval quorum unavailable tx="[95 86 72 39 255 122 169 52 110 211 112 61 40 221 177 204 243 59 96 96 204 255 242 220 180 37 96 27 80 105 175 117]" error="valid quorum unavailable\nmember HTTP 409: DEFERRED\nmember HTTP 409: DEFERRED"
2026/09/24 20:30:26 WARN direct approval quorum unavailable tx="[68 10 176 253 85 83 229 32 32 13 122 192 98 36 38 130 69 15 100 8 107 253 160 26 82 192 58 28 158 51 223 109]" error="valid quorum unavailable\nmember HTTP 409: DEFERRED\nmember HTTP 409: DEFERRED"
2026/09/24 20:30:27 WARN direct approval quorum unavailable tx="[196 173 239 37 170 205 70 109 148 160 185 235 109 175 246 212 254 185 101 153 211 182 1 195 85 60 211 207 106 19 99 246]" error="valid quorum unavailable\nmember HTTP 409: DEFERRED\nmember HTTP 409: DEFERRED\nmember HTTP 409: DEFERRED\nmember HTTP 409: DEFERRED"
2026/09/24 20:30:28 WARN direct approval quorum unavailable tx="[95 108 111 103 204 187 202 244 108 244 154 167 138 98 197 78 223 141 221 228 207 75 78 156 12 144 45 68 79 89 200 35]" error="valid quorum unavailable\nmember HTTP 409: DEFERRED\nmember HTTP 409: DEFERRED"
2026/09/24 20:30:29 WARN direct approval quorum unavailable tx="[237 78 124 250 160 114 95 145 71 26 56 237 173 47 250 203 63 82 78 154 140 124 70 44 236 168 31 74 102 224 130 31]" error="valid quorum unavailable\nmember HTTP 409: DEFERRED\nmember HTTP 409: DEFERRED"
2026/09/24 20:30:32 WARN direct approval quorum unavailable tx="[106 164 158 249 88 251 247 80 142 78 107 165 124 163 80 86 38 196 129 153 9 106 66 114 79 59 220 138 201 32 52 97]" error="valid quorum unavailable\nmember HTTP 409: DEFERRED\nmember HTTP 409: DEFERRED"
2026/09/24 20:30:38 WARN direct approval quorum unavailable tx="[67 246 218 26 57 73 240 183 34 21 43 12 7 28 165 199 244 164 144 65 114 164 68 199 102 93 68 24 88 159 117 80]" error="valid quorum unavailable\nmember HTTP 409: DEFERRED\nmember HTTP 409: DEFERRED"
2026/09/24 20:30:39 WARN direct approval quorum unavailable tx="[51 185 78 135 146 225 15 83 99 29 95 144 122 155 255 122 91 85 223 153 120 234 250 155 231 14 23 20 169 13 163 103]" error="valid quorum unavailable\nmember HTTP 409: DEFERRED\nmember HTTP 409: DEFERRED"
2026/09/24 20:30:40 WARN direct approval quorum unavailable tx="[228 107 162 143 204 120 38 48 120 202 83 212 155 73 180 171 105 117 232 93 44 118 69 77 165 181 39 111 109 72 236 50]" error="valid quorum unavailable\nmember HTTP 409: DEFERRED\nmember HTTP 409: DEFERRED"
2026/09/24 20:30:40 WARN direct approval quorum unavailable tx="[80 98 42 191 50 37 146 75 57 205 103 25 222 132 42 31 113 120 127 84 47 57 30 99 246 104 67 125 123 48 80 28]" error="valid quorum unavailable\nmember HTTP 409: DEFERRED\nmember HTTP 409: DEFERRED"
2026/09/24 20:30:40 WARN direct approval quorum unavailable tx="[1 69 206 102 176 55 119 172 121 219 244 15 26 169 3 253 2 136 132 91 58 170 65 222 97 243 19 75 179 92 239 0]" error="valid quorum unavailable\nmember HTTP 409: DEFERRED\nmember HTTP 409: DEFERRED\nmember HTTP 409: DEFERRED\nmember HTTP 409: DEFERRED"
2026/09/24 20:30:41 WARN direct approval quorum unavailable tx="[208 254 167 198 181 238 146 214 196 23 117 112 199 71 245 103 201 70 8 35 167 189 85 60 91 102 213 20 194 181 17 121]" error="valid quorum unavailable\nmember HTTP 409: DEFERRED\nmember HTTP 409: DEFERRED"
2026/09/24 20:30:42 WARN direct approval quorum unavailable tx="[41 171 229 27 6 119 161 64 46 75 132 198 54 86 15 79 79 158 239 1 134 216 89 60 203 123 59 200 153 129 5 40]" error="valid quorum unavailable\nmember HTTP 409: DEFERRED\nmember HTTP 409: DEFERRED"
2026/09/24 20:30:42 WARN direct approval quorum unavailable tx="[6 84 85 225 165 192 179 102 152 135 78 124 197 238 207 239 41 248 63 123 168 61 21 204 53 13 208 195 204 136 104 76]" error="valid quorum unavailable\nmember HTTP 409: DEFERRED\nmember HTTP 409: DEFERRED"
2026/09/24 20:30:43 WARN direct approval quorum unavailable tx="[137 109 216 144 133 180 221 86 42 130 105 16 30 208 110 181 192 202 73 54 64 139 117 223 178 231 183 9 202 156 239 198]" error="valid quorum unavailable\nmember HTTP 409: DEFERRED\nmember HTTP 409: DEFERRED"
2026/09/24 20:30:45 WARN direct approval quorum unavailable tx="[205 152 141 128 202 175 116 196 81 128 255 187 250 51 178 204 127 222 223 231 224 44 106 151 140 4 134 89 185 139 111 99]" error="valid quorum unavailable\nmember HTTP 409: DEFERRED\nmember HTTP 409: DEFERRED"
2026/09/24 20:30:46 WARN direct approval quorum unavailable tx="[241 244 116 35 143 54 227 70 121 63 102 19 178 107 69 29 182 225 224 111 186 254 247 58 208 173 5 89 161 74 182 18]" error="valid quorum unavailable\nmember HTTP 409: DEFERRED\nmember HTTP 409: DEFERRED"
2026/09/24 20:30:47 WARN direct approval quorum unavailable tx="[203 224 47 30 194 27 172 198 84 34 120 120 161 180 41 21 112 242 230 12 69 148 69 179 6 63 110 31 103 33 225 223]" error="valid quorum unavailable\nmember HTTP 409: DEFERRED\nmember HTTP 409: DEFERRED\nmember HTTP 409: DEFERRED"
2026/09/24 20:30:48 WARN direct approval quorum unavailable tx="[221 23 210 231 18 251 246 98 87 1 92 79 238 54 8 181 199 220 118 183 237 102 113 97 233 18 211 206 0 254 48 188]" error="valid quorum unavailable\nmember HTTP 409: DEFERRED\nmember HTTP 409: DEFERRED"
2026/09/24 20:30:49 WARN direct approval quorum unavailable tx="[134 121 55 115 47 20 227 206 205 154 37 103 181 21 74 184 70 207 2 218 99 83 42 247 20 35 168 179 189 220 195 73]" error="valid quorum unavailable\nmember HTTP 409: DEFERRED\nmember HTTP 409: DEFERRED"
2026/09/24 20:30:51 WARN direct approval quorum unavailable tx="[36 239 34 24 113 245 30 89 135 203 37 113 106 11 204 101 123 84 207 26 207 189 239 201 30 103 214 43 9 181 153 77]" error="valid quorum unavailable\nmember HTTP 409: DEFERRED\nmember HTTP 409: DEFERRED"
2026/09/24 20:30:52 WARN direct approval quorum unavailable tx="[188 249 242 229 188 199 135 183 159 200 17 158 40 192 11 122 170 38 47 137 124 123 255 220 109 153 186 65 223 58 101 13]" error="valid quorum unavailable\nmember HTTP 409: DEFERRED\nmember HTTP 409: DEFERRED\nmember HTTP 409: DEFERRED\nmember HTTP 409: DEFERRED"
2026/09/24 20:30:53 WARN direct approval quorum unavailable tx="[203 202 32 137 126 2 112 119 126 152 62 130 60 83 133 218 101 100 222 58 45 237 58 125 166 97 237 226 190 134 87 107]" error="valid quorum unavailable\nmember HTTP 409: DEFERRED\nmember HTTP 409: DEFERRED"
2026/09/24 20:30:54 WARN direct approval quorum unavailable tx="[239 36 222 69 72 201 213 47 122 87 13 128 39 119 119 138 221 136 165 86 160 68 85 224 253 198 141 149 83 75 199 44]" error="valid quorum unavailable\nmember HTTP 409: DEFERRED\nmember HTTP 409: DEFERRED"
2026/09/24 20:30:54 WARN direct approval quorum unavailable tx="[114 121 239 146 236 166 112 109 186 108 82 108 2 168 102 250 239 232 243 10 80 125 236 121 188 31 176 232 111 249 29 36]" error="valid quorum unavailable\nmember HTTP 409: DEFERRED\nmember HTTP 409: DEFERRED"
2026/09/24 20:30:55 WARN direct approval quorum unavailable tx="[170 190 123 55 192 9 88 233 163 13 72 212 221 213 66 146 139 60 125 43 71 186 146 224 136 71 132 110 208 212 212 3]" error="valid quorum unavailable\nmember HTTP 409: DEFERRED\nmember HTTP 409: DEFERRED"
2026/09/24 20:30:57 WARN direct approval quorum unavailable tx="[199 205 29 241 107 74 61 244 90 129 27 246 123 209 6 220 57 90 89 219 254 184 173 148 229 239 97 203 70 197 199 140]" error="valid quorum unavailable\nmember HTTP 409: DEFERRED\nmember HTTP 409: DEFERRED\nmember HTTP 409: DEFERRED\nmember HTTP 409: DEFERRED"
2026/09/24 20:30:58 WARN direct approval quorum unavailable tx="[244 30 106 125 234 156 125 27 40 204 209 121 42 199 232 92 69 186 189 41 148 158 81 161 43 100 55 200 173 208 228 125]" error="valid quorum unavailable\nmember HTTP 409: DEFERRED\nmember HTTP 409: DEFERRED"
2026/09/24 20:30:59 WARN direct approval quorum unavailable tx="[55 95 213 154 70 79 223 247 36 113 119 132 108 149 181 147 236 139 79 203 138 3 34 137 215 198 113 178 3 47 82 70]" error="valid quorum unavailable\nmember HTTP 409: DEFERRED\nmember HTTP 409: DEFERRED"
2026/09/24 20:31:00 WARN direct approval quorum unavailable tx="[218 63 53 103 23 84 234 194 164 23 116 242 136 50 37 83 194 254 78 248 58 206 129 183 93 34 105 105 7 124 36 249]" error="valid quorum unavailable\nmember HTTP 409: DEFERRED\nmember HTTP 409: DEFERRED\nmember HTTP 409: DEFERRED"
2026/09/24 20:31:01 WARN direct approval quorum unavailable tx="[45 17 229 17 41 146 237 144 99 252 75 110 224 94 26 250 155 14 134 192 147 116 128 78 183 9 217 76 121 67 170 154]" error="valid quorum unavailable\nmember HTTP 409: DEFERRED\nmember HTTP 409: DEFERRED"
2026/09/24 20:31:02 WARN direct approval quorum unavailable tx="[244 109 245 90 40 180 95 110 3 100 30 25 198 223 32 239 97 223 38 155 39 157 191 191 54 245 170 195 52 11 51 1]" error="valid quorum unavailable\nmember HTTP 409: DEFERRED\nmember HTTP 409: DEFERRED\nmember HTTP 409: DEFERRED\nmember HTTP 409: DEFERRED"
2026/09/24 20:31:04 WARN direct approval quorum unavailable tx="[72 189 81 167 154 45 202 65 47 253 170 115 58 19 47 30 187 227 13 182 130 251 2 161 239 6 232 112 82 126 118 90]" error="valid quorum unavailable\nmember HTTP 409: DEFERRED\nmember HTTP 409: DEFERRED"
2026/09/24 20:31:06 WARN direct approval quorum unavailable tx="[106 251 217 25 107 192 159 40 244 144 172 84 188 234 22 101 157 245 84 162 187 32 226 91 239 60 176 106 19 186 163 187]" error="valid quorum unavailable\nmember HTTP 409: DEFERRED\nmember HTTP 409: DEFERRED"
2026/09/24 20:31:07 WARN direct approval quorum unavailable tx="[57 12 8 161 228 229 144 13 12 194 254 217 200 55 16 44 53 14 248 112 203 125 116 232 3 157 203 218 166 51 234 120]" error="valid quorum unavailable\nmember HTTP 409: DEFERRED\nmember HTTP 409: DEFERRED"
2026/09/24 20:31:08 WARN direct approval quorum unavailable tx="[172 106 57 134 20 224 245 69 80 217 107 219 105 1 45 194 11 215 121 115 186 197 231 164 234 140 148 177 185 102 181 24]" error="valid quorum unavailable\nmember HTTP 409: DEFERRED\nmember HTTP 409: DEFERRED\nmember HTTP 409: DEFERRED\nmember HTTP 409: DEFERRED"
2026/09/24 20:31:10 WARN direct approval quorum unavailable tx="[183 149 95 255 22 29 102 26 61 115 164 5 22 215 131 43 75 169 36 98 52 142 79 171 244 110 18 203 253 52 114 151]" error="valid quorum unavailable\nmember HTTP 409: DEFERRED\nmember HTTP 409: DEFERRED"
2026/09/24 20:31:10 WARN direct approval quorum unavailable tx="[212 84 23 191 42 132 137 6 254 159 137 55 49 55 221 229 35 172 35 195 11 71 158 89 90 149 57 93 233 216 164 154]" error="valid quorum unavailable\nmember HTTP 409: DEFERRED\nmember HTTP 409: DEFERRED"
2026/09/24 20:31:11 WARN direct approval quorum unavailable tx="[168 188 240 17 7 78 215 217 228 192 13 18 155 237 157 164 38 14 115 137 237 66 126 249 111 115 240 194 10 24 61 232]" error="valid quorum unavailable\nmember HTTP 409: DEFERRED\nmember HTTP 409: DEFERRED\nmember HTTP 409: DEFERRED"
2026/09/24 20:31:14 WARN direct approval quorum unavailable tx="[58 120 214 236 102 225 116 152 2 106 49 167 9 227 193 135 93 75 249 115 203 67 78 33 109 99 144 246 211 213 229 145]" error="valid quorum unavailable\nmember HTTP 409: DEFERRED\nmember HTTP 409: DEFERRED"
2026/09/24 20:31:15 WARN direct approval quorum unavailable tx="[93 111 220 33 38 90 200 193 203 71 74 247 147 129 168 10 250 24 114 164 108 94 97 187 251 122 80 175 243 129 53 177]" error="valid quorum unavailable\nmember HTTP 409: DEFERRED\nmember HTTP 409: DEFERRED\nmember HTTP 409: DEFERRED\nmember HTTP 409: DEFERRED"
2026/09/24 20:31:16 WARN direct approval quorum unavailable tx="[149 249 206 175 172 83 72 165 66 197 156 138 102 220 172 193 19 195 211 117 134 31 173 6 32 54 11 62 66 23 38 111]" error="valid quorum unavailable\nmember HTTP 409: DEFERRED\nmember HTTP 409: DEFERRED\nmember HTTP 409: DEFERRED\nmember HTTP 409: DEFERRED"
2026/09/24 20:31:17 WARN direct approval quorum unavailable tx="[214 190 137 165 159 14 131 0 175 114 111 20 204 180 7 29 26 11 118 25 45 17 211 231 240 30 126 81 205 34 13 197]" error="valid quorum unavailable\nmember HTTP 409: DEFERRED\nmember HTTP 409: DEFERRED"
2026/09/24 20:31:19 WARN direct approval quorum unavailable tx="[143 45 80 17 146 223 9 50 213 194 61 95 222 70 211 181 89 78 81 190 96 248 218 193 55 23 115 176 121 145 22 107]" error="valid quorum unavailable\nmember HTTP 409: DEFERRED\nmember HTTP 409: DEFERRED\nmember HTTP 409: DEFERRED"
2026/09/24 20:31:21 WARN direct approval quorum unavailable tx="[212 125 31 147 6 134 69 49 205 84 177 141 9 180 216 28 7 1 235 113 122 59 65 202 115 141 100 224 18 48 218 186]" error="valid quorum unavailable\nmember HTTP 409: DEFERRED\nmember HTTP 409: DEFERRED"
2026/09/24 20:31:23 WARN direct approval quorum unavailable tx="[20 141 53 113 44 103 143 229 100 173 127 117 58 174 70 158 133 145 50 125 17 38 142 71 73 234 198 135 90 187 222 71]" error="valid quorum unavailable\nmember HTTP 409: DEFERRED\nmember HTTP 409: DEFERRED\nmember HTTP 409: DEFERRED\nmember HTTP 409: DEFERRED"
2026/09/24 20:31:24 WARN direct approval quorum unavailable tx="[106 3 33 89 82 176 188 20 186 51 8 37 124 166 212 41 32 92 98 15 97 39 33 249 129 112 17 254 234 186 106 113]" error="valid quorum unavailable\nmember HTTP 409: DEFERRED\nmember HTTP 409: DEFERRED"
2026/09/24 20:31:26 WARN direct approval quorum unavailable tx="[104 207 45 164 5 128 179 227 115 92 115 144 43 30 163 88 232 78 135 97 68 109 89 141 221 21 128 170 16 14 238 29]" error="valid quorum unavailable\nmember HTTP 409: DEFERRED\nmember HTTP 409: DEFERRED"
2026/09/24 20:31:26 WARN direct approval quorum unavailable tx="[169 35 151 0 124 53 232 167 73 197 58 105 136 92 190 177 149 134 32 15 69 75 175 150 105 57 177 29 34 213 33 247]" error="valid quorum unavailable\nmember HTTP 409: DEFERRED\nmember HTTP 409: DEFERRED\nmember HTTP 409: DEFERRED\nmember HTTP 409: DEFERRED"
2026/09/24 20:31:27 WARN direct approval quorum unavailable tx="[191 9 48 237 216 123 103 15 205 216 97 121 167 10 131 171 177 250 208 35 105 196 189 15 100 48 20 62 93 32 106 126]" error="valid quorum unavailable\nmember HTTP 409: DEFERRED\nmember HTTP 409: DEFERRED"
2026/09/24 20:31:30 WARN direct approval quorum unavailable tx="[218 55 125 101 158 195 3 198 81 2 43 244 203 29 10 227 81 164 199 183 67 90 35 207 210 124 121 221 154 241 40 62]" error="valid quorum unavailable\nmember HTTP 409: DEFERRED\nmember HTTP 409: DEFERRED\nmember HTTP 409: DEFERRED\nmember HTTP 409: DEFERRED"
2026/09/24 20:31:31 WARN direct approval quorum unavailable tx="[84 214 57 198 25 215 187 159 67 2 230 83 175 15 59 12 166 123 164 38 46 16 40 44 128 194 183 40 226 29 221 224]" error="valid quorum unavailable\nmember HTTP 409: DEFERRED\nmember HTTP 409: DEFERRED"
2026/09/24 20:31:32 WARN direct approval quorum unavailable tx="[52 113 162 99 76 45 250 102 32 190 233 148 189 142 194 248 165 25 184 151 81 98 141 0 193 162 195 58 143 13 75 59]" error="valid quorum unavailable\nmember HTTP 409: DEFERRED\nmember HTTP 409: DEFERRED"
2026/09/24 20:31:34 WARN direct approval quorum unavailable tx="[40 242 70 146 231 62 64 214 182 155 217 35 252 54 130 129 245 134 57 28 202 104 3 57 247 3 243 195 248 151 87 118]" error="valid quorum unavailable\nmember HTTP 409: DEFERRED\nmember HTTP 409: DEFERRED"
2026/09/24 20:31:37 WARN direct approval quorum unavailable tx="[142 17 131 170 5 199 131 67 172 248 16 100 22 171 198 42 25 83 35 95 126 108 177 237 134 85 170 136 106 77 1 97]" error="valid quorum unavailable\nmember HTTP 409: DEFERRED\nmember HTTP 409: DEFERRED\nmember HTTP 409: DEFERRED\nmember HTTP 409: DEFERRED"
2026/09/24 20:31:38 WARN direct approval quorum unavailable tx="[189 206 129 25 161 236 172 39 47 90 43 186 7 75 10 11 82 58 171 162 4 177 181 211 86 226 143 35 239 42 63 197]" error="valid quorum unavailable\nmember HTTP 409: DEFERRED\nmember HTTP 409: DEFERRED"
2026/09/24 20:31:38 WARN direct approval quorum unavailable tx="[73 171 59 198 179 213 24 133 229 217 8 84 96 111 32 63 105 194 243 109 78 41 217 136 127 213 158 153 236 233 10 83]" error="valid quorum unavailable\nmember HTTP 409: DEFERRED\nmember HTTP 409: DEFERRED"
2026/09/24 20:31:39 WARN direct approval quorum unavailable tx="[117 33 99 251 232 51 193 180 240 13 65 214 32 62 36 180 225 173 241 76 157 38 115 55 207 11 199 33 193 51 245 147]" error="valid quorum unavailable\nmember HTTP 409: DEFERRED\nmember HTTP 409: DEFERRED"
2026/09/24 20:31:41 WARN direct approval quorum unavailable tx="[121 192 90 252 31 47 15 36 193 93 76 90 140 136 86 149 60 182 178 198 150 85 116 203 179 51 90 126 103 105 174 91]" error="valid quorum unavailable\nmember HTTP 409: DEFERRED\nmember HTTP 409: DEFERRED"
2026/09/24 20:31:42 WARN direct approval quorum unavailable tx="[130 221 167 99 42 157 15 238 246 13 186 253 78 82 42 147 211 106 163 180 122 49 221 47 221 180 57 121 109 227 79 201]" error="valid quorum unavailable\nmember HTTP 409: DEFERRED\nmember HTTP 409: DEFERRED"
2026/09/24 20:31:43 WARN direct approval quorum unavailable tx="[194 95 139 128 86 218 168 65 116 211 192 128 70 149 244 4 212 11 11 154 184 91 90 52 140 5 236 122 162 70 176 62]" error="valid quorum unavailable\nmember HTTP 409: DEFERRED\nmember HTTP 409: DEFERRED"
2026/09/24 20:31:44 WARN direct approval quorum unavailable tx="[48 223 33 250 160 227 231 162 180 67 165 237 109 170 47 242 47 74 96 73 1 236 213 104 129 46 88 1 111 204 50 48]" error="valid quorum unavailable\nmember HTTP 409: DEFERRED\nmember HTTP 409: DEFERRED"
2026/09/24 20:31:45 WARN direct approval quorum unavailable tx="[181 113 255 230 179 237 103 207 237 87 73 187 146 204 139 203 223 69 34 4 13 76 48 235 127 237 47 179 32 136 138 116]" error="valid quorum unavailable\nmember HTTP 409: DEFERRED\nmember HTTP 409: DEFERRED"
2026/09/24 20:31:45 WARN direct approval quorum unavailable tx="[7 215 221 41 87 134 193 116 45 155 253 145 62 225 89 60 134 1 140 57 109 206 123 128 29 65 127 179 0 93 125 112]" error="valid quorum unavailable\nmember HTTP 409: DEFERRED\nmember HTTP 409: DEFERRED"
2026/09/24 20:31:46 WARN direct approval quorum unavailable tx="[30 66 181 105 155 26 218 197 97 51 252 85 254 27 35 115 41 13 174 182 102 226 166 151 203 79 172 30 152 51 175 53]" error="valid quorum unavailable\nmember HTTP 409: DEFERRED\nmember HTTP 409: DEFERRED\nmember HTTP 409: DEFERRED\nmember HTTP 409: DEFERRED"
2026/09/24 20:31:47 WARN direct approval quorum unavailable tx="[201 110 184 209 66 159 29 218 98 187 2 244 196 148 201 32 118 198 234 199 124 87 122 6 204 211 99 13 230 245 176 173]" error="valid quorum unavailable\nmember HTTP 409: DEFERRED\nmember HTTP 409: DEFERRED"
2026/09/24 20:31:48 WARN direct approval quorum unavailable tx="[216 211 85 243 232 36 154 139 175 31 22 122 81 34 183 153 124 202 17 109 185 158 81 231 240 59 223 198 244 206 113 10]" error="valid quorum unavailable\nmember HTTP 409: DEFERRED\nmember HTTP 409: DEFERRED\nmember HTTP 409: DEFERRED\nmember HTTP 409: DEFERRED"
2026/09/24 20:31:49 WARN direct approval quorum unavailable tx="[38 234 2 57 243 24 88 248 122 21 181 161 178 12 86 187 246 27 107 119 44 118 244 32 207 146 228 167 211 193 242 238]" error="valid quorum unavailable\nmember HTTP 409: DEFERRED\nmember HTTP 409: DEFERRED"
2026/09/24 20:31:52 WARN direct approval quorum unavailable tx="[163 183 196 6 186 139 33 178 247 36 92 101 240 137 59 253 177 254 60 159 169 146 229 89 138 72 198 141 193 23 95 96]" error="valid quorum unavailable\nmember HTTP 409: DEFERRED\nmember HTTP 409: DEFERRED\nmember HTTP 409: DEFERRED\nmember HTTP 409: DEFERRED"
2026/09/24 20:31:53 WARN direct approval quorum unavailable tx="[21 230 228 173 140 196 125 97 23 114 69 130 198 116 86 0 18 178 22 159 75 250 179 8 48 169 130 45 82 36 36 204]" error="valid quorum unavailable\nmember HTTP 409: DEFERRED\nmember HTTP 409: DEFERRED"
2026/09/24 20:31:56 WARN direct approval quorum unavailable tx="[29 76 54 71 152 5 238 185 219 152 184 215 53 111 254 181 234 233 179 38 249 35 40 229 141 171 131 141 71 182 35 21]" error="valid quorum unavailable\nmember HTTP 409: DEFERRED\nmember HTTP 409: DEFERRED"
2026/09/24 20:31:56 WARN direct approval quorum unavailable tx="[73 10 121 82 82 115 152 151 133 222 250 105 87 73 139 64 52 226 76 244 250 203 125 253 5 137 120 157 210 243 74 187]" error="valid quorum unavailable\nmember HTTP 409: DEFERRED\nmember HTTP 409: DEFERRED"
2026/09/24 20:31:57 WARN direct approval quorum unavailable tx="[92 149 27 32 133 46 208 97 26 85 101 20 26 173 104 244 127 160 216 107 235 4 192 24 232 53 185 28 164 66 115 190]" error="valid quorum unavailable\nmember HTTP 409: DEFERRED\nmember HTTP 409: DEFERRED"
2026/09/24 20:31:58 WARN direct approval quorum unavailable tx="[27 76 247 247 31 211 150 175 225 61 143 204 216 58 250 24 89 154 2 142 84 196 218 236 107 47 44 50 100 162 218 214]" error="valid quorum unavailable\nmember HTTP 409: DEFERRED\nmember HTTP 409: DEFERRED"
2026/09/24 20:32:00 WARN direct approval quorum unavailable tx="[56 103 122 237 18 150 171 81 237 78 136 101 6 15 32 187 192 127 42 10 183 248 241 227 94 226 151 150 102 229 180 102]" error="valid quorum unavailable\nmember HTTP 409: DEFERRED\nmember HTTP 409: DEFERRED"
2026/09/24 20:32:00 WARN direct approval quorum unavailable tx="[230 42 243 75 206 177 89 107 31 188 200 71 247 152 174 11 5 198 111 69 200 19 106 156 192 77 95 138 63 118 78 206]" error="valid quorum unavailable\nmember HTTP 409: DEFERRED\nmember HTTP 409: DEFERRED\nmember HTTP 409: DEFERRED\nmember HTTP 409: DEFERRED"
2026/09/24 20:32:01 WARN direct approval quorum unavailable tx="[200 31 247 90 112 178 131 71 173 213 111 126 12 5 32 105 142 172 45 4 98 109 208 138 100 57 247 31 30 98 102 22]" error="valid quorum unavailable\nmember HTTP 409: DEFERRED\nmember HTTP 409: DEFERRED"
2026/09/24 20:32:02 WARN direct approval quorum unavailable tx="[188 145 13 44 216 175 129 241 121 104 227 29 25 247 122 129 244 198 21 143 150 210 113 23 127 38 81 161 169 42 89 222]" error="valid quorum unavailable\nmember HTTP 409: DEFERRED\nmember HTTP 409: DEFERRED"
2026/09/24 20:32:06 WARN direct approval quorum unavailable tx="[69 27 69 237 144 28 123 18 112 25 209 244 16 85 68 248 175 76 54 0 18 149 206 71 72 142 30 244 162 132 110 164]" error="valid quorum unavailable\nmember HTTP 409: DEFERRED\nmember HTTP 409: DEFERRED"
2026/09/24 20:32:08 WARN direct approval quorum unavailable tx="[81 20 125 76 57 248 14 174 88 81 43 221 17 120 187 208 50 204 75 160 102 16 244 242 106 227 45 186 218 254 117 26]" error="valid quorum unavailable\nmember HTTP 409: DEFERRED\nmember HTTP 409: DEFERRED\nmember HTTP 409: DEFERRED\nmember HTTP 409: DEFERRED"
2026/09/24 20:32:09 WARN direct approval quorum unavailable tx="[64 35 126 195 95 45 101 240 157 3 212 136 127 79 238 71 104 197 114 12 192 69 252 15 173 102 164 55 69 134 92 163]" error="valid quorum unavailable\nmember HTTP 409: DEFERRED\nmember HTTP 409: DEFERRED"
2026/09/24 20:32:09 WARN direct approval quorum unavailable tx="[93 177 153 215 182 28 94 32 38 65 3 221 145 57 167 42 27 32 32 214 224 65 204 238 40 18 76 172 248 240 161 146]" error="valid quorum unavailable\nmember HTTP 409: DEFERRED\nmember HTTP 409: DEFERRED\nmember HTTP 409: DEFERRED\nmember HTTP 409: DEFERRED"
2026/09/24 20:32:10 WARN direct approval quorum unavailable tx="[228 54 15 106 100 19 47 239 24 205 143 202 223 178 187 12 73 92 101 155 223 207 192 20 142 25 71 137 205 210 230 231]" error="valid quorum unavailable\nmember HTTP 409: DEFERRED\nmember HTTP 409: DEFERRED"
2026/09/24 20:32:11 WARN direct approval quorum unavailable tx="[193 207 14 22 116 10 126 156 222 94 12 180 204 148 22 11 113 43 229 217 63 103 242 211 160 175 130 92 29 214 61 151]" error="valid quorum unavailable\nmember HTTP 409: DEFERRED\nmember HTTP 409: DEFERRED"
2026/09/24 20:32:15 WARN direct approval quorum unavailable tx="[42 188 143 14 128 73 229 183 195 167 55 191 109 214 124 26 111 65 128 44 28 213 83 163 160 58 215 137 229 48 244 146]" error="valid quorum unavailable\nmember HTTP 409: DEFERRED\nmember HTTP 409: DEFERRED"
