2026/09/24 19:28:49 INFO gateway started listen=127.0.0.1:26300 organization=49be96489ff513310314d931923c72145ab05646ed099b21ad2e0f3178e10ab2
2026/09/24 19:29:07 WARN direct approval quorum unavailable tx="[28 240 129 37 106 182 14 118 150 205 89 190 58 211 103 233 199 122 182 8 143 133 128 172 97 228 152 64 180 255 73 44]" error="valid quorum unavailable\nmember HTTP 409: DEFERRED\nmember HTTP 409: DEFERRED\nmember HTTP 409: DEFERRED"
2026/09/24 19:29:08 WARN direct approval quorum unavailable tx="[54 209 205 254 100 15 180 111 219 121 160 173 121 229 19 126 45 66 52 133 172 171 40 69 53 133 116 101 195 250 253 5]" error="valid quorum unavailable\nmember HTTP 409: DEFERRED\nmember HTTP 409: DEFERRED\nmember HTTP 409: DEFERRED"
2026/09/24 19:29:09 WARN direct approval quorum unavailable tx="[56 179 70 47 223 242 97 46 70 136 236 49 130 141 42 224 78 22 185 11 159 108 183 45 224 76 231 86 201 187 135 64]" error="valid quorum unavailable\nmember HTTP 409: DEFERRED\nmember HTTP 409: DEFERRED"
2026/09/24 19:29:09 WARN direct approval quorum unavailable tx="[158 153 245 233 194 116 246 166 46 171 153 168 213 152 160 238 196 81 134 73 71 73 37 92 109 204 77 92 14 222 251 96]" error="valid quorum unavailable\nmember HTTP 409: DEFERRED\nmember HTTP 409: DEFERRED\nmember HTTP 409: DEFERRED"
2026/09/24 19:29:10 WARN direct approval quorum unavailable tx="[6 0 211 62 73 60 77 122 79 38 179 236 167 164 238 2 109 187 161 124 202 200 17 132 135 161 13 231 173 67 248 87]" error="valid quorum unavailable\nmember HTTP 409: DEFERRED\nmember HTTP 409: DEFERRED\nmember HTTP 409: DEFERRED"
2026/09/24 19:29:12 WARN direct approval quorum unavailable tx="[235 79 103 252 169 215 138 85 93 210 18 223 140 85 104 53 14 36 204 52 23 73 145 193 134 118 110 253 166 160 2 37]" error="valid quorum unavailable\nmember HTTP 409: DEFERRED\nmember HTTP 409: DEFERRED\nmember HTTP 409: DEFERRED\nmember HTTP 409: DEFERRED"
2026/09/24 19:29:14 WARN direct approval quorum unavailable tx="[58 95 240 218 197 95 249 254 47 235 100 194 155 20 26 171 113 181 232 56 254 139 82 52 2 168 23 169 248 189 33 148]" error="valid quorum unavailable\nmember HTTP 409: DEFERRED\nmember HTTP 409: DEFERRED"
2026/09/24 19:29:15 WARN direct approval quorum unavailable tx="[250 230 66 129 131 88 54 254 198 28 96 15 224 58 23 42 35 164 66 120 23 172 207 17 111 198 20 106 36 124 73 26]" error="valid quorum unavailable\nmember HTTP 409: DEFERRED\nmember HTTP 409: DEFERRED\nmember HTTP 409: DEFERRED"
2026/09/24 19:29:18 WARN direct approval quorum unavailable tx="[26 162 145 115 89 197 46 73 123 83 77 124 54 235 76 179 243 68 26 248 5 169 84 244 143 183 134 118 58 164 39 74]" error="valid quorum unavailable\nmember HTTP 409: DEFERRED\nmember HTTP 409: DEFERRED\nmember HTTP 409: DEFERRED"
2026/09/24 19:29:20 WARN direct approval quorum unavailable tx="[41 82 228 171 146 198 46 252 233 183 119 201 32 87 128 88 56 127 225 206 176 19 10 213 212 244 235 20 156 187 254 58]" error="valid quorum unavailable\nmember HTTP 409: DEFERRED\nmember HTTP 409: DEFERRED\nmember HTTP 409: DEFERRED\nmember HTTP 409: DEFERRED"
2026/09/24 19:29:22 WARN direct approval quorum unavailable tx="[218 74 113 99 250 123 153 197 188 205 70 135 125 113 170 241 7 38 54 53 180 122 49 9 18 221 246 115 216 65 59 67]" error="valid quorum unavailable\nmember HTTP 409: DEFERRED\nmember HTTP 409: DEFERRED"
2026/09/24 19:29:23 WARN direct approval quorum unavailable tx="[160 107 27 233 25 177 9 173 57 225 96 224 186 141 209 29 130 85 13 206 202 247 172 24 43 22 203 224 98 236 144 44]" error="valid quorum unavailable\nmember HTTP 409: DEFERRED\nmember HTTP 409: DEFERRED\nmember HTTP 409: DEFERRED"
2026/09/24 19:29:24 WARN direct approval quorum unavailable tx="[237 150 132 35 34 96 133 130 242 223 149 96 6 111 141 27 19 20 153 221 115 24 111 189 44 42 224 191 57 173 110 153]" error="valid quorum unavailable\nmember HTTP 409: DEFERRED\nmember HTTP 409: DEFERRED\nmember HTTP 409: DEFERRED\nmember HTTP 409: DEFERRED"
2026/09/24 19:29:27 WARN direct approval quorum unavailable tx="[42 5 255 14 125 125 195 160 99 141 42 170 171 147 219 45 231 210 255 14 184 137 80 249 15 36 3 233 120 193 137 134]" error="valid quorum unavailable\nmember HTTP 409: DEFERRED\nmember HTTP 409: DEFERRED\nmember HTTP 409: DEFERRED"
2026/09/24 19:29:28 WARN direct approval quorum unavailable tx="[158 210 126 224 79 136 139 90 73 100 19 181 82 241 213 21 227 35 149 203 155 110 244 72 150 198 118 21 147 30 100 181]" error="valid quorum unavailable\nmember HTTP 409: DEFERRED\nmember HTTP 409: DEFERRED"
2026/09/24 19:29:29 WARN direct approval quorum unavailable tx="[194 94 135 75 189 143 250 108 117 240 28 41 205 164 217 237 240 153 184 220 115 206 170 244 65 29 170 163 205 165 219 130]" error="valid quorum unavailable\nmember HTTP 409: DEFERRED\nmember HTTP 409: DEFERRED"
2026/09/24 19:29:33 WARN direct approval quorum unavailable tx="[222 113 184 196 237 59 161 128 10 17 32 244 230 58 80 228 72 250 209 12 252 0 212 14 229 63 222 216 142 33 47 249]" error="valid quorum unavailable\nmember HTTP 409: DEFERRED\nmember HTTP 409: DEFERRED\nmember HTTP 409: DEFERRED"
2026/09/24 19:29:35 WARN direct approval quorum unavailable tx="[19 171 196 212 141 71 163 44 95 103 235 242 114 51 55 177 4 36 163 77 181 121 132 119 4 248 76 18 204 35 18 15]" error="valid quorum unavailable\nmember HTTP 409: DEFERRED\nmember HTTP 409: DEFERRED"
2026/09/24 19:29:35 WARN direct approval quorum unavailable tx="[104 175 165 180 119 224 93 173 243 0 235 174 74 73 86 1 179 154 36 152 149 82 105 48 134 15 35 146 149 190 133 189]" error="valid quorum unavailable\nmember HTTP 409: DEFERRED\nmember HTTP 409: DEFERRED\nmember HTTP 409: DEFERRED"
2026/09/24 19:29:38 WARN direct approval quorum unavailable tx="[117 217 73 64 140 196 140 91 26 212 112 37 196 144 88 217 154 156 224 56 168 182 232 99 165 215 188 225 225 172 175 86]" error="valid quorum unavailable\nmember HTTP 409: DEFERRED\nmember HTTP 409: DEFERRED\nmember HTTP 409: DEFERRED"
2026/09/24 19:29:41 WARN direct approval quorum unavailable tx="[199 252 89 205 29 189 201 174 139 123 129 63 99 244 213 100 62 181 45 38 146 69 99 20 29 154 26 179 230 48 174 23]" error="valid quorum unavailable\nmember HTTP 409: DEFERRED\nmember HTTP 409: DEFERRED"
2026/09/24 19:29:42 WARN direct approval quorum unavailable tx="[25 144 219 133 247 33 9 57 13 115 173 238 51 147 162 246 0 141 217 93 159 229 205 153 187 237 142 130 172 249 161 178]" error="valid quorum unavailable\nmember HTTP 409: DEFERRED\nmember HTTP 409: DEFERRED\nmember HTTP 409: DEFERRED\nmember HTTP 409: DEFERRED"
2026/09/24 19:29:42 WARN direct approval quorum unavailable tx="[190 157 45 68 210 193 52 221 81 15 136 166 2 80 155 233 196 106 210 225 34 85 41 79 18 250 43 232 204 73 12 64]" error="valid quorum unavailable\nmember HTTP 409: DEFERRED\nmember HTTP 409: DEFERRED\nmember HTTP 409: DEFERRED"
2026/09/24 19:29:43 WARN direct approval quorum unavailable tx="[46 198 75 205 46 20 240 16 155 54 249 1 184 87 105 232 174 133 255 150 107 202 162 115 53 159 214 247 177 175 102 31]" error="valid quorum unavailable\nmember HTTP 409: DEFERRED\nmember HTTP 409: DEFERRED\nmember HTTP 409: DEFERRED"
2026/09/24 19:29:44 WARN direct approval quorum unavailable tx="[220 175 239 34 178 70 135 66 79 7 22 160 179 114 142 224 216 109 71 140 8 153 19 18 104 161 51 128 139 55 177 13]" error="valid quorum unavailable\nmember HTTP 409: DEFERRED\nmember HTTP 409: DEFERRED\nmember HTTP 409: DEFERRED"
2026/09/24 19:29:46 WARN direct approval quorum unavailable tx="[74 10 33 196 187 49 106 115 19 169 32 144 232 25 148 101 148 244 33 131 50 11 34 96 154 52 119 253 57 210 222 21]" error="valid quorum unavailable\nmember HTTP 409: DEFERRED\nmember HTTP 409: DEFERRED\nmember HTTP 409: DEFERRED"
2026/09/24 19:29:52 WARN direct approval quorum unavailable tx="[194 167 87 125 164 61 159 77 85 197 7 89 10 160 33 66 229 247 51 143 139 111 106 17 54 146 238 75 136 136 152 71]" error="valid quorum unavailable\nmember HTTP 409: DEFERRED\nmember HTTP 409: DEFERRED\nmember HTTP 409: DEFERRED"
2026/09/24 19:29:52 WARN direct approval quorum unavailable tx="[18 90 182 175 194 98 9 164 107 79 216 69 189 72 86 101 24 117 105 211 178 52 31 130 85 100 142 59 195 182 118 166]" error="valid quorum unavailable\nmember HTTP 409: DEFERRED\nmember HTTP 409: DEFERRED\nmember HTTP 409: DEFERRED\nmember HTTP 409: DEFERRED"
2026/09/24 19:29:54 WARN direct approval quorum unavailable tx="[65 57 10 136 222 199 230 233 165 54 48 149 175 69 171 114 140 132 101 206 228 160 206 237 252 48 250 27 0 7 10 155]" error="valid quorum unavailable\nmember HTTP 409: DEFERRED\nmember HTTP 409: DEFERRED\nmember HTTP 409: DEFERRED\nmember HTTP 409: DEFERRED"
2026/09/24 19:29:55 WARN direct approval quorum unavailable tx="[139 34 170 120 35 223 96 57 228 166 152 181 221 123 180 235 251 145 21 3 161 70 20 45 236 23 146 125 168 172 53 44]" error="valid quorum unavailable\nmember HTTP 409: DEFERRED\nmember HTTP 409: DEFERRED\nmember HTTP 409: DEFERRED"
2026/09/24 19:29:59 WARN direct approval quorum unavailable tx="[176 227 194 92 184 105 252 219 115 156 227 182 10 243 128 2 232 182 81 28 44 127 163 234 171 211 116 163 152 154 215 141]" error="valid quorum unavailable\nmember HTTP 409: DEFERRED\nmember HTTP 409: DEFERRED\nmember HTTP 409: DEFERRED"
2026/09/24 19:29:59 WARN direct approval quorum unavailable tx="[94 212 13 98 116 71 229 248 233 80 134 79 22 94 181 57 213 28 161 51 13 24 169 13 168 80 241 170 201 146 234 22]" error="valid quorum unavailable\nmember HTTP 409: DEFERRED\nmember HTTP 409: DEFERRED\nmember HTTP 409: DEFERRED\nmember HTTP 409: DEFERRED"
2026/09/24 19:30:00 WARN direct approval quorum unavailable tx="[52 210 23 152 89 253 80 70 82 94 115 134 194 27 239 1 52 38 90 251 108 179 191 107 24 222 86 220 18 229 214 71]" error="valid quorum unavailable\nmember HTTP 409: DEFERRED\nmember HTTP 409: DEFERRED\nmember HTTP 409: DEFERRED"
2026/09/24 19:30:00 WARN direct approval quorum unavailable tx="[131 66 44 39 187 219 238 37 204 8 122 83 152 52 219 67 210 54 253 208 92 14 95 161 181 249 203 229 15 104 174 114]" error="valid quorum unavailable\nmember HTTP 409: DEFERRED\nmember HTTP 409: DEFERRED\nmember HTTP 409: DEFERRED\nmember HTTP 409: DEFERRED"
2026/09/24 19:30:01 WARN direct approval quorum unavailable tx="[127 44 119 57 69 168 83 169 250 255 88 96 142 8 154 192 39 91 75 244 111 103 96 33 84 239 32 12 84 156 60 119]" error="valid quorum unavailable\nmember HTTP 409: DEFERRED\nmember HTTP 409: DEFERRED\nmember HTTP 409: DEFERRED"
2026/09/24 19:30:01 WARN direct approval quorum unavailable tx="[2 168 208 228 37 14 64 80 174 143 6 149 39 177 82 215 141 71 85 68 210 40 149 192 107 146 195 191 17 121 128 75]" error="valid quorum unavailable\nmember HTTP 409: DEFERRED\nmember HTTP 409: DEFERRED\nmember HTTP 409: DEFERRED"
2026/09/24 19:30:02 WARN direct approval quorum unavailable tx="[117 200 217 17 41 11 76 169 76 238 162 59 236 136 166 196 225 11 187 229 53 51 93 106 113 45 128 100 246 126 123 194]" error="valid quorum unavailable\nmember HTTP 409: DEFERRED\nmember HTTP 409: DEFERRED\nmember HTTP 409: DEFERRED\nmember HTTP 409: DEFERRED"
2026/09/24 19:30:03 WARN direct approval quorum unavailable tx="[51 89 219 70 156 63 167 87 7 176 34 9 170 114 167 110 147 254 154 249 131 146 222 77 41 206 123 110 94 224 185 173]" error="valid quorum unavailable\nmember HTTP 409: DEFERRED\nmember HTTP 409: DEFERRED\nmember HTTP 409: DEFERRED"
2026/09/24 19:30:04 WARN direct approval quorum unavailable tx="[207 47 54 82 162 35 169 135 146 130 4 134 214 254 29 15 235 71 52 31 37 126 226 55 147 201 171 197 251 51 6 88]" error="valid quorum unavailable\nmember HTTP 409: DEFERRED\nmember HTTP 409: DEFERRED"
2026/09/24 19:30:05 WARN direct approval quorum unavailable tx="[55 216 56 126 12 24 198 44 219 124 228 190 2 7 204 229 253 192 135 224 22 234 230 146 72 229 142 209 123 219 88 113]" error="valid quorum unavailable\nmember HTTP 409: DEFERRED\nmember HTTP 409: DEFERRED\nmember HTTP 409: DEFERRED"
2026/09/24 19:30:06 WARN direct approval quorum unavailable tx="[146 43 186 88 44 105 226 8 35 12 40 38 116 133 195 44 184 95 169 120 64 84 18 243 80 16 39 21 70 230 99 141]" error="valid quorum unavailable\nmember HTTP 409: DEFERRED\nmember HTTP 409: DEFERRED\nmember HTTP 409: DEFERRED"
2026/09/24 19:30:07 WARN direct approval quorum unavailable tx="[30 243 26 75 108 60 145 161 189 184 184 132 16 37 243 9 94 248 5 56 152 48 78 136 189 237 211 48 174 129 245 244]" error="valid quorum unavailable\nmember HTTP 409: DEFERRED\nmember HTTP 409: DEFERRED\nmember HTTP 409: DEFERRED"
2026/09/24 19:30:08 WARN direct approval quorum unavailable tx="[53 9 89 25 101 208 87 104 193 28 112 115 81 189 184 237 239 34 54 36 237 217 38 53 216 170 36 99 246 45 247 164]" error="valid quorum unavailable\nmember HTTP 409: DEFERRED\nmember HTTP 409: DEFERRED\nmember HTTP 409: DEFERRED"
2026/09/24 19:30:12 WARN direct approval quorum unavailable tx="[167 70 4 58 184 61 252 152 104 214 124 65 27 54 9 184 50 71 189 7 134 180 125 77 75 208 174 99 111 173 83 118]" error="valid quorum unavailable\nmember HTTP 409: DEFERRED\nmember HTTP 409: DEFERRED\nmember HTTP 409: DEFERRED"
2026/09/24 19:30:13 WARN direct approval quorum unavailable tx="[140 44 250 251 134 184 48 232 107 48 175 59 25 54 28 5 190 176 175 209 43 137 117 81 121 83 49 171 219 245 116 117]" error="valid quorum unavailable\nmember HTTP 409: DEFERRED\nmember HTTP 409: DEFERRED\nmember HTTP 409: DEFERRED\nmember HTTP 409: DEFERRED"
2026/09/24 19:30:14 WARN direct approval quorum unavailable tx="[130 239 211 104 232 9 204 28 46 129 43 70 58 102 137 98 106 30 16 148 194 133 92 199 153 28 9 81 95 243 24 137]" error="valid quorum unavailable\nmember HTTP 409: DEFERRED\nmember HTTP 409: DEFERRED\nmember HTTP 409: DEFERRED"
2026/09/24 19:30:14 WARN direct approval quorum unavailable tx="[136 9 32 9 37 24 66 30 62 156 63 65 39 199 208 148 5 37 2 124 237 223 65 150 22 206 144 106 158 106 105 217]" error="valid quorum unavailable\nmember HTTP 409: DEFERRED\nmember HTTP 409: DEFERRED\nmember HTTP 409: DEFERRED"
2026/09/24 19:30:15 WARN direct approval quorum unavailable tx="[132 27 252 235 51 147 78 31 205 32 7 14 18 47 228 114 212 115 248 115 15 133 209 169 90 215 56 188 219 66 228 143]" error="valid quorum unavailable\nmember HTTP 409: DEFERRED\nmember HTTP 409: DEFERRED"
2026/09/24 19:30:16 WARN direct approval quorum unavailable tx="[253 56 236 70 151 17 234 4 242 194 148 94 168 178 206 112 235 204 237 186 53 149 156 22 35 237 188 131 239 83 12 51]" error="valid quorum unavailable\nmember HTTP 409: DEFERRED\nmember HTTP 409: DEFERRED\nmember HTTP 409: DEFERRED"
2026/09/24 19:30:17 WARN direct approval quorum unavailable tx="[211 34 120 255 246 187 70 90 228 209 145 238 86 1 1 224 154 105 163 74 142 186 234 57 17 18 156 1 113 131 246 102]" error="valid quorum unavailable\nmember HTTP 409: DEFERRED\nmember HTTP 409: DEFERRED\nmember HTTP 409: DEFERRED"
2026/09/24 19:30:19 WARN direct approval quorum unavailable tx="[200 219 203 75 215 65 196 140 49 77 240 191 90 109 44 116 72 37 129 251 183 19 110 181 165 118 30 170 27 19 106 40]" error="valid quorum unavailable\nmember HTTP 409: DEFERRED\nmember HTTP 409: DEFERRED\nmember HTTP 409: DEFERRED"
2026/09/24 19:30:20 WARN direct approval quorum unavailable tx="[60 187 30 212 171 23 210 110 223 215 27 111 235 254 62 88 9 153 182 71 191 15 109 21 208 193 155 130 222 142 87 168]" error="valid quorum unavailable\nmember HTTP 409: DEFERRED\nmember HTTP 409: DEFERRED\nmember HTTP 409: DEFERRED\nmember HTTP 409: DEFERRED"
2026/09/24 19:30:21 WARN direct approval quorum unavailable tx="[125 189 40 206 172 145 106 229 0 145 14 8 123 40 35 209 107 27 126 121 63 240 43 174 143 192 69 107 11 142 92 118]" error="valid quorum unavailable\nmember HTTP 409: DEFERRED\nmember HTTP 409: DEFERRED\nmember HTTP 409: DEFERRED"
2026/09/24 19:30:21 WARN direct approval quorum unavailable tx="[224 198 159 87 7 43 20 81 210 238 113 239 212 165 71 163 122 92 198 146 163 32 148 30 145 160 149 162 39 112 121 126]" error="valid quorum unavailable\nmember HTTP 409: DEFERRED\nmember HTTP 409: DEFERRED\nmember HTTP 409: DEFERRED\nmember HTTP 409: DEFERRED"
2026/09/24 19:30:26 WARN direct approval quorum unavailable tx="[180 41 139 180 245 45 121 149 22 203 140 165 153 157 249 35 149 8 191 253 65 126 155 219 179 167 68 119 134 54 159 19]" error="valid quorum unavailable\nmember HTTP 409: DEFERRED\nmember HTTP 409: DEFERRED\nmember HTTP 409: DEFERRED"
2026/09/24 19:30:27 WARN direct approval quorum unavailable tx="[224 100 152 187 93 28 202 255 184 27 255 121 79 172 230 242 17 78 63 113 249 101 189 161 143 129 162 114 185 53 155 58]" error="valid quorum unavailable\nmember HTTP 409: DEFERRED\nmember HTTP 409: DEFERRED\nmember HTTP 409: DEFERRED\nmember HTTP 409: DEFERRED"
2026/09/24 19:30:28 WARN direct approval quorum unavailable tx="[248 21 183 145 78 89 178 253 24 200 183 206 80 164 163 145 34 91 124 160 147 100 64 162 244 245 205 154 56 189 148 100]" error="valid quorum unavailable\nmember HTTP 409: DEFERRED\nmember HTTP 409: DEFERRED\nmember HTTP 409: DEFERRED"
2026/09/24 19:30:29 WARN direct approval quorum unavailable tx="[174 142 146 26 26 108 237 20 1 113 211 83 4 79 127 113 140 173 254 135 237 22 3 136 142 61 211 10 190 93 58 192]" error="valid quorum unavailable\nmember HTTP 409: DEFERRED\nmember HTTP 409: DEFERRED"
2026/09/24 19:30:30 WARN direct approval quorum unavailable tx="[218 46 26 248 239 206 13 207 96 193 200 137 246 182 144 251 61 84 87 108 51 129 131 41 197 64 196 126 252 159 181 56]" error="valid quorum unavailable\nmember HTTP 409: DEFERRED\nmember HTTP 409: DEFERRED"
2026/09/24 19:30:30 WARN direct approval quorum unavailable tx="[109 44 126 253 253 224 62 103 241 65 135 158 77 125 248 42 101 133 242 82 47 141 205 74 201 98 112 233 123 120 143 183]" error="valid quorum unavailable\nmember HTTP 409: DEFERRED\nmember HTTP 409: DEFERRED\nmember HTTP 409: DEFERRED\nmember HTTP 409: DEFERRED"
2026/09/24 19:30:31 WARN direct approval quorum unavailable tx="[157 50 139 234 37 158 200 84 65 155 19 178 60 134 39 81 47 142 107 194 156 147 235 106 125 249 241 140 35 156 147 100]" error="valid quorum unavailable\nmember HTTP 409: DEFERRED\nmember HTTP 409: DEFERRED"
2026/09/24 19:30:31 WARN direct approval quorum unavailable tx="[58 135 19 217 231 30 43 232 179 2 13 224 157 99 90 247 155 197 52 120 120 54 51 193 148 255 4 245 145 234 99 12]" error="valid quorum unavailable\nmember HTTP 409: DEFERRED\nmember HTTP 409: DEFERRED\nmember HTTP 409: DEFERRED\nmember HTTP 409: DEFERRED"
2026/09/24 19:30:32 WARN direct approval quorum unavailable tx="[84 60 12 254 65 226 11 249 56 192 231 30 224 23 79 224 199 93 212 12 134 35 117 193 130 30 236 63 39 167 188 81]" error="valid quorum unavailable\nmember HTTP 409: DEFERRED\nmember HTTP 409: DEFERRED\nmember HTTP 409: DEFERRED"
2026/09/24 19:30:35 WARN direct approval quorum unavailable tx="[204 209 126 82 130 162 233 65 143 108 194 62 36 145 67 14 193 157 28 191 207 62 22 199 234 213 195 187 60 214 202 129]" error="valid quorum unavailable\nmember HTTP 409: DEFERRED\nmember HTTP 409: DEFERRED\nmember HTTP 409: DEFERRED"
2026/09/24 19:30:36 WARN direct approval quorum unavailable tx="[207 17 217 93 15 182 24 252 197 224 117 23 206 135 104 82 245 70 143 169 122 124 239 129 115 210 2 235 203 172 2 178]" error="valid quorum unavailable\nmember HTTP 409: DEFERRED\nmember HTTP 409: DEFERRED\nmember HTTP 409: DEFERRED"
2026/09/24 19:30:36 WARN direct approval quorum unavailable tx="[0 192 174 126 33 46 68 17 67 161 54 124 59 126 104 158 115 72 252 184 138 176 152 82 126 44 213 55 254 70 114 46]" error="valid quorum unavailable\nmember HTTP 409: DEFERRED\nmember HTTP 409: DEFERRED\nmember HTTP 409: DEFERRED\nmember HTTP 409: DEFERRED"
2026/09/24 19:30:37 WARN direct approval quorum unavailable tx="[82 140 234 71 162 216 65 220 70 169 44 201 118 226 96 148 187 195 127 243 163 200 149 173 165 168 33 10 110 76 147 243]" error="valid quorum unavailable\nmember HTTP 409: DEFERRED\nmember HTTP 409: DEFERRED\nmember HTTP 409: DEFERRED"
2026/09/24 19:30:39 WARN direct approval quorum unavailable tx="[132 6 33 144 159 197 249 41 231 200 239 2 92 38 123 128 36 246 8 243 197 202 19 62 79 142 97 96 102 6 107 59]" error="valid quorum unavailable\nmember HTTP 409: DEFERRED\nmember HTTP 409: DEFERRED\nmember HTTP 409: DEFERRED\nmember HTTP 409: DEFERRED"
2026/09/24 19:30:43 WARN direct approval quorum unavailable tx="[184 58 242 40 219 156 191 245 152 83 249 119 90 29 13 235 58 77 14 128 31 4 154 56 117 34 236 58 141 53 209 21]" error="valid quorum unavailable\nmember HTTP 409: DEFERRED\nmember HTTP 409: DEFERRED"
2026/09/24 19:30:43 WARN direct approval quorum unavailable tx="[36 178 166 156 197 30 201 161 95 27 145 148 120 249 132 204 26 100 138 237 213 207 249 108 251 14 29 207 115 134 40 113]" error="valid quorum unavailable\nmember HTTP 409: DEFERRED\nmember HTTP 409: DEFERRED"
2026/09/24 19:30:44 WARN direct approval quorum unavailable tx="[164 74 92 93 12 206 223 146 134 198 148 159 231 161 146 181 74 14 112 208 230 223 231 77 196 194 197 76 240 28 255 38]" error="valid quorum unavailable\nmember HTTP 409: DEFERRED\nmember HTTP 409: DEFERRED"
2026/09/24 19:30:45 WARN direct approval quorum unavailable tx="[56 171 22 161 129 26 238 120 89 142 184 238 182 96 225 251 227 73 91 224 57 109 142 4 42 58 149 27 252 69 110 193]" error="valid quorum unavailable\nmember HTTP 409: DEFERRED\nmember HTTP 409: DEFERRED\nmember HTTP 409: DEFERRED"
2026/09/24 19:30:46 WARN direct approval quorum unavailable tx="[103 112 102 181 174 94 194 160 49 16 56 3 23 43 250 92 165 38 114 73 174 193 216 133 112 190 139 160 117 37 112 217]" error="valid quorum unavailable\nmember HTTP 409: DEFERRED\nmember HTTP 409: DEFERRED\nmember HTTP 409: DEFERRED"
2026/09/24 19:30:46 WARN direct approval quorum unavailable tx="[228 83 36 222 118 155 111 110 173 57 28 50 8 76 250 203 176 101 47 80 87 52 30 31 22 104 5 216 182 185 171 107]" error="valid quorum unavailable\nmember HTTP 409: DEFERRED\nmember HTTP 409: DEFERRED\nmember HTTP 409: DEFERRED"
2026/09/24 19:30:47 WARN direct approval quorum unavailable tx="[238 203 82 122 255 210 228 156 245 15 111 135 150 138 84 37 36 44 241 245 110 194 178 98 34 134 230 232 58 140 187 50]" error="valid quorum unavailable\nmember HTTP 409: DEFERRED\nmember HTTP 409: DEFERRED\nmember HTTP 409: DEFERRED"
2026/09/24 19:30:50 WARN direct approval quorum unavailable tx="[141 143 236 179 21 104 171 67 240 185 20 251 133 80 9 7 216 163 216 9 203 40 101 126 171 156 37 54 180 199 27 208]" error="valid quorum unavailable\nmember HTTP 409: DEFERRED\nmember HTTP 409: DEFERRED\nmember HTTP 409: DEFERRED"
2026/09/24 19:30:53 WARN direct approval quorum unavailable tx="[191 195 49 246 229 161 204 57 120 166 213 232 154 167 183 150 184 40 12 87 183 40 100 60 102 6 161 81 0 186 202 139]" error="valid quorum unavailable\nmember HTTP 409: DEFERRED\nmember HTTP 409: DEFERRED"
2026/09/24 19:30:53 WARN direct approval quorum unavailable tx="[158 59 131 137 157 228 231 65 192 110 194 161 66 207 199 218 122 72 179 102 170 149 204 124 1 36 91 28 229 8 43 8]" error="valid quorum unavailable\nmember HTTP 409: DEFERRED\nmember HTTP 409: DEFERRED\nmember HTTP 409: DEFERRED"
2026/09/24 19:30:55 WARN direct approval quorum unavailable tx="[43 56 60 0 252 166 235 119 28 73 87 129 62 128 217 114 43 253 77 158 67 2 11 24 204 153 137 246 235 109 44 45]" error="valid quorum unavailable\nmember HTTP 409: DEFERRED\nmember HTTP 409: DEFERRED\nmember HTTP 409: DEFERRED"
2026/09/24 19:30:56 WARN direct approval quorum unavailable tx="[236 11 95 246 172 66 137 154 3 131 206 11 222 9 134 184 44 34 126 20 55 248 106 53 150 105 188 93 205 15 35 23]" error="valid quorum unavailable\nmember HTTP 409: DEFERRED\nmember HTTP 409: DEFERRED"
2026/09/24 19:30:57 WARN direct approval quorum unavailable tx="[6 184 210 77 224 183 197 169 69 194 150 219 146 126 118 121 105 39 165 213 29 88 232 52 158 152 225 124 11 234 245 172]" error="valid quorum unavailable\nmember HTTP 409: DEFERRED\nmember HTTP 409: DEFERRED"
2026/09/24 19:30:58 WARN direct approval quorum unavailable tx="[172 142 6 70 182 241 77 228 153 187 210 193 182 134 9 193 98 82 147 70 110 153 48 192 40 183 156 166 60 239 181 245]" error="valid quorum unavailable\nmember HTTP 409: DEFERRED\nmember HTTP 409: DEFERRED\nmember HTTP 409: DEFERRED"
2026/09/24 19:31:00 WARN direct approval quorum unavailable tx="[2 86 134 140 31 35 99 200 192 163 60 214 146 231 49 129 103 145 188 149 142 201 204 146 51 83 231 97 73 152 13 43]" error="valid quorum unavailable\nmember HTTP 409: DEFERRED\nmember HTTP 409: DEFERRED"
2026/09/24 19:31:00 WARN direct approval quorum unavailable tx="[152 53 231 139 153 114 56 125 244 3 32 55 113 225 105 73 19 32 40 234 252 194 198 10 98 197 243 158 169 226 201 150]" error="valid quorum unavailable\nmember HTTP 409: DEFERRED\nmember HTTP 409: DEFERRED\nmember HTTP 409: DEFERRED\nmember HTTP 409: DEFERRED"
2026/09/24 19:31:01 WARN direct approval quorum unavailable tx="[36 56 69 234 255 128 233 18 79 196 144 254 199 210 27 14 121 169 244 5 223 246 194 216 155 70 20 145 62 175 24 157]" error="valid quorum unavailable\nmember HTTP 409: DEFERRED\nmember HTTP 409: DEFERRED\nmember HTTP 409: DEFERRED"
2026/09/24 19:31:02 WARN direct approval quorum unavailable tx="[13 163 89 63 0 131 227 118 153 188 48 130 200 12 233 245 145 110 93 177 201 73 158 233 141 218 55 102 44 97 171 159]" error="valid quorum unavailable\nmember HTTP 409: DEFERRED\nmember HTTP 409: DEFERRED\nmember HTTP 409: DEFERRED"
2026/09/24 19:31:02 WARN direct approval quorum unavailable tx="[156 9 212 37 64 169 104 158 151 173 193 63 9 225 28 3 184 253 181 191 170 27 31 106 251 114 103 51 242 207 71 177]" error="valid quorum unavailable\nmember HTTP 409: DEFERRED\nmember HTTP 409: DEFERRED\nmember HTTP 409: DEFERRED\nmember HTTP 409: DEFERRED"
2026/09/24 19:31:03 WARN direct approval quorum unavailable tx="[45 160 151 202 40 131 191 209 27 131 27 243 28 216 2 48 14 142 160 107 164 247 16 119 142 93 6 235 196 132 186 83]" error="valid quorum unavailable\nmember HTTP 409: DEFERRED\nmember HTTP 409: DEFERRED\nmember HTTP 409: DEFERRED"
2026/09/24 19:31:05 WARN direct approval quorum unavailable tx="[77 194 50 195 13 174 43 132 29 23 0 157 246 42 83 145 42 1 187 73 7 45 72 176 90 35 35 149 185 51 107 109]" error="valid quorum unavailable\nmember HTTP 409: DEFERRED\nmember HTTP 409: DEFERRED\nmember HTTP 409: DEFERRED"
2026/09/24 19:31:06 WARN direct approval quorum unavailable tx="[121 126 216 122 121 128 137 251 15 249 93 164 13 7 237 110 233 141 159 252 217 108 72 152 254 87 200 190 159 104 251 239]" error="valid quorum unavailable\nmember HTTP 409: DEFERRED\nmember HTTP 409: DEFERRED\nmember HTTP 409: DEFERRED"
