2026/09/24 19:28:49 INFO gateway started listen=127.0.0.1:26301 organization=062f856d452e238aa4b1152acf77e379ee0109b9aa2aec348442e82adf1c6512
2026/09/24 19:29:07 WARN direct approval quorum unavailable tx="[233 68 102 74 76 135 86 142 86 135 21 50 173 143 182 115 87 255 27 8 110 45 213 191 144 239 249 31 193 234 225 82]" error="valid quorum unavailable\nmember HTTP 409: DEFERRED\nmember HTTP 409: DEFERRED"
2026/09/24 19:29:08 WARN direct approval quorum unavailable tx="[219 17 44 82 74 211 18 38 189 105 169 13 197 19 195 34 1 81 204 226 127 194 242 109 141 32 32 34 150 109 94 164]" error="valid quorum unavailable\nmember HTTP 409: DEFERRED\nmember HTTP 409: DEFERRED\nmember HTTP 409: DEFERRED"
2026/09/24 19:29:10 WARN direct approval quorum unavailable tx="[86 222 103 131 184 65 38 106 133 122 96 116 208 209 61 26 135 120 12 224 96 252 13 240 150 4 224 86 40 72 39 60]" error="valid quorum unavailable\nmember HTTP 409: DEFERRED\nmember HTTP 409: DEFERRED\nmember HTTP 409: DEFERRED"
2026/09/24 19:29:12 WARN direct approval quorum unavailable tx="[28 12 188 113 123 79 128 125 171 221 170 84 4 163 119 190 39 137 91 123 70 65 222 131 100 234 169 149 28 89 187 182]" error="valid quorum unavailable\nmember HTTP 409: DEFERRED\nmember HTTP 409: DEFERRED\nmember HTTP 409: DEFERRED"
2026/09/24 19:29:14 WARN direct approval quorum unavailable tx="[129 171 173 42 33 28 127 80 135 160 24 25 110 162 220 71 193 158 4 252 143 2 202 124 53 51 231 208 88 82 88 164]" error="valid quorum unavailable\nmember HTTP 409: DEFERRED\nmember HTTP 409: DEFERRED\nmember HTTP 409: DEFERRED"
2026/09/24 19:29:15 WARN direct approval quorum unavailable tx="[223 218 150 139 109 153 40 82 77 176 41 191 124 48 127 230 45 216 13 21 141 11 59 249 8 77 123 45 5 230 111 86]" error="valid quorum unavailable\nmember HTTP 409: DEFERRED\nmember HTTP 409: DEFERRED"
2026/09/24 19:29:17 WARN direct approval quorum unavailable tx="[51 53 223 1 78 100 147 87 228 137 121 70 32 138 147 173 67 219 67 157 153 127 11 255 220 181 50 67 82 76 230 160]" error="valid quorum unavailable\nmember HTTP 409: DEFERRED\nmember HTTP 409: DEFERRED\nmember HTTP 409: DEFERRED"
2026/09/24 19:29:19 WARN direct approval quorum unavailable tx="[98 45 93 188 211 133 210 171 77 18 176 135 78 222 137 20 48 149 116 37 45 96 31 34 84 6 41 32 64 220 144 176]" error="valid quorum unavailable\nmember HTTP 409: DEFERRED\nmember HTTP 409: DEFERRED\nmember HTTP 409: DEFERRED"
2026/09/24 19:29:28 WARN direct approval quorum unavailable tx="[235 21 141 59 240 209 180 215 93 92 12 34 150 116 253 212 6 37 83 75 61 1 138 176 242 75 88 243 134 214 63 125]" error="valid quorum unavailable\nmember HTTP 409: DEFERRED\nmember HTTP 409: DEFERRED"
2026/09/24 19:29:34 WARN direct approval quorum unavailable tx="[39 190 167 39 75 0 204 177 215 149 164 156 4 203 228 31 193 250 27 45 166 150 236 141 133 108 131 222 166 225 55 13]" error="valid quorum unavailable\nmember HTTP 409: DEFERRED\nmember HTTP 409: DEFERRED\nmember HTTP 409: DEFERRED"
2026/09/24 19:29:34 WARN direct approval quorum unavailable tx="[143 30 120 25 40 131 21 122 191 193 43 14 77 61 253 127 84 193 85 139 240 219 10 204 54 217 237 51 134 21 92 111]" error="valid quorum unavailable\nmember HTTP 409: DEFERRED\nmember HTTP 409: DEFERRED\nmember HTTP 409: DEFERRED"
2026/09/24 19:29:35 WARN direct approval quorum unavailable tx="[66 69 123 9 200 39 154 30 119 98 10 91 83 42 205 189 129 177 54 147 99 46 253 21 22 117 55 30 34 70 84 65]" error="valid quorum unavailable\nmember HTTP 409: DEFERRED\nmember HTTP 409: DEFERRED"
2026/09/24 19:29:41 WARN direct approval quorum unavailable tx="[79 120 170 180 239 81 35 223 38 136 198 184 8 188 65 219 197 211 52 181 77 183 47 181 30 181 141 144 152 146 143 202]" error="valid quorum unavailable\nmember HTTP 409: DEFERRED\nmember HTTP 409: DEFERRED"
2026/09/24 19:29:44 WARN direct approval quorum unavailable tx="[140 243 15 19 51 177 84 54 183 68 17 195 109 52 41 58 142 107 210 128 144 21 51 121 88 201 239 102 126 241 247 165]" error="valid quorum unavailable\nmember HTTP 409: DEFERRED\nmember HTTP 409: DEFERRED\nmember HTTP 409: DEFERRED"
2026/09/24 19:29:47 WARN direct approval quorum unavailable tx="[144 144 204 63 47 235 171 42 62 185 146 234 155 189 195 90 207 177 160 153 114 249 126 61 133 51 167 14 38 48 148 207]" error="valid quorum unavailable\nmember HTTP 409: DEFERRED\nmember HTTP 409: DEFERRED"
2026/09/24 19:29:52 WARN direct approval quorum unavailable tx="[22 52 113 151 142 74 176 2 90 206 219 31 128 59 22 166 159 51 29 32 9 185 128 32 205 254 77 45 211 137 31 40]" error="valid quorum unavailable\nmember HTTP 409: DEFERRED\nmember HTTP 409: DEFERRED\nmember HTTP 409: DEFERRED"
2026/09/24 19:29:53 WARN direct approval quorum unavailable tx="[235 111 55 127 225 131 179 12 118 249 169 197 168 187 228 130 162 40 108 38 22 138 212 143 228 7 199 8 105 61 163 19]" error="valid quorum unavailable\nmember HTTP 409: DEFERRED\nmember HTTP 409: DEFERRED"
2026/09/24 19:29:53 WARN direct approval quorum unavailable tx="[68 186 205 103 6 230 251 179 75 170 235 231 95 212 60 197 225 205 81 70 223 147 241 22 177 113 149 42 228 151 8 30]" error="valid quorum unavailable\nmember HTTP 409: DEFERRED\nmember HTTP 409: DEFERRED"
2026/09/24 19:29:55 WARN direct approval quorum unavailable tx="[212 94 210 53 19 193 143 225 219 156 85 103 233 42 245 65 103 22 42 120 189 23 81 99 9 145 32 2 59 26 133 4]" error="valid quorum unavailable\nmember HTTP 409: DEFERRED\nmember HTTP 409: DEFERRED\nmember HTTP 409: DEFERRED"
2026/09/24 19:29:58 WARN direct approval quorum unavailable tx="[86 228 110 46 227 143 64 216 70 145 25 51 2 76 41 213 140 212 175 249 85 210 103 208 43 52 125 201 139 201 165 29]" error="valid quorum unavailable\nmember HTTP 409: DEFERRED\nmember HTTP 409: DEFERRED"
2026/09/24 19:29:59 WARN direct approval quorum unavailable tx="[27 153 2 156 164 114 37 191 112 69 95 31 19 144 2 154 69 100 156 46 83 213 72 101 31 74 215 168 113 232 182 166]" error="valid quorum unavailable\nmember HTTP 409: DEFERRED\nmember HTTP 409: DEFERRED\nmember HTTP 409: DEFERRED"
2026/09/24 19:30:00 WARN direct approval quorum unavailable tx="[201 70 251 232 160 144 47 166 136 206 187 112 152 132 102 32 243 136 149 93 238 153 4 147 162 215 228 209 214 54 195 31]" error="valid quorum unavailable\nmember HTTP 409: DEFERRED\nmember HTTP 409: DEFERRED"
2026/09/24 19:30:00 WARN direct approval quorum unavailable tx="[119 227 195 151 178 12 156 5 142 124 138 65 115 222 78 132 163 48 0 135 38 175 123 175 253 167 250 102 71 124 196 192]" error="valid quorum unavailable\nmember HTTP 409: DEFERRED\nmember HTTP 409: DEFERRED\nmember HTTP 409: DEFERRED"
2026/09/24 19:30:01 WARN direct approval quorum unavailable tx="[54 169 60 229 67 26 255 84 125 221 171 208 243 234 23 60 219 229 188 187 90 154 75 69 120 42 9 91 63 220 12 15]" error="valid quorum unavailable\nmember HTTP 409: DEFERRED\nmember HTTP 409: DEFERRED"
2026/09/24 19:30:01 WARN direct approval quorum unavailable tx="[89 15 38 22 43 115 232 97 69 252 158 113 218 68 217 145 225 111 39 136 241 208 254 76 3 1 243 77 50 79 232 155]" error="valid quorum unavailable\nmember HTTP 409: DEFERRED\nmember HTTP 409: DEFERRED\nmember HTTP 409: DEFERRED"
2026/09/24 19:30:06 WARN direct approval quorum unavailable tx="[181 79 144 150 247 223 122 179 8 75 92 233 179 5 1 143 218 141 34 57 41 126 53 192 63 252 207 179 240 49 67 161]" error="valid quorum unavailable\nmember HTTP 409: DEFERRED\nmember HTTP 409: DEFERRED"
2026/09/24 19:30:08 WARN direct approval quorum unavailable tx="[16 133 25 240 137 96 213 188 93 165 12 46 180 11 127 51 12 176 241 26 48 251 219 186 193 59 16 29 72 123 17 130]" error="valid quorum unavailable\nmember HTTP 409: DEFERRED\nmember HTTP 409: DEFERRED\nmember HTTP 409: DEFERRED"
2026/09/24 19:30:11 WARN direct approval quorum unavailable tx="[224 112 91 56 6 54 235 195 40 15 239 68 170 135 113 73 5 77 113 39 191 105 206 209 240 78 114 226 106 215 65 157]" error="valid quorum unavailable\nmember HTTP 409: DEFERRED\nmember HTTP 409: DEFERRED"
2026/09/24 19:30:12 WARN direct approval quorum unavailable tx="[99 208 69 7 36 236 106 70 149 166 199 57 160 225 35 110 83 253 103 171 114 153 37 178 153 64 77 32 251 108 175 216]" error="valid quorum unavailable\nmember HTTP 409: DEFERRED\nmember HTTP 409: DEFERRED"
2026/09/24 19:30:14 WARN direct approval quorum unavailable tx="[225 253 223 204 149 149 72 95 86 24 140 240 176 93 220 164 243 39 152 132 44 204 14 121 6 12 22 99 28 67 44 240]" error="valid quorum unavailable\nmember HTTP 409: DEFERRED\nmember HTTP 409: DEFERRED\nmember HTTP 409: DEFERRED"
2026/09/24 19:30:16 WARN direct approval quorum unavailable tx="[89 249 184 189 201 99 193 249 247 209 9 43 7 64 214 190 120 49 103 198 83 23 197 200 214 161 191 130 94 127 21 53]" error="valid quorum unavailable\nmember HTTP 409: DEFERRED\nmember HTTP 409: DEFERRED\nmember HTTP 409: DEFERRED"
2026/09/24 19:30:17 WARN direct approval quorum unavailable tx="[114 204 166 60 170 8 60 86 100 240 33 100 146 122 92 81 148 5 93 228 116 108 2 106 43 13 223 132 221 176 120 45]" error="valid quorum unavailable\nmember HTTP 409: DEFERRED\nmember HTTP 409: DEFERRED\nmember HTTP 409: DEFERRED"
2026/09/24 19:30:18 WARN direct approval quorum unavailable tx="[70 130 249 61 42 83 249 202 76 110 86 88 201 23 1 4 239 83 164 244 99 70 162 73 171 37 83 59 50 189 236 119]" error="valid quorum unavailable\nmember HTTP 409: DEFERRED\nmember HTTP 409: DEFERRED\nmember HTTP 409: DEFERRED"
2026/09/24 19:30:19 WARN direct approval quorum unavailable tx="[125 0 189 85 53 29 233 184 160 179 7 119 251 244 111 42 111 77 168 189 250 225 8 124 24 103 54 92 68 142 136 32]" error="valid quorum unavailable\nmember HTTP 409: DEFERRED\nmember HTTP 409: DEFERRED\nmember HTTP 409: DEFERRED"
2026/09/24 19:30:20 WARN direct approval quorum unavailable tx="[198 200 41 70 84 195 94 131 186 240 11 179 236 25 63 91 195 53 33 214 136 64 20 46 126 226 28 43 68 48 127 200]" error="valid quorum unavailable\nmember HTTP 409: DEFERRED\nmember HTTP 409: DEFERRED\nmember HTTP 409: DEFERRED"
2026/09/24 19:30:24 WARN direct approval quorum unavailable tx="[153 155 197 249 82 162 72 163 193 179 65 98 67 218 24 97 12 16 25 19 219 245 158 165 159 89 3 196 31 92 32 0]" error="valid quorum unavailable\nmember HTTP 409: DEFERRED\nmember HTTP 409: DEFERRED\nmember HTTP 409: DEFERRED"
2026/09/24 19:30:25 WARN direct approval quorum unavailable tx="[114 156 207 183 219 174 120 169 207 234 26 225 237 79 229 208 40 137 218 31 131 133 56 141 33 204 19 222 98 19 162 242]" error="valid quorum unavailable\nmember HTTP 409: DEFERRED\nmember HTTP 409: DEFERRED"
2026/09/24 19:30:26 WARN direct approval quorum unavailable tx="[39 70 93 196 49 208 61 227 230 43 93 58 159 194 1 68 254 42 181 70 239 43 36 4 111 199 115 49 200 203 206 188]" error="valid quorum unavailable\nmember HTTP 409: DEFERRED\nmember HTTP 409: DEFERRED"
2026/09/24 19:30:31 WARN direct approval quorum unavailable tx="[165 228 55 57 149 103 20 213 245 48 7 74 141 104 248 207 159 113 211 37 137 72 185 245 198 36 131 168 196 115 14 70]" error="valid quorum unavailable\nmember HTTP 409: DEFERRED\nmember HTTP 409: DEFERRED"
2026/09/24 19:30:34 WARN direct approval quorum unavailable tx="[209 84 232 244 36 202 214 29 12 163 231 226 251 170 254 173 193 58 30 75 50 67 32 133 122 100 12 253 27 133 143 53]" error="valid quorum unavailable\nmember HTTP 409: DEFERRED\nmember HTTP 409: DEFERRED"
2026/09/24 19:30:35 WARN direct approval quorum unavailable tx="[233 248 182 218 181 69 198 167 14 87 226 95 62 35 44 250 10 218 4 169 110 87 210 168 36 122 114 49 217 14 248 34]" error="valid quorum unavailable\nmember HTTP 409: DEFERRED\nmember HTTP 409: DEFERRED\nmember HTTP 409: DEFERRED"
2026/09/24 19:30:37 WARN direct approval quorum unavailable tx="[107 247 83 249 100 40 120 151 177 25 40 22 123 160 184 19 174 78 216 27 217 241 85 86 62 35 41 106 253 66 206 152]" error="valid quorum unavailable\nmember HTTP 409: DEFERRED\nmember HTTP 409: DEFERRED\nmember HTTP 409: DEFERRED"
2026/09/24 19:30:39 WARN direct approval quorum unavailable tx="[226 11 94 124 223 173 8 131 178 115 171 168 233 53 107 201 143 214 115 55 82 129 33 12 39 29 150 115 237 137 38 89]" error="valid quorum unavailable\nmember HTTP 409: DEFERRED\nmember HTTP 409: DEFERRED"
2026/09/24 19:30:51 WARN direct approval quorum unavailable tx="[20 85 91 139 109 219 92 218 252 113 221 148 218 201 114 8 107 194 199 233 84 234 158 254 86 89 213 38 122 189 109 132]" error="valid quorum unavailable\nmember HTTP 409: DEFERRED\nmember HTTP 409: DEFERRED"
2026/09/24 19:30:52 WARN direct approval quorum unavailable tx="[170 56 171 120 128 28 52 67 109 222 69 26 14 229 8 89 39 129 176 177 167 203 192 92 148 45 200 27 149 86 138 172]" error="valid quorum unavailable\nmember HTTP 409: DEFERRED\nmember HTTP 409: DEFERRED"
2026/09/24 19:30:55 WARN direct approval quorum unavailable tx="[8 216 61 63 106 116 64 209 32 118 87 101 149 53 122 91 146 179 5 51 14 6 54 54 150 170 116 123 217 26 42 236]" error="valid quorum unavailable\nmember HTTP 409: DEFERRED\nmember HTTP 409: DEFERRED"
2026/09/24 19:31:00 WARN direct approval quorum unavailable tx="[98 60 97 1 231 214 38 172 9 56 66 77 219 78 203 221 59 2 120 147 105 57 55 8 34 76 221 65 60 83 4 146]" error="valid quorum unavailable\nmember HTTP 409: DEFERRED\nmember HTTP 409: DEFERRED\nmember HTTP 409: DEFERRED"
2026/09/24 19:31:02 WARN direct approval quorum unavailable tx="[42 47 100 166 84 140 73 241 181 30 190 225 70 107 174 96 25 60 174 41 238 187 132 177 46 112 121 133 123 157 87 94]" error="valid quorum unavailable\nmember HTTP 409: DEFERRED\nmember HTTP 409: DEFERRED\nmember HTTP 409: DEFERRED"
2026/09/24 19:31:03 WARN direct approval quorum unavailable tx="[175 46 190 198 168 251 241 24 200 219 164 191 26 86 95 183 65 111 229 157 117 156 88 216 146 244 187 220 59 254 75 247]" error="valid quorum unavailable\nmember HTTP 409: DEFERRED\nmember HTTP 409: DEFERRED"
2026/09/24 19:31:04 WARN direct approval quorum unavailable tx="[153 170 44 32 246 146 148 129 96 120 245 84 195 150 70 228 111 61 115 246 95 36 254 188 153 53 165 230 161 18 107 184]" error="valid quorum unavailable\nmember HTTP 409: DEFERRED\nmember HTTP 409: DEFERRED"
