[
  {
    "Name": "org0-member0",
    "Approvals": 133,
    "Pending": 0,
    "Payments": 0,
    "Closed": 0,
    "CAL": "",
    "FUEL": "",
    "Rewards": "",
    "Burned": ""
  },
  {
    "Name": "org0-member1",
    "Approvals": 119,
    "Pending": 0,
    "Payments": 0,
    "Closed": 0,
    "CAL": "",
    "FUEL": "",
    "Rewards": "",
    "Burned": ""
  },
  {
    "Name": "org0-member2",
    "Approvals": 121,
    "Pending": 0,
    "Payments": 0,
    "Closed": 0,
    "CAL": "",
    "FUEL": "",
    "Rewards": "",
    "Burned": ""
  },
  {
    "Name": "org0-member3",
    "Approvals": 133,
    "Pending": 0,
    "Payments": 0,
    "Closed": 0,
    "CAL": "",
    "FUEL": "",
    "Rewards": "",
    "Burned": ""
  },
  {
    "Name": "gateway0",
    "Approvals": 0,
    "Pending": 0,
    "Payments": 0,
    "Closed": 0,
    "CAL": "",
    "FUEL": "",
    "Rewards": "",
    "Burned": ""
  },
  {
    "Name": "committee0",
    "Approvals": 0,
    "Pending": 0,
    "Payments": 110,
    "Closed": 110,
    "CAL": "1000001203600",
    "FUEL": "120000000",
    "Rewards": "9240",
    "Burned": "1100",
    "StateHash": "0dd7e342b8e7ec40fc15e99a6d17020832532338bd7adaa05cfdc3fe797b54c1",
    "Gap": "0"
  },
  {
    "Name": "committee1",
    "Approvals": 0,
    "Pending": 0,
    "Payments": 110,
    "Closed": 110,
    "CAL": "1000001203600",
    "FUEL": "120000000",
    "Rewards": "9240",
    "Burned": "1100",
    "StateHash": "0dd7e342b8e7ec40fc15e99a6d17020832532338bd7adaa05cfdc3fe797b54c1",
    "Gap": "0"
  },
  {
    "Name": "committee2",
    "Approvals": 0,
    "Pending": 0,
    "Payments": 110,
    "Closed": 110,
    "CAL": "1000001203600",
    "FUEL": "120000000",
    "Rewards": "9240",
    "Burned": "1100",
    "StateHash": "0dd7e342b8e7ec40fc15e99a6d17020832532338bd7adaa05cfdc3fe797b54c1",
    "Gap": "0"
  },
  {
    "Name": "committee3",
    "Approvals": 0,
    "Pending": 0,
    "Payments": 110,
    "Closed": 110,
    "CAL": "1000001203600",
    "FUEL": "120000000",
    "Rewards": "9240",
    "Burned": "1100",
    "StateHash": "0dd7e342b8e7ec40fc15e99a6d17020832532338bd7adaa05cfdc3fe797b54c1",
    "Gap": "0"
  }
]
Supply and original-debit accounting verified: /Users/richz/lab/man/utxo-fastpay-v12/.run/budget-adaptive-r2-low/reports/audit.json
