{"label": "r1-calibration-p0", "offered": 1200, "admitted": 1200, "not_started": 0, "parent_ready": 1200, "child_ready": 1200, "closed_units": 1200, "payments": 2400, "closed_payments": 2400, "gap": "0"}
{
  "case": "r1-calibration-p0",
  "passed": true,
  "checks": {
    "all_offered_started": true,
    "all_units_closed": true,
    "no_driver_errors": true,
    "all_selected_admitted": true,
    "repair_count_matches_selected": true,
    "physical_before_parent_and_child_already_final": true,
    "committee_state_equal": true,
    "gap_closed": true,
    "all_public": true,
    "cal_loss": true,
    "no_organization_fuel": true,
    "fee_conservation": true,
    "owner_conservation": true,
    "all_fees_closed": true,
    "full_fee_formula": true
  },
  "offered_units": 1200,
  "admitted_units": 1200,
  "not_started": 0,
  "closed_units": 1200,
  "selected_exceptions": 0,
  "actual_repairs": 0,
  "actual_obligations": 1200,
  "physical_complete": 0,
  "cal_net_loss": 0,
  "fee": {
    "Maximum": 2400000,
    "Held": 0,
    "Rewards": 201600,
    "Burned": 24000,
    "Refunded": 2174400
  },
  "timing": {
    "normal_parent_fast_ms": {
      "n": 1200,
      "p50": 1.2,
      "p95": 1.471,
      "max": 88.732
    },
    "normal_child_fast_ms": {
      "n": 1200,
      "p50": 1.197,
      "p95": 1.506,
      "max": 18.178
    },
    "exceptional_parent_fast_ms": {
      "n": 0,
      "p50": null,
      "p95": null,
      "max": null
    },
    "exceptional_child_fast_ms": {
      "n": 0,
      "p50": null,
      "p95": null,
      "max": null
    },
    "deadline_to_first_commit_observed_ms": {
      "n": 0,
      "p50": null,
      "p95": null,
      "max": null
    },
    "deadline_to_all_physical_observed_ms": {
      "n": 0,
      "p50": null,
      "p95": null,
      "max": null
    }
  },
  "errors": [],
  "unfinished_exceptions": [],
  "probe_requests": 0,
  "probe_errors": 0,
  "elapsed_s": 61.752255,
  "timing_note": "Local observation times include 250 ms polling, RPC and scheduling; no exact remote Commit latency claim."
}
{"label": "r1-calibration-p5", "offered": 1200, "admitted": 1200, "not_started": 0, "parent_ready": 1200, "child_ready": 1200, "closed_units": 1200, "payments": 2400, "closed_payments": 2400, "gap": "0"}
{
  "case": "r1-calibration-p5",
  "passed": true,
  "checks": {
    "all_offered_started": true,
    "all_units_closed": true,
    "no_driver_errors": true,
    "all_selected_admitted": true,
    "repair_count_matches_selected": true,
    "physical_before_parent_and_child_already_final": true,
    "committee_state_equal": true,
    "gap_closed": true,
    "all_public": true,
    "cal_loss": true,
    "no_organization_fuel": true,
    "fee_conservation": true,
    "owner_conservation": true,
    "all_fees_closed": true,
    "full_fee_formula": true
  },
  "offered_units": 1200,
  "admitted_units": 1200,
  "not_started": 0,
  "closed_units": 1200,
  "selected_exceptions": 60,
  "actual_repairs": 60,
  "actual_obligations": 1200,
  "physical_complete": 60,
  "cal_net_loss": 6000,
  "fee": {
    "Maximum": 2400000,
    "Held": 0,
    "Rewards": 201900,
    "Burned": 24000,
    "Refunded": 2174100
  },
  "timing": {
    "normal_parent_fast_ms": {
      "n": 1140,
      "p50": 1.201,
      "p95": 1.51,
      "max": 69.792
    },
    "normal_child_fast_ms": {
      "n": 1140,
      "p50": 1.194,
      "p95": 1.487,
      "max": 81.279
    },
    "exceptional_parent_fast_ms": {
      "n": 60,
      "p50": 1.2,
      "p95": 1.431,
      "max": 1.793
    },
    "exceptional_child_fast_ms": {
      "n": 60,
      "p50": 1.21,
      "p95": 1.467,
      "max": 8.297
    },
    "deadline_to_first_commit_observed_ms": {
      "n": 60,
      "p50": 1253.580032,
      "p95": 2006.653952,
      "max": 2257.124096
    },
    "deadline_to_all_physical_observed_ms": {
      "n": 60,
      "p50": 1507.311104,
      "p95": 2011.373056,
      "max": 2510.934016
    }
  },
  "errors": [],
  "unfinished_exceptions": [],
  "probe_requests": 1882,
  "probe_errors": 95,
  "elapsed_s": 90.301785,
  "timing_note": "Local observation times include 250 ms polling, RPC and scheduling; no exact remote Commit latency claim."
}
