{"label": "r1-s23-p0", "offered": 6000, "admitted": 6000, "not_started": 0, "parent_ready": 6000, "child_ready": 6000, "closed_units": 6000, "payments": 12000, "closed_payments": 12000, "gap": "0"}
{
  "case": "r1-s23-p0",
  "passed": true,
  "checks": {
    "all_offered_started": true,
    "all_units_closed": true,
    "no_driver_errors": true,
    "all_selected_admitted": true,
    "repair_count_matches_selected": true,
    "physical_before_parent_and_child_already_final": true,
    "committee_state_equal": true,
    "gap_closed": true,
    "all_public": true,
    "cal_loss": true,
    "no_organization_fuel": true,
    "fee_conservation": true,
    "owner_conservation": true,
    "all_fees_closed": true,
    "full_fee_formula": true
  },
  "offered_units": 6000,
  "admitted_units": 6000,
  "not_started": 0,
  "closed_units": 6000,
  "selected_exceptions": 0,
  "actual_repairs": 0,
  "actual_obligations": 6000,
  "physical_complete": 0,
  "cal_net_loss": 0,
  "fee": {
    "Maximum": 12000000,
    "Held": 0,
    "Rewards": 1008000,
    "Burned": 120000,
    "Refunded": 10872000
  },
  "timing": {
    "normal_parent_fast_ms": {
      "n": 6000,
      "p50": 1.218,
      "p95": 1.627,
      "max": 534.98
    },
    "normal_child_fast_ms": {
      "n": 6000,
      "p50": 1.203,
      "p95": 1.841,
      "max": 16.336
    },
    "exceptional_parent_fast_ms": {
      "n": 0,
      "p50": null,
      "p95": null,
      "max": null
    },
    "exceptional_child_fast_ms": {
      "n": 0,
      "p50": null,
      "p95": null,
      "max": null
    },
    "deadline_to_first_commit_observed_ms": {
      "n": 0,
      "p50": null,
      "p95": null,
      "max": null
    },
    "deadline_to_all_physical_observed_ms": {
      "n": 0,
      "p50": null,
      "p95": null,
      "max": null
    }
  },
  "errors": [],
  "unfinished_exceptions": [],
  "probe_requests": 0,
  "probe_errors": 0,
  "elapsed_s": 301.816681,
  "timing_note": "Local observation times include 250 ms polling, RPC and scheduling; no exact remote Commit latency claim."
}
{"label": "r1-s23-p1", "offered": 6000, "admitted": 6000, "not_started": 0, "parent_ready": 6000, "child_ready": 6000, "closed_units": 6000, "payments": 12000, "closed_payments": 12000, "gap": "0"}
{
  "case": "r1-s23-p1",
  "passed": true,
  "checks": {
    "all_offered_started": true,
    "all_units_closed": true,
    "no_driver_errors": true,
    "all_selected_admitted": true,
    "repair_count_matches_selected": true,
    "physical_before_parent_and_child_already_final": true,
    "committee_state_equal": true,
    "gap_closed": true,
    "all_public": true,
    "cal_loss": true,
    "no_organization_fuel": true,
    "fee_conservation": true,
    "owner_conservation": true,
    "all_fees_closed": true,
    "full_fee_formula": true
  },
  "offered_units": 6000,
  "admitted_units": 6000,
  "not_started": 0,
  "closed_units": 6000,
  "selected_exceptions": 60,
  "actual_repairs": 60,
  "actual_obligations": 6000,
  "physical_complete": 60,
  "cal_net_loss": 6000,
  "fee": {
    "Maximum": 12000000,
    "Held": 0,
    "Rewards": 1008300,
    "Burned": 120000,
    "Refunded": 10871700
  },
  "timing": {
    "normal_parent_fast_ms": {
      "n": 5940,
      "p50": 1.217,
      "p95": 1.629,
      "max": 531.428
    },
    "normal_child_fast_ms": {
      "n": 5940,
      "p50": 1.197,
      "p95": 1.663,
      "max": 21.49
    },
    "exceptional_parent_fast_ms": {
      "n": 60,
      "p50": 1.237,
      "p95": 1.454,
      "max": 162.153
    },
    "exceptional_child_fast_ms": {
      "n": 60,
      "p50": 1.19,
      "p95": 1.476,
      "max": 2.55
    },
    "deadline_to_first_commit_observed_ms": {
      "n": 60,
      "p50": 1253.146112,
      "p95": 1505.072128,
      "max": 1506.09408
    },
    "deadline_to_all_physical_observed_ms": {
      "n": 60,
      "p50": 1507.301888,
      "p95": 2011.443968,
      "max": 2015.776
    }
  },
  "errors": [],
  "unfinished_exceptions": [],
  "probe_requests": 1948,
  "probe_errors": 96,
  "elapsed_s": 332.436821,
  "timing_note": "Local observation times include 250 ms polling, RPC and scheduling; no exact remote Commit latency claim."
}
{"label": "r1-s23-p5", "offered": 6000, "admitted": 6000, "not_started": 0, "parent_ready": 6000, "child_ready": 6000, "closed_units": 6000, "payments": 12000, "closed_payments": 12000, "gap": "0"}
{
  "case": "r1-s23-p5",
  "passed": true,
  "checks": {
    "all_offered_started": true,
    "all_units_closed": true,
    "no_driver_errors": true,
    "all_selected_admitted": true,
    "repair_count_matches_selected": true,
    "physical_before_parent_and_child_already_final": true,
    "committee_state_equal": true,
    "gap_closed": true,
    "all_public": true,
    "cal_loss": true,
    "no_organization_fuel": true,
    "fee_conservation": true,
    "owner_conservation": true,
    "all_fees_closed": true,
    "full_fee_formula": true
  },
  "offered_units": 6000,
  "admitted_units": 6000,
  "not_started": 0,
  "closed_units": 6000,
  "selected_exceptions": 300,
  "actual_repairs": 300,
  "actual_obligations": 6000,
  "physical_complete": 300,
  "cal_net_loss": 30000,
  "fee": {
    "Maximum": 12000000,
    "Held": 0,
    "Rewards": 1009500,
    "Burned": 120000,
    "Refunded": 10870500
  },
  "timing": {
    "normal_parent_fast_ms": {
      "n": 5700,
      "p50": 1.213,
      "p95": 1.693,
      "max": 527.518
    },
    "normal_child_fast_ms": {
      "n": 5700,
      "p50": 1.198,
      "p95": 1.742,
      "max": 507.5
    },
    "exceptional_parent_fast_ms": {
      "n": 300,
      "p50": 1.211,
      "p95": 1.583,
      "max": 159.861
    },
    "exceptional_child_fast_ms": {
      "n": 300,
      "p50": 1.195,
      "p95": 1.492,
      "max": 13.167
    },
    "deadline_to_first_commit_observed_ms": {
      "n": 300,
      "p50": 1255.411968,
      "p95": 2004.815872,
      "max": 2507.478016
    },
    "deadline_to_all_physical_observed_ms": {
      "n": 300,
      "p50": 1758.179072,
      "p95": 2261.117952,
      "max": 2762.668032
    }
  },
  "errors": [],
  "unfinished_exceptions": [],
  "probe_requests": 10145,
  "probe_errors": 485,
  "elapsed_s": 331.842874,
  "timing_note": "Local observation times include 250 ms polling, RPC and scheduling; no exact remote Commit latency claim."
}
{"label": "r1-s37-p1", "offered": 6000, "admitted": 6000, "not_started": 0, "parent_ready": 6000, "child_ready": 6000, "closed_units": 6000, "payments": 12000, "closed_payments": 12000, "gap": "0"}
{
  "case": "r1-s37-p1",
  "passed": true,
  "checks": {
    "all_offered_started": true,
    "all_units_closed": true,
    "no_driver_errors": true,
    "all_selected_admitted": true,
    "repair_count_matches_selected": true,
    "physical_before_parent_and_child_already_final": true,
    "committee_state_equal": true,
    "gap_closed": true,
    "all_public": true,
    "cal_loss": true,
    "no_organization_fuel": true,
    "fee_conservation": true,
    "owner_conservation": true,
    "all_fees_closed": true,
    "full_fee_formula": true
  },
  "offered_units": 6000,
  "admitted_units": 6000,
  "not_started": 0,
  "closed_units": 6000,
  "selected_exceptions": 60,
  "actual_repairs": 60,
  "actual_obligations": 6000,
  "physical_complete": 60,
  "cal_net_loss": 6000,
  "fee": {
    "Maximum": 12000000,
    "Held": 0,
    "Rewards": 1008300,
    "Burned": 120000,
    "Refunded": 10871700
  },
  "timing": {
    "normal_parent_fast_ms": {
      "n": 5940,
      "p50": 1.21,
      "p95": 1.661,
      "max": 523.39
    },
    "normal_child_fast_ms": {
      "n": 5940,
      "p50": 1.196,
      "p95": 1.665,
      "max": 413.13
    },
    "exceptional_parent_fast_ms": {
      "n": 60,
      "p50": 1.203,
      "p95": 1.432,
      "max": 216.073
    },
    "exceptional_child_fast_ms": {
      "n": 60,
      "p50": 1.193,
      "p95": 1.556,
      "max": 2.439
    },
    "deadline_to_first_commit_observed_ms": {
      "n": 60,
      "p50": 1253.34912,
      "p95": 1755.744,
      "max": 1756.22912
    },
    "deadline_to_all_physical_observed_ms": {
      "n": 60,
      "p50": 1507.22304,
      "p95": 2009.787904,
      "max": 2010.550016
    }
  },
  "errors": [],
  "unfinished_exceptions": [],
  "probe_requests": 1958,
  "probe_errors": 98,
  "elapsed_s": 329.857303,
  "timing_note": "Local observation times include 250 ms polling, RPC and scheduling; no exact remote Commit latency claim."
}
{"label": "r1-s37-p5", "offered": 6000, "admitted": 6000, "not_started": 0, "parent_ready": 6000, "child_ready": 6000, "closed_units": 6000, "payments": 12000, "closed_payments": 12000, "gap": "0"}
{
  "case": "r1-s37-p5",
  "passed": true,
  "checks": {
    "all_offered_started": true,
    "all_units_closed": true,
    "no_driver_errors": true,
    "all_selected_admitted": true,
    "repair_count_matches_selected": true,
    "physical_before_parent_and_child_already_final": true,
    "committee_state_equal": true,
    "gap_closed": true,
    "all_public": true,
    "cal_loss": true,
    "no_organization_fuel": true,
    "fee_conservation": true,
    "owner_conservation": true,
    "all_fees_closed": true,
    "full_fee_formula": true
  },
  "offered_units": 6000,
  "admitted_units": 6000,
  "not_started": 0,
  "closed_units": 6000,
  "selected_exceptions": 300,
  "actual_repairs": 300,
  "actual_obligations": 5999,
  "physical_complete": 300,
  "cal_net_loss": 30000,
  "fee": {
    "Maximum": 12000000,
    "Held": 0,
    "Rewards": 1009500,
    "Burned": 120000,
    "Refunded": 10870500
  },
  "timing": {
    "normal_parent_fast_ms": {
      "n": 5700,
      "p50": 1.218,
      "p95": 1.639,
      "max": 575.839
    },
    "normal_child_fast_ms": {
      "n": 5700,
      "p50": 1.196,
      "p95": 1.639,
      "max": 25.88
    },
    "exceptional_parent_fast_ms": {
      "n": 300,
      "p50": 1.208,
      "p95": 1.985,
      "max": 491.614
    },
    "exceptional_child_fast_ms": {
      "n": 300,
      "p50": 1.194,
      "p95": 2.102,
      "max": 16.741
    },
    "deadline_to_first_commit_observed_ms": {
      "n": 300,
      "p50": 1253.241088,
      "p95": 1755.49312,
      "max": 2258.987008
    },
    "deadline_to_all_physical_observed_ms": {
      "n": 300,
      "p50": 1507.448064,
      "p95": 2010.032896,
      "max": 2513.953024
    }
  },
  "errors": [],
  "unfinished_exceptions": [],
  "probe_requests": 10021,
  "probe_errors": 511,
  "elapsed_s": 332.313321,
  "timing_note": "Local observation times include 250 ms polling, RPC and scheduling; no exact remote Commit latency claim."
}
{"label": "r1-s37-p0", "offered": 6000, "admitted": 6000, "not_started": 0, "parent_ready": 6000, "child_ready": 6000, "closed_units": 6000, "payments": 12000, "closed_payments": 12000, "gap": "0"}
{
  "case": "r1-s37-p0",
  "passed": true,
  "checks": {
    "all_offered_started": true,
    "all_units_closed": true,
    "no_driver_errors": true,
    "all_selected_admitted": true,
    "repair_count_matches_selected": true,
    "physical_before_parent_and_child_already_final": true,
    "committee_state_equal": true,
    "gap_closed": true,
    "all_public": true,
    "cal_loss": true,
    "no_organization_fuel": true,
    "fee_conservation": true,
    "owner_conservation": true,
    "all_fees_closed": true,
    "full_fee_formula": true
  },
  "offered_units": 6000,
  "admitted_units": 6000,
  "not_started": 0,
  "closed_units": 6000,
  "selected_exceptions": 0,
  "actual_repairs": 0,
  "actual_obligations": 5999,
  "physical_complete": 0,
  "cal_net_loss": 0,
  "fee": {
    "Maximum": 12000000,
    "Held": 0,
    "Rewards": 1008000,
    "Burned": 120000,
    "Refunded": 10872000
  },
  "timing": {
    "normal_parent_fast_ms": {
      "n": 6000,
      "p50": 1.217,
      "p95": 1.682,
      "max": 558.126
    },
    "normal_child_fast_ms": {
      "n": 6000,
      "p50": 1.201,
      "p95": 2.064,
      "max": 550.241
    },
    "exceptional_parent_fast_ms": {
      "n": 0,
      "p50": null,
      "p95": null,
      "max": null
    },
    "exceptional_child_fast_ms": {
      "n": 0,
      "p50": null,
      "p95": null,
      "max": null
    },
    "deadline_to_first_commit_observed_ms": {
      "n": 0,
      "p50": null,
      "p95": null,
      "max": null
    },
    "deadline_to_all_physical_observed_ms": {
      "n": 0,
      "p50": null,
      "p95": null,
      "max": null
    }
  },
  "errors": [],
  "unfinished_exceptions": [],
  "probe_requests": 0,
  "probe_errors": 0,
  "elapsed_s": 302.018433,
  "timing_note": "Local observation times include 250 ms polling, RPC and scheduling; no exact remote Commit latency claim."
}
{"label": "r1-s59-p5", "offered": 6000, "admitted": 6000, "not_started": 0, "parent_ready": 6000, "child_ready": 6000, "closed_units": 6000, "payments": 12000, "closed_payments": 12000, "gap": "0"}
{
  "case": "r1-s59-p5",
  "passed": true,
  "checks": {
    "all_offered_started": true,
    "all_units_closed": true,
    "no_driver_errors": true,
    "all_selected_admitted": true,
    "repair_count_matches_selected": true,
    "physical_before_parent_and_child_already_final": true,
    "committee_state_equal": true,
    "gap_closed": true,
    "all_public": true,
    "cal_loss": true,
    "no_organization_fuel": true,
    "fee_conservation": true,
    "owner_conservation": true,
    "all_fees_closed": true,
    "full_fee_formula": true
  },
  "offered_units": 6000,
  "admitted_units": 6000,
  "not_started": 0,
  "closed_units": 6000,
  "selected_exceptions": 300,
  "actual_repairs": 300,
  "actual_obligations": 6000,
  "physical_complete": 300,
  "cal_net_loss": 30000,
  "fee": {
    "Maximum": 12000000,
    "Held": 0,
    "Rewards": 1009500,
    "Burned": 120000,
    "Refunded": 10870500
  },
  "timing": {
    "normal_parent_fast_ms": {
      "n": 5700,
      "p50": 1.212,
      "p95": 1.647,
      "max": 563.366
    },
    "normal_child_fast_ms": {
      "n": 5700,
      "p50": 1.201,
      "p95": 1.685,
      "max": 24.521
    },
    "exceptional_parent_fast_ms": {
      "n": 300,
      "p50": 1.209,
      "p95": 1.614,
      "max": 513.844
    },
    "exceptional_child_fast_ms": {
      "n": 300,
      "p50": 1.203,
      "p95": 1.546,
      "max": 17.434
    },
    "deadline_to_first_commit_observed_ms": {
      "n": 300,
      "p50": 1253.017088,
      "p95": 1754.418944,
      "max": 2255.817984
    },
    "deadline_to_all_physical_observed_ms": {
      "n": 300,
      "p50": 1507.877888,
      "p95": 2009.893888,
      "max": 2519.275008
    }
  },
  "errors": [],
  "unfinished_exceptions": [],
  "probe_requests": 9528,
  "probe_errors": 472,
  "elapsed_s": 332.312391,
  "timing_note": "Local observation times include 250 ms polling, RPC and scheduling; no exact remote Commit latency claim."
}
{"label": "r1-s59-p0", "offered": 6000, "admitted": 6000, "not_started": 0, "parent_ready": 6000, "child_ready": 6000, "closed_units": 6000, "payments": 12000, "closed_payments": 12000, "gap": "0"}
{
  "case": "r1-s59-p0",
  "passed": true,
  "checks": {
    "all_offered_started": true,
    "all_units_closed": true,
    "no_driver_errors": true,
    "all_selected_admitted": true,
    "repair_count_matches_selected": true,
    "physical_before_parent_and_child_already_final": true,
    "committee_state_equal": true,
    "gap_closed": true,
    "all_public": true,
    "cal_loss": true,
    "no_organization_fuel": true,
    "fee_conservation": true,
    "owner_conservation": true,
    "all_fees_closed": true,
    "full_fee_formula": true
  },
  "offered_units": 6000,
  "admitted_units": 6000,
  "not_started": 0,
  "closed_units": 6000,
  "selected_exceptions": 0,
  "actual_repairs": 0,
  "actual_obligations": 6000,
  "physical_complete": 0,
  "cal_net_loss": 0,
  "fee": {
    "Maximum": 12000000,
    "Held": 0,
    "Rewards": 1008000,
    "Burned": 120000,
    "Refunded": 10872000
  },
  "timing": {
    "normal_parent_fast_ms": {
      "n": 6000,
      "p50": 1.214,
      "p95": 1.691,
      "max": 561.265
    },
    "normal_child_fast_ms": {
      "n": 6000,
      "p50": 1.198,
      "p95": 1.678,
      "max": 546.121
    },
    "exceptional_parent_fast_ms": {
      "n": 0,
      "p50": null,
      "p95": null,
      "max": null
    },
    "exceptional_child_fast_ms": {
      "n": 0,
      "p50": null,
      "p95": null,
      "max": null
    },
    "deadline_to_first_commit_observed_ms": {
      "n": 0,
      "p50": null,
      "p95": null,
      "max": null
    },
    "deadline_to_all_physical_observed_ms": {
      "n": 0,
      "p50": null,
      "p95": null,
      "max": null
    }
  },
  "errors": [],
  "unfinished_exceptions": [],
  "probe_requests": 0,
  "probe_errors": 0,
  "elapsed_s": 301.949951,
  "timing_note": "Local observation times include 250 ms polling, RPC and scheduling; no exact remote Commit latency claim."
}
{"label": "r1-s59-p1", "offered": 6000, "admitted": 6000, "not_started": 0, "parent_ready": 6000, "child_ready": 6000, "closed_units": 6000, "payments": 12000, "closed_payments": 12000, "gap": "0"}
{
  "case": "r1-s59-p1",
  "passed": true,
  "checks": {
    "all_offered_started": true,
    "all_units_closed": true,
    "no_driver_errors": true,
    "all_selected_admitted": true,
    "repair_count_matches_selected": true,
    "physical_before_parent_and_child_already_final": true,
    "committee_state_equal": true,
    "gap_closed": true,
    "all_public": true,
    "cal_loss": true,
    "no_organization_fuel": true,
    "fee_conservation": true,
    "owner_conservation": true,
    "all_fees_closed": true,
    "full_fee_formula": true
  },
  "offered_units": 6000,
  "admitted_units": 6000,
  "not_started": 0,
  "closed_units": 6000,
  "selected_exceptions": 60,
  "actual_repairs": 60,
  "actual_obligations": 6000,
  "physical_complete": 60,
  "cal_net_loss": 6000,
  "fee": {
    "Maximum": 12000000,
    "Held": 0,
    "Rewards": 1008300,
    "Burned": 120000,
    "Refunded": 10871700
  },
  "timing": {
    "normal_parent_fast_ms": {
      "n": 5940,
      "p50": 1.218,
      "p95": 1.637,
      "max": 543.535
    },
    "normal_child_fast_ms": {
      "n": 5940,
      "p50": 1.198,
      "p95": 1.77,
      "max": 257.015
    },
    "exceptional_parent_fast_ms": {
      "n": 60,
      "p50": 1.22,
      "p95": 1.632,
      "max": 319.971
    },
    "exceptional_child_fast_ms": {
      "n": 60,
      "p50": 1.199,
      "p95": 1.989,
      "max": 5.004
    },
    "deadline_to_first_commit_observed_ms": {
      "n": 60,
      "p50": 1253.253888,
      "p95": 1504.544,
      "max": 1506.178048
    },
    "deadline_to_all_physical_observed_ms": {
      "n": 60,
      "p50": 1507.619072,
      "p95": 2010.90688,
      "max": 2026.164992
    }
  },
  "errors": [],
  "unfinished_exceptions": [],
  "probe_requests": 1959,
  "probe_errors": 99,
  "elapsed_s": 331.627679,
  "timing_note": "Local observation times include 250 ms polling, RPC and scheduling; no exact remote Commit latency claim."
}
