{"label": "r1-normal-0", "offered": 1, "admitted": 1, "not_started": 0, "parent_ready": 1, "child_ready": 1, "closed_units": 1, "payments": 2, "closed_payments": 2, "gap": "0"}
{
  "case": "r1-normal-0",
  "passed": true,
  "checks": {
    "all_offered_started": true,
    "all_units_closed": true,
    "no_driver_errors": true,
    "all_selected_admitted": true,
    "repair_count_matches_selected": true,
    "physical_before_parent_and_child_already_final": true,
    "committee_state_equal": true,
    "gap_closed": true,
    "all_public": true,
    "cal_loss": true,
    "no_organization_fuel": true,
    "fee_conservation": true,
    "owner_conservation": true,
    "all_fees_closed": true,
    "full_fee_formula": true
  },
  "offered_units": 1,
  "admitted_units": 1,
  "not_started": 0,
  "closed_units": 1,
  "selected_exceptions": 0,
  "actual_repairs": 0,
  "actual_obligations": 1,
  "physical_complete": 0,
  "cal_net_loss": 0,
  "fee": {
    "Maximum": 2000,
    "Held": 0,
    "Rewards": 168,
    "Burned": 20,
    "Refunded": 1812
  },
  "timing": {
    "normal_parent_fast_ms": {
      "n": 1,
      "p50": 2.314,
      "p95": 2.314,
      "max": 2.314
    },
    "normal_child_fast_ms": {
      "n": 1,
      "p50": 1.285,
      "p95": 1.285,
      "max": 1.285
    },
    "exceptional_parent_fast_ms": {
      "n": 0,
      "p50": null,
      "p95": null,
      "max": null
    },
    "exceptional_child_fast_ms": {
      "n": 0,
      "p50": null,
      "p95": null,
      "max": null
    },
    "deadline_to_first_commit_observed_ms": {
      "n": 0,
      "p50": null,
      "p95": null,
      "max": null
    },
    "deadline_to_all_physical_observed_ms": {
      "n": 0,
      "p50": null,
      "p95": null,
      "max": null
    }
  },
  "errors": [],
  "unfinished_exceptions": [],
  "probe_requests": 0,
  "probe_errors": 0,
  "elapsed_s": 1.456257,
  "timing_note": "Local observation times include 250 ms polling, RPC and scheduling; no exact remote Commit latency claim."
}
{"label": "r1-repair-0", "offered": 1, "admitted": 1, "not_started": 0, "parent_ready": 1, "child_ready": 1, "closed_units": 1, "payments": 2, "closed_payments": 2, "gap": "0"}
{
  "case": "r1-repair-0",
  "passed": true,
  "checks": {
    "all_offered_started": true,
    "all_units_closed": true,
    "no_driver_errors": true,
    "all_selected_admitted": true,
    "repair_count_matches_selected": true,
    "physical_before_parent_and_child_already_final": true,
    "committee_state_equal": true,
    "gap_closed": true,
    "all_public": true,
    "cal_loss": true,
    "no_organization_fuel": true,
    "fee_conservation": true,
    "owner_conservation": true,
    "all_fees_closed": true,
    "full_fee_formula": true
  },
  "offered_units": 1,
  "admitted_units": 1,
  "not_started": 0,
  "closed_units": 1,
  "selected_exceptions": 1,
  "actual_repairs": 1,
  "actual_obligations": 1,
  "physical_complete": 1,
  "cal_net_loss": 100,
  "fee": {
    "Maximum": 2000,
    "Held": 0,
    "Rewards": 173,
    "Burned": 20,
    "Refunded": 1807
  },
  "timing": {
    "normal_parent_fast_ms": {
      "n": 0,
      "p50": null,
      "p95": null,
      "max": null
    },
    "normal_child_fast_ms": {
      "n": 0,
      "p50": null,
      "p95": null,
      "max": null
    },
    "exceptional_parent_fast_ms": {
      "n": 1,
      "p50": 2.013,
      "p95": 2.013,
      "max": 2.013
    },
    "exceptional_child_fast_ms": {
      "n": 1,
      "p50": 1.238,
      "p95": 1.238,
      "max": 1.238
    },
    "deadline_to_first_commit_observed_ms": {
      "n": 1,
      "p50": 1506.04288,
      "p95": 1506.04288,
      "max": 1506.04288
    },
    "deadline_to_all_physical_observed_ms": {
      "n": 1,
      "p50": 1758.672896,
      "p95": 1758.672896,
      "max": 1758.672896
    }
  },
  "errors": [],
  "unfinished_exceptions": [],
  "probe_requests": 34,
  "probe_errors": 1,
  "elapsed_s": 31.751412,
  "timing_note": "Local observation times include 250 ms polling, RPC and scheduling; no exact remote Commit latency claim."
}
{"label": "r1-normal-1", "offered": 1, "admitted": 1, "not_started": 0, "parent_ready": 1, "child_ready": 1, "closed_units": 1, "payments": 2, "closed_payments": 2, "gap": "0"}
{
  "case": "r1-normal-1",
  "passed": true,
  "checks": {
    "all_offered_started": true,
    "all_units_closed": true,
    "no_driver_errors": true,
    "all_selected_admitted": true,
    "repair_count_matches_selected": true,
    "physical_before_parent_and_child_already_final": true,
    "committee_state_equal": true,
    "gap_closed": true,
    "all_public": true,
    "cal_loss": true,
    "no_organization_fuel": true,
    "fee_conservation": true,
    "owner_conservation": true,
    "all_fees_closed": true,
    "full_fee_formula": true
  },
  "offered_units": 1,
  "admitted_units": 1,
  "not_started": 0,
  "closed_units": 1,
  "selected_exceptions": 0,
  "actual_repairs": 0,
  "actual_obligations": 1,
  "physical_complete": 0,
  "cal_net_loss": 0,
  "fee": {
    "Maximum": 2000,
    "Held": 0,
    "Rewards": 168,
    "Burned": 20,
    "Refunded": 1812
  },
  "timing": {
    "normal_parent_fast_ms": {
      "n": 1,
      "p50": 2.055,
      "p95": 2.055,
      "max": 2.055
    },
    "normal_child_fast_ms": {
      "n": 1,
      "p50": 1.297,
      "p95": 1.297,
      "max": 1.297
    },
    "exceptional_parent_fast_ms": {
      "n": 0,
      "p50": null,
      "p95": null,
      "max": null
    },
    "exceptional_child_fast_ms": {
      "n": 0,
      "p50": null,
      "p95": null,
      "max": null
    },
    "deadline_to_first_commit_observed_ms": {
      "n": 0,
      "p50": null,
      "p95": null,
      "max": null
    },
    "deadline_to_all_physical_observed_ms": {
      "n": 0,
      "p50": null,
      "p95": null,
      "max": null
    }
  },
  "errors": [],
  "unfinished_exceptions": [],
  "probe_requests": 0,
  "probe_errors": 0,
  "elapsed_s": 1.49027,
  "timing_note": "Local observation times include 250 ms polling, RPC and scheduling; no exact remote Commit latency claim."
}
{"label": "r1-repair-1", "offered": 1, "admitted": 1, "not_started": 0, "parent_ready": 1, "child_ready": 1, "closed_units": 1, "payments": 2, "closed_payments": 2, "gap": "0"}
{
  "case": "r1-repair-1",
  "passed": true,
  "checks": {
    "all_offered_started": true,
    "all_units_closed": true,
    "no_driver_errors": true,
    "all_selected_admitted": true,
    "repair_count_matches_selected": true,
    "physical_before_parent_and_child_already_final": true,
    "committee_state_equal": true,
    "gap_closed": true,
    "all_public": true,
    "cal_loss": true,
    "no_organization_fuel": true,
    "fee_conservation": true,
    "owner_conservation": true,
    "all_fees_closed": true,
    "full_fee_formula": true
  },
  "offered_units": 1,
  "admitted_units": 1,
  "not_started": 0,
  "closed_units": 1,
  "selected_exceptions": 1,
  "actual_repairs": 1,
  "actual_obligations": 1,
  "physical_complete": 1,
  "cal_net_loss": 100,
  "fee": {
    "Maximum": 2000,
    "Held": 0,
    "Rewards": 173,
    "Burned": 20,
    "Refunded": 1807
  },
  "timing": {
    "normal_parent_fast_ms": {
      "n": 0,
      "p50": null,
      "p95": null,
      "max": null
    },
    "normal_child_fast_ms": {
      "n": 0,
      "p50": null,
      "p95": null,
      "max": null
    },
    "exceptional_parent_fast_ms": {
      "n": 1,
      "p50": 2.06,
      "p95": 2.06,
      "max": 2.06
    },
    "exceptional_child_fast_ms": {
      "n": 1,
      "p50": 1.362,
      "p95": 1.362,
      "max": 1.362
    },
    "deadline_to_first_commit_observed_ms": {
      "n": 1,
      "p50": 1504.189952,
      "p95": 1504.189952,
      "max": 1504.189952
    },
    "deadline_to_all_physical_observed_ms": {
      "n": 1,
      "p50": 1757.299968,
      "p95": 1757.299968,
      "max": 1757.299968
    }
  },
  "errors": [],
  "unfinished_exceptions": [],
  "probe_requests": 35,
  "probe_errors": 1,
  "elapsed_s": 32.046292,
  "timing_note": "Local observation times include 250 ms polling, RPC and scheduling; no exact remote Commit latency claim."
}
{"label": "r1-normal-2", "offered": 1, "admitted": 1, "not_started": 0, "parent_ready": 1, "child_ready": 1, "closed_units": 1, "payments": 2, "closed_payments": 2, "gap": "0"}
{
  "case": "r1-normal-2",
  "passed": true,
  "checks": {
    "all_offered_started": true,
    "all_units_closed": true,
    "no_driver_errors": true,
    "all_selected_admitted": true,
    "repair_count_matches_selected": true,
    "physical_before_parent_and_child_already_final": true,
    "committee_state_equal": true,
    "gap_closed": true,
    "all_public": true,
    "cal_loss": true,
    "no_organization_fuel": true,
    "fee_conservation": true,
    "owner_conservation": true,
    "all_fees_closed": true,
    "full_fee_formula": true
  },
  "offered_units": 1,
  "admitted_units": 1,
  "not_started": 0,
  "closed_units": 1,
  "selected_exceptions": 0,
  "actual_repairs": 0,
  "actual_obligations": 1,
  "physical_complete": 0,
  "cal_net_loss": 0,
  "fee": {
    "Maximum": 2000,
    "Held": 0,
    "Rewards": 168,
    "Burned": 20,
    "Refunded": 1812
  },
  "timing": {
    "normal_parent_fast_ms": {
      "n": 1,
      "p50": 2.153,
      "p95": 2.153,
      "max": 2.153
    },
    "normal_child_fast_ms": {
      "n": 1,
      "p50": 1.291,
      "p95": 1.291,
      "max": 1.291
    },
    "exceptional_parent_fast_ms": {
      "n": 0,
      "p50": null,
      "p95": null,
      "max": null
    },
    "exceptional_child_fast_ms": {
      "n": 0,
      "p50": null,
      "p95": null,
      "max": null
    },
    "deadline_to_first_commit_observed_ms": {
      "n": 0,
      "p50": null,
      "p95": null,
      "max": null
    },
    "deadline_to_all_physical_observed_ms": {
      "n": 0,
      "p50": null,
      "p95": null,
      "max": null
    }
  },
  "errors": [],
  "unfinished_exceptions": [],
  "probe_requests": 0,
  "probe_errors": 0,
  "elapsed_s": 1.480353,
  "timing_note": "Local observation times include 250 ms polling, RPC and scheduling; no exact remote Commit latency claim."
}
{"label": "r1-repair-2", "offered": 1, "admitted": 1, "not_started": 0, "parent_ready": 1, "child_ready": 1, "closed_units": 1, "payments": 2, "closed_payments": 2, "gap": "0"}
{
  "case": "r1-repair-2",
  "passed": true,
  "checks": {
    "all_offered_started": true,
    "all_units_closed": true,
    "no_driver_errors": true,
    "all_selected_admitted": true,
    "repair_count_matches_selected": true,
    "physical_before_parent_and_child_already_final": true,
    "committee_state_equal": true,
    "gap_closed": true,
    "all_public": true,
    "cal_loss": true,
    "no_organization_fuel": true,
    "fee_conservation": true,
    "owner_conservation": true,
    "all_fees_closed": true,
    "full_fee_formula": true
  },
  "offered_units": 1,
  "admitted_units": 1,
  "not_started": 0,
  "closed_units": 1,
  "selected_exceptions": 1,
  "actual_repairs": 1,
  "actual_obligations": 1,
  "physical_complete": 1,
  "cal_net_loss": 100,
  "fee": {
    "Maximum": 2000,
    "Held": 0,
    "Rewards": 173,
    "Burned": 20,
    "Refunded": 1807
  },
  "timing": {
    "normal_parent_fast_ms": {
      "n": 0,
      "p50": null,
      "p95": null,
      "max": null
    },
    "normal_child_fast_ms": {
      "n": 0,
      "p50": null,
      "p95": null,
      "max": null
    },
    "exceptional_parent_fast_ms": {
      "n": 1,
      "p50": 2.027,
      "p95": 2.027,
      "max": 2.027
    },
    "exceptional_child_fast_ms": {
      "n": 1,
      "p50": 1.242,
      "p95": 1.242,
      "max": 1.242
    },
    "deadline_to_first_commit_observed_ms": {
      "n": 1,
      "p50": 1253.853952,
      "p95": 1253.853952,
      "max": 1253.853952
    },
    "deadline_to_all_physical_observed_ms": {
      "n": 1,
      "p50": 1757.467904,
      "p95": 1757.467904,
      "max": 1757.467904
    }
  },
  "errors": [],
  "unfinished_exceptions": [],
  "probe_requests": 33,
  "probe_errors": 1,
  "elapsed_s": 32.076496,
  "timing_note": "Local observation times include 250 ms polling, RPC and scheduling; no exact remote Commit latency claim."
}
