{
  "batch_progress": true,
  "block_observed_p50_ms": 1502.935875,
  "completed_per_second": 97.37618721601976,
  "concurrency": 64,
  "count": 7000,
  "dispatch_delivery_wait_p95_ms": 223.492709,
  "dispatch_lag_p50_ms": 0.144792,
  "dispatch_lag_p95_ms": 780.726542,
  "elapsed_s": 71.886158209,
  "failed": 0,
  "fast_completed": 7000,
  "fast_p50_ms": 55.001375,
  "fast_p95_ms": 141.424167,
  "final_unfinished": 0,
  "finished_unix_ns": 1791047441639330000,
  "max_pending": 256,
  "member_applied_p50_ms": 1595.284666,
  "member_completed": 7000,
  "not_sent": 0,
  "note": "Block observation includes block verification and wallet polling; member applied queries local member status for all four nodes. No committee payment proofs are requested.",
  "pending_limit": 256,
  "progress_batch_facts": 48176,
  "progress_batch_http_errors": 0,
  "progress_batch_http_requests": 3807,
  "progress_batch_http_total_ms": 2496.202694,
  "progress_batch_queue_total_ms": 192495.678219,
  "progress_errors": 0,
  "progress_http_max_ms": 98.568833,
  "progress_http_mean_ms": 4.687328126764356,
  "progress_metric_note": "progress_requests counts logical fact checks; progress_http durations include batch queue wait. Actual batch HTTP requests/errors are separate.",
  "progress_requests": 48176,
  "progress_requests_per_second": 670.170742188424,
  "same_org": false,
  "sampled_oldest_unfinished_max_ms": 2939.907,
  "sampled_peak_unfinished": 256,
  "send_limit_hits": 917,
  "send_pacing_wait_p95_ms": 589.417667,
  "send_permit_wait_p95_ms": 13.783667,
  "started_unix_ns": 1791047369753289000,
  "target_send_rate": 100,
  "timing_origin": "wallet_http_submit_v4",
  "total_limit_hits": 143,
  "total_permit_wait_p95_ms": 0.000333,
  "trace": false,
  "unknown": 0,
  "wallet_block_observed": 7000,
  "wallet_no_sync": true,
  "wallet_queries": 26384,
  "workload": "bounded_fast_receipt_with_independent_observation"
}
