EVENT {"fact":"3bfadb8a8455a72cba509e3608914089296169fcd4429e024097e35a80d2a2df","input":7,"output":"f798050878293cfe92e69d01a3f728cdf1caf1d7cffe3458bd496d43b6c25c04","sent_unix_ns":1791047385756801000,"stage":"parent_ready","unix_ns":1791047385859806000}
EVENT {"fact":"e21f98472560d7a95a52c0840d0f8963b6446fab9c4f69de88f21df8b4333288","input":7,"output":"6aaa899713b028189a49cdd9e7202d083218f250ad864332b188981145aaa2d9","sent_unix_ns":1791047385922627000,"stage":"child_ready","unix_ns":1791047386031811000}
EVENT {"input":7,"stage":"child_public_observed","unix_ns":1791047387260979000}
Child finalized; observing withheld-source outcome.
EVENT {"input":7,"obligation":{"AnchorHeight":31,"Output":[247,152,5,8,120,41,60,254,146,230,157,1,163,247,40,205,241,202,241,215,207,254,52,88,189,73,109,67,182,194,92,4],"Issuer":"9ed95ddc0ade8949cc48e5e553895f1bde180579949c9d67fc2a29268c5fb4f2","Config":"9ca5c080bb2717d1a42f6e534a981b70d62c2171e81d5223e402b9dcc9070f1b","Certificate":[59,250,219,138,132,85,167,44,186,80,158,54,8,145,64,137,41,97,105,252,212,66,158,2,64,151,227,90,128,210,162,223],"Consumer":[226,31,152,71,37,96,215,169,90,82,192,132,13,15,137,99,182,68,111,171,156,79,105,222,136,242,29,248,180,51,50,136],"Transaction":[184,254,70,223,214,5,193,195,242,193,78,164,37,170,98,75,89,164,33,195,69,55,206,163,144,250,125,186,91,140,111,137],"Input":0,"Amount":100,"Deadline":1791047416,"Status":2},"stage":"compensation_observed","unix_ns":1791047418236237000}
EVENT {"input":7,"stage":"late_source_submit_start","unix_ns":1791047418247983000}
EVENT {"input":7,"stage":"source_repaid_observed","unix_ns":1791047420035103000}
EVENT {"input":7,"stage":"materialization_observed","unix_ns":1791047423185624000}
{
  "child_block_observed_ms": 1338.352542,
  "child_fast_ms": 109.181209,
  "child_output": "6aaa899713b028189a49cdd9e7202d083218f250ad864332b188981145aaa2d9",
  "compensation_observed_ms": 32313.661375,
  "late_parent_reserve_recovered": true,
  "parent_fast_ms": 103.001375,
  "parent_output": "f798050878293cfe92e69d01a3f728cdf1caf1d7cffe3458bd496d43b6c25c04",
  "parent_withheld": true,
  "physical_repair": {
    "DeadlineUnix": 1791047416,
    "DeadlineObservedUnixNS": 1791047420097023000,
    "ProbeRequests": 45,
    "ProbeErrors": 0,
    "ProbeTimeNS": 298669708,
    "MaxProbeNS": 121289875,
    "Nodes": [
      {
        "URL": "http://127.0.0.1:32100",
        "CommittedUnixNS": 1791047422395422000,
        "MaterializedUnixNS": 1791047423147802000,
        "Snapshot": {
          "Committed": true,
          "Materialized": true,
          "IdentityStable": true,
          "BytesChanged": true,
          "CommitHeight": 89,
          "TargetHeight": 30,
          "Revision": 1
        }
      },
      {
        "URL": "http://127.0.0.1:32101",
        "CommittedUnixNS": 1791047422142485000,
        "MaterializedUnixNS": 1791047422467572000,
        "Snapshot": {
          "Committed": true,
          "Materialized": true,
          "IdentityStable": true,
          "BytesChanged": true,
          "CommitHeight": 89,
          "TargetHeight": 30,
          "Revision": 1
        }
      },
      {
        "URL": "http://127.0.0.1:32102",
        "CommittedUnixNS": 1791047422506400000,
        "MaterializedUnixNS": 1791047422506400000,
        "Snapshot": {
          "Committed": true,
          "Materialized": true,
          "IdentityStable": true,
          "BytesChanged": true,
          "CommitHeight": 89,
          "TargetHeight": 30,
          "Revision": 1
        }
      },
      {
        "URL": "http://127.0.0.1:32103",
        "CommittedUnixNS": 1791047422507750000,
        "MaterializedUnixNS": 1791047423185622000,
        "Snapshot": {
          "Committed": true,
          "Materialized": true,
          "IdentityStable": true,
          "BytesChanged": true,
          "CommitHeight": 89,
          "TargetHeight": 30,
          "Revision": 1
        }
      }
    ]
  },
  "physical_repair_observed_ms": 37263.057167,
  "timing_origin": "wallet_http_submit_v4"
}
