EVENT {"fact":"bbb070e32efe896649ce0cae9c4d68f5c848d80044e5595e6c80bd3419035822","input":3,"output":"07c76ade428de7702eb15d56c12c9cca75c6570221ba67deba66470e150b5f62","sent_unix_ns":1791047381738803000,"stage":"parent_ready","unix_ns":1791047381854921000}
EVENT {"fact":"1e39a051074d008aa8128735517b8fcb98ccc7379841c74289c680fd8b663f67","input":3,"output":"947f6998bf9260f237f6281be07eff8373e1aef87ae66aa8690fe4a69d3ec0cc","sent_unix_ns":1791047381913929000,"stage":"child_ready","unix_ns":1791047382016804000}
EVENT {"input":3,"stage":"child_public_observed","unix_ns":1791047383429402000}
Child finalized; observing withheld-source outcome.
EVENT {"input":3,"obligation":{"AnchorHeight":25,"Output":[7,199,106,222,66,141,231,112,46,177,93,86,193,44,156,202,117,198,87,2,33,186,103,222,186,102,71,14,21,11,95,98],"Issuer":"9ed95ddc0ade8949cc48e5e553895f1bde180579949c9d67fc2a29268c5fb4f2","Config":"9ca5c080bb2717d1a42f6e534a981b70d62c2171e81d5223e402b9dcc9070f1b","Certificate":[187,176,112,227,46,254,137,102,73,206,12,174,156,77,104,245,200,72,216,0,68,229,89,94,108,128,189,52,25,3,88,34],"Consumer":[30,57,160,81,7,77,0,138,168,18,135,53,81,123,143,203,152,204,199,55,152,65,199,66,137,198,128,253,139,102,63,103],"Transaction":[98,39,123,134,172,52,53,195,226,199,27,6,35,69,206,175,25,179,222,70,45,94,23,201,57,73,129,43,187,228,107,60],"Input":0,"Amount":100,"Deadline":1791047412,"Status":2},"stage":"compensation_observed","unix_ns":1791047413777171000}
EVENT {"input":3,"stage":"late_source_submit_start","unix_ns":1791047413799013000}
EVENT {"input":3,"stage":"source_repaid_observed","unix_ns":1791047415652169000}
EVENT {"input":3,"stage":"materialization_observed","unix_ns":1791047422296819000}
{
  "child_block_observed_ms": 1515.471375,
  "child_fast_ms": 102.871709,
  "child_output": "947f6998bf9260f237f6281be07eff8373e1aef87ae66aa8690fe4a69d3ec0cc",
  "compensation_observed_ms": 31863.292792,
  "late_parent_reserve_recovered": true,
  "parent_fast_ms": 116.110083,
  "parent_output": "07c76ade428de7702eb15d56c12c9cca75c6570221ba67deba66470e150b5f62",
  "parent_withheld": true,
  "physical_repair": {
    "DeadlineUnix": 1791047412,
    "DeadlineObservedUnixNS": 1791047415736254000,
    "ProbeRequests": 102,
    "ProbeErrors": 0,
    "ProbeTimeNS": 292273249,
    "MaxProbeNS": 110096458,
    "Nodes": [
      {
        "URL": "http://127.0.0.1:32100",
        "CommittedUnixNS": 1791047421519819000,
        "MaterializedUnixNS": 1791047422296818000,
        "Snapshot": {
          "Committed": true,
          "Materialized": true,
          "IdentityStable": true,
          "BytesChanged": true,
          "CommitHeight": 88,
          "TargetHeight": 24,
          "Revision": 1
        }
      },
      {
        "URL": "http://127.0.0.1:32101",
        "CommittedUnixNS": 1791047421521051000,
        "MaterializedUnixNS": 1791047421933554000,
        "Snapshot": {
          "Committed": true,
          "Materialized": true,
          "IdentityStable": true,
          "BytesChanged": true,
          "CommitHeight": 88,
          "TargetHeight": 24,
          "Revision": 1
        }
      },
      {
        "URL": "http://127.0.0.1:32102",
        "CommittedUnixNS": 1791047421522259000,
        "MaterializedUnixNS": 1791047422043650000,
        "Snapshot": {
          "Committed": true,
          "Materialized": true,
          "IdentityStable": true,
          "BytesChanged": true,
          "CommitHeight": 88,
          "TargetHeight": 24,
          "Revision": 1
        }
      },
      {
        "URL": "http://127.0.0.1:32103",
        "CommittedUnixNS": 1791047421523509000,
        "MaterializedUnixNS": 1791047422044769000,
        "Snapshot": {
          "Committed": true,
          "Materialized": true,
          "IdentityStable": true,
          "BytesChanged": true,
          "CommitHeight": 88,
          "TargetHeight": 24,
          "Revision": 1
        }
      }
    ]
  },
  "physical_repair_observed_ms": 40382.954334,
  "timing_origin": "wallet_http_submit_v4"
}
