[
  {
    "Name": "org0-member0",
    "Approvals": 1200,
    "Pending": 0,
    "Payments": 0,
    "Closed": 0,
    "CAL": "",
    "FUEL": "",
    "Rewards": "",
    "Burned": ""
  },
  {
    "Name": "org0-member1",
    "Approvals": 1200,
    "Pending": 0,
    "Payments": 0,
    "Closed": 0,
    "CAL": "",
    "FUEL": "",
    "Rewards": "",
    "Burned": ""
  },
  {
    "Name": "org0-member2",
    "Approvals": 1200,
    "Pending": 0,
    "Payments": 0,
    "Closed": 0,
    "CAL": "",
    "FUEL": "",
    "Rewards": "",
    "Burned": ""
  },
  {
    "Name": "org0-member3",
    "Approvals": 1200,
    "Pending": 0,
    "Payments": 0,
    "Closed": 0,
    "CAL": "",
    "FUEL": "",
    "Rewards": "",
    "Burned": ""
  },
  {
    "Name": "gateway0",
    "Approvals": 0,
    "Pending": 0,
    "Payments": 0,
    "Closed": 0,
    "CAL": "",
    "FUEL": "",
    "Rewards": "",
    "Burned": ""
  },
  {
    "Name": "committee0",
    "Approvals": 0,
    "Pending": 0,
    "Payments": 1200,
    "Closed": 1200,
    "CAL": "2000001200000",
    "FUEL": "2000000000000",
    "Rewards": "100800",
    "Burned": "12000",
    "StateHash": "68318dfb5f059ca4bce5850c78fbacba7b807d8a6ff735689616f70451a20c66",
    "Gap": "0"
  },
  {
    "Name": "committee1",
    "Approvals": 0,
    "Pending": 0,
    "Payments": 1200,
    "Closed": 1200,
    "CAL": "2000001200000",
    "FUEL": "2000000000000",
    "Rewards": "100800",
    "Burned": "12000",
    "StateHash": "68318dfb5f059ca4bce5850c78fbacba7b807d8a6ff735689616f70451a20c66",
    "Gap": "0"
  },
  {
    "Name": "committee2",
    "Approvals": 0,
    "Pending": 0,
    "Payments": 1200,
    "Closed": 1200,
    "CAL": "2000001200000",
    "FUEL": "2000000000000",
    "Rewards": "100800",
    "Burned": "12000",
    "StateHash": "68318dfb5f059ca4bce5850c78fbacba7b807d8a6ff735689616f70451a20c66",
    "Gap": "0"
  },
  {
    "Name": "committee3",
    "Approvals": 0,
    "Pending": 0,
    "Payments": 1200,
    "Closed": 1200,
    "CAL": "2000001200000",
    "FUEL": "2000000000000",
    "Rewards": "100800",
    "Burned": "12000",
    "StateHash": "68318dfb5f059ca4bce5850c78fbacba7b807d8a6ff735689616f70451a20c66",
    "Gap": "0"
  }
]
Supply and original-debit accounting verified: /Users/richz/lab/man/utxo-fastpay-v12/.run/budget-r3-window-check/reports/audit.json
