2026/09/24 20:06:51 INFO gateway started listen=127.0.0.1:26301 organization=062f856d452e238aa4b1152acf77e379ee0109b9aa2aec348442e82adf1c6512
2026/09/24 20:07:10 WARN direct approval quorum unavailable tx="[83 160 223 43 169 236 44 240 63 151 200 247 227 35 249 220 209 103 14 169 209 89 110 185 118 124 97 10 40 76 220 209]" error="valid quorum unavailable\nmember HTTP 409: DEFERRED\nmember HTTP 409: DEFERRED"
2026/09/24 20:07:11 WARN direct approval quorum unavailable tx="[108 167 26 111 247 39 49 237 31 14 123 162 141 240 28 231 245 12 178 116 56 202 15 235 167 35 12 143 11 230 26 37]" error="valid quorum unavailable\nmember HTTP 409: DEFERRED\nmember HTTP 409: DEFERRED"
2026/09/24 20:07:17 WARN direct approval quorum unavailable tx="[81 119 141 235 189 107 136 204 188 250 74 31 190 69 102 18 191 236 201 0 1 223 155 105 234 218 62 32 12 49 236 8]" error="valid quorum unavailable\nmember HTTP 409: DEFERRED\nmember HTTP 409: DEFERRED"
2026/09/24 20:07:22 WARN direct approval quorum unavailable tx="[18 103 203 137 16 151 134 173 182 131 21 152 82 31 44 193 97 117 54 160 101 213 29 206 165 246 215 169 94 254 243 164]" error="valid quorum unavailable\nmember HTTP 409: DEFERRED\nmember HTTP 409: DEFERRED"
2026/09/24 20:07:24 WARN direct approval quorum unavailable tx="[46 250 63 95 166 237 227 59 251 248 134 191 119 77 121 192 49 90 18 95 195 179 185 10 126 233 223 95 75 103 163 154]" error="valid quorum unavailable\nmember HTTP 409: DEFERRED\nmember HTTP 409: DEFERRED"
2026/09/24 20:07:26 WARN direct approval quorum unavailable tx="[242 140 135 162 219 181 32 173 168 78 219 243 90 204 95 205 12 159 150 45 200 143 189 247 150 128 158 132 181 80 106 47]" error="valid quorum unavailable\nmember HTTP 409: DEFERRED\nmember HTTP 409: DEFERRED"
2026/09/24 20:07:27 WARN direct approval quorum unavailable tx="[22 198 217 157 157 8 17 35 229 179 214 101 255 160 125 32 11 221 191 153 214 250 254 126 234 72 163 61 1 54 87 69]" error="valid quorum unavailable\nmember HTTP 409: DEFERRED\nmember HTTP 409: DEFERRED"
2026/09/24 20:07:28 WARN direct approval quorum unavailable tx="[74 117 248 1 251 145 155 27 243 234 84 108 53 201 134 147 151 107 177 89 120 23 25 4 208 9 116 116 194 163 66 111]" error="valid quorum unavailable\nmember HTTP 409: DEFERRED\nmember HTTP 409: DEFERRED"
2026/09/24 20:07:29 WARN direct approval quorum unavailable tx="[169 56 171 95 112 231 126 85 86 82 28 51 124 183 118 59 115 127 251 168 176 153 157 180 126 122 221 236 175 231 92 26]" error="valid quorum unavailable\nmember HTTP 409: DEFERRED\nmember HTTP 409: DEFERRED"
2026/09/24 20:07:30 WARN direct approval quorum unavailable tx="[35 224 152 52 209 41 8 176 222 24 109 28 163 166 79 51 63 126 101 189 6 31 157 10 134 11 25 213 254 181 105 28]" error="valid quorum unavailable\nmember HTTP 409: DEFERRED\nmember HTTP 409: DEFERRED"
2026/09/24 20:07:31 WARN direct approval quorum unavailable tx="[21 47 67 16 78 68 26 18 152 71 225 80 160 181 134 217 97 21 228 50 239 2 123 92 225 177 131 130 251 79 69 179]" error="valid quorum unavailable\nmember HTTP 409: DEFERRED\nmember HTTP 409: DEFERRED"
2026/09/24 20:07:31 WARN direct approval quorum unavailable tx="[22 113 216 195 136 101 224 33 146 184 160 171 3 113 71 249 31 49 143 171 78 152 152 171 101 84 197 237 15 7 14 68]" error="valid quorum unavailable\nmember HTTP 409: DEFERRED\nmember HTTP 409: DEFERRED"
2026/09/24 20:07:35 WARN direct approval quorum unavailable tx="[84 106 59 64 65 108 149 31 19 252 255 1 207 192 26 207 248 112 33 117 111 183 45 73 3 237 234 233 210 203 76 75]" error="valid quorum unavailable\nmember HTTP 409: DEFERRED\nmember HTTP 409: DEFERRED"
2026/09/24 20:07:37 WARN direct approval quorum unavailable tx="[47 144 155 108 150 213 64 243 161 212 231 254 35 161 97 170 146 24 90 106 187 222 242 68 184 179 112 204 245 4 228 103]" error="valid quorum unavailable\nmember HTTP 409: DEFERRED\nmember HTTP 409: DEFERRED"
2026/09/24 20:07:37 WARN direct approval quorum unavailable tx="[8 127 124 206 21 51 187 145 96 161 197 211 34 234 196 200 157 66 230 164 196 184 21 103 23 26 180 212 73 92 129 162]" error="valid quorum unavailable\nmember HTTP 409: DEFERRED\nmember HTTP 409: DEFERRED"
2026/09/24 20:07:38 WARN direct approval quorum unavailable tx="[191 27 6 44 216 189 157 121 130 26 42 23 184 159 75 152 182 184 77 50 127 106 19 211 113 155 222 65 223 122 48 90]" error="valid quorum unavailable\nmember HTTP 409: DEFERRED\nmember HTTP 409: DEFERRED"
2026/09/24 20:07:40 WARN direct approval quorum unavailable tx="[19 69 168 22 146 224 186 145 34 127 105 47 197 120 236 44 49 54 25 178 234 138 243 6 91 39 39 41 118 223 96 33]" error="valid quorum unavailable\nmember HTTP 409: DEFERRED\nmember HTTP 409: DEFERRED"
2026/09/24 20:07:41 WARN direct approval quorum unavailable tx="[150 226 9 99 129 226 153 111 78 25 186 91 180 250 206 104 150 191 118 33 129 140 155 29 117 228 77 221 133 119 236 187]" error="valid quorum unavailable\nmember HTTP 409: DEFERRED\nmember HTTP 409: DEFERRED"
2026/09/24 20:07:42 WARN direct approval quorum unavailable tx="[142 155 58 65 184 59 2 217 11 37 115 25 224 5 165 250 68 25 171 38 16 81 109 104 195 78 239 45 91 202 83 84]" error="valid quorum unavailable\nmember HTTP 409: DEFERRED\nmember HTTP 409: DEFERRED"
2026/09/24 20:07:44 WARN direct approval quorum unavailable tx="[252 131 53 175 17 12 132 81 224 157 17 51 18 227 173 12 160 230 55 94 57 161 123 163 193 212 152 138 41 230 89 224]" error="valid quorum unavailable\nmember HTTP 409: DEFERRED\nmember HTTP 409: DEFERRED"
2026/09/24 20:07:46 WARN direct approval quorum unavailable tx="[240 10 130 241 170 45 102 128 7 117 66 149 251 248 219 227 252 230 232 222 60 190 28 15 57 219 165 104 226 29 152 10]" error="valid quorum unavailable\nmember HTTP 409: DEFERRED\nmember HTTP 409: DEFERRED"
2026/09/24 20:07:48 WARN direct approval quorum unavailable tx="[253 207 210 186 9 195 73 81 164 212 57 159 90 176 56 86 253 55 75 58 140 152 201 156 80 41 67 233 128 163 101 99]" error="valid quorum unavailable\nmember HTTP 409: DEFERRED\nmember HTTP 409: DEFERRED"
2026/09/24 20:07:52 WARN direct approval quorum unavailable tx="[129 187 66 77 244 14 251 244 132 2 174 38 228 99 21 149 162 30 110 157 13 195 142 52 59 70 3 222 159 64 233 76]" error="valid quorum unavailable\nmember HTTP 409: DEFERRED\nmember HTTP 409: DEFERRED"
2026/09/24 20:07:54 WARN direct approval quorum unavailable tx="[60 10 128 207 201 84 237 95 125 248 134 67 137 250 111 86 149 92 237 169 236 237 5 88 146 3 217 64 163 81 140 215]" error="valid quorum unavailable\nmember HTTP 409: DEFERRED\nmember HTTP 409: DEFERRED"
2026/09/24 20:07:55 WARN direct approval quorum unavailable tx="[197 7 22 159 18 177 75 187 249 181 94 216 87 185 245 218 97 208 85 211 92 33 175 235 224 96 224 64 233 254 228 24]" error="valid quorum unavailable\nmember HTTP 409: DEFERRED\nmember HTTP 409: DEFERRED"
2026/09/24 20:07:55 WARN direct approval quorum unavailable tx="[72 120 8 169 154 69 156 89 15 178 72 176 200 65 98 11 120 28 250 40 215 156 197 195 222 178 119 217 89 105 164 86]" error="valid quorum unavailable\nmember HTTP 409: DEFERRED\nmember HTTP 409: DEFERRED"
2026/09/24 20:07:56 WARN direct approval quorum unavailable tx="[163 199 14 212 177 55 134 202 184 215 133 7 13 64 142 249 27 91 246 105 88 140 229 203 42 203 72 134 142 243 12 2]" error="valid quorum unavailable\nmember HTTP 409: DEFERRED\nmember HTTP 409: DEFERRED"
2026/09/24 20:08:01 WARN direct approval quorum unavailable tx="[54 102 1 36 120 224 151 240 178 228 252 198 254 71 44 243 242 18 107 187 92 88 50 221 65 35 210 196 162 99 204 66]" error="valid quorum unavailable\nmember HTTP 409: DEFERRED\nmember HTTP 409: DEFERRED"
2026/09/24 20:08:02 WARN direct approval quorum unavailable tx="[201 110 146 132 251 31 224 19 90 54 133 43 226 218 100 233 220 248 6 158 101 127 105 43 126 153 128 91 223 141 186 52]" error="valid quorum unavailable\nmember HTTP 409: DEFERRED\nmember HTTP 409: DEFERRED"
2026/09/24 20:08:03 WARN direct approval quorum unavailable tx="[93 67 249 214 29 10 159 173 107 231 9 12 133 40 14 236 171 234 129 208 96 152 18 236 17 185 176 149 57 14 42 249]" error="valid quorum unavailable\nmember HTTP 409: DEFERRED\nmember HTTP 409: DEFERRED"
2026/09/24 20:08:03 WARN direct approval quorum unavailable tx="[54 84 84 33 18 212 252 138 49 91 163 129 152 151 250 79 76 215 53 7 120 198 130 41 83 18 208 154 201 91 176 121]" error="valid quorum unavailable\nmember HTTP 409: DEFERRED\nmember HTTP 409: DEFERRED"
2026/09/24 20:08:05 WARN direct approval quorum unavailable tx="[99 247 179 248 0 76 228 91 180 37 165 30 237 7 100 245 61 50 172 142 254 162 120 248 192 7 6 41 80 151 218 47]" error="valid quorum unavailable\nmember HTTP 409: DEFERRED\nmember HTTP 409: DEFERRED"
2026/09/24 20:08:07 WARN direct approval quorum unavailable tx="[55 214 156 240 251 180 247 113 158 90 59 208 76 172 219 193 212 200 8 203 253 79 254 64 113 130 59 81 165 143 142 142]" error="valid quorum unavailable\nmember HTTP 409: DEFERRED\nmember HTTP 409: DEFERRED"
2026/09/24 20:08:09 WARN direct approval quorum unavailable tx="[152 90 101 5 249 236 61 34 232 252 181 18 255 106 48 147 156 165 251 56 51 125 65 13 57 14 81 181 249 45 76 73]" error="valid quorum unavailable\nmember HTTP 409: DEFERRED\nmember HTTP 409: DEFERRED"
2026/09/24 20:08:13 WARN direct approval quorum unavailable tx="[174 175 166 101 37 236 248 162 71 11 244 181 6 248 198 83 132 199 222 153 14 115 178 143 25 36 219 247 163 24 233 253]" error="valid quorum unavailable\nmember HTTP 409: DEFERRED\nmember HTTP 409: DEFERRED"
2026/09/24 20:08:18 WARN direct approval quorum unavailable tx="[44 185 142 115 200 214 203 4 95 251 49 236 173 73 44 172 80 179 53 86 62 242 114 73 247 169 158 85 189 50 133 132]" error="valid quorum unavailable\nmember HTTP 409: DEFERRED\nmember HTTP 409: DEFERRED"
2026/09/24 20:08:18 WARN direct approval quorum unavailable tx="[95 36 162 175 141 139 63 189 221 27 188 207 45 102 105 232 11 212 223 154 94 111 56 84 159 53 65 114 63 89 32 159]" error="valid quorum unavailable\nmember HTTP 409: DEFERRED\nmember HTTP 409: DEFERRED"
2026/09/24 20:08:21 WARN direct approval quorum unavailable tx="[254 248 136 89 113 136 173 60 228 47 54 31 49 2 21 229 185 48 103 131 218 16 61 40 242 110 65 145 39 184 204 250]" error="valid quorum unavailable\nmember HTTP 409: DEFERRED\nmember HTTP 409: DEFERRED"
2026/09/24 20:08:22 WARN direct approval quorum unavailable tx="[1 249 146 217 158 95 198 29 213 59 233 80 131 136 178 122 83 65 154 89 255 87 30 105 135 13 165 105 160 195 73 169]" error="valid quorum unavailable\nmember HTTP 409: DEFERRED\nmember HTTP 409: DEFERRED"
2026/09/24 20:08:26 WARN direct approval quorum unavailable tx="[72 87 163 50 80 85 226 55 252 78 151 145 86 33 137 234 238 131 79 86 147 82 180 172 100 8 242 190 123 215 71 227]" error="valid quorum unavailable\nmember HTTP 409: DEFERRED\nmember HTTP 409: DEFERRED"
2026/09/24 20:08:33 WARN direct approval quorum unavailable tx="[88 181 58 50 47 127 123 39 172 86 105 171 72 48 29 64 177 27 195 165 64 104 30 53 162 30 95 192 7 93 241 4]" error="valid quorum unavailable\nmember HTTP 409: DEFERRED\nmember HTTP 409: DEFERRED"
2026/09/24 20:08:39 WARN direct approval quorum unavailable tx="[222 244 217 79 207 171 232 2 203 100 68 198 251 88 95 147 192 73 56 191 22 39 230 132 201 148 49 223 88 105 222 111]" error="valid quorum unavailable\nmember HTTP 409: DEFERRED\nmember HTTP 409: DEFERRED"
2026/09/24 20:08:40 WARN direct approval quorum unavailable tx="[81 180 71 214 215 43 136 166 103 242 6 170 85 44 154 252 86 195 46 161 85 97 116 9 252 122 247 202 237 29 210 31]" error="valid quorum unavailable\nmember HTTP 409: DEFERRED\nmember HTTP 409: DEFERRED"
2026/09/24 20:08:42 WARN direct approval quorum unavailable tx="[17 157 142 47 244 15 232 113 151 206 47 171 123 192 92 125 233 112 163 208 209 74 165 220 216 143 86 216 224 159 108 255]" error="valid quorum unavailable\nmember HTTP 409: DEFERRED\nmember HTTP 409: DEFERRED"
2026/09/24 20:08:42 WARN direct approval quorum unavailable tx="[28 134 14 36 217 83 74 77 73 38 146 201 230 158 10 234 177 61 182 240 221 220 201 203 198 120 177 153 13 168 190 140]" error="valid quorum unavailable\nmember HTTP 409: DEFERRED\nmember HTTP 409: DEFERRED"
2026/09/24 20:08:45 WARN direct approval quorum unavailable tx="[65 193 0 107 12 124 152 136 159 128 151 60 245 204 64 122 184 118 146 69 151 47 74 126 105 251 83 199 137 172 49 78]" error="valid quorum unavailable\nmember HTTP 409: DEFERRED\nmember HTTP 409: DEFERRED"
2026/09/24 20:08:45 WARN direct approval quorum unavailable tx="[251 196 230 132 160 121 242 203 43 80 198 227 200 37 230 112 67 150 31 230 24 182 65 93 143 25 46 63 155 112 232 156]" error="valid quorum unavailable\nmember HTTP 409: DEFERRED\nmember HTTP 409: DEFERRED"
2026/09/24 20:08:47 WARN direct approval quorum unavailable tx="[211 187 63 237 62 158 120 130 123 173 247 175 246 125 54 13 108 39 83 133 173 196 140 26 124 150 49 220 194 212 239 73]" error="valid quorum unavailable\nmember HTTP 409: DEFERRED\nmember HTTP 409: DEFERRED"
2026/09/24 20:08:47 WARN direct approval quorum unavailable tx="[54 50 158 190 122 254 151 157 45 199 240 48 232 111 160 64 193 228 216 133 71 51 54 210 135 89 145 133 48 9 129 230]" error="valid quorum unavailable\nmember HTTP 409: DEFERRED\nmember HTTP 409: DEFERRED"
2026/09/24 20:08:48 WARN direct approval quorum unavailable tx="[139 27 95 23 140 5 71 98 20 246 120 90 192 103 168 166 99 241 199 91 167 44 100 12 128 25 192 57 59 121 85 86]" error="valid quorum unavailable\nmember HTTP 409: DEFERRED\nmember HTTP 409: DEFERRED"
2026/09/24 20:08:50 WARN direct approval quorum unavailable tx="[226 211 66 10 85 239 78 222 126 68 203 145 140 253 117 230 219 10 60 76 66 145 197 197 35 34 224 155 92 11 224 209]" error="valid quorum unavailable\nmember HTTP 409: DEFERRED\nmember HTTP 409: DEFERRED"
2026/09/24 20:08:50 WARN direct approval quorum unavailable tx="[132 148 171 121 51 109 72 245 92 39 226 55 172 56 229 85 74 202 102 112 21 152 142 139 82 174 236 67 132 132 157 177]" error="valid quorum unavailable\nmember HTTP 409: DEFERRED\nmember HTTP 409: DEFERRED"
2026/09/24 20:08:51 WARN direct approval quorum unavailable tx="[51 181 242 167 168 85 212 235 188 60 218 180 207 246 151 142 56 5 245 125 246 33 42 221 147 196 253 141 238 154 5 213]" error="valid quorum unavailable\nmember HTTP 409: DEFERRED\nmember HTTP 409: DEFERRED"
2026/09/24 20:08:54 WARN direct approval quorum unavailable tx="[101 36 102 128 78 209 52 97 87 152 203 56 101 217 97 208 153 187 245 183 242 128 207 239 140 38 115 145 120 78 184 40]" error="valid quorum unavailable\nmember HTTP 409: DEFERRED\nmember HTTP 409: DEFERRED"
2026/09/24 20:08:59 WARN direct approval quorum unavailable tx="[92 27 175 104 206 241 144 189 100 38 154 104 59 197 115 223 2 123 105 155 215 224 174 208 27 164 142 229 52 96 27 111]" error="valid quorum unavailable\nmember HTTP 409: DEFERRED\nmember HTTP 409: DEFERRED"
2026/09/24 20:09:03 WARN direct approval quorum unavailable tx="[39 67 25 169 21 82 246 216 143 24 61 151 184 138 202 7 193 140 7 191 89 172 6 185 45 0 218 201 252 9 200 140]" error="valid quorum unavailable\nmember HTTP 409: DEFERRED\nmember HTTP 409: DEFERRED"
2026/09/24 20:09:05 WARN direct approval quorum unavailable tx="[214 63 142 132 138 64 109 34 95 84 101 2 156 192 255 123 8 205 19 48 209 248 221 111 220 180 193 248 204 198 59 231]" error="valid quorum unavailable\nmember HTTP 409: DEFERRED\nmember HTTP 409: DEFERRED"
