2026/09/24 20:06:51 INFO gateway started listen=127.0.0.1:26300 organization=49be96489ff513310314d931923c72145ab05646ed099b21ad2e0f3178e10ab2
2026/09/24 20:07:07 WARN direct approval quorum unavailable tx="[14 155 165 197 195 187 31 71 231 239 59 46 224 205 70 97 209 110 60 66 155 49 0 169 22 237 80 73 107 27 187 63]" error="valid quorum unavailable\nmember HTTP 409: DEFERRED\nmember HTTP 409: DEFERRED\nmember HTTP 409: DEFERRED"
2026/09/24 20:07:08 WARN direct approval quorum unavailable tx="[251 218 47 253 148 107 254 63 38 101 172 65 4 200 172 208 215 123 127 230 58 128 50 49 106 108 131 62 237 130 90 142]" error="valid quorum unavailable\nmember HTTP 409: DEFERRED\nmember HTTP 409: DEFERRED"
2026/09/24 20:07:09 WARN direct approval quorum unavailable tx="[55 120 176 35 190 241 253 97 48 195 220 19 207 136 130 185 95 33 40 12 149 142 161 128 151 73 160 11 128 116 65 96]" error="valid quorum unavailable\nmember HTTP 409: DEFERRED\nmember HTTP 409: DEFERRED\nmember HTTP 409: DEFERRED"
2026/09/24 20:07:11 WARN direct approval quorum unavailable tx="[157 239 5 162 243 69 218 190 39 67 232 87 150 238 32 249 248 234 54 147 81 102 169 223 136 213 121 197 100 196 15 165]" error="valid quorum unavailable\nmember HTTP 409: DEFERRED\nmember HTTP 409: DEFERRED"
2026/09/24 20:07:17 WARN direct approval quorum unavailable tx="[68 183 33 131 80 235 202 79 58 79 68 212 160 117 214 183 92 215 115 240 217 166 120 252 154 73 210 102 227 216 197 53]" error="valid quorum unavailable\nmember HTTP 409: DEFERRED\nmember HTTP 409: DEFERRED\nmember HTTP 409: DEFERRED\nmember HTTP 409: DEFERRED"
2026/09/24 20:07:18 WARN direct approval quorum unavailable tx="[109 140 108 148 51 108 192 60 188 180 208 191 56 23 45 166 0 158 28 52 44 44 162 187 115 124 40 219 106 109 72 160]" error="valid quorum unavailable\nmember HTTP 409: DEFERRED\nmember HTTP 409: DEFERRED\nmember HTTP 409: DEFERRED"
2026/09/24 20:07:21 WARN direct approval quorum unavailable tx="[25 162 222 148 233 38 86 43 185 92 176 157 253 168 210 20 46 39 81 212 238 170 86 177 103 7 83 20 134 65 200 172]" error="valid quorum unavailable\nmember HTTP 409: DEFERRED\nmember HTTP 409: DEFERRED\nmember HTTP 409: DEFERRED\nmember HTTP 409: DEFERRED"
2026/09/24 20:07:24 WARN direct approval quorum unavailable tx="[107 81 252 14 186 162 156 119 137 144 48 188 108 242 186 72 22 66 168 130 187 165 188 20 37 193 214 242 227 129 129 85]" error="valid quorum unavailable\nmember HTTP 409: DEFERRED\nmember HTTP 409: DEFERRED"
2026/09/24 20:07:25 WARN direct approval quorum unavailable tx="[172 104 202 160 151 174 225 163 108 220 146 160 237 16 232 171 2 58 162 0 255 239 106 235 206 99 45 18 176 73 174 240]" error="valid quorum unavailable\nmember HTTP 409: DEFERRED\nmember HTTP 409: DEFERRED\nmember HTTP 409: DEFERRED"
2026/09/24 20:07:25 WARN direct approval quorum unavailable tx="[236 75 102 61 47 16 113 219 78 154 125 98 128 87 63 52 171 205 94 14 18 76 134 142 5 97 86 63 187 245 34 30]" error="valid quorum unavailable\nmember HTTP 409: DEFERRED\nmember HTTP 409: DEFERRED"
2026/09/24 20:07:27 WARN direct approval quorum unavailable tx="[170 140 139 149 172 7 32 218 12 23 238 140 212 61 22 59 4 249 175 88 141 191 102 162 222 106 23 126 200 21 43 129]" error="valid quorum unavailable\nmember HTTP 409: DEFERRED\nmember HTTP 409: DEFERRED"
2026/09/24 20:07:29 WARN direct approval quorum unavailable tx="[148 224 233 128 110 41 231 254 169 132 31 164 58 141 23 155 143 211 10 6 62 113 245 229 185 243 188 165 68 88 211 42]" error="valid quorum unavailable\nmember HTTP 409: DEFERRED\nmember HTTP 409: DEFERRED\nmember HTTP 409: DEFERRED"
2026/09/24 20:07:35 WARN direct approval quorum unavailable tx="[177 206 36 249 178 77 127 41 55 128 59 117 37 254 136 134 172 41 100 25 80 67 53 195 39 130 85 59 115 70 172 23]" error="valid quorum unavailable\nmember HTTP 409: DEFERRED\nmember HTTP 409: DEFERRED"
2026/09/24 20:07:36 WARN direct approval quorum unavailable tx="[195 253 228 104 228 122 84 187 9 36 159 51 76 118 56 160 192 37 80 228 222 100 100 200 160 151 37 173 72 200 118 213]" error="valid quorum unavailable\nmember HTTP 409: DEFERRED\nmember HTTP 409: DEFERRED\nmember HTTP 409: DEFERRED\nmember HTTP 409: DEFERRED"
2026/09/24 20:07:36 WARN direct approval quorum unavailable tx="[49 160 110 41 45 58 108 3 121 86 19 243 202 55 172 19 40 154 214 202 138 95 168 120 36 152 26 181 128 23 101 190]" error="valid quorum unavailable\nmember HTTP 409: DEFERRED\nmember HTTP 409: DEFERRED"
2026/09/24 20:07:37 WARN direct approval quorum unavailable tx="[39 209 93 234 34 40 16 150 82 130 156 67 185 197 201 82 166 5 244 175 31 66 89 29 178 45 240 126 20 171 231 205]" error="valid quorum unavailable\nmember HTTP 409: DEFERRED\nmember HTTP 409: DEFERRED"
2026/09/24 20:07:40 WARN direct approval quorum unavailable tx="[34 174 248 106 252 41 32 158 204 188 94 21 6 134 251 226 144 36 11 120 246 148 26 238 238 158 86 80 204 247 215 37]" error="valid quorum unavailable\nmember HTTP 409: DEFERRED\nmember HTTP 409: DEFERRED"
2026/09/24 20:07:41 WARN direct approval quorum unavailable tx="[29 4 238 53 248 215 233 20 212 11 166 195 92 22 204 207 136 37 132 98 246 237 146 239 31 20 190 211 30 124 249 141]" error="valid quorum unavailable\nmember HTTP 409: DEFERRED\nmember HTTP 409: DEFERRED"
2026/09/24 20:07:41 WARN direct approval quorum unavailable tx="[91 117 12 1 85 18 141 48 177 66 20 3 63 149 228 92 73 73 218 129 95 149 18 194 56 230 171 193 106 224 165 109]" error="valid quorum unavailable\nmember HTTP 409: DEFERRED\nmember HTTP 409: DEFERRED\nmember HTTP 409: DEFERRED"
2026/09/24 20:07:42 WARN direct approval quorum unavailable tx="[116 48 192 246 107 71 8 128 166 230 185 248 46 137 208 128 216 17 182 42 200 201 162 57 7 80 250 142 39 114 129 198]" error="valid quorum unavailable\nmember HTTP 409: DEFERRED\nmember HTTP 409: DEFERRED"
2026/09/24 20:07:43 WARN direct approval quorum unavailable tx="[168 74 6 43 114 210 20 44 126 219 88 164 62 145 53 99 117 135 34 166 172 145 149 219 143 157 163 183 227 120 189 124]" error="valid quorum unavailable\nmember HTTP 409: DEFERRED\nmember HTTP 409: DEFERRED"
2026/09/24 20:07:43 WARN direct approval quorum unavailable tx="[108 202 177 43 220 221 248 58 205 94 178 189 98 130 250 216 231 55 7 57 38 235 228 8 145 186 123 185 224 85 121 33]" error="valid quorum unavailable\nmember HTTP 409: DEFERRED\nmember HTTP 409: DEFERRED"
2026/09/24 20:07:44 WARN direct approval quorum unavailable tx="[96 90 72 70 4 52 89 80 122 191 105 76 41 223 89 113 113 29 171 147 63 30 9 194 157 35 47 246 232 202 248 95]" error="valid quorum unavailable\nmember HTTP 409: DEFERRED\nmember HTTP 409: DEFERRED"
2026/09/24 20:07:44 WARN direct approval quorum unavailable tx="[133 161 113 30 228 253 133 3 113 175 223 180 51 44 1 50 169 39 231 133 211 138 97 125 124 183 149 123 128 118 25 197]" error="valid quorum unavailable\nmember HTTP 409: DEFERRED\nmember HTTP 409: DEFERRED\nmember HTTP 409: DEFERRED"
2026/09/24 20:07:47 WARN direct approval quorum unavailable tx="[200 101 109 12 137 98 86 33 227 218 53 56 173 180 26 233 90 244 138 98 29 121 52 44 93 230 0 166 142 26 56 70]" error="valid quorum unavailable\nmember HTTP 409: DEFERRED\nmember HTTP 409: DEFERRED"
2026/09/24 20:07:48 WARN direct approval quorum unavailable tx="[235 242 101 211 29 37 141 89 180 96 44 103 66 231 241 16 133 35 18 70 23 157 235 98 148 2 79 27 167 224 46 34]" error="valid quorum unavailable\nmember HTTP 409: DEFERRED\nmember HTTP 409: DEFERRED\nmember HTTP 409: DEFERRED"
2026/09/24 20:07:48 WARN direct approval quorum unavailable tx="[63 95 51 86 225 179 181 72 15 108 35 234 59 67 95 36 113 37 12 217 253 18 215 172 46 169 99 177 83 125 119 27]" error="valid quorum unavailable\nmember HTTP 409: DEFERRED\nmember HTTP 409: DEFERRED"
2026/09/24 20:07:52 WARN direct approval quorum unavailable tx="[28 187 52 182 241 149 122 216 26 121 75 201 242 83 247 226 55 177 33 55 11 221 220 138 97 209 161 91 131 62 237 227]" error="valid quorum unavailable\nmember HTTP 409: DEFERRED\nmember HTTP 409: DEFERRED"
2026/09/24 20:07:53 WARN direct approval quorum unavailable tx="[196 143 89 234 54 20 118 190 116 11 8 71 193 188 61 91 165 52 32 105 33 206 13 182 114 190 235 254 199 250 199 52]" error="valid quorum unavailable\nmember HTTP 409: DEFERRED\nmember HTTP 409: DEFERRED"
2026/09/24 20:07:53 WARN direct approval quorum unavailable tx="[178 220 227 218 216 220 96 136 177 138 25 54 226 3 148 199 77 5 155 86 151 24 2 76 244 184 45 178 216 222 32 25]" error="valid quorum unavailable\nmember HTTP 409: DEFERRED\nmember HTTP 409: DEFERRED"
2026/09/24 20:07:55 WARN direct approval quorum unavailable tx="[62 212 57 156 235 6 66 234 230 95 137 207 134 125 146 168 136 180 52 13 28 203 84 166 191 33 199 25 245 197 65 1]" error="valid quorum unavailable\nmember HTTP 409: DEFERRED\nmember HTTP 409: DEFERRED"
2026/09/24 20:07:55 WARN direct approval quorum unavailable tx="[17 136 126 209 118 44 98 184 71 17 237 46 156 17 185 9 158 106 249 95 3 171 205 207 253 63 135 211 157 232 173 165]" error="valid quorum unavailable\nmember HTTP 409: DEFERRED\nmember HTTP 409: DEFERRED"
2026/09/24 20:07:56 WARN direct approval quorum unavailable tx="[90 18 99 45 2 207 128 45 194 141 18 241 61 23 126 6 96 204 21 216 6 1 4 52 119 126 241 229 90 251 221 221]" error="valid quorum unavailable\nmember HTTP 409: DEFERRED\nmember HTTP 409: DEFERRED\nmember HTTP 409: DEFERRED\nmember HTTP 409: DEFERRED"
2026/09/24 20:07:59 WARN direct approval quorum unavailable tx="[165 27 125 189 42 163 153 68 143 142 49 16 109 132 72 31 242 55 113 93 116 18 114 17 136 59 73 0 243 84 46 61]" error="valid quorum unavailable\nmember HTTP 409: DEFERRED\nmember HTTP 409: DEFERRED"
2026/09/24 20:08:00 WARN direct approval quorum unavailable tx="[153 53 203 247 190 255 71 190 61 145 145 24 253 87 93 36 197 66 212 164 19 74 6 63 249 9 166 160 250 233 70 4]" error="valid quorum unavailable\nmember HTTP 409: DEFERRED\nmember HTTP 409: DEFERRED"
2026/09/24 20:08:00 WARN direct approval quorum unavailable tx="[117 123 100 172 198 233 232 222 138 115 104 43 88 117 40 149 55 53 160 60 191 105 18 51 247 209 180 15 57 150 16 93]" error="valid quorum unavailable\nmember HTTP 409: DEFERRED\nmember HTTP 409: DEFERRED\nmember HTTP 409: DEFERRED\nmember HTTP 409: DEFERRED"
2026/09/24 20:08:03 WARN direct approval quorum unavailable tx="[127 180 129 212 121 242 181 48 120 146 248 89 126 112 83 236 111 233 148 146 140 216 227 134 134 154 82 202 35 247 200 248]" error="valid quorum unavailable\nmember HTTP 409: DEFERRED\nmember HTTP 409: DEFERRED"
2026/09/24 20:08:06 WARN direct approval quorum unavailable tx="[3 138 158 201 224 37 37 117 95 89 59 244 205 237 213 22 139 128 9 234 236 205 49 237 230 46 119 196 166 20 100 59]" error="valid quorum unavailable\nmember HTTP 409: DEFERRED\nmember HTTP 409: DEFERRED"
2026/09/24 20:08:07 WARN direct approval quorum unavailable tx="[251 205 248 82 216 102 166 43 113 254 228 202 53 50 2 93 242 223 208 53 234 245 80 215 250 170 186 191 46 231 46 255]" error="valid quorum unavailable\nmember HTTP 409: DEFERRED\nmember HTTP 409: DEFERRED"
2026/09/24 20:08:10 WARN direct approval quorum unavailable tx="[103 172 30 14 105 149 121 207 85 243 193 113 81 84 228 94 66 92 126 143 125 205 167 179 230 219 0 229 9 166 187 206]" error="valid quorum unavailable\nmember HTTP 409: DEFERRED\nmember HTTP 409: DEFERRED"
2026/09/24 20:08:12 WARN direct approval quorum unavailable tx="[178 205 16 238 212 118 0 234 141 127 152 162 214 166 16 2 199 42 152 150 34 129 164 90 207 117 153 75 224 8 24 223]" error="valid quorum unavailable\nmember HTTP 409: DEFERRED\nmember HTTP 409: DEFERRED"
2026/09/24 20:08:18 WARN direct approval quorum unavailable tx="[222 224 196 80 6 226 107 94 89 199 65 90 104 220 15 24 182 82 176 100 218 11 77 186 247 40 225 204 224 204 9 145]" error="valid quorum unavailable\nmember HTTP 409: DEFERRED\nmember HTTP 409: DEFERRED"
2026/09/24 20:08:22 WARN direct approval quorum unavailable tx="[109 144 28 177 49 94 67 159 232 190 16 207 228 241 81 89 144 169 252 225 159 130 215 169 235 76 37 218 194 118 69 141]" error="valid quorum unavailable\nmember HTTP 409: DEFERRED\nmember HTTP 409: DEFERRED"
2026/09/24 20:08:23 WARN direct approval quorum unavailable tx="[43 249 53 138 193 248 124 224 21 19 180 146 115 107 127 225 178 154 185 65 178 137 215 250 231 24 12 233 35 175 201 100]" error="valid quorum unavailable\nmember HTTP 409: DEFERRED\nmember HTTP 409: DEFERRED\nmember HTTP 409: DEFERRED\nmember HTTP 409: DEFERRED"
2026/09/24 20:08:24 WARN direct approval quorum unavailable tx="[76 204 127 191 77 23 212 104 232 168 29 197 251 187 10 135 172 92 69 145 163 82 154 220 161 213 10 181 99 124 211 183]" error="valid quorum unavailable\nmember HTTP 409: DEFERRED\nmember HTTP 409: DEFERRED\nmember HTTP 409: DEFERRED"
2026/09/24 20:08:24 WARN direct approval quorum unavailable tx="[197 195 148 196 110 146 38 91 39 128 142 55 223 86 204 31 134 126 112 68 193 204 5 3 220 1 229 245 35 179 191 115]" error="valid quorum unavailable\nmember HTTP 409: DEFERRED\nmember HTTP 409: DEFERRED\nmember HTTP 409: DEFERRED"
2026/09/24 20:08:26 WARN direct approval quorum unavailable tx="[58 176 121 133 22 175 218 185 101 211 92 214 207 159 163 223 253 213 189 233 18 244 31 237 228 246 129 66 255 206 105 220]" error="valid quorum unavailable\nmember HTTP 409: DEFERRED\nmember HTTP 409: DEFERRED\nmember HTTP 409: DEFERRED\nmember HTTP 409: DEFERRED"
2026/09/24 20:08:27 WARN direct approval quorum unavailable tx="[193 68 20 15 71 145 141 178 69 57 112 133 167 254 248 29 8 120 67 79 109 97 105 34 137 46 50 118 141 98 111 68]" error="valid quorum unavailable\nmember HTTP 409: DEFERRED\nmember HTTP 409: DEFERRED"
2026/09/24 20:08:28 WARN direct approval quorum unavailable tx="[128 15 184 109 146 239 82 50 203 220 171 184 52 228 201 168 181 149 51 135 7 21 60 18 13 253 190 142 188 70 209 57]" error="valid quorum unavailable\nmember HTTP 409: DEFERRED\nmember HTTP 409: DEFERRED"
2026/09/24 20:08:28 WARN direct approval quorum unavailable tx="[6 215 156 148 73 212 217 65 152 108 127 165 100 113 201 210 18 252 4 226 1 99 25 112 51 19 52 145 15 5 142 174]" error="valid quorum unavailable\nmember HTTP 409: DEFERRED\nmember HTTP 409: DEFERRED\nmember HTTP 409: DEFERRED"
2026/09/24 20:08:28 WARN direct approval quorum unavailable tx="[20 217 21 101 44 241 40 37 152 122 100 189 85 138 136 176 234 167 129 145 71 55 67 123 66 190 155 142 63 99 29 143]" error="valid quorum unavailable\nmember HTTP 409: DEFERRED\nmember HTTP 409: DEFERRED\nmember HTTP 409: DEFERRED\nmember HTTP 409: DEFERRED"
2026/09/24 20:08:31 WARN direct approval quorum unavailable tx="[166 253 63 174 248 224 233 107 172 125 217 51 173 69 227 250 82 143 180 128 170 39 130 61 41 233 188 67 24 121 151 39]" error="valid quorum unavailable\nmember HTTP 409: DEFERRED\nmember HTTP 409: DEFERRED\nmember HTTP 409: DEFERRED\nmember HTTP 409: DEFERRED"
2026/09/24 20:08:32 WARN direct approval quorum unavailable tx="[191 220 119 223 104 32 165 207 7 142 190 77 118 141 61 199 211 55 105 107 188 135 246 108 54 123 173 114 210 198 83 176]" error="valid quorum unavailable\nmember HTTP 409: DEFERRED\nmember HTTP 409: DEFERRED\nmember HTTP 409: DEFERRED"
2026/09/24 20:08:36 WARN direct approval quorum unavailable tx="[220 157 79 55 225 221 34 78 174 27 194 25 172 83 118 125 245 226 246 178 28 6 223 87 198 49 133 36 107 63 221 197]" error="valid quorum unavailable\nmember HTTP 409: DEFERRED\nmember HTTP 409: DEFERRED"
2026/09/24 20:08:39 WARN direct approval quorum unavailable tx="[192 30 216 106 166 234 18 52 186 121 44 228 92 25 194 254 168 44 244 23 54 214 18 74 208 118 104 174 201 95 3 15]" error="valid quorum unavailable\nmember HTTP 409: DEFERRED\nmember HTTP 409: DEFERRED"
2026/09/24 20:08:42 WARN direct approval quorum unavailable tx="[239 59 4 164 187 221 193 223 26 121 37 252 234 139 162 182 50 1 91 83 135 230 215 106 217 177 86 1 103 245 46 82]" error="valid quorum unavailable\nmember HTTP 409: DEFERRED\nmember HTTP 409: DEFERRED"
2026/09/24 20:08:44 WARN direct approval quorum unavailable tx="[23 68 54 135 193 175 215 108 217 227 44 154 139 14 98 20 91 37 77 3 45 110 42 11 145 90 142 57 184 236 83 111]" error="valid quorum unavailable\nmember HTTP 409: DEFERRED\nmember HTTP 409: DEFERRED\nmember HTTP 409: DEFERRED\nmember HTTP 409: DEFERRED"
2026/09/24 20:08:45 WARN direct approval quorum unavailable tx="[80 15 157 134 194 11 96 5 243 230 231 179 229 121 147 237 11 181 17 63 243 195 230 50 232 158 226 184 211 14 51 178]" error="valid quorum unavailable\nmember HTTP 409: DEFERRED\nmember HTTP 409: DEFERRED"
2026/09/24 20:08:47 WARN direct approval quorum unavailable tx="[47 114 172 8 197 127 199 17 133 30 203 213 105 170 232 237 73 220 211 183 4 38 67 170 109 83 67 46 218 67 128 10]" error="valid quorum unavailable\nmember HTTP 409: DEFERRED\nmember HTTP 409: DEFERRED\nmember HTTP 409: DEFERRED"
2026/09/24 20:08:48 WARN direct approval quorum unavailable tx="[86 226 162 38 124 138 6 2 170 214 208 56 10 17 128 117 130 144 64 82 156 169 223 43 130 86 127 96 221 250 5 187]" error="valid quorum unavailable\nmember HTTP 409: DEFERRED\nmember HTTP 409: DEFERRED"
2026/09/24 20:08:50 WARN direct approval quorum unavailable tx="[188 154 159 113 241 167 71 196 48 203 130 10 83 20 18 176 253 226 152 184 132 39 243 113 217 242 154 236 89 217 56 195]" error="valid quorum unavailable\nmember HTTP 409: DEFERRED\nmember HTTP 409: DEFERRED"
2026/09/24 20:08:53 WARN direct approval quorum unavailable tx="[162 191 162 29 205 107 13 127 225 210 231 113 143 203 16 245 80 13 61 82 18 209 153 7 181 162 185 240 31 85 191 189]" error="valid quorum unavailable\nmember HTTP 409: DEFERRED\nmember HTTP 409: DEFERRED\nmember HTTP 409: DEFERRED"
2026/09/24 20:08:58 WARN direct approval quorum unavailable tx="[16 40 191 103 204 29 246 109 104 40 146 96 166 248 137 63 42 237 48 110 117 6 75 172 206 75 125 35 215 55 165 73]" error="valid quorum unavailable\nmember HTTP 409: DEFERRED\nmember HTTP 409: DEFERRED"
2026/09/24 20:08:59 WARN direct approval quorum unavailable tx="[16 182 190 229 163 134 63 186 46 226 195 96 151 110 44 47 168 115 110 186 52 152 215 94 189 137 218 141 168 27 89 171]" error="valid quorum unavailable\nmember HTTP 409: DEFERRED\nmember HTTP 409: DEFERRED"
2026/09/24 20:09:01 WARN direct approval quorum unavailable tx="[110 85 169 225 39 230 227 39 33 238 172 220 224 87 51 98 12 121 241 239 175 111 150 53 252 252 158 64 32 62 7 142]" error="valid quorum unavailable\nmember HTTP 409: DEFERRED\nmember HTTP 409: DEFERRED\nmember HTTP 409: DEFERRED"
2026/09/24 20:09:04 WARN direct approval quorum unavailable tx="[2 204 232 105 88 166 61 208 59 176 209 124 1 226 245 142 156 159 117 10 86 163 67 177 134 69 64 209 187 16 93 234]" error="valid quorum unavailable\nmember HTTP 409: DEFERRED\nmember HTTP 409: DEFERRED\nmember HTTP 409: DEFERRED"
2026/09/24 20:09:05 WARN direct approval quorum unavailable tx="[0 64 205 110 209 254 252 13 124 203 165 4 182 54 156 2 241 168 249 160 81 166 172 104 116 205 40 23 233 190 177 2]" error="valid quorum unavailable\nmember HTTP 409: DEFERRED\nmember HTTP 409: DEFERRED"
2026/09/24 20:09:06 WARN direct approval quorum unavailable tx="[164 155 225 58 161 66 0 85 114 164 217 160 132 74 221 191 167 148 48 233 1 32 148 179 204 24 6 129 205 170 24 109]" error="valid quorum unavailable\nmember HTTP 409: DEFERRED\nmember HTTP 409: DEFERRED"
2026/09/24 20:09:06 WARN direct approval quorum unavailable tx="[228 96 146 47 113 162 123 198 53 242 224 97 76 54 23 57 69 44 186 148 84 114 242 13 59 214 69 48 93 94 85 75]" error="valid quorum unavailable\nmember HTTP 409: DEFERRED\nmember HTTP 409: DEFERRED\nmember HTTP 409: DEFERRED"
