{
  "batch_progress": true,
  "block_observed_p50_ms": 1435.070834,
  "completed_per_second": 98.43180124088225,
  "concurrency": 64,
  "count": 7000,
  "dispatch_delivery_wait_p95_ms": 0.209,
  "dispatch_lag_p50_ms": 0.043292,
  "dispatch_lag_p95_ms": 0.217667,
  "elapsed_s": 71.115228125,
  "failed": 0,
  "fast_completed": 7000,
  "fast_p50_ms": 53.83175,
  "fast_p95_ms": 144.903459,
  "final_unfinished": 0,
  "finished_unix_ns": 1790951863351046000,
  "max_pending": 256,
  "member_applied_p50_ms": 1505.469166,
  "member_completed": 7000,
  "not_sent": 0,
  "note": "Block observation includes block verification and wallet polling; member applied queries local member status for all four nodes. No committee payment proofs are requested.",
  "pending_limit": 256,
  "progress_batch_facts": 42529,
  "progress_batch_http_errors": 0,
  "progress_batch_http_requests": 3556,
  "progress_batch_http_total_ms": 2217.741689,
  "progress_batch_queue_total_ms": 176971.243843,
  "progress_errors": 0,
  "progress_http_max_ms": 123.168541,
  "progress_http_mean_ms": 4.848504694302717,
  "progress_metric_note": "progress_requests counts logical fact checks; progress_http durations include batch queue wait. Actual batch HTTP requests/errors are separate.",
  "progress_requests": 42529,
  "progress_requests_per_second": 598.029439281926,
  "same_org": false,
  "sampled_oldest_unfinished_max_ms": 2189.899,
  "sampled_peak_unfinished": 217,
  "send_limit_hits": 0,
  "send_pacing_wait_p95_ms": 0.000583,
  "send_permit_wait_p95_ms": 0.000084,
  "started_unix_ns": 1790951792235800000,
  "target_send_rate": 100,
  "timing_origin": "wallet_http_submit_v4",
  "total_limit_hits": 0,
  "total_permit_wait_p95_ms": 0.000292,
  "trace": false,
  "unknown": 0,
  "wallet_block_observed": 7000,
  "wallet_no_sync": true,
  "wallet_queries": 26127,
  "workload": "bounded_fast_receipt_with_independent_observation"
}
