Created finite two-organization laboratory: /Users/richz/lab/man/utxo-fastpay-v12/.run/group-relay2-trace-a1
Captured 400 settlement lookups; node timelines: 14
relay2-trace-a1 {"block_observed_p50_ms": 1704.657333, "completed_per_second": 28.99696910949198, "concurrency": 64, "count": 100, "elapsed_s": 3.448636291, "failed": 0, "fast_p50_ms": 182.8855, "fast_p95_ms": 184.952125, "finished_unix_ns": 1789802223642858291, "member_applied_p50_ms": 1756.431208, "note": "Block observation includes block verification and wallet polling; member applied queries local member status for all four nodes. No committee payment proofs are requested.", "started_unix_ns": 1789802220194222000, "timing_origin": "wallet_http_submit_v4", "trace": true, "workload": "closed_loop_final_utxo_cross_org"}
Created finite two-organization laboratory: /Users/richz/lab/man/utxo-fastpay-v12/.run/group-relay2-trace-b
Captured 400 settlement lookups; node timelines: 14
relay2-trace-b {"block_observed_p50_ms": 1966.13975, "completed_per_second": 30.204211048451217, "concurrency": 64, "count": 100, "elapsed_s": 3.310796625, "failed": 0, "fast_p50_ms": 169.866125, "fast_p95_ms": 218.0095, "finished_unix_ns": 1789802303176674625, "member_applied_p50_ms": 1974.127667, "note": "Block observation includes block verification and wallet polling; member applied queries local member status for all four nodes. No committee payment proofs are requested.", "started_unix_ns": 1789802299865878000, "timing_origin": "wallet_http_submit_v4", "trace": true, "workload": "closed_loop_final_utxo_cross_org"}
Created finite two-organization laboratory: /Users/richz/lab/man/utxo-fastpay-v12/.run/group-relay2-trace-a2
Captured 400 settlement lookups; node timelines: 14
relay2-trace-a2 {"block_observed_p50_ms": 1622.599709, "completed_per_second": 28.45226269932382, "concurrency": 64, "count": 100, "elapsed_s": 3.514658959, "failed": 0, "fast_p50_ms": 197.082792, "fast_p95_ms": 224.668833, "finished_unix_ns": 1789802316996719959, "member_applied_p50_ms": 1652.754125, "note": "Block observation includes block verification and wallet polling; member applied queries local member status for all four nodes. No committee payment proofs are requested.", "started_unix_ns": 1789802313482061000, "timing_origin": "wallet_http_submit_v4", "trace": true, "workload": "closed_loop_final_utxo_cross_org"}
Created finite two-organization laboratory: /Users/richz/lab/man/utxo-fastpay-v12/.run/group-relay2-plain-a1
relay2-plain-a1 {"block_observed_p50_ms": 1577.429959, "completed_per_second": 29.490803311419086, "concurrency": 64, "count": 100, "elapsed_s": 3.390887625, "failed": 0, "fast_p50_ms": 224.770208, "fast_p95_ms": 250.97525, "finished_unix_ns": 1789802395564049625, "member_applied_p50_ms": 1596.638834, "note": "Block observation includes block verification and wallet polling; member applied queries local member status for all four nodes. No committee payment proofs are requested.", "started_unix_ns": 1789802392173162000, "timing_origin": "wallet_http_submit_v4", "trace": false, "workload": "closed_loop_final_utxo_cross_org"}
Created finite two-organization laboratory: /Users/richz/lab/man/utxo-fastpay-v12/.run/group-relay2-plain-b1
relay2-plain-b1 {"block_observed_p50_ms": 1952.239542, "completed_per_second": 28.993660137548098, "concurrency": 64, "count": 100, "elapsed_s": 3.449029875, "failed": 0, "fast_p50_ms": 226.8595, "fast_p95_ms": 257.161416, "finished_unix_ns": 1789802444884375875, "member_applied_p50_ms": 1954.435417, "note": "Block observation includes block verification and wallet polling; member applied queries local member status for all four nodes. No committee payment proofs are requested.", "started_unix_ns": 1789802441435346000, "timing_origin": "wallet_http_submit_v4", "trace": false, "workload": "closed_loop_final_utxo_cross_org"}
Created finite two-organization laboratory: /Users/richz/lab/man/utxo-fastpay-v12/.run/group-relay2-plain-a2
relay2-plain-a2 {"block_observed_p50_ms": 1624.657959, "completed_per_second": 28.43111257464749, "concurrency": 64, "count": 100, "elapsed_s": 3.517273541, "failed": 0, "fast_p50_ms": 155.834167, "fast_p95_ms": 191.02375, "finished_unix_ns": 1789802581412087541, "member_applied_p50_ms": 1749.4115, "note": "Block observation includes block verification and wallet polling; member applied queries local member status for all four nodes. No committee payment proofs are requested.", "started_unix_ns": 1789802577894814000, "timing_origin": "wallet_http_submit_v4", "trace": false, "workload": "closed_loop_final_utxo_cross_org"}
Created finite two-organization laboratory: /Users/richz/lab/man/utxo-fastpay-v12/.run/group-relay2-plain-b2
relay2-plain-b2 {"block_observed_p50_ms": 1982.317291, "completed_per_second": 28.231354346457547, "concurrency": 64, "count": 100, "elapsed_s": 3.542160917, "failed": 0, "fast_p50_ms": 207.174875, "fast_p95_ms": 208.0795, "finished_unix_ns": 1789802600787761917, "member_applied_p50_ms": 1987.455334, "note": "Block observation includes block verification and wallet polling; member applied queries local member status for all four nodes. No committee payment proofs are requested.", "started_unix_ns": 1789802597245601000, "timing_origin": "wallet_http_submit_v4", "trace": false, "workload": "closed_loop_final_utxo_cross_org"}
Created finite two-organization laboratory: /Users/richz/lab/man/utxo-fastpay-v12/.run/group-relay2-plain-a3
relay2-plain-a3 {"block_observed_p50_ms": 2055.349375, "completed_per_second": 26.926980558518085, "concurrency": 64, "count": 100, "elapsed_s": 3.71374725, "failed": 0, "fast_p50_ms": 204.662167, "fast_p95_ms": 237.012083, "finished_unix_ns": 1789802697713730250, "member_applied_p50_ms": 2081.411625, "note": "Block observation includes block verification and wallet polling; member applied queries local member status for all four nodes. No committee payment proofs are requested.", "started_unix_ns": 1789802693999983000, "timing_origin": "wallet_http_submit_v4", "trace": false, "workload": "closed_loop_final_utxo_cross_org"}
Created finite two-organization laboratory: /Users/richz/lab/man/utxo-fastpay-v12/.run/group-relay2-fault
Captured 64 settlement lookups; node timelines: 14
relay2-fault {"block_observed_p50_ms": 2803.598375, "completed_per_second": 2.67127197650676, "concurrency": 8, "count": 16, "elapsed_s": 5.989655917, "failed": 0, "fast_p50_ms": 80.726375, "fast_p95_ms": 114.687416, "finished_unix_ns": 1789802781869430917, "member_applied_p50_ms": 2832.763666, "note": "Block observation includes block verification and wallet polling; member applied queries local member status for all four nodes. No committee payment proofs are requested.", "started_unix_ns": 1789802775879775000, "timing_origin": "wallet_http_submit_v4", "trace": true, "workload": "closed_loop_final_utxo_cross_org"}
RELAY_STEP2_COMPLETE
