[
  {
    "Name": "org0-member0",
    "Approvals": 151886,
    "Pending": 0,
    "Payments": 0,
    "Closed": 0,
    "CAL": "",
    "FUEL": "",
    "Rewards": "",
    "Burned": ""
  },
  {
    "Name": "org0-member1",
    "Approvals": 151888,
    "Pending": 0,
    "Payments": 0,
    "Closed": 0,
    "CAL": "",
    "FUEL": "",
    "Rewards": "",
    "Burned": ""
  },
  {
    "Name": "org0-member2",
    "Approvals": 151888,
    "Pending": 0,
    "Payments": 0,
    "Closed": 0,
    "CAL": "",
    "FUEL": "",
    "Rewards": "",
    "Burned": ""
  },
  {
    "Name": "org0-member3",
    "Approvals": 151888,
    "Pending": 0,
    "Payments": 0,
    "Closed": 0,
    "CAL": "",
    "FUEL": "",
    "Rewards": "",
    "Burned": ""
  },
  {
    "Name": "gateway0",
    "Approvals": 0,
    "Pending": 0,
    "Payments": 0,
    "Closed": 0,
    "CAL": "",
    "FUEL": "",
    "Rewards": "",
    "Burned": ""
  },
  {
    "Name": "committee0",
    "Approvals": 0,
    "Pending": 0,
    "Payments": 151888,
    "Closed": 151888,
    "CAL": "2000016793600",
    "FUEL": "1679360000",
    "Rewards": "12758592",
    "Burned": "1518880",
    "StateHash": "2eb70224aa79d3a349a06e3331628fd1339a86f2092f0b2867b596d9feb61a47",
    "Gap": "0"
  },
  {
    "Name": "committee1",
    "Approvals": 0,
    "Pending": 0,
    "Payments": 151888,
    "Closed": 151888,
    "CAL": "2000016793600",
    "FUEL": "1679360000",
    "Rewards": "12758592",
    "Burned": "1518880",
    "StateHash": "2eb70224aa79d3a349a06e3331628fd1339a86f2092f0b2867b596d9feb61a47",
    "Gap": "0"
  },
  {
    "Name": "committee2",
    "Approvals": 0,
    "Pending": 0,
    "Payments": 151888,
    "Closed": 151888,
    "CAL": "2000016793600",
    "FUEL": "1679360000",
    "Rewards": "12758592",
    "Burned": "1518880",
    "StateHash": "2eb70224aa79d3a349a06e3331628fd1339a86f2092f0b2867b596d9feb61a47",
    "Gap": "0"
  },
  {
    "Name": "committee3",
    "Approvals": 0,
    "Pending": 0,
    "Payments": 151888,
    "Closed": 151888,
    "CAL": "2000016793600",
    "FUEL": "1679360000",
    "Rewards": "12758592",
    "Burned": "1518880",
    "StateHash": "2eb70224aa79d3a349a06e3331628fd1339a86f2092f0b2867b596d9feb61a47",
    "Gap": "0"
  }
]
Supply and original-debit accounting verified: /Users/richz/lab/man/utxo-e8/.run/e8-formal-b1/reports/audit.json
