[
  {
    "Name": "org0-member0",
    "Approvals": 1004,
    "Pending": 0,
    "Payments": 0,
    "Closed": 0,
    "CAL": "",
    "FUEL": "",
    "Rewards": "",
    "Burned": ""
  },
  {
    "Name": "org0-member1",
    "Approvals": 1004,
    "Pending": 0,
    "Payments": 0,
    "Closed": 0,
    "CAL": "",
    "FUEL": "",
    "Rewards": "",
    "Burned": ""
  },
  {
    "Name": "org0-member2",
    "Approvals": 1004,
    "Pending": 0,
    "Payments": 0,
    "Closed": 0,
    "CAL": "",
    "FUEL": "",
    "Rewards": "",
    "Burned": ""
  },
  {
    "Name": "org0-member3",
    "Approvals": 1003,
    "Pending": 0,
    "Payments": 0,
    "Closed": 0,
    "CAL": "",
    "FUEL": "",
    "Rewards": "",
    "Burned": ""
  },
  {
    "Name": "gateway0",
    "Approvals": 0,
    "Pending": 0,
    "Payments": 0,
    "Closed": 0,
    "CAL": "",
    "FUEL": "",
    "Rewards": "",
    "Burned": ""
  },
  {
    "Name": "org1-member0",
    "Approvals": 4,
    "Pending": 0,
    "Payments": 0,
    "Closed": 0,
    "CAL": "",
    "FUEL": "",
    "Rewards": "",
    "Burned": ""
  },
  {
    "Name": "org1-member1",
    "Approvals": 4,
    "Pending": 0,
    "Payments": 0,
    "Closed": 0,
    "CAL": "",
    "FUEL": "",
    "Rewards": "",
    "Burned": ""
  },
  {
    "Name": "org1-member2",
    "Approvals": 4,
    "Pending": 0,
    "Payments": 0,
    "Closed": 0,
    "CAL": "",
    "FUEL": "",
    "Rewards": "",
    "Burned": ""
  },
  {
    "Name": "org1-member3",
    "Approvals": 4,
    "Pending": 0,
    "Payments": 0,
    "Closed": 0,
    "CAL": "",
    "FUEL": "",
    "Rewards": "",
    "Burned": ""
  },
  {
    "Name": "gateway1",
    "Approvals": 0,
    "Pending": 0,
    "Payments": 0,
    "Closed": 0,
    "CAL": "",
    "FUEL": "",
    "Rewards": "",
    "Burned": ""
  },
  {
    "Name": "committee0",
    "Approvals": 0,
    "Pending": 0,
    "Payments": 1008,
    "Closed": 1008,
    "CAL": "2000000240000",
    "FUEL": "2000000000000",
    "Rewards": "84692",
    "Burned": "10080",
    "StateHash": "632426a8976c09fe1783c5d4bcdf2c55c6a415e8248547dc73f92a3f0adc5dd6",
    "Gap": "0",
    "Revisions": 1
  },
  {
    "Name": "committee1",
    "Approvals": 0,
    "Pending": 0,
    "Payments": 1008,
    "Closed": 1008,
    "CAL": "2000000240000",
    "FUEL": "2000000000000",
    "Rewards": "84692",
    "Burned": "10080",
    "StateHash": "632426a8976c09fe1783c5d4bcdf2c55c6a415e8248547dc73f92a3f0adc5dd6",
    "Gap": "0",
    "Revisions": 1
  },
  {
    "Name": "committee2",
    "Approvals": 0,
    "Pending": 0,
    "Payments": 1008,
    "Closed": 1008,
    "CAL": "2000000240000",
    "FUEL": "2000000000000",
    "Rewards": "84692",
    "Burned": "10080",
    "StateHash": "632426a8976c09fe1783c5d4bcdf2c55c6a415e8248547dc73f92a3f0adc5dd6",
    "Gap": "0",
    "Revisions": 1
  },
  {
    "Name": "committee3",
    "Approvals": 0,
    "Pending": 0,
    "Payments": 1008,
    "Closed": 1008,
    "CAL": "2000000240000",
    "FUEL": "2000000000000",
    "Rewards": "84692",
    "Burned": "10080",
    "StateHash": "632426a8976c09fe1783c5d4bcdf2c55c6a415e8248547dc73f92a3f0adc5dd6",
    "Gap": "0",
    "Revisions": 1
  }
]
Supply and original-debit accounting verified: /Users/richz/lab/man/utxo-authorized-repair-20260929/.run/smoke/reports/audit.json
