{
  "batch_progress": true,
  "block_observed_p50_ms": 1076.139417,
  "completed_per_second": 88.7616579284143,
  "concurrency": 64,
  "count": 1000,
  "dispatch_delivery_wait_p95_ms": 0.404291,
  "dispatch_lag_p50_ms": 0.078666,
  "dispatch_lag_p95_ms": 0.421125,
  "elapsed_s": 11.26612575,
  "failed": 0,
  "fast_completed": 1000,
  "fast_p50_ms": 1.073584,
  "fast_p95_ms": 29.073959,
  "final_unfinished": 0,
  "finished_unix_ns": 1790684900360382000,
  "max_pending": 256,
  "member_applied_p50_ms": 1120.251792,
  "member_completed": 1000,
  "not_sent": 0,
  "note": "Block observation includes block verification and wallet polling; member applied queries local member status for all four nodes. No committee payment proofs are requested.",
  "pending_limit": 256,
  "progress_batch_facts": 4911,
  "progress_batch_http_errors": 0,
  "progress_batch_http_requests": 445,
  "progress_batch_http_total_ms": 89.770735,
  "progress_batch_queue_total_ms": 21148.581248,
  "progress_errors": 0,
  "progress_http_max_ms": 5.850708,
  "progress_http_mean_ms": 4.522855140297293,
  "progress_metric_note": "progress_requests counts logical fact checks; progress_http durations include batch queue wait. Actual batch HTTP requests/errors are separate.",
  "progress_requests": 4911,
  "progress_requests_per_second": 435.9085020864426,
  "same_org": false,
  "sampled_oldest_unfinished_max_ms": 1409.717,
  "sampled_peak_unfinished": 141,
  "send_limit_hits": 0,
  "send_pacing_wait_p95_ms": 0.000459,
  "send_permit_wait_p95_ms": 0.000083,
  "started_unix_ns": 1790684889094199000,
  "target_send_rate": 100,
  "timing_origin": "wallet_http_submit_v4",
  "total_limit_hits": 0,
  "total_permit_wait_p95_ms": 0.00025,
  "trace": false,
  "unknown": 0,
  "wallet_block_observed": 1000,
  "wallet_no_sync": true,
  "wallet_queries": 3213,
  "workload": "bounded_fast_receipt_with_independent_observation"
}
