[
  {
    "Name": "org0-member0",
    "Approvals": 99,
    "Pending": 0,
    "Payments": 0,
    "Closed": 0,
    "RetainedPayments": 100,
    "RetainedPaymentBytes": 236800,
    "RetainedCertificateBytes": 77900,
    "CAL": "",
    "FUEL": "",
    "Rewards": "",
    "Burned": ""
  },
  {
    "Name": "org0-member1",
    "Approvals": 99,
    "Pending": 0,
    "Payments": 0,
    "Closed": 0,
    "RetainedPayments": 100,
    "RetainedPaymentBytes": 236800,
    "RetainedCertificateBytes": 77900,
    "CAL": "",
    "FUEL": "",
    "Rewards": "",
    "Burned": ""
  },
  {
    "Name": "org0-member2",
    "Approvals": 96,
    "Pending": 0,
    "Payments": 0,
    "Closed": 0,
    "RetainedPayments": 100,
    "RetainedPaymentBytes": 236800,
    "RetainedCertificateBytes": 77900,
    "CAL": "",
    "FUEL": "",
    "Rewards": "",
    "Burned": ""
  },
  {
    "Name": "org0-member3",
    "Approvals": 88,
    "Pending": 0,
    "Payments": 0,
    "Closed": 0,
    "RetainedPayments": 100,
    "RetainedPaymentBytes": 236800,
    "RetainedCertificateBytes": 77900,
    "CAL": "",
    "FUEL": "",
    "Rewards": "",
    "Burned": ""
  },
  {
    "Name": "gateway0",
    "Approvals": 0,
    "Pending": 0,
    "Payments": 0,
    "Closed": 0,
    "RetainedPayments": 100,
    "RetainedPaymentBytes": 236800,
    "RetainedCertificateBytes": 77900,
    "CAL": "",
    "FUEL": "",
    "Rewards": "",
    "Burned": ""
  },
  {
    "Name": "committee0",
    "Approvals": 0,
    "Pending": 0,
    "Payments": 100,
    "Closed": 100,
    "CAL": "2000000032000",
    "FUEL": "4000000",
    "Rewards": "8400",
    "Burned": "1000",
    "StateHash": "aa2a6e157d3d48b52144fdac8de37eb018541a1eccd2390744614a6e0282c501",
    "Gap": "0",
    "Recovery": {
      "UserCAL": {
        "204f9cb412e8dee82acdd80b82a6b33e046732d62729b32c679d0a9a2f697eff": 11100,
        "72190551e6ba87b8b43023611fe094869659abf5fd119a9f45ae7039b500589b": 20900
      },
      "Open": 0,
      "Fulfilled": 0,
      "Repaired": 0,
      "Recovered": 0,
      "PaidCAL": 0,
      "RecoveredCAL": 0,
      "Reserves": [
        {
          "Organization": "c4a22ad7d02c54c45c5836426ac066571c36e08708c1acac1f1701cc3c652ae3",
          "Balance": 1000000000000,
          "Spent": 0,
          "Reserved": 0
        },
        {
          "Organization": "e0bdfc56a324e16502f2bdf35ab482dfe670d7525f386c83d81a062bb186a92b",
          "Balance": 1000000000000,
          "Spent": 0,
          "Reserved": 0
        }
      ]
    }
  },
  {
    "Name": "committee1",
    "Approvals": 0,
    "Pending": 0,
    "Payments": 100,
    "Closed": 100,
    "CAL": "2000000032000",
    "FUEL": "4000000",
    "Rewards": "8400",
    "Burned": "1000",
    "StateHash": "aa2a6e157d3d48b52144fdac8de37eb018541a1eccd2390744614a6e0282c501",
    "Gap": "0",
    "Recovery": {
      "UserCAL": {
        "204f9cb412e8dee82acdd80b82a6b33e046732d62729b32c679d0a9a2f697eff": 11100,
        "72190551e6ba87b8b43023611fe094869659abf5fd119a9f45ae7039b500589b": 20900
      },
      "Open": 0,
      "Fulfilled": 0,
      "Repaired": 0,
      "Recovered": 0,
      "PaidCAL": 0,
      "RecoveredCAL": 0,
      "Reserves": [
        {
          "Organization": "c4a22ad7d02c54c45c5836426ac066571c36e08708c1acac1f1701cc3c652ae3",
          "Balance": 1000000000000,
          "Spent": 0,
          "Reserved": 0
        },
        {
          "Organization": "e0bdfc56a324e16502f2bdf35ab482dfe670d7525f386c83d81a062bb186a92b",
          "Balance": 1000000000000,
          "Spent": 0,
          "Reserved": 0
        }
      ]
    }
  },
  {
    "Name": "committee2",
    "Approvals": 0,
    "Pending": 0,
    "Payments": 100,
    "Closed": 100,
    "CAL": "2000000032000",
    "FUEL": "4000000",
    "Rewards": "8400",
    "Burned": "1000",
    "StateHash": "aa2a6e157d3d48b52144fdac8de37eb018541a1eccd2390744614a6e0282c501",
    "Gap": "0",
    "Recovery": {
      "UserCAL": {
        "204f9cb412e8dee82acdd80b82a6b33e046732d62729b32c679d0a9a2f697eff": 11100,
        "72190551e6ba87b8b43023611fe094869659abf5fd119a9f45ae7039b500589b": 20900
      },
      "Open": 0,
      "Fulfilled": 0,
      "Repaired": 0,
      "Recovered": 0,
      "PaidCAL": 0,
      "RecoveredCAL": 0,
      "Reserves": [
        {
          "Organization": "c4a22ad7d02c54c45c5836426ac066571c36e08708c1acac1f1701cc3c652ae3",
          "Balance": 1000000000000,
          "Spent": 0,
          "Reserved": 0
        },
        {
          "Organization": "e0bdfc56a324e16502f2bdf35ab482dfe670d7525f386c83d81a062bb186a92b",
          "Balance": 1000000000000,
          "Spent": 0,
          "Reserved": 0
        }
      ]
    }
  },
  {
    "Name": "committee3",
    "Approvals": 0,
    "Pending": 0,
    "Payments": 100,
    "Closed": 100,
    "CAL": "2000000032000",
    "FUEL": "4000000",
    "Rewards": "8400",
    "Burned": "1000",
    "StateHash": "aa2a6e157d3d48b52144fdac8de37eb018541a1eccd2390744614a6e0282c501",
    "Gap": "0",
    "Recovery": {
      "UserCAL": {
        "204f9cb412e8dee82acdd80b82a6b33e046732d62729b32c679d0a9a2f697eff": 11100,
        "72190551e6ba87b8b43023611fe094869659abf5fd119a9f45ae7039b500589b": 20900
      },
      "Open": 0,
      "Fulfilled": 0,
      "Repaired": 0,
      "Recovered": 0,
      "PaidCAL": 0,
      "RecoveredCAL": 0,
      "Reserves": [
        {
          "Organization": "c4a22ad7d02c54c45c5836426ac066571c36e08708c1acac1f1701cc3c652ae3",
          "Balance": 1000000000000,
          "Spent": 0,
          "Reserved": 0
        },
        {
          "Organization": "e0bdfc56a324e16502f2bdf35ab482dfe670d7525f386c83d81a062bb186a92b",
          "Balance": 1000000000000,
          "Spent": 0,
          "Reserved": 0
        }
      ]
    }
  }
]
Supply and original-debit accounting verified: /Users/richz/lab/man/utxo-final-evidence-20261004/.run/r1-wait/reports/audit.json
