[
  {
    "Name": "org0-member0",
    "Approvals": 196114,
    "Pending": 0,
    "Payments": 0,
    "Closed": 0,
    "CAL": "",
    "FUEL": "",
    "Rewards": "",
    "Burned": ""
  },
  {
    "Name": "org0-member1",
    "Approvals": 196429,
    "Pending": 0,
    "Payments": 0,
    "Closed": 0,
    "CAL": "",
    "FUEL": "",
    "Rewards": "",
    "Burned": ""
  },
  {
    "Name": "org0-member2",
    "Approvals": 196332,
    "Pending": 0,
    "Payments": 0,
    "Closed": 0,
    "CAL": "",
    "FUEL": "",
    "Rewards": "",
    "Burned": ""
  },
  {
    "Name": "org0-member3",
    "Approvals": 196458,
    "Pending": 0,
    "Payments": 0,
    "Closed": 0,
    "CAL": "",
    "FUEL": "",
    "Rewards": "",
    "Burned": ""
  },
  {
    "Name": "gateway0",
    "Approvals": 0,
    "Pending": 0,
    "Payments": 0,
    "Closed": 0,
    "CAL": "",
    "FUEL": "",
    "Rewards": "",
    "Burned": ""
  },
  {
    "Name": "org1-member0",
    "Approvals": 0,
    "Pending": 0,
    "Payments": 0,
    "Closed": 0,
    "CAL": "",
    "FUEL": "",
    "Rewards": "",
    "Burned": ""
  },
  {
    "Name": "org1-member1",
    "Approvals": 0,
    "Pending": 0,
    "Payments": 0,
    "Closed": 0,
    "CAL": "",
    "FUEL": "",
    "Rewards": "",
    "Burned": ""
  },
  {
    "Name": "org1-member2",
    "Approvals": 0,
    "Pending": 0,
    "Payments": 0,
    "Closed": 0,
    "CAL": "",
    "FUEL": "",
    "Rewards": "",
    "Burned": ""
  },
  {
    "Name": "org1-member3",
    "Approvals": 0,
    "Pending": 0,
    "Payments": 0,
    "Closed": 0,
    "CAL": "",
    "FUEL": "",
    "Rewards": "",
    "Burned": ""
  },
  {
    "Name": "gateway1",
    "Approvals": 0,
    "Pending": 0,
    "Payments": 0,
    "Closed": 0,
    "CAL": "",
    "FUEL": "",
    "Rewards": "",
    "Burned": ""
  },
  {
    "Name": "committee0",
    "Approvals": 0,
    "Pending": 0,
    "Payments": 197997,
    "Closed": 197997,
    "CAL": "2000039600000",
    "FUEL": "2000000000000",
    "Rewards": "16631748",
    "Burned": "1979970",
    "StateHash": "dea8d9979d6e9456d8f466edc3e2f67fb95adaadf830fc9308335b88b2f820e6",
    "Gap": "0"
  },
  {
    "Name": "committee1",
    "Approvals": 0,
    "Pending": 0,
    "Payments": 197997,
    "Closed": 197997,
    "CAL": "2000039600000",
    "FUEL": "2000000000000",
    "Rewards": "16631748",
    "Burned": "1979970",
    "StateHash": "dea8d9979d6e9456d8f466edc3e2f67fb95adaadf830fc9308335b88b2f820e6",
    "Gap": "0"
  },
  {
    "Name": "committee2",
    "Approvals": 0,
    "Pending": 0,
    "Payments": 197997,
    "Closed": 197997,
    "CAL": "2000039600000",
    "FUEL": "2000000000000",
    "Rewards": "16631748",
    "Burned": "1979970",
    "StateHash": "dea8d9979d6e9456d8f466edc3e2f67fb95adaadf830fc9308335b88b2f820e6",
    "Gap": "0"
  },
  {
    "Name": "committee3",
    "Approvals": 0,
    "Pending": 0,
    "Payments": 197997,
    "Closed": 197997,
    "CAL": "2000039600000",
    "FUEL": "2000000000000",
    "Rewards": "16631748",
    "Burned": "1979970",
    "StateHash": "dea8d9979d6e9456d8f466edc3e2f67fb95adaadf830fc9308335b88b2f820e6",
    "Gap": "0"
  }
]
Supply and original-debit accounting verified: /Users/richz/lab/man/utxo-fastpay-v12/.run/repro-limit1100b/reports/audit.json
