[
  {
    "Name": "org0-member0",
    "Approvals": 12000,
    "Pending": 0,
    "Payments": 0,
    "Closed": 0,
    "CAL": "",
    "FUEL": "",
    "Rewards": "",
    "Burned": ""
  },
  {
    "Name": "org0-member1",
    "Approvals": 12000,
    "Pending": 0,
    "Payments": 0,
    "Closed": 0,
    "CAL": "",
    "FUEL": "",
    "Rewards": "",
    "Burned": ""
  },
  {
    "Name": "org0-member2",
    "Approvals": 12000,
    "Pending": 0,
    "Payments": 0,
    "Closed": 0,
    "CAL": "",
    "FUEL": "",
    "Rewards": "",
    "Burned": ""
  },
  {
    "Name": "org0-member3",
    "Approvals": 12000,
    "Pending": 0,
    "Payments": 0,
    "Closed": 0,
    "CAL": "",
    "FUEL": "",
    "Rewards": "",
    "Burned": ""
  },
  {
    "Name": "gateway0",
    "Approvals": 0,
    "Pending": 0,
    "Payments": 0,
    "Closed": 0,
    "CAL": "",
    "FUEL": "",
    "Rewards": "",
    "Burned": ""
  },
  {
    "Name": "committee0",
    "Approvals": 0,
    "Pending": 0,
    "Payments": 12000,
    "Closed": 12000,
    "CAL": "1000001221600",
    "FUEL": "120000000",
    "Rewards": "1008000",
    "Burned": "120000",
    "StateHash": "43fd80ba79b6f0c20ed1c877624e31bad88440632b7ff712e0047d93b971d617",
    "Gap": "0"
  },
  {
    "Name": "committee1",
    "Approvals": 0,
    "Pending": 0,
    "Payments": 12000,
    "Closed": 12000,
    "CAL": "1000001221600",
    "FUEL": "120000000",
    "Rewards": "1008000",
    "Burned": "120000",
    "StateHash": "43fd80ba79b6f0c20ed1c877624e31bad88440632b7ff712e0047d93b971d617",
    "Gap": "0"
  },
  {
    "Name": "committee2",
    "Approvals": 0,
    "Pending": 0,
    "Payments": 12000,
    "Closed": 12000,
    "CAL": "1000001221600",
    "FUEL": "120000000",
    "Rewards": "1008000",
    "Burned": "120000",
    "StateHash": "43fd80ba79b6f0c20ed1c877624e31bad88440632b7ff712e0047d93b971d617",
    "Gap": "0"
  },
  {
    "Name": "committee3",
    "Approvals": 0,
    "Pending": 0,
    "Payments": 12000,
    "Closed": 12000,
    "CAL": "1000001221600",
    "FUEL": "120000000",
    "Rewards": "1008000",
    "Burned": "120000",
    "StateHash": "43fd80ba79b6f0c20ed1c877624e31bad88440632b7ff712e0047d93b971d617",
    "Gap": "0"
  }
]
Supply and original-debit accounting verified: /Users/richz/lab/man/utxo-fastpay-v12/.run/budget-adaptive-r2-step/reports/audit.json
