/Users/richz/lab/man/utxo-fastpay-v12/.run/fullopt-publish-check/.scratch/comet-src
ok  	utxo/cmd/bench	0.964s
ok  	utxo/cmd/committee	5.309s
ok  	utxo/cmd/gateway	3.010s
ok  	utxo/cmd/internal/config	7.047s
?   	utxo/cmd/member	[no test files]
ok  	utxo/cmd/payctl	3.613s
ok  	utxo/crypto/chameleon	1.259s
?   	utxo/docs/experiments/database-audit-2026-09-20/probe	[no test files]
ok  	utxo/finality	4.036s
ok  	utxo/internal/blockfollow	4.598s
ok  	utxo/internal/committee	8.790s
ok  	utxo/internal/gateway	9.289s
ok  	utxo/internal/member	10.531s
ok  	utxo/internal/redaction	6.009s
ok  	utxo/internal/requesttrace	6.371s
ok  	utxo/internal/rules	1.761s
?   	utxo/internal/state	[no test files]
ok  	utxo/internal/store	9.202s
?   	utxo/internal/testkit	[no test files]
ok  	utxo/internal/transport	8.989s
?   	utxo/internal/wallet	[no test files]
ok  	utxo/protocol	9.085s
ALL NODES READY
PROGRESS height 1 committed 0 bench None
BENCH EXIT 0
FINISHED committed 1 audit 0
single-clean {'count': 1, 'failed': 0, 'elapsed_s': 0.67973925, 'fast_p50_ms': 3.520458, 'fast_p95_ms': 3.520458, 'block_observed_p50_ms': 653.600625, 'member_applied_p50_ms': 679.598875, 'dispatch_lag_p95_ms': 0.138, 'total_limit_hits': 0, 'send_limit_hits': 0} actual_send_tps None audit True 0
CLEAN_PUBLICATION_PASS
