/Users/richz/lab/man/utxo-fastpay-v12/.scratch/comet-src
ok  	utxo/cmd/bench	(cached)
ok  	utxo/cmd/committee	(cached)
ok  	utxo/cmd/gateway	(cached)
ok  	utxo/cmd/internal/config	(cached)
?   	utxo/cmd/member	[no test files]
ok  	utxo/cmd/payctl	(cached)
ok  	utxo/internal/blockfollow	(cached)
ok  	utxo/internal/committee	(cached)
ok  	utxo/internal/gateway	(cached)
ok  	utxo/internal/member	(cached)
ok  	utxo/internal/redaction	(cached)
ok  	utxo/internal/requesttrace	(cached)
ok  	utxo/internal/rules	(cached)
?   	utxo/internal/state	[no test files]
ok  	utxo/internal/store	(cached)
?   	utxo/internal/testkit	[no test files]
ok  	utxo/internal/transport	(cached)
?   	utxo/internal/wallet	[no test files]
ok  	utxo/protocol	(cached)
ok  	utxo/crypto/chameleon	(cached)
ok  	utxo/finality	(cached)
ok  	utxo/internal/store	2.436s
ok  	utxo/internal/member	4.130s
ok  	utxo/internal/gateway	13.915s
?   	utxo/cmd/member	[no test files]
ok  	utxo/internal/transport	3.342s
ok  	github.com/cometbft/cometbft/consensus	0.738s
ok  	github.com/cometbft/cometbft/libs/autofile	0.689s
ok  	github.com/cometbft/cometbft/state	0.842s
ok  	github.com/cometbft/cometbft/store	0.769s
FINAL_REGRESSION_PASS
