2026/09/24 20:32:51 INFO gateway started listen=127.0.0.1:26300 organization=49be96489ff513310314d931923c72145ab05646ed099b21ad2e0f3178e10ab2
2026/09/24 20:33:08 WARN direct approval quorum unavailable tx="[91 154 218 131 207 97 234 102 193 194 181 120 113 103 93 89 80 197 160 76 6 223 25 146 236 143 37 210 141 49 155 67]" error="valid quorum unavailable\nmember HTTP 409: DEFERRED\nmember HTTP 409: DEFERRED\nmember HTTP 409: DEFERRED"
2026/09/24 20:33:10 WARN direct approval quorum unavailable tx="[231 69 187 179 43 2 117 145 98 104 251 236 225 57 209 117 207 222 80 218 66 41 172 232 239 233 236 119 92 48 112 12]" error="valid quorum unavailable\nmember HTTP 409: DEFERRED\nmember HTTP 409: DEFERRED"
2026/09/24 20:33:10 WARN direct approval quorum unavailable tx="[137 78 192 180 140 134 73 149 153 72 249 95 64 111 159 118 246 81 91 171 220 29 114 140 161 139 237 80 30 180 16 203]" error="valid quorum unavailable\nmember HTTP 409: DEFERRED\nmember HTTP 409: DEFERRED\nmember HTTP 409: DEFERRED"
2026/09/24 20:33:11 WARN direct approval quorum unavailable tx="[114 98 220 22 22 212 66 22 58 119 138 131 56 191 207 169 247 227 130 104 155 153 150 89 42 232 62 250 247 208 177 106]" error="valid quorum unavailable\nmember HTTP 409: DEFERRED\nmember HTTP 409: DEFERRED\nmember HTTP 409: DEFERRED"
2026/09/24 20:33:16 WARN direct approval quorum unavailable tx="[160 164 50 104 5 160 173 241 47 67 155 100 185 27 189 89 152 232 47 223 126 219 167 234 43 146 7 251 46 198 243 211]" error="valid quorum unavailable\nmember HTTP 409: DEFERRED\nmember HTTP 409: DEFERRED"
2026/09/24 20:33:17 WARN direct approval quorum unavailable tx="[192 60 21 178 158 215 64 100 103 200 165 253 78 108 224 148 168 190 24 210 27 117 188 208 219 156 250 147 149 146 49 139]" error="valid quorum unavailable\nmember HTTP 409: DEFERRED\nmember HTTP 409: DEFERRED\nmember HTTP 409: DEFERRED"
2026/09/24 20:33:17 WARN direct approval quorum unavailable tx="[148 187 27 194 90 4 67 222 98 152 136 20 152 199 237 92 32 244 40 40 140 250 202 2 176 141 127 235 165 150 27 46]" error="valid quorum unavailable\nmember HTTP 409: DEFERRED\nmember HTTP 409: DEFERRED"
2026/09/24 20:33:18 WARN direct approval quorum unavailable tx="[13 229 36 212 97 170 9 131 114 38 84 19 227 168 76 152 120 89 97 111 136 104 10 114 233 67 255 17 114 3 39 181]" error="valid quorum unavailable\nmember HTTP 409: DEFERRED\nmember HTTP 409: DEFERRED\nmember HTTP 409: DEFERRED"
2026/09/24 20:33:21 WARN direct approval quorum unavailable tx="[226 97 40 1 198 215 131 100 99 255 64 33 162 81 9 70 23 161 117 161 35 5 70 177 161 245 104 123 52 150 65 93]" error="valid quorum unavailable\nmember HTTP 409: DEFERRED\nmember HTTP 409: DEFERRED\nmember HTTP 409: DEFERRED"
2026/09/24 20:33:22 WARN direct approval quorum unavailable tx="[81 178 158 213 221 231 29 118 253 83 250 250 168 165 201 226 149 82 245 169 255 224 186 95 181 79 224 237 90 29 80 196]" error="valid quorum unavailable\nmember HTTP 409: DEFERRED\nmember HTTP 409: DEFERRED\nmember HTTP 409: DEFERRED"
2026/09/24 20:33:22 WARN direct approval quorum unavailable tx="[149 0 142 170 206 60 97 52 32 197 201 242 45 238 166 15 16 199 195 176 40 126 107 161 30 24 186 96 62 225 108 84]" error="valid quorum unavailable\nmember HTTP 409: DEFERRED\nmember HTTP 409: DEFERRED"
2026/09/24 20:33:22 WARN direct approval quorum unavailable tx="[92 131 6 255 60 52 152 219 108 156 225 237 118 216 147 254 33 249 102 60 92 10 243 209 51 209 98 211 9 81 214 242]" error="valid quorum unavailable\nmember HTTP 409: DEFERRED\nmember HTTP 409: DEFERRED\nmember HTTP 409: DEFERRED"
2026/09/24 20:33:24 WARN direct approval quorum unavailable tx="[82 100 2 156 245 249 158 118 252 87 57 251 247 237 220 208 13 228 236 253 226 125 125 48 76 113 65 173 19 186 11 245]" error="valid quorum unavailable\nmember HTTP 409: DEFERRED\nmember HTTP 409: DEFERRED"
2026/09/24 20:33:25 WARN direct approval quorum unavailable tx="[214 251 2 226 165 193 76 218 2 69 14 214 239 83 253 16 240 254 148 16 6 228 231 235 79 67 124 65 75 141 129 209]" error="valid quorum unavailable\nmember HTTP 409: DEFERRED\nmember HTTP 409: DEFERRED\nmember HTTP 409: DEFERRED"
2026/09/24 20:33:26 WARN direct approval quorum unavailable tx="[149 43 45 25 242 148 176 188 136 6 89 83 179 254 74 51 90 96 128 132 181 28 119 211 213 58 123 204 60 254 71 104]" error="valid quorum unavailable\nmember HTTP 409: DEFERRED\nmember HTTP 409: DEFERRED\nmember HTTP 409: DEFERRED"
2026/09/24 20:33:26 WARN direct approval quorum unavailable tx="[239 175 68 130 36 61 24 91 100 252 111 206 141 180 81 106 181 47 144 172 237 19 27 146 245 151 17 102 53 8 247 238]" error="valid quorum unavailable\nmember HTTP 409: DEFERRED\nmember HTTP 409: DEFERRED\nmember HTTP 409: DEFERRED"
2026/09/24 20:33:28 WARN direct approval quorum unavailable tx="[9 205 107 127 169 130 249 97 11 48 53 112 223 29 105 179 176 250 203 182 192 157 38 174 139 125 93 243 234 168 2 116]" error="valid quorum unavailable\nmember HTTP 409: DEFERRED\nmember HTTP 409: DEFERRED\nmember HTTP 409: DEFERRED"
2026/09/24 20:33:30 WARN direct approval quorum unavailable tx="[71 56 102 22 89 157 214 65 130 80 247 42 180 139 124 225 101 116 74 15 197 154 156 62 24 64 120 34 195 98 233 151]" error="valid quorum unavailable\nmember HTTP 409: DEFERRED\nmember HTTP 409: DEFERRED\nmember HTTP 409: DEFERRED"
2026/09/24 20:33:34 WARN direct approval quorum unavailable tx="[197 209 181 123 105 219 142 37 144 157 247 196 189 174 223 199 107 47 129 33 231 36 231 233 30 191 137 229 228 28 70 124]" error="valid quorum unavailable\nmember HTTP 409: DEFERRED\nmember HTTP 409: DEFERRED"
2026/09/24 20:33:37 WARN direct approval quorum unavailable tx="[221 131 99 190 78 28 208 122 41 90 57 213 203 250 38 64 0 142 238 98 42 168 9 217 26 208 219 139 121 202 234 122]" error="valid quorum unavailable\nmember HTTP 409: DEFERRED\nmember HTTP 409: DEFERRED\nmember HTTP 409: DEFERRED"
2026/09/24 20:33:37 WARN direct approval quorum unavailable tx="[117 219 163 76 88 34 27 176 115 251 34 7 251 107 205 40 186 111 182 83 239 142 157 215 205 222 154 145 182 136 185 162]" error="valid quorum unavailable\nmember HTTP 409: DEFERRED\nmember HTTP 409: DEFERRED"
2026/09/24 20:33:38 WARN direct approval quorum unavailable tx="[4 168 151 9 178 69 197 202 173 173 71 60 76 170 18 245 210 131 153 50 131 186 157 155 64 8 42 190 49 59 45 32]" error="valid quorum unavailable\nmember HTTP 409: DEFERRED\nmember HTTP 409: DEFERRED"
2026/09/24 20:33:41 WARN direct approval quorum unavailable tx="[215 122 234 38 239 180 22 52 52 194 181 254 245 1 16 17 141 81 65 212 188 47 78 42 227 234 42 207 68 77 31 119]" error="valid quorum unavailable\nmember HTTP 409: DEFERRED\nmember HTTP 409: DEFERRED"
2026/09/24 20:33:44 WARN direct approval quorum unavailable tx="[155 139 147 192 151 212 140 204 97 8 59 230 27 134 107 196 209 193 68 87 176 53 68 162 242 212 135 77 216 55 57 8]" error="valid quorum unavailable\nmember HTTP 409: DEFERRED\nmember HTTP 409: DEFERRED\nmember HTTP 409: DEFERRED"
2026/09/24 20:33:46 WARN direct approval quorum unavailable tx="[50 5 227 219 116 21 69 75 14 167 169 228 133 102 70 89 51 44 124 189 17 105 204 136 67 71 170 4 154 123 127 214]" error="valid quorum unavailable\nmember HTTP 409: DEFERRED\nmember HTTP 409: DEFERRED\nmember HTTP 409: DEFERRED"
2026/09/24 20:33:48 WARN direct approval quorum unavailable tx="[148 115 60 199 39 247 48 94 209 239 5 18 162 119 216 229 215 111 159 221 21 205 0 12 221 95 49 172 225 17 183 231]" error="valid quorum unavailable\nmember HTTP 409: DEFERRED\nmember HTTP 409: DEFERRED"
2026/09/24 20:33:48 WARN direct approval quorum unavailable tx="[207 72 11 61 116 126 219 191 160 33 82 57 178 139 168 16 236 29 231 208 122 111 70 173 139 124 99 85 168 186 10 186]" error="valid quorum unavailable\nmember HTTP 409: DEFERRED\nmember HTTP 409: DEFERRED\nmember HTTP 409: DEFERRED"
2026/09/24 20:33:48 WARN direct approval quorum unavailable tx="[54 213 166 242 69 17 224 215 174 240 164 147 55 38 223 136 154 38 19 156 197 236 19 60 247 241 118 147 32 39 152 168]" error="valid quorum unavailable\nmember HTTP 409: DEFERRED\nmember HTTP 409: DEFERRED\nmember HTTP 409: DEFERRED"
2026/09/24 20:33:56 WARN direct approval quorum unavailable tx="[150 152 91 194 1 248 50 18 75 102 118 185 235 29 71 122 114 191 190 53 213 237 7 46 77 73 68 117 127 236 41 210]" error="valid quorum unavailable\nmember HTTP 409: DEFERRED\nmember HTTP 409: DEFERRED"
2026/09/24 20:33:56 WARN direct approval quorum unavailable tx="[162 217 43 78 141 100 122 146 41 38 24 17 25 113 187 106 179 53 168 150 227 219 196 98 32 38 93 146 254 113 150 96]" error="valid quorum unavailable\nmember HTTP 409: DEFERRED\nmember HTTP 409: DEFERRED\nmember HTTP 409: DEFERRED"
2026/09/24 20:33:58 WARN direct approval quorum unavailable tx="[22 166 74 251 21 255 163 155 82 114 129 18 17 153 83 135 229 83 67 205 235 59 169 78 48 157 78 156 152 194 166 133]" error="valid quorum unavailable\nmember HTTP 409: DEFERRED\nmember HTTP 409: DEFERRED\nmember HTTP 409: DEFERRED"
2026/09/24 20:34:01 WARN direct approval quorum unavailable tx="[142 46 151 187 182 43 229 89 131 141 39 225 146 139 195 30 75 99 154 252 211 169 117 186 104 54 41 248 131 223 216 161]" error="valid quorum unavailable\nmember HTTP 409: DEFERRED\nmember HTTP 409: DEFERRED"
2026/09/24 20:34:02 WARN direct approval quorum unavailable tx="[55 92 10 30 128 97 250 206 136 106 169 169 225 114 218 49 27 101 145 223 87 23 10 7 220 201 211 53 127 4 216 1]" error="valid quorum unavailable\nmember HTTP 409: DEFERRED\nmember HTTP 409: DEFERRED"
2026/09/24 20:34:03 WARN direct approval quorum unavailable tx="[156 81 232 245 226 230 45 20 122 26 231 156 103 123 124 219 160 151 245 86 29 68 116 89 185 224 40 205 251 100 201 193]" error="valid quorum unavailable\nmember HTTP 409: DEFERRED\nmember HTTP 409: DEFERRED"
2026/09/24 20:34:04 WARN direct approval quorum unavailable tx="[87 177 16 63 129 84 118 213 95 197 149 200 85 185 141 81 70 13 150 74 48 38 135 253 234 184 58 7 46 91 43 186]" error="valid quorum unavailable\nmember HTTP 409: DEFERRED\nmember HTTP 409: DEFERRED"
2026/09/24 20:34:06 WARN direct approval quorum unavailable tx="[15 123 248 17 132 14 139 180 142 122 75 35 223 218 11 88 23 90 27 201 81 96 126 43 12 46 215 204 212 196 64 52]" error="valid quorum unavailable\nmember HTTP 409: DEFERRED\nmember HTTP 409: DEFERRED"
2026/09/24 20:34:07 WARN direct approval quorum unavailable tx="[136 255 214 145 236 224 209 138 94 188 154 66 50 211 235 102 75 255 179 117 65 6 72 3 19 235 158 46 214 124 129 56]" error="valid quorum unavailable\nmember HTTP 409: DEFERRED\nmember HTTP 409: DEFERRED\nmember HTTP 409: DEFERRED"
2026/09/24 20:34:08 WARN direct approval quorum unavailable tx="[70 148 144 76 99 198 126 145 149 99 189 136 94 250 92 60 239 63 211 0 175 88 113 92 25 199 157 186 37 78 120 65]" error="valid quorum unavailable\nmember HTTP 409: DEFERRED\nmember HTTP 409: DEFERRED\nmember HTTP 409: DEFERRED"
2026/09/24 20:34:08 WARN direct approval quorum unavailable tx="[220 71 16 192 84 72 5 245 116 56 78 206 101 24 46 19 72 212 76 154 200 191 117 116 129 105 12 152 200 201 103 84]" error="valid quorum unavailable\nmember HTTP 409: DEFERRED\nmember HTTP 409: DEFERRED\nmember HTTP 409: DEFERRED"
2026/09/24 20:34:10 WARN direct approval quorum unavailable tx="[198 32 169 195 71 26 234 178 208 67 252 178 122 28 48 219 128 24 32 173 70 255 144 104 170 121 227 96 156 127 39 0]" error="valid quorum unavailable\nmember HTTP 409: DEFERRED\nmember HTTP 409: DEFERRED\nmember HTTP 409: DEFERRED"
2026/09/24 20:34:10 WARN direct approval quorum unavailable tx="[8 13 2 255 127 180 234 231 54 238 131 234 61 101 146 239 17 41 223 201 255 184 183 77 84 159 220 17 167 13 102 104]" error="valid quorum unavailable\nmember HTTP 409: DEFERRED\nmember HTTP 409: DEFERRED\nmember HTTP 409: DEFERRED"
2026/09/24 20:34:11 WARN direct approval quorum unavailable tx="[107 223 207 243 172 208 171 105 23 89 204 155 144 46 211 75 17 126 44 121 242 69 74 15 117 82 217 197 130 198 137 254]" error="valid quorum unavailable\nmember HTTP 409: DEFERRED\nmember HTTP 409: DEFERRED"
2026/09/24 20:34:13 WARN direct approval quorum unavailable tx="[73 23 203 8 185 243 40 250 255 23 248 180 19 91 240 204 51 33 72 219 23 106 239 18 192 46 22 61 205 202 125 105]" error="valid quorum unavailable\nmember HTTP 409: DEFERRED\nmember HTTP 409: DEFERRED"
2026/09/24 20:34:13 WARN direct approval quorum unavailable tx="[89 82 203 174 20 236 159 239 212 205 102 250 207 5 104 57 59 111 166 192 38 42 16 146 188 232 27 66 112 19 140 172]" error="valid quorum unavailable\nmember HTTP 409: DEFERRED\nmember HTTP 409: DEFERRED\nmember HTTP 409: DEFERRED"
2026/09/24 20:34:17 WARN direct approval quorum unavailable tx="[208 122 223 217 198 28 211 12 72 26 40 150 98 84 160 45 17 235 20 149 98 126 36 183 205 204 152 209 158 61 198 220]" error="valid quorum unavailable\nmember HTTP 409: DEFERRED\nmember HTTP 409: DEFERRED\nmember HTTP 409: DEFERRED"
2026/09/24 20:34:20 WARN direct approval quorum unavailable tx="[114 70 162 235 133 15 156 149 253 30 20 16 172 109 189 75 97 112 15 208 15 100 28 84 92 148 126 175 223 212 93 145]" error="valid quorum unavailable\nmember HTTP 409: DEFERRED\nmember HTTP 409: DEFERRED\nmember HTTP 409: DEFERRED"
2026/09/24 20:34:21 WARN direct approval quorum unavailable tx="[193 26 68 161 122 89 171 113 147 210 199 223 193 124 109 50 14 207 223 235 155 27 31 13 53 208 237 168 219 182 50 12]" error="valid quorum unavailable\nmember HTTP 409: DEFERRED\nmember HTTP 409: DEFERRED"
2026/09/24 20:34:23 WARN direct approval quorum unavailable tx="[111 39 0 82 18 183 199 222 161 166 181 157 93 176 59 10 40 150 23 248 203 202 20 195 16 70 72 113 170 19 8 160]" error="valid quorum unavailable\nmember HTTP 409: DEFERRED\nmember HTTP 409: DEFERRED\nmember HTTP 409: DEFERRED"
2026/09/24 20:34:27 WARN direct approval quorum unavailable tx="[165 149 142 99 213 17 154 218 145 163 17 171 146 59 122 162 56 237 14 148 79 106 208 200 188 72 75 85 245 224 90 245]" error="valid quorum unavailable\nmember HTTP 409: DEFERRED\nmember HTTP 409: DEFERRED\nmember HTTP 409: DEFERRED"
2026/09/24 20:34:27 WARN direct approval quorum unavailable tx="[115 92 245 175 95 145 96 196 120 249 42 78 136 117 156 232 29 249 240 248 187 255 19 70 143 95 216 4 232 174 234 132]" error="valid quorum unavailable\nmember HTTP 409: DEFERRED\nmember HTTP 409: DEFERRED\nmember HTTP 409: DEFERRED"
2026/09/24 20:34:28 WARN direct approval quorum unavailable tx="[244 249 230 7 33 98 112 167 29 63 51 67 78 165 208 9 186 6 31 139 24 94 12 87 71 94 140 207 247 29 212 57]" error="valid quorum unavailable\nmember HTTP 409: DEFERRED\nmember HTTP 409: DEFERRED"
2026/09/24 20:34:29 WARN direct approval quorum unavailable tx="[55 246 45 172 111 245 14 84 163 87 186 20 67 186 89 178 233 62 75 126 22 253 231 233 212 205 42 113 205 77 95 205]" error="valid quorum unavailable\nmember HTTP 409: DEFERRED\nmember HTTP 409: DEFERRED"
2026/09/24 20:34:29 WARN direct approval quorum unavailable tx="[67 11 86 57 187 163 32 12 20 158 91 30 175 103 180 220 96 229 8 240 113 116 10 21 188 227 2 214 189 140 29 210]" error="valid quorum unavailable\nmember HTTP 409: DEFERRED\nmember HTTP 409: DEFERRED\nmember HTTP 409: DEFERRED"
2026/09/24 20:34:33 WARN direct approval quorum unavailable tx="[50 182 39 208 160 208 67 152 176 113 181 84 95 90 24 94 150 147 199 90 93 66 57 143 38 92 65 63 222 27 158 243]" error="valid quorum unavailable\nmember HTTP 409: DEFERRED\nmember HTTP 409: DEFERRED\nmember HTTP 409: DEFERRED"
2026/09/24 20:34:39 WARN direct approval quorum unavailable tx="[6 120 11 150 28 170 220 18 78 192 112 131 204 192 162 234 152 94 135 163 16 21 252 173 204 91 111 92 162 162 152 145]" error="valid quorum unavailable\nmember HTTP 409: DEFERRED\nmember HTTP 409: DEFERRED\nmember HTTP 409: DEFERRED"
2026/09/24 20:34:39 WARN direct approval quorum unavailable tx="[128 193 83 16 236 127 130 174 166 151 78 12 8 199 189 165 243 116 216 56 163 230 149 75 114 198 31 50 147 145 51 41]" error="valid quorum unavailable\nmember HTTP 409: DEFERRED\nmember HTTP 409: DEFERRED\nmember HTTP 409: DEFERRED"
2026/09/24 20:34:43 WARN direct approval quorum unavailable tx="[198 217 64 68 248 208 108 27 49 62 199 43 6 69 211 169 61 60 217 46 228 71 236 140 209 116 103 238 39 183 113 250]" error="valid quorum unavailable\nmember HTTP 409: DEFERRED\nmember HTTP 409: DEFERRED"
2026/09/24 20:34:44 WARN direct approval quorum unavailable tx="[3 87 121 154 59 105 92 165 207 226 58 207 16 246 250 103 32 202 152 112 228 247 69 15 105 209 246 85 206 79 72 14]" error="valid quorum unavailable\nmember HTTP 409: DEFERRED\nmember HTTP 409: DEFERRED"
2026/09/24 20:34:45 WARN direct approval quorum unavailable tx="[247 41 191 164 77 243 233 75 148 10 36 204 236 169 53 112 106 146 252 246 228 22 120 221 99 171 155 20 220 68 33 5]" error="valid quorum unavailable\nmember HTTP 409: DEFERRED\nmember HTTP 409: DEFERRED\nmember HTTP 409: DEFERRED"
2026/09/24 20:34:46 WARN direct approval quorum unavailable tx="[219 214 136 188 89 202 130 118 114 50 32 35 5 106 81 72 102 221 247 108 58 214 212 117 19 170 123 189 173 253 172 243]" error="valid quorum unavailable\nmember HTTP 409: DEFERRED\nmember HTTP 409: DEFERRED\nmember HTTP 409: DEFERRED"
2026/09/24 20:34:46 WARN direct approval quorum unavailable tx="[64 102 145 100 237 202 110 77 218 118 202 92 85 111 127 238 176 35 173 13 206 171 11 230 102 78 107 79 163 24 246 12]" error="valid quorum unavailable\nmember HTTP 409: DEFERRED\nmember HTTP 409: DEFERRED\nmember HTTP 409: DEFERRED\nmember HTTP 409: DEFERRED"
2026/09/24 20:34:47 WARN direct approval quorum unavailable tx="[187 17 241 200 25 136 186 21 0 42 229 138 171 204 195 23 52 244 86 137 24 81 68 152 109 82 215 96 146 141 108 232]" error="valid quorum unavailable\nmember HTTP 409: DEFERRED\nmember HTTP 409: DEFERRED\nmember HTTP 409: DEFERRED"
2026/09/24 20:34:48 WARN direct approval quorum unavailable tx="[176 153 34 166 166 235 213 240 138 200 57 169 222 140 28 88 231 19 168 184 200 226 149 62 164 24 218 123 92 244 149 95]" error="valid quorum unavailable\nmember HTTP 409: DEFERRED\nmember HTTP 409: DEFERRED\nmember HTTP 409: DEFERRED"
2026/09/24 20:34:51 WARN direct approval quorum unavailable tx="[240 63 162 114 5 27 221 64 87 56 172 215 4 232 122 29 12 100 11 197 73 29 227 13 164 80 61 173 82 133 248 111]" error="valid quorum unavailable\nmember HTTP 409: DEFERRED\nmember HTTP 409: DEFERRED\nmember HTTP 409: DEFERRED"
2026/09/24 20:34:52 WARN direct approval quorum unavailable tx="[30 251 125 17 50 190 93 242 61 204 30 221 250 212 232 194 140 64 249 40 152 156 47 119 13 164 119 151 151 35 107 63]" error="valid quorum unavailable\nmember HTTP 409: DEFERRED\nmember HTTP 409: DEFERRED"
2026/09/24 20:34:54 WARN direct approval quorum unavailable tx="[104 210 103 4 1 124 94 206 31 90 214 232 225 15 238 69 244 216 44 249 114 160 250 108 33 240 46 176 84 22 176 210]" error="valid quorum unavailable\nmember HTTP 409: DEFERRED\nmember HTTP 409: DEFERRED"
2026/09/24 20:34:57 WARN direct approval quorum unavailable tx="[20 0 168 50 0 83 163 50 177 214 244 250 120 18 49 13 218 59 2 187 0 57 5 28 197 36 169 254 207 224 23 252]" error="valid quorum unavailable\nmember HTTP 409: DEFERRED\nmember HTTP 409: DEFERRED"
2026/09/24 20:34:58 WARN direct approval quorum unavailable tx="[3 199 49 68 98 32 109 13 32 8 113 169 31 223 144 63 107 7 81 252 43 72 237 243 233 180 217 30 181 7 224 196]" error="valid quorum unavailable\nmember HTTP 409: DEFERRED\nmember HTTP 409: DEFERRED\nmember HTTP 409: DEFERRED"
2026/09/24 20:34:59 WARN direct approval quorum unavailable tx="[7 92 92 214 163 145 248 183 225 145 216 206 96 149 202 15 252 175 212 210 52 90 79 225 208 45 194 136 144 83 13 125]" error="valid quorum unavailable\nmember HTTP 409: DEFERRED\nmember HTTP 409: DEFERRED\nmember HTTP 409: DEFERRED"
2026/09/24 20:35:01 WARN direct approval quorum unavailable tx="[140 152 76 201 84 221 31 191 27 216 164 118 195 65 44 182 81 218 241 157 186 172 67 248 2 164 49 112 40 134 58 235]" error="valid quorum unavailable\nmember HTTP 409: DEFERRED\nmember HTTP 409: DEFERRED"
2026/09/24 20:35:02 WARN direct approval quorum unavailable tx="[160 239 51 236 198 164 73 77 39 105 155 144 248 237 42 6 130 230 10 45 52 95 240 162 19 97 129 77 207 202 142 24]" error="valid quorum unavailable\nmember HTTP 409: DEFERRED\nmember HTTP 409: DEFERRED"
2026/09/24 20:35:04 WARN direct approval quorum unavailable tx="[156 99 76 47 45 163 12 133 186 139 35 176 60 83 112 211 158 135 55 116 210 46 140 127 116 184 105 212 85 186 223 74]" error="valid quorum unavailable\nmember HTTP 409: DEFERRED\nmember HTTP 409: DEFERRED"
2026/09/24 20:35:04 WARN direct approval quorum unavailable tx="[123 20 154 149 220 229 128 112 207 189 45 137 60 80 231 154 46 31 106 237 85 201 146 64 142 139 76 25 113 14 127 135]" error="valid quorum unavailable\nmember HTTP 409: DEFERRED\nmember HTTP 409: DEFERRED\nmember HTTP 409: DEFERRED"
2026/09/24 20:35:05 WARN direct approval quorum unavailable tx="[250 111 68 56 172 128 156 133 86 100 142 237 186 60 199 53 17 225 73 170 116 32 35 7 150 138 107 169 211 27 84 253]" error="valid quorum unavailable\nmember HTTP 409: DEFERRED\nmember HTTP 409: DEFERRED\nmember HTTP 409: DEFERRED"
2026/09/24 20:35:07 WARN direct approval quorum unavailable tx="[131 35 167 43 34 199 130 220 108 120 34 178 83 223 91 39 88 128 44 119 142 7 134 110 6 5 255 243 61 5 169 186]" error="valid quorum unavailable\nmember HTTP 409: DEFERRED\nmember HTTP 409: DEFERRED\nmember HTTP 409: DEFERRED"
