2026/09/24 20:32:51 INFO gateway started listen=127.0.0.1:26301 organization=062f856d452e238aa4b1152acf77e379ee0109b9aa2aec348442e82adf1c6512
2026/09/24 20:33:09 WARN direct approval quorum unavailable tx="[182 129 254 195 87 60 114 221 21 232 17 218 9 9 201 141 236 49 37 83 163 181 19 184 72 40 177 40 32 205 80 170]" error="valid quorum unavailable\nmember HTTP 409: DEFERRED\nmember HTTP 409: DEFERRED"
2026/09/24 20:33:11 WARN direct approval quorum unavailable tx="[149 124 22 119 97 147 38 176 225 173 181 33 10 233 36 233 149 41 21 216 7 107 70 0 42 192 173 57 118 34 254 210]" error="valid quorum unavailable\nmember HTTP 409: DEFERRED\nmember HTTP 409: DEFERRED"
2026/09/24 20:33:12 WARN direct approval quorum unavailable tx="[178 169 7 59 221 77 78 105 185 5 231 36 111 145 51 207 181 207 25 33 102 95 87 61 197 193 1 247 211 15 143 138]" error="valid quorum unavailable\nmember HTTP 409: DEFERRED\nmember HTTP 409: DEFERRED"
2026/09/24 20:33:12 WARN direct approval quorum unavailable tx="[84 153 10 17 15 144 218 5 37 152 214 136 16 33 86 35 21 4 54 198 89 242 18 30 72 37 79 235 134 228 170 63]" error="valid quorum unavailable\nmember HTTP 409: DEFERRED\nmember HTTP 409: DEFERRED"
2026/09/24 20:33:13 WARN direct approval quorum unavailable tx="[216 182 230 56 67 126 196 67 127 162 88 23 219 126 124 219 205 185 230 183 140 183 212 221 53 180 59 132 82 62 74 251]" error="valid quorum unavailable\nmember HTTP 409: DEFERRED\nmember HTTP 409: DEFERRED"
2026/09/24 20:33:13 WARN direct approval quorum unavailable tx="[66 253 168 82 23 254 29 95 189 185 88 51 118 68 204 54 242 98 118 13 191 215 65 229 4 30 61 244 241 47 202 67]" error="valid quorum unavailable\nmember HTTP 409: DEFERRED\nmember HTTP 409: DEFERRED"
2026/09/24 20:33:15 WARN direct approval quorum unavailable tx="[17 3 254 3 87 226 134 21 220 178 127 163 174 169 41 188 26 219 93 130 68 94 149 86 237 30 0 206 198 175 21 107]" error="valid quorum unavailable\nmember HTTP 409: DEFERRED\nmember HTTP 409: DEFERRED"
2026/09/24 20:33:15 WARN direct approval quorum unavailable tx="[112 223 26 126 39 236 57 164 71 74 69 7 91 131 214 149 117 249 127 116 104 247 138 205 45 127 7 252 125 196 197 144]" error="valid quorum unavailable\nmember HTTP 409: DEFERRED\nmember HTTP 409: DEFERRED"
2026/09/24 20:33:16 WARN direct approval quorum unavailable tx="[64 29 79 129 120 103 222 219 234 57 214 6 211 189 149 155 88 102 235 183 33 245 16 115 95 232 76 146 125 208 197 108]" error="valid quorum unavailable\nmember HTTP 409: DEFERRED\nmember HTTP 409: DEFERRED"
2026/09/24 20:33:19 WARN direct approval quorum unavailable tx="[16 42 184 97 226 217 243 117 83 23 187 91 216 246 116 126 237 106 237 77 7 166 45 212 229 112 136 57 33 22 132 132]" error="valid quorum unavailable\nmember HTTP 409: DEFERRED\nmember HTTP 409: DEFERRED"
2026/09/24 20:33:20 WARN direct approval quorum unavailable tx="[18 70 154 69 75 223 167 107 75 153 151 62 184 247 202 112 138 162 10 12 173 255 227 86 43 3 160 180 21 0 61 216]" error="valid quorum unavailable\nmember HTTP 409: DEFERRED\nmember HTTP 409: DEFERRED"
2026/09/24 20:33:21 WARN direct approval quorum unavailable tx="[195 21 115 174 1 97 116 21 84 211 41 16 225 119 224 135 250 183 66 40 246 128 138 179 124 27 45 43 234 84 98 52]" error="valid quorum unavailable\nmember HTTP 409: DEFERRED\nmember HTTP 409: DEFERRED\nmember HTTP 409: DEFERRED"
2026/09/24 20:33:22 WARN direct approval quorum unavailable tx="[62 192 167 123 89 203 150 207 207 200 174 126 252 255 176 173 113 119 167 88 48 62 34 234 108 107 166 195 242 6 8 101]" error="valid quorum unavailable\nmember HTTP 409: DEFERRED\nmember HTTP 409: DEFERRED"
2026/09/24 20:33:22 WARN direct approval quorum unavailable tx="[230 235 156 158 162 116 144 146 19 228 221 119 180 45 235 37 151 171 21 70 98 85 46 176 83 140 98 211 178 216 215 233]" error="valid quorum unavailable\nmember HTTP 409: DEFERRED\nmember HTTP 409: DEFERRED\nmember HTTP 409: DEFERRED"
2026/09/24 20:33:23 WARN direct approval quorum unavailable tx="[152 29 172 196 39 74 58 231 143 143 239 23 40 86 185 98 89 33 40 135 210 51 24 94 76 255 239 23 77 124 190 136]" error="valid quorum unavailable\nmember HTTP 409: DEFERRED\nmember HTTP 409: DEFERRED"
2026/09/24 20:33:23 WARN direct approval quorum unavailable tx="[221 153 0 77 125 135 21 96 189 165 61 26 72 10 93 160 6 117 139 75 182 126 114 204 169 149 228 37 7 162 83 42]" error="valid quorum unavailable\nmember HTTP 409: DEFERRED\nmember HTTP 409: DEFERRED"
2026/09/24 20:33:28 WARN direct approval quorum unavailable tx="[200 19 107 232 72 6 124 30 226 103 232 169 64 77 70 120 86 252 1 70 11 82 39 173 238 38 143 4 69 52 204 55]" error="valid quorum unavailable\nmember HTTP 409: DEFERRED\nmember HTTP 409: DEFERRED"
2026/09/24 20:33:28 WARN direct approval quorum unavailable tx="[250 0 94 0 234 151 200 210 156 64 233 56 128 166 116 15 184 200 230 202 215 55 141 249 109 83 9 196 199 129 15 20]" error="valid quorum unavailable\nmember HTTP 409: DEFERRED\nmember HTTP 409: DEFERRED"
2026/09/24 20:33:30 WARN direct approval quorum unavailable tx="[189 229 173 232 44 25 65 183 102 200 214 178 181 181 59 199 109 117 243 141 19 182 103 49 87 47 164 115 204 42 164 198]" error="valid quorum unavailable\nmember HTTP 409: DEFERRED\nmember HTTP 409: DEFERRED"
2026/09/24 20:33:31 WARN direct approval quorum unavailable tx="[235 116 88 205 87 232 111 172 235 130 56 114 233 115 28 105 6 42 160 74 174 114 205 198 116 25 183 162 116 185 71 39]" error="valid quorum unavailable\nmember HTTP 409: DEFERRED\nmember HTTP 409: DEFERRED"
2026/09/24 20:33:32 WARN direct approval quorum unavailable tx="[247 184 150 224 124 223 130 253 168 196 255 63 120 59 51 246 39 145 54 20 164 41 27 82 66 168 67 34 16 135 222 21]" error="valid quorum unavailable\nmember HTTP 409: DEFERRED\nmember HTTP 409: DEFERRED"
2026/09/24 20:33:34 WARN direct approval quorum unavailable tx="[134 95 231 221 155 69 13 12 243 98 78 138 230 107 253 148 64 211 163 103 12 99 111 111 82 153 147 161 41 112 85 80]" error="valid quorum unavailable\nmember HTTP 409: DEFERRED\nmember HTTP 409: DEFERRED"
2026/09/24 20:33:34 WARN direct approval quorum unavailable tx="[58 130 13 101 72 11 178 74 218 108 73 136 110 224 175 64 130 127 250 190 248 1 100 139 231 42 143 12 77 23 213 81]" error="valid quorum unavailable\nmember HTTP 409: DEFERRED\nmember HTTP 409: DEFERRED"
2026/09/24 20:33:35 WARN direct approval quorum unavailable tx="[10 184 212 187 142 38 158 220 161 49 199 112 62 219 116 147 122 249 13 230 73 187 126 138 43 67 183 68 179 255 217 205]" error="valid quorum unavailable\nmember HTTP 409: DEFERRED\nmember HTTP 409: DEFERRED"
2026/09/24 20:33:36 WARN direct approval quorum unavailable tx="[179 113 90 162 223 114 145 103 190 136 223 182 193 248 12 234 209 244 113 184 99 239 161 195 103 181 39 97 42 196 65 202]" error="valid quorum unavailable\nmember HTTP 409: DEFERRED\nmember HTTP 409: DEFERRED"
2026/09/24 20:33:36 WARN direct approval quorum unavailable tx="[126 39 5 48 97 13 143 125 25 137 245 129 10 140 254 178 124 66 151 74 148 66 177 199 154 29 30 244 109 45 51 91]" error="valid quorum unavailable\nmember HTTP 409: DEFERRED\nmember HTTP 409: DEFERRED"
2026/09/24 20:33:39 WARN direct approval quorum unavailable tx="[208 141 68 134 144 228 21 71 82 153 191 251 164 99 50 57 153 19 72 145 57 206 20 173 153 166 19 177 133 147 93 111]" error="valid quorum unavailable\nmember HTTP 409: DEFERRED\nmember HTTP 409: DEFERRED"
2026/09/24 20:33:41 WARN direct approval quorum unavailable tx="[243 56 113 244 18 228 238 34 149 223 47 23 115 221 211 189 67 27 157 196 243 227 75 250 92 179 212 73 2 124 68 54]" error="valid quorum unavailable\nmember HTTP 409: DEFERRED\nmember HTTP 409: DEFERRED"
2026/09/24 20:33:42 WARN direct approval quorum unavailable tx="[17 44 55 31 241 32 100 144 114 51 29 58 65 125 156 222 32 183 26 15 3 183 117 90 114 108 211 49 159 233 213 231]" error="valid quorum unavailable\nmember HTTP 409: DEFERRED\nmember HTTP 409: DEFERRED"
2026/09/24 20:33:43 WARN direct approval quorum unavailable tx="[127 247 80 130 113 181 36 206 63 44 182 156 79 87 236 149 168 76 224 206 150 191 233 240 110 207 228 93 106 233 11 31]" error="valid quorum unavailable\nmember HTTP 409: DEFERRED\nmember HTTP 409: DEFERRED"
2026/09/24 20:33:43 WARN direct approval quorum unavailable tx="[158 18 149 28 128 22 193 29 199 134 120 65 108 10 56 121 250 38 212 115 25 213 102 194 16 44 207 3 42 7 26 238]" error="valid quorum unavailable\nmember HTTP 409: DEFERRED\nmember HTTP 409: DEFERRED"
2026/09/24 20:33:44 WARN direct approval quorum unavailable tx="[116 171 190 76 95 15 221 233 251 132 49 144 63 116 32 222 193 103 225 150 237 170 209 33 127 166 236 143 121 168 3 137]" error="valid quorum unavailable\nmember HTTP 409: DEFERRED\nmember HTTP 409: DEFERRED"
2026/09/24 20:33:44 WARN direct approval quorum unavailable tx="[39 86 7 243 28 27 90 84 169 211 246 17 123 175 81 71 111 195 140 70 108 202 181 18 80 158 185 146 199 92 240 228]" error="valid quorum unavailable\nmember HTTP 409: DEFERRED\nmember HTTP 409: DEFERRED\nmember HTTP 409: DEFERRED"
2026/09/24 20:33:49 WARN direct approval quorum unavailable tx="[243 208 114 241 135 71 77 112 123 72 64 150 116 180 33 73 169 173 10 217 160 35 9 155 74 55 76 72 157 243 119 211]" error="valid quorum unavailable\nmember HTTP 409: DEFERRED\nmember HTTP 409: DEFERRED"
2026/09/24 20:33:49 WARN direct approval quorum unavailable tx="[10 18 57 5 248 11 189 189 63 175 118 198 167 1 142 116 66 240 33 146 253 74 113 103 190 227 139 200 1 58 219 216]" error="valid quorum unavailable\nmember HTTP 409: DEFERRED\nmember HTTP 409: DEFERRED"
2026/09/24 20:33:50 WARN direct approval quorum unavailable tx="[180 60 125 160 179 21 168 143 228 182 253 120 162 36 112 132 13 71 11 14 221 197 200 30 220 166 197 71 84 76 3 1]" error="valid quorum unavailable\nmember HTTP 409: DEFERRED\nmember HTTP 409: DEFERRED"
2026/09/24 20:33:50 WARN direct approval quorum unavailable tx="[55 222 123 148 23 30 115 24 228 111 61 75 44 28 115 121 25 213 43 231 133 82 245 253 62 83 123 76 92 224 145 165]" error="valid quorum unavailable\nmember HTTP 409: DEFERRED\nmember HTTP 409: DEFERRED"
2026/09/24 20:33:51 WARN direct approval quorum unavailable tx="[247 250 4 22 86 176 67 252 119 250 31 20 73 211 217 99 77 176 60 235 147 77 70 209 247 196 154 183 223 96 183 175]" error="valid quorum unavailable\nmember HTTP 409: DEFERRED\nmember HTTP 409: DEFERRED"
2026/09/24 20:33:52 WARN direct approval quorum unavailable tx="[193 119 101 230 162 224 156 206 25 17 37 157 202 5 230 222 109 76 34 174 3 99 30 4 51 94 113 72 106 105 1 93]" error="valid quorum unavailable\nmember HTTP 409: DEFERRED\nmember HTTP 409: DEFERRED"
2026/09/24 20:33:54 WARN direct approval quorum unavailable tx="[78 11 238 78 68 11 228 58 252 59 118 68 233 115 141 21 193 111 170 204 97 153 200 248 6 73 172 160 174 158 33 8]" error="valid quorum unavailable\nmember HTTP 409: DEFERRED\nmember HTTP 409: DEFERRED"
2026/09/24 20:33:54 WARN direct approval quorum unavailable tx="[221 253 168 3 59 72 234 136 171 178 96 131 241 112 147 134 105 78 20 172 58 229 221 75 171 3 226 27 230 61 64 130]" error="valid quorum unavailable\nmember HTTP 409: DEFERRED\nmember HTTP 409: DEFERRED"
2026/09/24 20:33:57 WARN direct approval quorum unavailable tx="[129 190 103 115 12 202 132 239 249 211 205 93 8 219 72 97 11 143 187 23 188 49 135 118 253 72 251 10 18 141 142 18]" error="valid quorum unavailable\nmember HTTP 409: DEFERRED\nmember HTTP 409: DEFERRED"
2026/09/24 20:33:57 WARN direct approval quorum unavailable tx="[14 18 249 159 109 136 180 139 155 186 123 113 191 105 237 150 179 109 11 242 204 102 245 50 67 123 245 176 209 139 104 137]" error="valid quorum unavailable\nmember HTTP 409: DEFERRED\nmember HTTP 409: DEFERRED"
2026/09/24 20:34:00 WARN direct approval quorum unavailable tx="[83 4 94 149 21 13 33 252 48 233 36 204 237 148 230 130 192 249 222 177 181 53 78 189 183 89 45 248 84 159 121 56]" error="valid quorum unavailable\nmember HTTP 409: DEFERRED\nmember HTTP 409: DEFERRED"
2026/09/24 20:34:03 WARN direct approval quorum unavailable tx="[160 78 98 110 212 36 69 55 78 186 159 207 55 44 222 250 172 105 186 207 52 232 191 180 16 41 105 170 217 2 47 148]" error="valid quorum unavailable\nmember HTTP 409: DEFERRED\nmember HTTP 409: DEFERRED"
2026/09/24 20:34:05 WARN direct approval quorum unavailable tx="[15 82 154 162 80 41 47 88 200 255 128 250 31 181 157 213 3 86 186 203 169 113 28 78 159 12 218 145 6 157 255 124]" error="valid quorum unavailable\nmember HTTP 409: DEFERRED\nmember HTTP 409: DEFERRED"
2026/09/24 20:34:07 WARN direct approval quorum unavailable tx="[149 52 16 18 168 143 132 225 212 52 225 97 128 18 219 145 161 95 17 252 161 6 150 251 8 134 126 169 220 2 43 66]" error="valid quorum unavailable\nmember HTTP 409: DEFERRED\nmember HTTP 409: DEFERRED"
2026/09/24 20:34:09 WARN direct approval quorum unavailable tx="[212 21 146 34 136 82 94 220 250 150 71 216 200 86 121 119 49 24 18 12 55 15 80 128 255 238 114 70 86 134 30 121]" error="valid quorum unavailable\nmember HTTP 409: DEFERRED\nmember HTTP 409: DEFERRED"
2026/09/24 20:34:09 WARN direct approval quorum unavailable tx="[207 114 44 100 59 102 43 209 104 61 6 83 88 84 128 252 158 170 160 136 22 1 219 107 99 15 118 85 123 65 216 2]" error="valid quorum unavailable\nmember HTTP 409: DEFERRED\nmember HTTP 409: DEFERRED"
2026/09/24 20:34:12 WARN direct approval quorum unavailable tx="[100 179 234 96 245 19 184 50 247 56 104 219 236 19 235 192 50 236 77 3 140 93 173 11 16 181 126 73 147 46 220 109]" error="valid quorum unavailable\nmember HTTP 409: DEFERRED\nmember HTTP 409: DEFERRED"
2026/09/24 20:34:14 WARN direct approval quorum unavailable tx="[188 66 177 74 202 229 114 63 60 208 160 223 21 9 166 19 68 115 165 143 83 100 171 243 115 254 118 90 33 126 139 126]" error="valid quorum unavailable\nmember HTTP 409: DEFERRED\nmember HTTP 409: DEFERRED"
2026/09/24 20:34:14 WARN direct approval quorum unavailable tx="[59 194 255 202 105 202 89 146 96 66 119 231 201 42 102 23 110 50 179 78 140 20 33 164 134 101 32 212 176 9 35 32]" error="valid quorum unavailable\nmember HTTP 409: DEFERRED\nmember HTTP 409: DEFERRED"
2026/09/24 20:34:15 WARN direct approval quorum unavailable tx="[33 174 23 53 145 27 252 80 143 168 163 254 64 157 111 148 99 128 253 36 219 112 191 11 18 224 243 154 37 167 44 181]" error="valid quorum unavailable\nmember HTTP 409: DEFERRED\nmember HTTP 409: DEFERRED"
2026/09/24 20:34:17 WARN direct approval quorum unavailable tx="[232 20 143 128 47 205 192 230 237 178 58 89 38 119 138 186 21 175 86 180 205 128 16 180 56 150 216 62 62 210 108 230]" error="valid quorum unavailable\nmember HTTP 409: DEFERRED\nmember HTTP 409: DEFERRED"
2026/09/24 20:34:18 WARN direct approval quorum unavailable tx="[240 45 255 147 38 253 147 63 76 250 129 250 12 36 34 111 243 101 180 104 239 48 48 156 22 72 219 243 54 169 113 252]" error="valid quorum unavailable\nmember HTTP 409: DEFERRED\nmember HTTP 409: DEFERRED"
2026/09/24 20:34:20 WARN direct approval quorum unavailable tx="[86 131 159 66 3 211 232 140 157 182 156 38 130 117 117 150 253 13 10 3 17 168 22 219 177 94 37 251 194 21 82 63]" error="valid quorum unavailable\nmember HTTP 409: DEFERRED\nmember HTTP 409: DEFERRED"
2026/09/24 20:34:22 WARN direct approval quorum unavailable tx="[255 233 167 63 71 245 1 218 100 32 211 252 85 96 104 21 86 199 9 108 163 67 234 182 114 208 183 111 92 171 236 246]" error="valid quorum unavailable\nmember HTTP 409: DEFERRED\nmember HTTP 409: DEFERRED"
2026/09/24 20:34:22 WARN direct approval quorum unavailable tx="[164 162 154 223 170 176 235 159 78 41 80 182 107 44 218 58 221 120 211 67 250 18 162 194 85 145 45 119 76 203 64 218]" error="valid quorum unavailable\nmember HTTP 409: DEFERRED\nmember HTTP 409: DEFERRED"
2026/09/24 20:34:23 WARN direct approval quorum unavailable tx="[114 105 63 80 53 24 122 135 47 102 123 113 144 39 122 171 179 94 19 211 222 238 136 214 184 240 204 91 169 102 108 136]" error="valid quorum unavailable\nmember HTTP 409: DEFERRED\nmember HTTP 409: DEFERRED"
2026/09/24 20:34:23 WARN direct approval quorum unavailable tx="[74 173 74 243 11 74 26 91 58 206 71 144 101 187 40 49 47 37 182 66 132 126 34 185 4 90 182 106 206 206 91 93]" error="valid quorum unavailable\nmember HTTP 409: DEFERRED\nmember HTTP 409: DEFERRED\nmember HTTP 409: DEFERRED"
2026/09/24 20:34:25 WARN direct approval quorum unavailable tx="[231 69 164 40 24 170 146 16 49 7 77 223 75 27 149 208 206 215 240 14 215 184 250 191 58 102 53 212 212 65 206 47]" error="valid quorum unavailable\nmember HTTP 409: DEFERRED\nmember HTTP 409: DEFERRED"
2026/09/24 20:34:26 WARN direct approval quorum unavailable tx="[180 246 100 88 255 113 50 49 152 0 9 109 51 102 89 98 23 182 106 100 166 86 32 161 5 162 71 114 121 177 215 211]" error="valid quorum unavailable\nmember HTTP 409: DEFERRED\nmember HTTP 409: DEFERRED"
2026/09/24 20:34:29 WARN direct approval quorum unavailable tx="[152 187 76 6 175 23 128 226 38 2 46 122 103 50 232 143 156 141 81 241 50 24 180 189 244 76 131 71 76 118 155 215]" error="valid quorum unavailable\nmember HTTP 409: DEFERRED\nmember HTTP 409: DEFERRED"
2026/09/24 20:34:30 WARN direct approval quorum unavailable tx="[120 240 61 212 45 157 130 38 238 127 126 2 57 132 181 253 161 204 217 92 33 126 55 230 33 4 20 96 160 31 114 35]" error="valid quorum unavailable\nmember HTTP 409: DEFERRED\nmember HTTP 409: DEFERRED\nmember HTTP 409: DEFERRED\nmember HTTP 409: DEFERRED"
2026/09/24 20:34:30 WARN direct approval quorum unavailable tx="[141 104 147 80 218 91 17 181 189 36 105 35 162 246 150 169 242 132 241 249 50 182 8 247 2 223 20 143 5 191 127 8]" error="valid quorum unavailable\nmember HTTP 409: DEFERRED\nmember HTTP 409: DEFERRED"
2026/09/24 20:34:33 WARN direct approval quorum unavailable tx="[193 191 70 207 102 240 48 104 127 84 96 122 2 123 247 154 9 126 221 216 241 51 181 120 51 20 144 138 137 169 148 175]" error="valid quorum unavailable\nmember HTTP 409: DEFERRED\nmember HTTP 409: DEFERRED"
2026/09/24 20:34:37 WARN direct approval quorum unavailable tx="[207 255 52 243 253 252 87 161 84 217 47 238 228 52 224 233 125 124 123 30 177 240 75 154 181 41 229 94 18 207 244 162]" error="valid quorum unavailable\nmember HTTP 409: DEFERRED\nmember HTTP 409: DEFERRED"
2026/09/24 20:34:39 WARN direct approval quorum unavailable tx="[26 185 8 34 196 210 243 63 78 247 71 199 127 129 21 218 122 28 82 162 161 196 226 104 99 16 66 166 217 148 43 16]" error="valid quorum unavailable\nmember HTTP 409: DEFERRED\nmember HTTP 409: DEFERRED"
2026/09/24 20:34:41 WARN direct approval quorum unavailable tx="[241 142 24 210 164 65 115 6 29 31 191 111 252 196 165 137 199 47 225 255 196 81 45 18 44 24 26 175 45 136 118 19]" error="valid quorum unavailable\nmember HTTP 409: DEFERRED\nmember HTTP 409: DEFERRED"
2026/09/24 20:34:42 WARN direct approval quorum unavailable tx="[94 142 152 208 223 193 144 252 136 50 29 62 38 68 91 2 91 204 224 196 239 146 190 202 247 75 186 22 74 208 147 45]" error="valid quorum unavailable\nmember HTTP 409: DEFERRED\nmember HTTP 409: DEFERRED"
2026/09/24 20:34:43 WARN direct approval quorum unavailable tx="[79 120 28 174 132 154 222 73 126 246 239 195 63 87 228 160 34 94 57 157 156 192 36 91 30 189 63 95 105 33 241 79]" error="valid quorum unavailable\nmember HTTP 409: DEFERRED\nmember HTTP 409: DEFERRED"
2026/09/24 20:34:44 WARN direct approval quorum unavailable tx="[53 204 162 186 0 83 150 152 199 58 166 99 180 174 204 10 124 238 193 144 253 57 114 222 138 176 96 94 111 222 230 2]" error="valid quorum unavailable\nmember HTTP 409: DEFERRED\nmember HTTP 409: DEFERRED"
2026/09/24 20:34:45 WARN direct approval quorum unavailable tx="[67 28 140 154 238 150 79 253 251 252 68 70 189 175 89 79 15 196 13 133 95 129 214 173 114 243 132 143 57 217 169 72]" error="valid quorum unavailable\nmember HTTP 409: DEFERRED\nmember HTTP 409: DEFERRED"
2026/09/24 20:34:45 WARN direct approval quorum unavailable tx="[154 59 24 66 152 252 193 62 154 157 25 154 238 44 225 64 222 59 74 115 161 235 222 219 74 29 24 135 134 170 220 25]" error="valid quorum unavailable\nmember HTTP 409: DEFERRED\nmember HTTP 409: DEFERRED"
2026/09/24 20:34:47 WARN direct approval quorum unavailable tx="[134 41 220 180 79 97 190 174 236 209 137 140 10 34 30 211 200 93 40 90 128 244 134 139 50 155 63 129 33 14 33 188]" error="valid quorum unavailable\nmember HTTP 409: DEFERRED\nmember HTTP 409: DEFERRED"
2026/09/24 20:34:48 WARN direct approval quorum unavailable tx="[28 16 57 182 209 133 6 32 165 146 80 85 101 114 14 135 236 229 45 143 199 115 159 243 246 241 135 181 156 237 163 222]" error="valid quorum unavailable\nmember HTTP 409: DEFERRED\nmember HTTP 409: DEFERRED"
2026/09/24 20:34:49 WARN direct approval quorum unavailable tx="[238 79 164 128 9 223 228 107 203 217 24 211 102 125 64 94 120 57 35 48 108 80 72 19 205 233 191 65 236 134 39 98]" error="valid quorum unavailable\nmember HTTP 409: DEFERRED\nmember HTTP 409: DEFERRED"
2026/09/24 20:34:49 WARN direct approval quorum unavailable tx="[62 139 88 224 219 41 225 211 25 50 111 66 11 243 50 189 147 124 25 124 110 51 235 164 190 12 138 51 68 73 174 63]" error="valid quorum unavailable\nmember HTTP 409: DEFERRED\nmember HTTP 409: DEFERRED"
2026/09/24 20:34:50 WARN direct approval quorum unavailable tx="[53 233 229 241 134 242 12 64 161 204 120 66 68 197 229 229 247 214 103 32 218 39 198 11 10 50 171 93 178 28 180 81]" error="valid quorum unavailable\nmember HTTP 409: DEFERRED\nmember HTTP 409: DEFERRED"
2026/09/24 20:34:51 WARN direct approval quorum unavailable tx="[158 142 28 38 189 66 130 178 148 209 14 153 190 34 87 158 188 133 176 102 82 196 165 152 88 101 201 235 174 153 152 231]" error="valid quorum unavailable\nmember HTTP 409: DEFERRED\nmember HTTP 409: DEFERRED"
2026/09/24 20:34:51 WARN direct approval quorum unavailable tx="[18 94 10 168 3 151 105 188 41 108 21 86 192 175 63 217 229 209 69 35 120 37 3 137 201 111 193 214 51 101 155 211]" error="valid quorum unavailable\nmember HTTP 409: DEFERRED\nmember HTTP 409: DEFERRED"
2026/09/24 20:34:53 WARN direct approval quorum unavailable tx="[35 120 213 132 159 202 240 100 17 50 119 175 225 7 39 162 227 198 238 14 61 34 95 238 165 220 240 219 205 218 29 59]" error="valid quorum unavailable\nmember HTTP 409: DEFERRED\nmember HTTP 409: DEFERRED"
2026/09/24 20:34:53 WARN direct approval quorum unavailable tx="[222 3 143 60 241 91 71 130 180 251 191 7 254 196 27 39 10 27 65 137 162 38 54 186 17 54 100 103 142 3 54 78]" error="valid quorum unavailable\nmember HTTP 409: DEFERRED\nmember HTTP 409: DEFERRED"
2026/09/24 20:34:55 WARN direct approval quorum unavailable tx="[198 248 161 13 150 205 214 177 235 179 1 165 11 121 243 233 55 237 152 60 220 31 25 194 249 190 1 224 137 123 127 11]" error="valid quorum unavailable\nmember HTTP 409: DEFERRED\nmember HTTP 409: DEFERRED"
2026/09/24 20:34:58 WARN direct approval quorum unavailable tx="[155 191 153 28 22 33 63 195 15 88 243 102 115 118 207 253 90 80 183 224 97 51 154 153 39 242 88 167 67 176 157 12]" error="valid quorum unavailable\nmember HTTP 409: DEFERRED\nmember HTTP 409: DEFERRED\nmember HTTP 409: DEFERRED"
2026/09/24 20:34:59 WARN direct approval quorum unavailable tx="[36 216 10 147 225 152 12 17 56 117 46 29 36 50 108 149 86 45 61 26 158 248 206 4 184 25 142 38 252 203 35 199]" error="valid quorum unavailable\nmember HTTP 409: DEFERRED\nmember HTTP 409: DEFERRED"
2026/09/24 20:35:00 WARN direct approval quorum unavailable tx="[237 198 90 87 195 59 123 1 78 137 182 85 6 239 173 153 50 236 190 190 2 202 30 225 221 39 86 159 204 18 96 242]" error="valid quorum unavailable\nmember HTTP 409: DEFERRED\nmember HTTP 409: DEFERRED\nmember HTTP 409: DEFERRED"
2026/09/24 20:35:01 WARN direct approval quorum unavailable tx="[143 253 213 222 53 76 112 184 219 51 237 174 72 225 235 62 128 149 14 108 90 214 172 232 185 211 179 18 141 98 96 137]" error="valid quorum unavailable\nmember HTTP 409: DEFERRED\nmember HTTP 409: DEFERRED"
2026/09/24 20:35:03 WARN direct approval quorum unavailable tx="[23 91 174 200 174 74 105 226 6 75 164 198 72 227 193 4 19 126 195 41 133 179 185 240 235 54 107 96 193 248 242 189]" error="valid quorum unavailable\nmember HTTP 409: DEFERRED\nmember HTTP 409: DEFERRED\nmember HTTP 409: DEFERRED"
2026/09/24 20:35:05 WARN direct approval quorum unavailable tx="[17 130 36 125 110 148 47 99 106 229 181 176 174 116 49 253 230 184 253 175 119 238 37 95 206 194 160 201 65 44 139 152]" error="valid quorum unavailable\nmember HTTP 409: DEFERRED\nmember HTTP 409: DEFERRED"
