[
  {
    "Name": "org0-member0",
    "Approvals": 301,
    "Pending": 0,
    "Payments": 0,
    "Closed": 0,
    "CAL": "",
    "FUEL": "",
    "Rewards": "",
    "Burned": ""
  },
  {
    "Name": "org0-member1",
    "Approvals": 301,
    "Pending": 0,
    "Payments": 0,
    "Closed": 0,
    "CAL": "",
    "FUEL": "",
    "Rewards": "",
    "Burned": ""
  },
  {
    "Name": "org0-member2",
    "Approvals": 300,
    "Pending": 0,
    "Payments": 0,
    "Closed": 0,
    "CAL": "",
    "FUEL": "",
    "Rewards": "",
    "Burned": ""
  },
  {
    "Name": "org0-member3",
    "Approvals": 301,
    "Pending": 0,
    "Payments": 0,
    "Closed": 0,
    "CAL": "",
    "FUEL": "",
    "Rewards": "",
    "Burned": ""
  },
  {
    "Name": "gateway0",
    "Approvals": 0,
    "Pending": 0,
    "Payments": 0,
    "Closed": 0,
    "CAL": "",
    "FUEL": "",
    "Rewards": "",
    "Burned": ""
  },
  {
    "Name": "org1-member0",
    "Approvals": 1,
    "Pending": 0,
    "Payments": 0,
    "Closed": 0,
    "CAL": "",
    "FUEL": "",
    "Rewards": "",
    "Burned": ""
  },
  {
    "Name": "org1-member1",
    "Approvals": 1,
    "Pending": 0,
    "Payments": 0,
    "Closed": 0,
    "CAL": "",
    "FUEL": "",
    "Rewards": "",
    "Burned": ""
  },
  {
    "Name": "org1-member2",
    "Approvals": 1,
    "Pending": 0,
    "Payments": 0,
    "Closed": 0,
    "CAL": "",
    "FUEL": "",
    "Rewards": "",
    "Burned": ""
  },
  {
    "Name": "org1-member3",
    "Approvals": 1,
    "Pending": 0,
    "Payments": 0,
    "Closed": 0,
    "CAL": "",
    "FUEL": "",
    "Rewards": "",
    "Burned": ""
  },
  {
    "Name": "gateway1",
    "Approvals": 0,
    "Pending": 0,
    "Payments": 0,
    "Closed": 0,
    "CAL": "",
    "FUEL": "",
    "Rewards": "",
    "Burned": ""
  },
  {
    "Name": "committee0",
    "Approvals": 0,
    "Pending": 0,
    "Payments": 302,
    "Closed": 302,
    "CAL": "2000000090000",
    "FUEL": "2000000000000",
    "Rewards": "25373",
    "Burned": "3020",
    "StateHash": "b8066c8ddb145c1465865d3ecbf9fddad21d0c0df85a8c6493c91c4dd3b4d11e",
    "Gap": "0",
    "Revisions": 1,
    "Recovery": {
      "UserCAL": {
        "52e3562a63f66bac6b8434b3a405d569285a631fb64627c20691f28a1c238d57": 75000,
        "7f3bf2f524e9718fc387c3c22dbc39fcfe01e670583ecbe95858642f1e7d1588": 15000
      },
      "Open": 0,
      "Fulfilled": 0,
      "Repaired": 0,
      "Recovered": 1,
      "PaidCAL": 100,
      "RecoveredCAL": 100,
      "Reserves": [
        {
          "Organization": "f708f05523fd22d8ccf74232cfb4a63f123cd752f25e5e2f1aa4cff24099d33a",
          "Balance": 1000000000000,
          "Spent": 0,
          "Reserved": 0
        },
        {
          "Organization": "3cd15679252fc80d6ccf11eaf2b6a5f0a5ef73694547352160523e28feb8071b",
          "Balance": 1000000000000,
          "Spent": 0,
          "Reserved": 0
        }
      ]
    }
  },
  {
    "Name": "committee1",
    "Approvals": 0,
    "Pending": 0,
    "Payments": 302,
    "Closed": 302,
    "CAL": "2000000090000",
    "FUEL": "2000000000000",
    "Rewards": "25373",
    "Burned": "3020",
    "StateHash": "b8066c8ddb145c1465865d3ecbf9fddad21d0c0df85a8c6493c91c4dd3b4d11e",
    "Gap": "0",
    "Revisions": 1,
    "Recovery": {
      "UserCAL": {
        "52e3562a63f66bac6b8434b3a405d569285a631fb64627c20691f28a1c238d57": 75000,
        "7f3bf2f524e9718fc387c3c22dbc39fcfe01e670583ecbe95858642f1e7d1588": 15000
      },
      "Open": 0,
      "Fulfilled": 0,
      "Repaired": 0,
      "Recovered": 1,
      "PaidCAL": 100,
      "RecoveredCAL": 100,
      "Reserves": [
        {
          "Organization": "f708f05523fd22d8ccf74232cfb4a63f123cd752f25e5e2f1aa4cff24099d33a",
          "Balance": 1000000000000,
          "Spent": 0,
          "Reserved": 0
        },
        {
          "Organization": "3cd15679252fc80d6ccf11eaf2b6a5f0a5ef73694547352160523e28feb8071b",
          "Balance": 1000000000000,
          "Spent": 0,
          "Reserved": 0
        }
      ]
    }
  },
  {
    "Name": "committee2",
    "Approvals": 0,
    "Pending": 0,
    "Payments": 302,
    "Closed": 302,
    "CAL": "2000000090000",
    "FUEL": "2000000000000",
    "Rewards": "25373",
    "Burned": "3020",
    "StateHash": "b8066c8ddb145c1465865d3ecbf9fddad21d0c0df85a8c6493c91c4dd3b4d11e",
    "Gap": "0",
    "Revisions": 1,
    "Recovery": {
      "UserCAL": {
        "52e3562a63f66bac6b8434b3a405d569285a631fb64627c20691f28a1c238d57": 75000,
        "7f3bf2f524e9718fc387c3c22dbc39fcfe01e670583ecbe95858642f1e7d1588": 15000
      },
      "Open": 0,
      "Fulfilled": 0,
      "Repaired": 0,
      "Recovered": 1,
      "PaidCAL": 100,
      "RecoveredCAL": 100,
      "Reserves": [
        {
          "Organization": "f708f05523fd22d8ccf74232cfb4a63f123cd752f25e5e2f1aa4cff24099d33a",
          "Balance": 1000000000000,
          "Spent": 0,
          "Reserved": 0
        },
        {
          "Organization": "3cd15679252fc80d6ccf11eaf2b6a5f0a5ef73694547352160523e28feb8071b",
          "Balance": 1000000000000,
          "Spent": 0,
          "Reserved": 0
        }
      ]
    }
  },
  {
    "Name": "committee3",
    "Approvals": 0,
    "Pending": 0,
    "Payments": 302,
    "Closed": 302,
    "CAL": "2000000090000",
    "FUEL": "2000000000000",
    "Rewards": "25373",
    "Burned": "3020",
    "StateHash": "b8066c8ddb145c1465865d3ecbf9fddad21d0c0df85a8c6493c91c4dd3b4d11e",
    "Gap": "0",
    "Revisions": 1,
    "Recovery": {
      "UserCAL": {
        "52e3562a63f66bac6b8434b3a405d569285a631fb64627c20691f28a1c238d57": 75000,
        "7f3bf2f524e9718fc387c3c22dbc39fcfe01e670583ecbe95858642f1e7d1588": 15000
      },
      "Open": 0,
      "Fulfilled": 0,
      "Repaired": 0,
      "Recovered": 1,
      "PaidCAL": 100,
      "RecoveredCAL": 100,
      "Reserves": [
        {
          "Organization": "f708f05523fd22d8ccf74232cfb4a63f123cd752f25e5e2f1aa4cff24099d33a",
          "Balance": 1000000000000,
          "Spent": 0,
          "Reserved": 0
        },
        {
          "Organization": "3cd15679252fc80d6ccf11eaf2b6a5f0a5ef73694547352160523e28feb8071b",
          "Balance": 1000000000000,
          "Spent": 0,
          "Reserved": 0
        }
      ]
    }
  }
]
Supply and original-debit accounting verified: /Users/richz/lab/man/utxo-c3-20261002/.run/control-3/reports/audit.json
