{
  "batch_progress": true,
  "block_observed_p50_ms": 1076.046583,
  "completed_per_second": 74.1622348060889,
  "concurrency": 64,
  "count": 300,
  "dispatch_delivery_wait_p95_ms": 0.404333,
  "dispatch_lag_p50_ms": 0.059833,
  "dispatch_lag_p95_ms": 0.414083,
  "elapsed_s": 4.045185542,
  "failed": 0,
  "fast_completed": 300,
  "fast_p50_ms": 1.127667,
  "fast_p95_ms": 45.964,
  "final_unfinished": 0,
  "finished_unix_ns": 1790919159563235000,
  "max_pending": 256,
  "member_applied_p50_ms": 1119.838542,
  "member_completed": 300,
  "not_sent": 0,
  "note": "Block observation includes block verification and wallet polling; member applied queries local member status for all four nodes. No committee payment proofs are requested.",
  "pending_limit": 256,
  "progress_batch_facts": 1406,
  "progress_batch_http_errors": 0,
  "progress_batch_http_requests": 145,
  "progress_batch_http_total_ms": 29.306332,
  "progress_batch_queue_total_ms": 6087.208472,
  "progress_errors": 0,
  "progress_http_max_ms": 5.733667,
  "progress_http_mean_ms": 4.552228396870552,
  "progress_metric_note": "progress_requests counts logical fact checks; progress_http durations include batch queue wait. Actual batch HTTP requests/errors are separate.",
  "progress_requests": 1406,
  "progress_requests_per_second": 347.57367379120336,
  "same_org": false,
  "sampled_oldest_unfinished_max_ms": 1439.973,
  "sampled_peak_unfinished": 144,
  "send_limit_hits": 0,
  "send_pacing_wait_p95_ms": 0.0005,
  "send_permit_wait_p95_ms": 0.000083,
  "started_unix_ns": 1790919155518077000,
  "target_send_rate": 100,
  "timing_origin": "wallet_http_submit_v4",
  "total_limit_hits": 0,
  "total_permit_wait_p95_ms": 0.00025,
  "trace": false,
  "unknown": 0,
  "wallet_block_observed": 300,
  "wallet_no_sync": true,
  "wallet_queries": 965,
  "workload": "bounded_fast_receipt_with_independent_observation"
}
