[
  {
    "Name": "org0-member0",
    "Approvals": 151735,
    "Pending": 0,
    "Payments": 0,
    "Closed": 0,
    "CAL": "",
    "FUEL": "",
    "Rewards": "",
    "Burned": ""
  },
  {
    "Name": "org0-member1",
    "Approvals": 151736,
    "Pending": 0,
    "Payments": 0,
    "Closed": 0,
    "CAL": "",
    "FUEL": "",
    "Rewards": "",
    "Burned": ""
  },
  {
    "Name": "org0-member2",
    "Approvals": 151734,
    "Pending": 0,
    "Payments": 0,
    "Closed": 0,
    "CAL": "",
    "FUEL": "",
    "Rewards": "",
    "Burned": ""
  },
  {
    "Name": "org0-member3",
    "Approvals": 151737,
    "Pending": 0,
    "Payments": 0,
    "Closed": 0,
    "CAL": "",
    "FUEL": "",
    "Rewards": "",
    "Burned": ""
  },
  {
    "Name": "gateway0",
    "Approvals": 0,
    "Pending": 0,
    "Payments": 0,
    "Closed": 0,
    "CAL": "",
    "FUEL": "",
    "Rewards": "",
    "Burned": ""
  },
  {
    "Name": "committee0",
    "Approvals": 0,
    "Pending": 0,
    "Payments": 151737,
    "Closed": 151737,
    "CAL": "2000016793600",
    "FUEL": "1679360000",
    "Rewards": "12745908",
    "Burned": "1517370",
    "StateHash": "08bbd3c00150ebecfffa8686246363155f0319c4cfa20d1f2bbec9e1d8583b8a",
    "Gap": "0"
  },
  {
    "Name": "committee1",
    "Approvals": 0,
    "Pending": 0,
    "Payments": 151737,
    "Closed": 151737,
    "CAL": "2000016793600",
    "FUEL": "1679360000",
    "Rewards": "12745908",
    "Burned": "1517370",
    "StateHash": "08bbd3c00150ebecfffa8686246363155f0319c4cfa20d1f2bbec9e1d8583b8a",
    "Gap": "0"
  },
  {
    "Name": "committee2",
    "Approvals": 0,
    "Pending": 0,
    "Payments": 151737,
    "Closed": 151737,
    "CAL": "2000016793600",
    "FUEL": "1679360000",
    "Rewards": "12745908",
    "Burned": "1517370",
    "StateHash": "08bbd3c00150ebecfffa8686246363155f0319c4cfa20d1f2bbec9e1d8583b8a",
    "Gap": "0"
  },
  {
    "Name": "committee3",
    "Approvals": 0,
    "Pending": 0,
    "Payments": 151737,
    "Closed": 151737,
    "CAL": "2000016793600",
    "FUEL": "1679360000",
    "Rewards": "12745908",
    "Burned": "1517370",
    "StateHash": "08bbd3c00150ebecfffa8686246363155f0319c4cfa20d1f2bbec9e1d8583b8a",
    "Gap": "0"
  }
]
Supply and original-debit accounting verified: /Users/richz/lab/man/utxo-e8/.run/e8-formal-c2/reports/audit.json
