[
  {
    "Name": "org0-member0",
    "Approvals": 6344,
    "Pending": 0,
    "Payments": 0,
    "Closed": 0,
    "CAL": "",
    "FUEL": "",
    "Rewards": "",
    "Burned": ""
  },
  {
    "Name": "org0-member1",
    "Approvals": 6382,
    "Pending": 0,
    "Payments": 0,
    "Closed": 0,
    "CAL": "",
    "FUEL": "",
    "Rewards": "",
    "Burned": ""
  },
  {
    "Name": "org0-member2",
    "Approvals": 6382,
    "Pending": 0,
    "Payments": 0,
    "Closed": 0,
    "CAL": "",
    "FUEL": "",
    "Rewards": "",
    "Burned": ""
  },
  {
    "Name": "org0-member3",
    "Approvals": 6378,
    "Pending": 0,
    "Payments": 0,
    "Closed": 0,
    "CAL": "",
    "FUEL": "",
    "Rewards": "",
    "Burned": ""
  },
  {
    "Name": "gateway0",
    "Approvals": 0,
    "Pending": 0,
    "Payments": 0,
    "Closed": 0,
    "CAL": "",
    "FUEL": "",
    "Rewards": "",
    "Burned": ""
  },
  {
    "Name": "committee0",
    "Approvals": 0,
    "Pending": 0,
    "Payments": 6382,
    "Closed": 6382,
    "CAL": "1000001203600",
    "FUEL": "2000000000000",
    "Rewards": "536088",
    "Burned": "63820",
    "StateHash": "0e5e8feee28679a1680347c84a4c015b83dce5c80b18a970f7020ba3e57e9280",
    "Gap": "0"
  },
  {
    "Name": "committee1",
    "Approvals": 0,
    "Pending": 0,
    "Payments": 6382,
    "Closed": 6382,
    "CAL": "1000001203600",
    "FUEL": "2000000000000",
    "Rewards": "536088",
    "Burned": "63820",
    "StateHash": "0e5e8feee28679a1680347c84a4c015b83dce5c80b18a970f7020ba3e57e9280",
    "Gap": "0"
  },
  {
    "Name": "committee2",
    "Approvals": 0,
    "Pending": 0,
    "Payments": 6382,
    "Closed": 6382,
    "CAL": "1000001203600",
    "FUEL": "2000000000000",
    "Rewards": "536088",
    "Burned": "63820",
    "StateHash": "0e5e8feee28679a1680347c84a4c015b83dce5c80b18a970f7020ba3e57e9280",
    "Gap": "0"
  },
  {
    "Name": "committee3",
    "Approvals": 0,
    "Pending": 0,
    "Payments": 6382,
    "Closed": 6382,
    "CAL": "1000001203600",
    "FUEL": "2000000000000",
    "Rewards": "536088",
    "Burned": "63820",
    "StateHash": "0e5e8feee28679a1680347c84a4c015b83dce5c80b18a970f7020ba3e57e9280",
    "Gap": "0"
  }
]
Supply and original-debit accounting verified: /Users/richz/lab/man/utxo-fastpay-v12/.run/budget-gate-r2-cal-low-serial/reports/audit.json
