[
  {
    "Name": "org0-member0",
    "Approvals": 7401,
    "Pending": 0,
    "Payments": 0,
    "Closed": 0,
    "CAL": "",
    "FUEL": "",
    "Rewards": "",
    "Burned": ""
  },
  {
    "Name": "org0-member1",
    "Approvals": 7402,
    "Pending": 0,
    "Payments": 0,
    "Closed": 0,
    "CAL": "",
    "FUEL": "",
    "Rewards": "",
    "Burned": ""
  },
  {
    "Name": "org0-member2",
    "Approvals": 7401,
    "Pending": 0,
    "Payments": 0,
    "Closed": 0,
    "CAL": "",
    "FUEL": "",
    "Rewards": "",
    "Burned": ""
  },
  {
    "Name": "org0-member3",
    "Approvals": 7401,
    "Pending": 0,
    "Payments": 0,
    "Closed": 0,
    "CAL": "",
    "FUEL": "",
    "Rewards": "",
    "Burned": ""
  },
  {
    "Name": "gateway0",
    "Approvals": 0,
    "Pending": 0,
    "Payments": 0,
    "Closed": 0,
    "CAL": "",
    "FUEL": "",
    "Rewards": "",
    "Burned": ""
  },
  {
    "Name": "committee0",
    "Approvals": 0,
    "Pending": 0,
    "Payments": 7393,
    "Closed": 7393,
    "CAL": "2000001200000",
    "FUEL": "2000000000000",
    "Rewards": "621012",
    "Burned": "73930",
    "StateHash": "f27f0d2d319594123fd9cdcfe2a74484d72242b91042344f03b33c7ceddf43d5",
    "Gap": "0"
  },
  {
    "Name": "committee1",
    "Approvals": 0,
    "Pending": 0,
    "Payments": 7393,
    "Closed": 7393,
    "CAL": "2000001200000",
    "FUEL": "2000000000000",
    "Rewards": "621012",
    "Burned": "73930",
    "StateHash": "f27f0d2d319594123fd9cdcfe2a74484d72242b91042344f03b33c7ceddf43d5",
    "Gap": "0"
  },
  {
    "Name": "committee2",
    "Approvals": 0,
    "Pending": 0,
    "Payments": 7393,
    "Closed": 7393,
    "CAL": "2000001200000",
    "FUEL": "2000000000000",
    "Rewards": "621012",
    "Burned": "73930",
    "StateHash": "f27f0d2d319594123fd9cdcfe2a74484d72242b91042344f03b33c7ceddf43d5",
    "Gap": "0"
  },
  {
    "Name": "committee3",
    "Approvals": 0,
    "Pending": 0,
    "Payments": 7393,
    "Closed": 7393,
    "CAL": "2000001200000",
    "FUEL": "2000000000000",
    "Rewards": "621012",
    "Burned": "73930",
    "StateHash": "f27f0d2d319594123fd9cdcfe2a74484d72242b91042344f03b33c7ceddf43d5",
    "Gap": "0"
  }
]
Supply and original-debit accounting verified: /Users/richz/lab/man/utxo-fastpay-v12/.run/budget-r3-k2-low/reports/audit.json
