2026/09/24 19:23:14 INFO gateway started listen=127.0.0.1:26301 organization=062f856d452e238aa4b1152acf77e379ee0109b9aa2aec348442e82adf1c6512
2026/09/24 19:23:32 WARN direct approval quorum unavailable tx="[143 207 117 156 229 201 252 179 33 181 120 102 226 15 17 71 2 88 124 215 145 166 7 133 46 45 197 28 1 157 141 113]" error="valid quorum unavailable\nmember HTTP 409: DEFERRED\nmember HTTP 409: DEFERRED"
2026/09/24 19:23:33 WARN direct approval quorum unavailable tx="[193 5 225 24 184 60 10 239 46 120 186 59 67 88 18 173 148 219 192 250 205 117 86 224 224 141 30 216 237 153 58 182]" error="valid quorum unavailable\nmember HTTP 409: DEFERRED\nmember HTTP 409: DEFERRED\nmember HTTP 409: DEFERRED"
2026/09/24 19:23:34 WARN direct approval quorum unavailable tx="[190 200 118 109 169 32 32 191 130 209 150 11 212 56 244 27 254 227 86 249 26 179 98 116 187 208 99 50 150 217 217 45]" error="valid quorum unavailable\nmember HTTP 409: DEFERRED\nmember HTTP 409: DEFERRED"
2026/09/24 19:23:34 WARN direct approval quorum unavailable tx="[117 49 84 151 0 150 242 119 186 184 170 0 198 101 202 122 146 126 1 243 51 24 47 61 110 138 0 179 235 241 14 150]" error="valid quorum unavailable\nmember HTTP 409: DEFERRED\nmember HTTP 409: DEFERRED\nmember HTTP 409: DEFERRED"
2026/09/24 19:23:37 WARN direct approval quorum unavailable tx="[106 22 179 5 177 130 185 237 105 83 80 24 178 8 172 160 59 149 63 184 31 12 123 49 172 245 210 223 169 44 104 39]" error="valid quorum unavailable\nmember HTTP 409: DEFERRED\nmember HTTP 409: DEFERRED\nmember HTTP 409: DEFERRED"
2026/09/24 19:23:37 WARN direct approval quorum unavailable tx="[140 86 239 122 57 244 209 172 62 112 189 43 163 93 173 174 142 144 82 247 163 120 187 70 221 203 4 126 236 216 80 244]" error="valid quorum unavailable\nmember HTTP 409: DEFERRED\nmember HTTP 409: DEFERRED\nmember HTTP 409: DEFERRED"
2026/09/24 19:23:39 WARN direct approval quorum unavailable tx="[192 3 205 2 165 80 73 136 249 235 95 153 116 200 245 60 42 19 196 136 123 223 27 113 192 233 49 151 86 238 22 88]" error="valid quorum unavailable\nmember HTTP 409: DEFERRED\nmember HTTP 409: DEFERRED\nmember HTTP 409: DEFERRED"
2026/09/24 19:23:43 WARN direct approval quorum unavailable tx="[135 27 214 246 85 88 181 17 97 25 243 111 39 175 50 138 33 17 136 57 103 101 130 138 182 164 63 140 131 172 147 214]" error="valid quorum unavailable\nmember HTTP 409: DEFERRED\nmember HTTP 409: DEFERRED\nmember HTTP 409: DEFERRED"
2026/09/24 19:23:43 WARN direct approval quorum unavailable tx="[255 243 89 13 122 244 64 38 139 208 101 109 238 248 14 182 169 196 13 20 112 1 9 54 158 149 143 248 225 218 82 174]" error="valid quorum unavailable\nmember HTTP 409: DEFERRED\nmember HTTP 409: DEFERRED\nmember HTTP 409: DEFERRED"
2026/09/24 19:23:44 WARN direct approval quorum unavailable tx="[200 152 175 75 179 87 255 249 106 169 112 121 67 67 60 38 247 127 139 211 243 66 241 116 41 100 255 94 212 175 229 81]" error="valid quorum unavailable\nmember HTTP 409: DEFERRED\nmember HTTP 409: DEFERRED"
2026/09/24 19:23:44 WARN direct approval quorum unavailable tx="[97 69 82 218 10 78 65 235 135 32 38 120 131 210 248 228 36 67 119 222 164 66 24 10 176 94 14 217 75 48 66 91]" error="valid quorum unavailable\nmember HTTP 409: DEFERRED\nmember HTTP 409: DEFERRED\nmember HTTP 409: DEFERRED"
2026/09/24 19:23:45 WARN direct approval quorum unavailable tx="[170 140 138 243 187 20 72 15 210 244 29 187 130 129 31 160 140 161 35 220 20 93 154 158 77 46 11 91 151 66 73 154]" error="valid quorum unavailable\nmember HTTP 409: DEFERRED\nmember HTTP 409: DEFERRED"
2026/09/24 19:23:47 WARN direct approval quorum unavailable tx="[235 198 165 81 9 22 181 169 62 236 181 83 220 143 39 38 116 59 242 143 213 90 96 33 154 170 250 208 27 180 62 63]" error="valid quorum unavailable\nmember HTTP 409: DEFERRED\nmember HTTP 409: DEFERRED\nmember HTTP 409: DEFERRED"
2026/09/24 19:23:48 WARN direct approval quorum unavailable tx="[103 246 159 91 131 168 195 255 111 238 123 27 13 253 140 76 85 8 161 150 152 215 6 217 127 143 184 182 227 30 239 106]" error="valid quorum unavailable\nmember HTTP 409: DEFERRED\nmember HTTP 409: DEFERRED\nmember HTTP 409: DEFERRED"
2026/09/24 19:23:49 WARN direct approval quorum unavailable tx="[191 215 35 137 133 34 250 99 66 181 36 183 176 26 214 27 76 24 68 203 227 90 58 222 235 12 70 25 221 243 142 101]" error="valid quorum unavailable\nmember HTTP 409: DEFERRED\nmember HTTP 409: DEFERRED\nmember HTTP 409: DEFERRED\nmember HTTP 409: DEFERRED"
2026/09/24 19:23:50 WARN direct approval quorum unavailable tx="[225 209 246 0 234 9 92 76 163 195 175 23 192 222 32 11 82 182 105 116 81 223 88 16 51 135 148 17 84 220 147 81]" error="valid quorum unavailable\nmember HTTP 409: DEFERRED\nmember HTTP 409: DEFERRED\nmember HTTP 409: DEFERRED"
2026/09/24 19:23:51 WARN direct approval quorum unavailable tx="[168 179 169 176 50 154 108 210 61 96 238 9 87 174 201 3 161 41 158 230 110 242 91 42 102 144 189 255 100 178 226 41]" error="valid quorum unavailable\nmember HTTP 409: DEFERRED\nmember HTTP 409: DEFERRED\nmember HTTP 409: DEFERRED"
2026/09/24 19:23:52 WARN direct approval quorum unavailable tx="[47 220 73 227 236 51 142 103 95 14 102 78 230 239 155 79 134 152 219 132 235 150 170 34 241 55 158 116 191 143 175 53]" error="valid quorum unavailable\nmember HTTP 409: DEFERRED\nmember HTTP 409: DEFERRED"
2026/09/24 19:23:52 WARN direct approval quorum unavailable tx="[97 167 34 152 194 229 12 10 109 240 98 129 235 185 249 241 31 221 105 235 221 222 239 194 173 213 11 189 198 237 183 134]" error="valid quorum unavailable\nmember HTTP 409: DEFERRED\nmember HTTP 409: DEFERRED\nmember HTTP 409: DEFERRED"
2026/09/24 19:23:56 WARN direct approval quorum unavailable tx="[141 213 88 101 74 199 94 204 114 130 117 27 147 18 177 66 203 56 255 254 79 124 118 53 229 115 202 214 239 249 122 124]" error="valid quorum unavailable\nmember HTTP 409: DEFERRED\nmember HTTP 409: DEFERRED"
2026/09/24 19:23:57 WARN direct approval quorum unavailable tx="[91 76 150 121 184 26 177 80 249 21 1 210 114 199 119 94 53 236 134 45 41 37 100 181 32 89 14 179 209 141 186 36]" error="valid quorum unavailable\nmember HTTP 409: DEFERRED\nmember HTTP 409: DEFERRED\nmember HTTP 409: DEFERRED"
2026/09/24 19:23:58 WARN direct approval quorum unavailable tx="[113 192 247 88 107 26 118 26 200 88 10 244 91 80 142 9 57 66 103 137 184 177 41 249 46 211 6 102 119 202 7 59]" error="valid quorum unavailable\nmember HTTP 409: DEFERRED\nmember HTTP 409: DEFERRED"
2026/09/24 19:23:59 WARN direct approval quorum unavailable tx="[58 175 214 8 119 245 101 111 113 239 144 121 151 166 206 162 7 190 17 100 77 126 37 35 194 224 244 116 155 9 9 102]" error="valid quorum unavailable\nmember HTTP 409: DEFERRED\nmember HTTP 409: DEFERRED"
2026/09/24 19:24:00 WARN direct approval quorum unavailable tx="[80 245 56 7 215 57 210 188 232 42 206 231 15 242 37 71 218 138 197 104 179 70 156 192 65 125 119 108 183 240 218 143]" error="valid quorum unavailable\nmember HTTP 409: DEFERRED\nmember HTTP 409: DEFERRED\nmember HTTP 409: DEFERRED"
2026/09/24 19:24:01 WARN direct approval quorum unavailable tx="[185 84 242 83 120 229 223 215 104 88 45 250 193 2 193 8 228 151 190 129 113 18 182 151 111 248 129 140 239 14 184 188]" error="valid quorum unavailable\nmember HTTP 409: DEFERRED\nmember HTTP 409: DEFERRED"
2026/09/24 19:24:03 WARN direct approval quorum unavailable tx="[93 130 54 144 144 119 135 120 101 241 20 191 235 214 76 219 175 252 189 181 189 74 14 113 73 133 92 169 157 98 99 72]" error="valid quorum unavailable\nmember HTTP 409: DEFERRED\nmember HTTP 409: DEFERRED"
2026/09/24 19:24:03 WARN direct approval quorum unavailable tx="[28 51 154 44 118 248 193 104 43 135 243 145 84 76 81 44 110 91 73 95 5 193 90 186 75 128 202 38 180 154 103 8]" error="valid quorum unavailable\nmember HTTP 409: DEFERRED\nmember HTTP 409: DEFERRED\nmember HTTP 409: DEFERRED"
2026/09/24 19:24:04 WARN direct approval quorum unavailable tx="[64 43 222 112 170 47 210 60 151 131 113 252 174 199 176 187 155 192 94 161 221 43 30 43 147 235 208 170 193 104 9 95]" error="valid quorum unavailable\nmember HTTP 409: DEFERRED\nmember HTTP 409: DEFERRED\nmember HTTP 409: DEFERRED"
2026/09/24 19:24:05 WARN direct approval quorum unavailable tx="[47 196 186 119 95 221 136 197 233 43 97 188 103 77 109 67 178 179 17 51 84 249 145 218 142 245 10 42 202 0 227 116]" error="valid quorum unavailable\nmember HTTP 409: DEFERRED\nmember HTTP 409: DEFERRED\nmember HTTP 409: DEFERRED"
2026/09/24 19:24:06 WARN direct approval quorum unavailable tx="[40 212 4 28 228 140 217 118 239 24 226 45 227 55 31 18 81 121 212 81 97 24 74 147 21 168 88 210 243 16 79 57]" error="valid quorum unavailable\nmember HTTP 409: DEFERRED\nmember HTTP 409: DEFERRED"
2026/09/24 19:24:07 WARN direct approval quorum unavailable tx="[164 28 109 166 235 237 77 30 185 163 163 172 118 109 51 182 23 243 19 29 203 251 83 214 53 94 87 100 207 96 64 250]" error="valid quorum unavailable\nmember HTTP 409: DEFERRED\nmember HTTP 409: DEFERRED"
2026/09/24 19:24:10 WARN direct approval quorum unavailable tx="[233 1 159 250 116 124 48 42 185 173 217 77 18 213 81 15 181 168 161 16 102 39 242 153 78 16 60 201 244 196 2 116]" error="valid quorum unavailable\nmember HTTP 409: DEFERRED\nmember HTTP 409: DEFERRED"
2026/09/24 19:24:12 WARN direct approval quorum unavailable tx="[247 156 121 133 166 48 53 113 214 11 64 221 186 172 4 248 180 96 148 10 202 47 55 11 233 138 148 251 114 144 229 145]" error="valid quorum unavailable\nmember HTTP 409: DEFERRED\nmember HTTP 409: DEFERRED\nmember HTTP 409: DEFERRED"
2026/09/24 19:24:14 WARN direct approval quorum unavailable tx="[152 220 209 113 71 214 86 160 121 68 245 19 122 128 119 82 134 234 36 59 52 227 211 99 203 189 144 207 59 174 213 122]" error="valid quorum unavailable\nmember HTTP 409: DEFERRED\nmember HTTP 409: DEFERRED"
2026/09/24 19:24:16 WARN direct approval quorum unavailable tx="[166 157 46 234 196 67 53 51 139 246 37 55 164 80 102 135 243 69 21 195 51 91 238 156 170 192 173 241 180 200 123 221]" error="valid quorum unavailable\nmember HTTP 409: DEFERRED\nmember HTTP 409: DEFERRED\nmember HTTP 409: DEFERRED"
2026/09/24 19:24:22 WARN direct approval quorum unavailable tx="[68 66 63 177 100 28 193 254 253 159 57 75 254 55 98 200 183 24 184 96 53 161 113 14 8 44 16 99 42 55 138 38]" error="valid quorum unavailable\nmember HTTP 409: DEFERRED\nmember HTTP 409: DEFERRED\nmember HTTP 409: DEFERRED"
2026/09/24 19:24:22 WARN direct approval quorum unavailable tx="[188 30 254 136 221 240 54 67 52 26 107 228 248 78 10 47 139 117 105 106 207 213 217 8 255 74 170 201 55 106 233 111]" error="valid quorum unavailable\nmember HTTP 409: DEFERRED\nmember HTTP 409: DEFERRED\nmember HTTP 409: DEFERRED"
2026/09/24 19:24:23 WARN direct approval quorum unavailable tx="[66 172 55 175 222 124 134 218 248 117 219 109 141 195 170 99 168 86 146 214 184 166 229 136 179 188 28 152 191 110 64 241]" error="valid quorum unavailable\nmember HTTP 409: DEFERRED\nmember HTTP 409: DEFERRED\nmember HTTP 409: DEFERRED"
2026/09/24 19:24:24 WARN direct approval quorum unavailable tx="[4 183 252 244 11 231 166 189 131 120 105 204 133 228 182 112 158 173 111 208 101 216 49 61 212 120 160 101 219 240 109 244]" error="valid quorum unavailable\nmember HTTP 409: DEFERRED\nmember HTTP 409: DEFERRED\nmember HTTP 409: DEFERRED"
2026/09/24 19:24:28 WARN direct approval quorum unavailable tx="[60 213 13 202 17 58 242 52 55 48 187 234 223 8 55 80 172 60 134 41 85 145 206 219 23 254 166 95 78 205 241 4]" error="valid quorum unavailable\nmember HTTP 409: DEFERRED\nmember HTTP 409: DEFERRED\nmember HTTP 409: DEFERRED"
2026/09/24 19:24:29 WARN direct approval quorum unavailable tx="[43 51 5 109 121 173 148 111 86 35 48 207 230 54 206 129 128 158 86 196 239 82 179 191 247 47 155 254 204 132 158 111]" error="valid quorum unavailable\nmember HTTP 409: DEFERRED\nmember HTTP 409: DEFERRED"
2026/09/24 19:24:29 WARN direct approval quorum unavailable tx="[113 165 255 93 139 28 190 54 124 80 60 41 117 90 178 76 163 148 54 54 100 38 144 43 217 160 198 13 165 236 61 94]" error="valid quorum unavailable\nmember HTTP 409: DEFERRED\nmember HTTP 409: DEFERRED\nmember HTTP 409: DEFERRED"
2026/09/24 19:24:30 WARN direct approval quorum unavailable tx="[219 97 98 125 204 6 58 156 184 107 15 192 21 214 198 177 185 213 222 216 107 71 181 204 25 106 134 146 178 243 32 1]" error="valid quorum unavailable\nmember HTTP 409: DEFERRED\nmember HTTP 409: DEFERRED"
2026/09/24 19:24:32 WARN direct approval quorum unavailable tx="[230 206 123 164 202 9 56 94 116 46 134 99 174 149 141 137 135 29 21 194 90 126 8 80 136 103 73 55 252 167 242 71]" error="valid quorum unavailable\nmember HTTP 409: DEFERRED\nmember HTTP 409: DEFERRED"
2026/09/24 19:24:33 WARN direct approval quorum unavailable tx="[77 155 170 80 206 133 186 229 86 66 0 147 100 65 160 145 111 145 56 214 137 156 122 82 13 66 103 45 137 140 81 82]" error="valid quorum unavailable\nmember HTTP 409: DEFERRED\nmember HTTP 409: DEFERRED\nmember HTTP 409: DEFERRED"
2026/09/24 19:24:35 WARN direct approval quorum unavailable tx="[164 114 1 48 46 173 38 47 244 115 236 79 179 186 56 121 99 52 198 166 91 167 48 134 75 192 234 120 127 15 253 39]" error="valid quorum unavailable\nmember HTTP 409: DEFERRED\nmember HTTP 409: DEFERRED"
2026/09/24 19:24:35 WARN direct approval quorum unavailable tx="[177 234 209 2 39 208 20 196 254 190 232 160 28 248 247 113 0 228 70 33 187 137 129 48 136 24 156 154 25 34 171 188]" error="valid quorum unavailable\nmember HTTP 409: DEFERRED\nmember HTTP 409: DEFERRED\nmember HTTP 409: DEFERRED"
2026/09/24 19:24:37 WARN direct approval quorum unavailable tx="[54 210 249 30 250 49 82 249 27 9 4 105 208 255 222 193 33 222 207 52 108 129 118 128 74 194 224 171 111 255 229 72]" error="valid quorum unavailable\nmember HTTP 409: DEFERRED\nmember HTTP 409: DEFERRED"
2026/09/24 19:24:38 WARN direct approval quorum unavailable tx="[100 48 76 135 84 82 196 82 94 122 197 99 194 155 214 209 1 159 218 119 145 90 40 169 45 10 169 100 183 56 117 235]" error="valid quorum unavailable\nmember HTTP 409: DEFERRED\nmember HTTP 409: DEFERRED\nmember HTTP 409: DEFERRED"
2026/09/24 19:24:40 WARN direct approval quorum unavailable tx="[248 0 211 188 85 5 168 51 14 254 142 90 209 170 247 170 106 196 52 4 246 175 183 227 132 254 168 228 247 39 13 158]" error="valid quorum unavailable\nmember HTTP 409: DEFERRED\nmember HTTP 409: DEFERRED"
2026/09/24 19:24:43 WARN direct approval quorum unavailable tx="[225 37 118 162 0 14 177 64 70 93 145 35 129 157 11 24 123 191 78 128 215 168 184 92 20 1 40 135 41 193 213 160]" error="valid quorum unavailable\nmember HTTP 409: DEFERRED\nmember HTTP 409: DEFERRED\nmember HTTP 409: DEFERRED"
2026/09/24 19:24:44 WARN direct approval quorum unavailable tx="[189 30 182 0 69 90 194 125 125 42 51 159 18 12 80 82 250 46 245 178 45 135 210 168 161 43 59 102 64 208 49 153]" error="valid quorum unavailable\nmember HTTP 409: DEFERRED\nmember HTTP 409: DEFERRED"
2026/09/24 19:24:49 WARN direct approval quorum unavailable tx="[235 129 0 220 170 201 209 93 139 114 181 232 168 46 137 177 66 183 67 149 186 211 41 45 84 34 41 217 46 24 39 240]" error="valid quorum unavailable\nmember HTTP 409: DEFERRED\nmember HTTP 409: DEFERRED"
2026/09/24 19:24:49 WARN direct approval quorum unavailable tx="[71 98 63 11 76 165 187 28 144 175 76 215 174 221 165 212 240 92 185 1 246 158 53 60 152 87 76 22 177 94 246 116]" error="valid quorum unavailable\nmember HTTP 409: DEFERRED\nmember HTTP 409: DEFERRED"
2026/09/24 19:24:50 WARN direct approval quorum unavailable tx="[178 172 239 10 246 176 250 146 177 148 98 127 15 139 245 20 131 174 199 136 253 44 59 180 205 148 112 96 90 121 22 213]" error="valid quorum unavailable\nmember HTTP 409: DEFERRED\nmember HTTP 409: DEFERRED\nmember HTTP 409: DEFERRED"
2026/09/24 19:24:50 WARN direct approval quorum unavailable tx="[87 246 91 229 119 240 5 109 244 158 86 74 70 173 125 46 68 164 127 113 231 254 200 210 27 178 179 100 133 94 184 190]" error="valid quorum unavailable\nmember HTTP 409: DEFERRED\nmember HTTP 409: DEFERRED\nmember HTTP 409: DEFERRED"
2026/09/24 19:24:55 WARN direct approval quorum unavailable tx="[121 88 135 123 243 63 166 130 197 227 219 127 195 36 53 194 80 10 94 228 143 185 32 27 7 66 201 217 19 135 43 211]" error="valid quorum unavailable\nmember HTTP 409: DEFERRED\nmember HTTP 409: DEFERRED\nmember HTTP 409: DEFERRED"
2026/09/24 19:24:55 WARN direct approval quorum unavailable tx="[88 214 214 213 183 65 73 4 117 60 92 55 251 192 110 193 13 19 97 102 195 116 225 81 10 1 149 136 56 53 68 216]" error="valid quorum unavailable\nmember HTTP 409: DEFERRED\nmember HTTP 409: DEFERRED\nmember HTTP 409: DEFERRED"
2026/09/24 19:24:56 WARN direct approval quorum unavailable tx="[183 252 79 109 96 191 174 125 99 180 138 161 35 55 26 43 106 20 120 96 80 6 91 110 37 233 214 233 245 132 98 66]" error="valid quorum unavailable\nmember HTTP 409: DEFERRED\nmember HTTP 409: DEFERRED\nmember HTTP 409: DEFERRED"
2026/09/24 19:24:57 WARN direct approval quorum unavailable tx="[177 42 210 189 156 226 69 219 206 182 207 20 8 40 20 26 17 123 235 174 224 191 118 3 174 125 183 11 18 77 126 248]" error="valid quorum unavailable\nmember HTTP 409: DEFERRED\nmember HTTP 409: DEFERRED\nmember HTTP 409: DEFERRED"
2026/09/24 19:24:58 WARN direct approval quorum unavailable tx="[215 24 39 157 106 9 44 67 161 140 96 38 20 48 99 15 152 246 3 115 178 127 188 215 98 85 84 211 94 47 16 157]" error="valid quorum unavailable\nmember HTTP 409: DEFERRED\nmember HTTP 409: DEFERRED\nmember HTTP 409: DEFERRED"
2026/09/24 19:24:59 WARN direct approval quorum unavailable tx="[15 146 81 105 193 241 49 83 133 112 75 253 239 169 154 150 154 65 51 170 97 183 63 106 239 87 95 222 14 44 21 232]" error="valid quorum unavailable\nmember HTTP 409: DEFERRED\nmember HTTP 409: DEFERRED"
2026/09/24 19:25:00 WARN direct approval quorum unavailable tx="[96 209 120 71 104 5 38 18 105 106 140 118 119 126 35 178 62 214 226 40 248 111 188 187 40 164 30 1 143 247 74 58]" error="valid quorum unavailable\nmember HTTP 409: DEFERRED\nmember HTTP 409: DEFERRED"
2026/09/24 19:25:01 WARN direct approval quorum unavailable tx="[72 238 6 117 64 167 55 107 249 224 51 101 183 166 66 42 15 125 222 89 73 71 62 154 137 157 92 133 131 64 137 46]" error="valid quorum unavailable\nmember HTTP 409: DEFERRED\nmember HTTP 409: DEFERRED"
2026/09/24 19:25:04 WARN direct approval quorum unavailable tx="[47 192 62 27 232 68 117 206 64 136 71 141 183 197 191 53 120 214 81 191 9 154 9 16 57 105 185 66 141 77 167 88]" error="valid quorum unavailable\nmember HTTP 409: DEFERRED\nmember HTTP 409: DEFERRED\nmember HTTP 409: DEFERRED"
2026/09/24 19:25:05 WARN direct approval quorum unavailable tx="[38 100 112 126 145 250 185 62 111 83 129 122 18 6 1 177 53 154 195 210 23 240 179 148 73 72 138 195 149 21 48 246]" error="valid quorum unavailable\nmember HTTP 409: DEFERRED\nmember HTTP 409: DEFERRED"
2026/09/24 19:25:07 WARN direct approval quorum unavailable tx="[100 66 236 224 219 103 98 122 42 5 190 28 223 29 5 66 250 97 23 187 235 54 201 193 252 238 162 55 5 30 199 4]" error="valid quorum unavailable\nmember HTTP 409: DEFERRED\nmember HTTP 409: DEFERRED\nmember HTTP 409: DEFERRED"
2026/09/24 19:25:11 WARN direct approval quorum unavailable tx="[124 0 130 138 103 3 114 237 18 18 47 13 53 5 25 219 53 23 222 108 63 76 51 162 122 17 226 217 146 35 38 129]" error="valid quorum unavailable\nmember HTTP 409: DEFERRED\nmember HTTP 409: DEFERRED"
2026/09/24 19:25:13 WARN direct approval quorum unavailable tx="[118 249 164 62 71 22 111 198 10 203 37 181 207 22 217 140 45 154 2 104 143 241 8 97 197 196 124 127 47 193 192 69]" error="valid quorum unavailable\nmember HTTP 409: DEFERRED\nmember HTTP 409: DEFERRED\nmember HTTP 409: DEFERRED"
2026/09/24 19:25:18 WARN direct approval quorum unavailable tx="[72 71 21 8 222 116 228 38 244 132 83 241 22 34 67 58 239 146 224 163 36 211 250 24 223 85 4 133 80 105 58 210]" error="valid quorum unavailable\nmember HTTP 409: DEFERRED\nmember HTTP 409: DEFERRED"
2026/09/24 19:25:19 WARN direct approval quorum unavailable tx="[38 98 233 216 212 69 122 210 23 80 154 236 63 132 224 185 183 252 205 194 137 184 203 193 102 177 98 7 212 232 27 37]" error="valid quorum unavailable\nmember HTTP 409: DEFERRED\nmember HTTP 409: DEFERRED"
2026/09/24 19:25:21 WARN direct approval quorum unavailable tx="[123 207 235 3 143 139 170 55 156 238 133 232 92 156 177 209 24 81 174 235 95 197 232 61 187 183 229 114 144 252 165 139]" error="valid quorum unavailable\nmember HTTP 409: DEFERRED\nmember HTTP 409: DEFERRED\nmember HTTP 409: DEFERRED"
2026/09/24 19:25:24 WARN direct approval quorum unavailable tx="[202 3 122 6 102 27 100 71 78 163 57 53 122 146 208 216 59 1 225 96 108 209 76 227 138 139 200 85 255 163 24 175]" error="valid quorum unavailable\nmember HTTP 409: DEFERRED\nmember HTTP 409: DEFERRED\nmember HTTP 409: DEFERRED"
2026/09/24 19:25:26 WARN direct approval quorum unavailable tx="[209 75 144 74 12 242 85 212 8 75 60 98 64 49 128 139 15 98 150 242 110 84 46 82 221 67 251 38 5 85 171 7]" error="valid quorum unavailable\nmember HTTP 409: DEFERRED\nmember HTTP 409: DEFERRED"
2026/09/24 19:25:26 WARN direct approval quorum unavailable tx="[144 247 107 234 20 201 146 29 140 65 244 90 146 42 228 181 107 214 190 65 223 166 196 217 31 164 116 130 223 136 149 158]" error="valid quorum unavailable\nmember HTTP 409: DEFERRED\nmember HTTP 409: DEFERRED\nmember HTTP 409: DEFERRED"
2026/09/24 19:25:28 WARN direct approval quorum unavailable tx="[86 237 212 212 14 192 181 79 189 222 16 227 106 16 101 17 32 249 109 9 92 70 62 208 75 202 138 158 133 78 252 60]" error="valid quorum unavailable\nmember HTTP 409: DEFERRED\nmember HTTP 409: DEFERRED\nmember HTTP 409: DEFERRED"
