2026/09/24 19:23:14 INFO gateway started listen=127.0.0.1:26300 organization=49be96489ff513310314d931923c72145ab05646ed099b21ad2e0f3178e10ab2
2026/09/24 19:23:31 WARN direct approval quorum unavailable tx="[245 252 195 194 123 150 29 186 217 198 40 121 176 209 79 125 22 93 242 242 224 229 45 42 183 166 227 172 239 131 188 52]" error="valid quorum unavailable\nmember HTTP 409: DEFERRED\nmember HTTP 409: DEFERRED\nmember HTTP 409: DEFERRED"
2026/09/24 19:23:33 WARN direct approval quorum unavailable tx="[30 254 238 95 173 147 223 172 199 135 167 60 76 151 70 151 188 66 32 17 223 119 181 3 203 1 84 74 199 63 195 145]" error="valid quorum unavailable\nmember HTTP 409: DEFERRED\nmember HTTP 409: DEFERRED"
2026/09/24 19:23:33 WARN direct approval quorum unavailable tx="[82 45 163 138 62 3 240 62 90 38 139 159 112 131 117 184 228 34 232 199 70 196 58 53 35 185 183 116 195 38 194 9]" error="valid quorum unavailable\nmember HTTP 409: DEFERRED\nmember HTTP 409: DEFERRED"
2026/09/24 19:23:33 WARN direct approval quorum unavailable tx="[92 28 1 160 84 112 119 98 117 219 180 128 138 170 204 38 195 222 106 198 36 90 27 253 180 50 229 4 154 137 179 152]" error="valid quorum unavailable\nmember HTTP 409: DEFERRED\nmember HTTP 409: DEFERRED\nmember HTTP 409: DEFERRED"
2026/09/24 19:23:34 WARN direct approval quorum unavailable tx="[83 166 16 183 146 57 88 50 157 150 120 233 73 70 239 102 164 211 150 115 61 6 105 183 46 38 253 113 140 176 173 34]" error="valid quorum unavailable\nmember HTTP 409: DEFERRED\nmember HTTP 409: DEFERRED"
2026/09/24 19:23:34 WARN direct approval quorum unavailable tx="[196 233 80 201 147 24 216 38 145 163 231 116 113 76 57 165 27 43 136 205 65 60 221 111 196 183 231 198 135 239 243 97]" error="valid quorum unavailable\nmember HTTP 409: DEFERRED\nmember HTTP 409: DEFERRED"
2026/09/24 19:23:37 WARN direct approval quorum unavailable tx="[105 173 228 135 175 99 146 244 184 20 17 214 20 71 46 247 155 158 219 154 20 102 76 20 155 134 102 202 229 57 207 70]" error="valid quorum unavailable\nmember HTTP 409: DEFERRED\nmember HTTP 409: DEFERRED"
2026/09/24 19:23:37 WARN direct approval quorum unavailable tx="[145 241 60 57 176 162 239 164 148 156 172 170 109 74 100 226 44 201 3 213 173 248 81 53 236 241 231 122 108 34 145 99]" error="valid quorum unavailable\nmember HTTP 409: DEFERRED\nmember HTTP 409: DEFERRED"
2026/09/24 19:23:38 WARN direct approval quorum unavailable tx="[19 137 109 162 142 104 15 240 64 223 74 71 104 149 196 64 142 65 1 26 129 157 210 175 114 198 107 234 119 128 21 254]" error="valid quorum unavailable\nmember HTTP 409: DEFERRED\nmember HTTP 409: DEFERRED\nmember HTTP 409: DEFERRED"
2026/09/24 19:23:43 WARN direct approval quorum unavailable tx="[193 57 230 118 69 90 43 132 63 67 245 16 145 43 4 155 164 76 49 4 67 36 172 105 250 224 5 162 254 187 212 161]" error="valid quorum unavailable\nmember HTTP 409: DEFERRED\nmember HTTP 409: DEFERRED"
2026/09/24 19:23:44 WARN direct approval quorum unavailable tx="[215 216 178 31 158 36 90 95 63 216 169 75 66 168 205 49 129 153 70 78 194 49 127 229 46 109 245 106 167 241 85 27]" error="valid quorum unavailable\nmember HTTP 409: DEFERRED\nmember HTTP 409: DEFERRED"
2026/09/24 19:23:45 WARN direct approval quorum unavailable tx="[149 58 93 170 113 40 78 226 190 152 104 161 129 236 139 200 18 171 184 104 124 170 39 140 51 124 175 58 39 142 19 94]" error="valid quorum unavailable\nmember HTTP 409: DEFERRED\nmember HTTP 409: DEFERRED"
2026/09/24 19:23:47 WARN direct approval quorum unavailable tx="[179 212 58 76 230 239 232 36 185 127 62 233 157 19 158 177 64 101 121 126 2 234 59 188 46 227 193 84 114 18 102 101]" error="valid quorum unavailable\nmember HTTP 409: DEFERRED\nmember HTTP 409: DEFERRED"
2026/09/24 19:23:48 WARN direct approval quorum unavailable tx="[36 208 54 51 196 185 133 1 219 34 145 188 81 199 181 191 166 203 207 214 145 87 226 126 241 104 192 125 22 186 179 27]" error="valid quorum unavailable\nmember HTTP 409: DEFERRED\nmember HTTP 409: DEFERRED"
2026/09/24 19:23:50 WARN direct approval quorum unavailable tx="[194 107 172 136 85 93 130 203 13 44 7 69 148 240 178 60 49 86 27 210 3 231 98 192 216 182 126 37 216 73 21 58]" error="valid quorum unavailable\nmember HTTP 409: DEFERRED\nmember HTTP 409: DEFERRED"
2026/09/24 19:23:51 WARN direct approval quorum unavailable tx="[169 137 183 254 159 12 61 175 20 165 200 154 124 192 83 167 3 127 193 233 205 96 118 228 35 152 198 64 37 250 50 75]" error="valid quorum unavailable\nmember HTTP 409: DEFERRED\nmember HTTP 409: DEFERRED"
2026/09/24 19:23:51 WARN direct approval quorum unavailable tx="[221 135 118 114 29 225 240 217 202 9 227 94 154 213 62 166 87 186 51 164 238 215 97 7 219 144 105 161 93 42 137 178]" error="valid quorum unavailable\nmember HTTP 409: DEFERRED\nmember HTTP 409: DEFERRED\nmember HTTP 409: DEFERRED"
2026/09/24 19:23:52 WARN direct approval quorum unavailable tx="[155 109 136 68 136 124 111 239 213 91 4 33 225 8 93 96 240 207 253 0 89 28 215 104 126 110 212 108 198 125 177 207]" error="valid quorum unavailable\nmember HTTP 409: DEFERRED\nmember HTTP 409: DEFERRED"
2026/09/24 19:23:54 WARN direct approval quorum unavailable tx="[104 73 99 162 252 159 117 211 239 216 26 201 152 125 62 79 128 150 105 177 105 192 55 29 73 217 102 249 41 223 28 210]" error="valid quorum unavailable\nmember HTTP 409: DEFERRED\nmember HTTP 409: DEFERRED"
2026/09/24 19:23:58 WARN direct approval quorum unavailable tx="[243 116 230 27 91 34 116 12 80 143 237 97 163 77 62 141 112 105 49 80 200 197 217 252 179 185 195 66 201 37 110 38]" error="valid quorum unavailable\nmember HTTP 409: DEFERRED\nmember HTTP 409: DEFERRED"
2026/09/24 19:23:59 WARN direct approval quorum unavailable tx="[154 218 237 176 204 17 24 83 198 137 118 70 132 127 126 218 65 199 217 224 101 70 125 60 102 163 227 151 107 36 94 194]" error="valid quorum unavailable\nmember HTTP 409: DEFERRED\nmember HTTP 409: DEFERRED"
2026/09/24 19:24:00 WARN direct approval quorum unavailable tx="[34 54 3 132 36 126 116 253 181 102 253 51 96 60 58 244 36 236 247 104 119 165 230 16 42 53 127 26 24 229 193 112]" error="valid quorum unavailable\nmember HTTP 409: DEFERRED\nmember HTTP 409: DEFERRED"
2026/09/24 19:24:01 WARN direct approval quorum unavailable tx="[206 187 68 205 29 235 29 13 59 184 117 3 194 86 75 0 204 154 136 207 224 120 214 185 38 43 51 21 63 161 64 12]" error="valid quorum unavailable\nmember HTTP 409: DEFERRED\nmember HTTP 409: DEFERRED"
2026/09/24 19:24:03 WARN direct approval quorum unavailable tx="[202 165 86 43 207 0 155 5 246 53 9 194 243 93 150 30 255 128 198 82 164 138 232 214 128 38 213 250 115 229 176 190]" error="valid quorum unavailable\nmember HTTP 409: DEFERRED\nmember HTTP 409: DEFERRED"
2026/09/24 19:24:03 WARN direct approval quorum unavailable tx="[237 116 101 248 189 226 150 234 95 159 71 231 8 31 233 212 53 48 251 166 247 89 110 229 164 94 15 182 198 81 166 42]" error="valid quorum unavailable\nmember HTTP 409: DEFERRED\nmember HTTP 409: DEFERRED"
2026/09/24 19:24:04 WARN direct approval quorum unavailable tx="[217 82 25 176 105 134 82 114 61 189 170 139 245 14 17 64 230 167 222 145 247 251 38 136 228 229 7 152 39 23 106 2]" error="valid quorum unavailable\nmember HTTP 409: DEFERRED\nmember HTTP 409: DEFERRED"
2026/09/24 19:24:05 WARN direct approval quorum unavailable tx="[172 173 192 22 46 159 182 212 115 211 209 12 89 195 142 49 95 158 48 176 190 124 232 19 17 167 187 231 120 74 225 49]" error="valid quorum unavailable\nmember HTTP 409: DEFERRED\nmember HTTP 409: DEFERRED"
2026/09/24 19:24:07 WARN direct approval quorum unavailable tx="[95 39 14 129 175 47 212 44 119 116 100 67 27 227 212 133 253 144 48 232 151 254 197 188 5 186 98 21 75 3 172 94]" error="valid quorum unavailable\nmember HTTP 409: DEFERRED\nmember HTTP 409: DEFERRED"
2026/09/24 19:24:10 WARN direct approval quorum unavailable tx="[199 73 83 209 49 93 148 79 222 193 70 28 249 208 43 231 200 39 215 185 91 17 68 37 58 228 49 137 91 55 3 99]" error="valid quorum unavailable\nmember HTTP 409: DEFERRED\nmember HTTP 409: DEFERRED"
2026/09/24 19:24:11 WARN direct approval quorum unavailable tx="[79 205 12 216 241 154 4 55 133 43 23 6 26 77 233 241 190 153 243 128 15 112 112 64 42 125 170 15 180 239 147 227]" error="valid quorum unavailable\nmember HTTP 409: DEFERRED\nmember HTTP 409: DEFERRED\nmember HTTP 409: DEFERRED"
2026/09/24 19:24:12 WARN direct approval quorum unavailable tx="[92 238 161 113 41 175 59 141 131 76 23 27 39 13 90 123 59 67 135 170 9 192 55 23 113 47 177 9 143 192 16 123]" error="valid quorum unavailable\nmember HTTP 409: DEFERRED\nmember HTTP 409: DEFERRED"
2026/09/24 19:24:16 WARN direct approval quorum unavailable tx="[187 174 93 201 174 159 185 30 165 149 95 197 210 64 29 35 250 73 128 40 108 133 1 27 73 197 249 62 219 221 137 131]" error="valid quorum unavailable\nmember HTTP 409: DEFERRED\nmember HTTP 409: DEFERRED"
2026/09/24 19:24:22 WARN direct approval quorum unavailable tx="[87 110 77 41 9 219 191 51 159 158 247 100 76 202 209 101 132 174 54 208 83 25 13 207 241 51 212 208 186 225 172 61]" error="valid quorum unavailable\nmember HTTP 409: DEFERRED\nmember HTTP 409: DEFERRED"
2026/09/24 19:24:22 WARN direct approval quorum unavailable tx="[125 4 205 200 192 149 162 184 200 212 29 254 89 27 94 244 195 241 145 105 251 199 97 92 14 7 216 97 24 184 77 56]" error="valid quorum unavailable\nmember HTTP 409: DEFERRED\nmember HTTP 409: DEFERRED"
2026/09/24 19:24:24 WARN direct approval quorum unavailable tx="[249 96 38 161 232 231 181 184 20 102 39 188 112 218 171 4 226 121 43 15 33 110 82 201 176 136 130 206 7 245 36 86]" error="valid quorum unavailable\nmember HTTP 409: DEFERRED\nmember HTTP 409: DEFERRED"
2026/09/24 19:24:29 WARN direct approval quorum unavailable tx="[44 241 24 97 166 189 163 132 179 214 163 71 207 102 32 239 146 85 197 189 136 81 205 33 96 66 162 249 217 85 162 188]" error="valid quorum unavailable\nmember HTTP 409: DEFERRED\nmember HTTP 409: DEFERRED"
2026/09/24 19:24:29 WARN direct approval quorum unavailable tx="[0 55 123 121 167 114 107 183 219 84 25 89 212 89 193 1 65 96 116 176 64 157 173 93 182 35 218 76 216 231 231 149]" error="valid quorum unavailable\nmember HTTP 409: DEFERRED\nmember HTTP 409: DEFERRED"
2026/09/24 19:24:30 WARN direct approval quorum unavailable tx="[61 27 75 156 185 102 168 161 182 31 49 70 157 254 28 52 99 230 14 108 1 136 228 28 126 225 105 70 74 141 229 140]" error="valid quorum unavailable\nmember HTTP 409: DEFERRED\nmember HTTP 409: DEFERRED"
2026/09/24 19:24:32 WARN direct approval quorum unavailable tx="[138 29 32 78 23 215 52 151 182 69 5 27 126 153 128 231 141 54 154 202 32 171 70 33 209 198 221 200 125 207 18 207]" error="valid quorum unavailable\nmember HTTP 409: DEFERRED\nmember HTTP 409: DEFERRED"
2026/09/24 19:24:33 WARN direct approval quorum unavailable tx="[255 15 148 212 122 106 209 145 166 59 218 172 69 122 63 128 150 26 137 186 86 0 147 240 103 202 248 254 38 193 232 185]" error="valid quorum unavailable\nmember HTTP 409: DEFERRED\nmember HTTP 409: DEFERRED"
2026/09/24 19:24:35 WARN direct approval quorum unavailable tx="[60 179 140 186 252 192 182 73 134 139 114 62 33 140 153 205 204 212 113 87 15 250 136 30 189 196 100 58 172 26 196 120]" error="valid quorum unavailable\nmember HTTP 409: DEFERRED\nmember HTTP 409: DEFERRED"
2026/09/24 19:24:35 WARN direct approval quorum unavailable tx="[117 91 209 237 89 14 23 206 95 15 220 191 203 109 137 21 176 243 226 135 20 87 224 6 49 94 141 38 253 219 22 19]" error="valid quorum unavailable\nmember HTTP 409: DEFERRED\nmember HTTP 409: DEFERRED"
2026/09/24 19:24:37 WARN direct approval quorum unavailable tx="[26 154 200 37 94 175 104 214 198 137 168 181 90 109 153 182 142 112 161 28 207 105 205 97 58 120 145 221 89 215 199 26]" error="valid quorum unavailable\nmember HTTP 409: DEFERRED\nmember HTTP 409: DEFERRED"
2026/09/24 19:24:38 WARN direct approval quorum unavailable tx="[212 44 55 150 167 219 78 94 146 114 215 80 75 11 117 116 255 30 54 31 128 254 113 106 152 158 112 126 158 180 53 213]" error="valid quorum unavailable\nmember HTTP 409: DEFERRED\nmember HTTP 409: DEFERRED"
2026/09/24 19:24:41 WARN direct approval quorum unavailable tx="[98 53 0 64 17 71 195 69 10 171 21 123 168 111 68 127 15 238 101 89 117 108 205 9 7 225 19 247 24 247 171 54]" error="valid quorum unavailable\nmember HTTP 409: DEFERRED\nmember HTTP 409: DEFERRED\nmember HTTP 409: DEFERRED"
2026/09/24 19:24:43 WARN direct approval quorum unavailable tx="[195 194 48 160 96 172 100 165 25 155 43 34 181 55 110 7 122 227 218 147 186 97 241 99 185 145 139 218 31 179 98 196]" error="valid quorum unavailable\nmember HTTP 409: DEFERRED\nmember HTTP 409: DEFERRED"
2026/09/24 19:24:44 WARN direct approval quorum unavailable tx="[29 160 229 10 63 100 173 136 36 15 105 204 220 19 255 116 90 154 223 7 165 90 109 101 82 51 72 214 157 23 97 34]" error="valid quorum unavailable\nmember HTTP 409: DEFERRED\nmember HTTP 409: DEFERRED"
2026/09/24 19:24:49 WARN direct approval quorum unavailable tx="[181 98 13 52 110 205 67 70 41 104 38 184 92 43 21 6 100 27 48 10 161 107 219 224 231 46 131 120 72 127 9 20]" error="valid quorum unavailable\nmember HTTP 409: DEFERRED\nmember HTTP 409: DEFERRED"
2026/09/24 19:24:49 WARN direct approval quorum unavailable tx="[3 250 88 75 181 122 200 67 158 159 193 176 26 110 33 169 179 198 49 213 169 15 203 157 3 255 204 52 152 187 123 198]" error="valid quorum unavailable\nmember HTTP 409: DEFERRED\nmember HTTP 409: DEFERRED\nmember HTTP 409: DEFERRED"
2026/09/24 19:24:50 WARN direct approval quorum unavailable tx="[140 252 180 207 67 95 189 229 124 230 103 215 96 53 163 179 26 56 193 236 248 109 30 202 145 251 255 135 87 163 203 40]" error="valid quorum unavailable\nmember HTTP 409: DEFERRED\nmember HTTP 409: DEFERRED"
2026/09/24 19:24:55 WARN direct approval quorum unavailable tx="[112 58 249 194 224 64 150 114 58 76 118 10 238 204 245 128 244 89 171 40 226 234 146 112 157 33 124 211 244 188 24 145]" error="valid quorum unavailable\nmember HTTP 409: DEFERRED\nmember HTTP 409: DEFERRED"
2026/09/24 19:24:55 WARN direct approval quorum unavailable tx="[252 251 68 41 163 79 214 254 131 119 2 124 110 73 233 41 69 205 196 15 239 198 234 21 142 147 38 67 146 171 59 229]" error="valid quorum unavailable\nmember HTTP 409: DEFERRED\nmember HTTP 409: DEFERRED"
2026/09/24 19:24:55 WARN direct approval quorum unavailable tx="[101 165 245 48 214 81 72 204 147 221 245 173 102 23 161 113 138 133 230 92 146 156 61 172 167 130 223 119 207 166 132 111]" error="valid quorum unavailable\nmember HTTP 409: DEFERRED\nmember HTTP 409: DEFERRED\nmember HTTP 409: DEFERRED"
2026/09/24 19:24:56 WARN direct approval quorum unavailable tx="[54 50 133 108 53 181 151 98 161 222 235 139 104 99 60 239 65 83 121 66 191 42 139 157 60 30 86 73 243 208 191 147]" error="valid quorum unavailable\nmember HTTP 409: DEFERRED\nmember HTTP 409: DEFERRED"
2026/09/24 19:24:58 WARN direct approval quorum unavailable tx="[59 138 212 7 210 134 170 237 153 65 155 144 152 190 44 63 49 74 215 231 111 66 40 36 90 182 106 54 202 177 51 84]" error="valid quorum unavailable\nmember HTTP 409: DEFERRED\nmember HTTP 409: DEFERRED\nmember HTTP 409: DEFERRED"
2026/09/24 19:25:00 WARN direct approval quorum unavailable tx="[124 194 137 41 187 92 122 27 239 198 127 35 4 101 9 100 185 66 241 187 232 57 63 32 45 80 28 177 52 14 37 9]" error="valid quorum unavailable\nmember HTTP 409: DEFERRED\nmember HTTP 409: DEFERRED"
2026/09/24 19:25:01 WARN direct approval quorum unavailable tx="[151 123 157 236 7 245 89 43 22 115 163 93 21 24 2 199 42 239 154 226 230 90 186 199 40 97 23 213 147 63 118 216]" error="valid quorum unavailable\nmember HTTP 409: DEFERRED\nmember HTTP 409: DEFERRED"
2026/09/24 19:25:02 WARN direct approval quorum unavailable tx="[189 168 176 7 52 65 223 111 234 0 63 28 219 140 204 173 34 150 228 52 24 103 236 250 182 25 47 101 177 19 212 197]" error="valid quorum unavailable\nmember HTTP 409: DEFERRED\nmember HTTP 409: DEFERRED\nmember HTTP 409: DEFERRED"
2026/09/24 19:25:04 WARN direct approval quorum unavailable tx="[120 242 88 16 97 56 153 88 177 3 202 174 66 214 162 247 23 159 42 185 32 226 182 11 135 76 2 169 47 95 87 175]" error="valid quorum unavailable\nmember HTTP 409: DEFERRED\nmember HTTP 409: DEFERRED"
2026/09/24 19:25:05 WARN direct approval quorum unavailable tx="[212 54 104 94 1 126 162 239 69 46 237 161 1 2 94 127 237 93 196 180 78 163 139 61 40 202 209 117 134 217 217 188]" error="valid quorum unavailable\nmember HTTP 409: DEFERRED\nmember HTTP 409: DEFERRED"
2026/09/24 19:25:05 WARN direct approval quorum unavailable tx="[45 127 87 222 157 253 127 17 64 86 208 129 10 79 167 165 221 195 154 30 80 149 250 211 223 66 138 170 203 182 129 7]" error="valid quorum unavailable\nmember HTTP 409: DEFERRED\nmember HTTP 409: DEFERRED"
2026/09/24 19:25:07 WARN direct approval quorum unavailable tx="[168 131 181 154 181 67 188 87 87 124 141 41 76 248 213 88 135 143 87 180 163 160 40 106 226 16 21 88 17 70 32 111]" error="valid quorum unavailable\nmember HTTP 409: DEFERRED\nmember HTTP 409: DEFERRED"
2026/09/24 19:25:14 WARN direct approval quorum unavailable tx="[230 182 242 68 147 102 227 16 208 88 107 45 51 126 205 131 14 249 25 40 237 97 254 113 65 19 141 66 44 70 250 228]" error="valid quorum unavailable\nmember HTTP 409: DEFERRED\nmember HTTP 409: DEFERRED\nmember HTTP 409: DEFERRED"
2026/09/24 19:25:17 WARN direct approval quorum unavailable tx="[129 3 26 227 213 64 19 71 165 67 223 224 203 14 159 68 119 168 107 126 20 166 59 1 30 195 192 255 36 195 186 153]" error="valid quorum unavailable\nmember HTTP 409: DEFERRED\nmember HTTP 409: DEFERRED"
2026/09/24 19:25:18 WARN direct approval quorum unavailable tx="[195 105 203 38 183 64 164 221 240 168 214 206 71 33 132 60 170 14 140 59 16 27 45 189 40 108 158 177 92 152 125 176]" error="valid quorum unavailable\nmember HTTP 409: DEFERRED\nmember HTTP 409: DEFERRED"
2026/09/24 19:25:19 WARN direct approval quorum unavailable tx="[244 244 62 160 133 101 83 255 26 220 182 159 81 108 186 35 13 166 178 61 115 41 2 227 253 234 210 33 209 58 171 114]" error="valid quorum unavailable\nmember HTTP 409: DEFERRED\nmember HTTP 409: DEFERRED"
2026/09/24 19:25:21 WARN direct approval quorum unavailable tx="[232 185 189 36 145 189 199 163 174 127 172 209 58 63 49 42 252 123 40 81 82 7 77 103 167 16 205 7 21 126 236 75]" error="valid quorum unavailable\nmember HTTP 409: DEFERRED\nmember HTTP 409: DEFERRED"
2026/09/24 19:25:24 WARN direct approval quorum unavailable tx="[139 153 61 7 13 165 170 30 177 152 92 217 144 203 75 186 245 25 180 223 239 208 10 125 200 28 19 187 239 137 132 255]" error="valid quorum unavailable\nmember HTTP 409: DEFERRED\nmember HTTP 409: DEFERRED"
2026/09/24 19:25:28 WARN direct approval quorum unavailable tx="[145 244 149 5 99 234 107 48 108 14 120 38 124 67 177 64 59 100 96 39 185 171 30 18 67 227 179 251 79 216 117 77]" error="valid quorum unavailable\nmember HTTP 409: DEFERRED\nmember HTTP 409: DEFERRED"
2026/09/24 19:25:28 WARN direct approval quorum unavailable tx="[162 7 209 120 4 68 215 33 173 208 215 186 240 90 207 194 238 146 9 64 90 44 193 28 140 46 132 190 114 10 36 195]" error="valid quorum unavailable\nmember HTTP 409: DEFERRED\nmember HTTP 409: DEFERRED\nmember HTTP 409: DEFERRED"
