[
  {
    "Name": "org0-member0",
    "Approvals": 10,
    "Pending": 0,
    "Payments": 0,
    "Closed": 0,
    "CAL": "",
    "FUEL": "",
    "Rewards": "",
    "Burned": ""
  },
  {
    "Name": "org0-member1",
    "Approvals": 10,
    "Pending": 0,
    "Payments": 0,
    "Closed": 0,
    "CAL": "",
    "FUEL": "",
    "Rewards": "",
    "Burned": ""
  },
  {
    "Name": "org0-member2",
    "Approvals": 10,
    "Pending": 0,
    "Payments": 0,
    "Closed": 0,
    "CAL": "",
    "FUEL": "",
    "Rewards": "",
    "Burned": ""
  },
  {
    "Name": "org0-member3",
    "Approvals": 10,
    "Pending": 0,
    "Payments": 0,
    "Closed": 0,
    "CAL": "",
    "FUEL": "",
    "Rewards": "",
    "Burned": ""
  },
  {
    "Name": "gateway0",
    "Approvals": 0,
    "Pending": 0,
    "Payments": 0,
    "Closed": 0,
    "CAL": "",
    "FUEL": "",
    "Rewards": "",
    "Burned": ""
  },
  {
    "Name": "committee0",
    "Approvals": 0,
    "Pending": 0,
    "Payments": 10,
    "Closed": 10,
    "CAL": "2000000000200",
    "FUEL": "2000000000000",
    "Rewards": "840",
    "Burned": "100",
    "StateHash": "cf51eb3a313727df4608fbdface957a0cacf5df7dd37469b76fd050ff8913a37",
    "Gap": "0"
  },
  {
    "Name": "committee1",
    "Approvals": 0,
    "Pending": 0,
    "Payments": 10,
    "Closed": 10,
    "CAL": "2000000000200",
    "FUEL": "2000000000000",
    "Rewards": "840",
    "Burned": "100",
    "StateHash": "cf51eb3a313727df4608fbdface957a0cacf5df7dd37469b76fd050ff8913a37",
    "Gap": "0"
  },
  {
    "Name": "committee2",
    "Approvals": 0,
    "Pending": 0,
    "Payments": 10,
    "Closed": 10,
    "CAL": "2000000000200",
    "FUEL": "2000000000000",
    "Rewards": "840",
    "Burned": "100",
    "StateHash": "cf51eb3a313727df4608fbdface957a0cacf5df7dd37469b76fd050ff8913a37",
    "Gap": "0"
  },
  {
    "Name": "committee3",
    "Approvals": 0,
    "Pending": 0,
    "Payments": 10,
    "Closed": 10,
    "CAL": "2000000000200",
    "FUEL": "2000000000000",
    "Rewards": "840",
    "Burned": "100",
    "StateHash": "cf51eb3a313727df4608fbdface957a0cacf5df7dd37469b76fd050ff8913a37",
    "Gap": "0"
  }
]
Supply and original-debit accounting verified: /Users/richz/lab/man/utxo-fastpay-v12/.run/chain-v3-diagnostic10/reports/audit.json
{"checks":"exact chain links, receive-before-build, every input consumed once, final owner/output, no open or repaired obligations","hops":10,"obligations":[{"AnchorHeight":4,"Output":[226,210,91,94,170,152,167,210,245,58,194,30,59,16,99,116,78,62,159,202,254,91,60,59,72,159,137,29,223,60,96,162],"Issuer":"10744798af03766088226050cfbbc18adc0f49521644727ae686d721f13d8d80","Config":"a788bd1567ab44b7ac215a149dab2c719b459ac30c3c2ae828311cd9683c8099","Certificate":[53,90,211,218,117,69,210,4,124,191,68,42,207,249,239,29,15,159,96,209,62,97,45,182,53,175,202,128,15,10,14,20],"Consumer":[54,48,68,63,189,52,198,61,172,63,151,45,144,69,113,242,221,222,161,247,105,247,33,20,58,32,96,43,38,59,207,176],"Transaction":[84,103,34,212,183,47,100,147,74,29,62,229,227,103,37,2,242,235,155,218,248,176,124,160,182,196,53,202,62,25,175,111],"Input":0,"Amount":100,"Deadline":0,"Status":1},{"AnchorHeight":4,"Output":[212,159,178,247,99,249,158,55,243,193,177,37,222,237,143,137,201,215,81,99,76,25,130,13,146,63,243,160,224,38,60,196],"Issuer":"10744798af03766088226050cfbbc18adc0f49521644727ae686d721f13d8d80","Config":"a788bd1567ab44b7ac215a149dab2c719b459ac30c3c2ae828311cd9683c8099","Certificate":[244,248,17,50,125,49,15,28,55,215,3,243,230,141,95,198,112,244,13,158,133,128,28,227,141,232,117,164,123,240,102,95],"Consumer":[90,83,34,248,21,170,47,250,2,124,73,120,162,35,75,19,100,167,252,205,125,137,70,43,110,180,194,241,78,255,94,78],"Transaction":[242,23,207,171,137,51,248,202,42,189,152,53,92,76,172,117,161,145,254,153,233,221,88,28,96,85,231,86,123,241,236,65],"Input":0,"Amount":100,"Deadline":0,"Status":1}],"verified":true}
