[
  {
    "Name": "org0-member0",
    "Approvals": 100,
    "Pending": 0,
    "Payments": 0,
    "Closed": 0,
    "CAL": "",
    "FUEL": "",
    "Rewards": "",
    "Burned": ""
  },
  {
    "Name": "org0-member1",
    "Approvals": 100,
    "Pending": 0,
    "Payments": 0,
    "Closed": 0,
    "CAL": "",
    "FUEL": "",
    "Rewards": "",
    "Burned": ""
  },
  {
    "Name": "org0-member2",
    "Approvals": 100,
    "Pending": 0,
    "Payments": 0,
    "Closed": 0,
    "CAL": "",
    "FUEL": "",
    "Rewards": "",
    "Burned": ""
  },
  {
    "Name": "org0-member3",
    "Approvals": 100,
    "Pending": 0,
    "Payments": 0,
    "Closed": 0,
    "CAL": "",
    "FUEL": "",
    "Rewards": "",
    "Burned": ""
  },
  {
    "Name": "gateway0",
    "Approvals": 0,
    "Pending": 0,
    "Payments": 0,
    "Closed": 0,
    "CAL": "",
    "FUEL": "",
    "Rewards": "",
    "Burned": ""
  },
  {
    "Name": "committee0",
    "Approvals": 0,
    "Pending": 0,
    "Payments": 100,
    "Closed": 100,
    "CAL": "2000000000200",
    "FUEL": "2000000000000",
    "Rewards": "8400",
    "Burned": "1000",
    "StateHash": "869e2199437c4fa1efb76b57717b4a3ab2286272bd9f5147717610b9ed39d9e8",
    "Gap": "0"
  },
  {
    "Name": "committee1",
    "Approvals": 0,
    "Pending": 0,
    "Payments": 100,
    "Closed": 100,
    "CAL": "2000000000200",
    "FUEL": "2000000000000",
    "Rewards": "8400",
    "Burned": "1000",
    "StateHash": "869e2199437c4fa1efb76b57717b4a3ab2286272bd9f5147717610b9ed39d9e8",
    "Gap": "0"
  },
  {
    "Name": "committee2",
    "Approvals": 0,
    "Pending": 0,
    "Payments": 100,
    "Closed": 100,
    "CAL": "2000000000200",
    "FUEL": "2000000000000",
    "Rewards": "8400",
    "Burned": "1000",
    "StateHash": "869e2199437c4fa1efb76b57717b4a3ab2286272bd9f5147717610b9ed39d9e8",
    "Gap": "0"
  },
  {
    "Name": "committee3",
    "Approvals": 0,
    "Pending": 0,
    "Payments": 100,
    "Closed": 100,
    "CAL": "2000000000200",
    "FUEL": "2000000000000",
    "Rewards": "8400",
    "Burned": "1000",
    "StateHash": "869e2199437c4fa1efb76b57717b4a3ab2286272bd9f5147717610b9ed39d9e8",
    "Gap": "0"
  }
]
Supply and original-debit accounting verified: /Users/richz/lab/man/utxo-fastpay-v12/.run/chain-v3-fast-100-r1/reports/audit.json
{"checks":"exact chain links, receive-before-build, every input consumed once, final owner/output, no open or repaired obligations","hops":100,"obligations":[{"AnchorHeight":3,"Output":[117,18,171,211,239,83,175,107,94,84,185,63,100,253,252,195,185,40,251,163,223,72,159,33,199,100,135,214,208,232,75,203],"Issuer":"10744798af03766088226050cfbbc18adc0f49521644727ae686d721f13d8d80","Config":"a788bd1567ab44b7ac215a149dab2c719b459ac30c3c2ae828311cd9683c8099","Certificate":[117,36,47,82,201,218,243,0,9,181,239,39,200,213,60,80,183,167,219,40,8,250,239,147,174,118,65,54,187,86,25,250],"Consumer":[138,98,69,93,58,53,112,124,191,22,61,255,100,175,178,73,201,56,87,166,154,86,12,113,65,46,178,221,18,119,44,11],"Transaction":[39,7,240,131,29,249,90,151,222,117,68,200,28,43,242,200,208,54,251,226,117,219,119,132,252,102,114,112,52,164,113,155],"Input":0,"Amount":100,"Deadline":1790087078,"Status":1},{"AnchorHeight":4,"Output":[168,237,114,22,204,245,236,179,11,170,206,208,165,161,89,94,245,111,117,130,138,2,155,249,163,115,132,175,31,235,86,69],"Issuer":"10744798af03766088226050cfbbc18adc0f49521644727ae686d721f13d8d80","Config":"a788bd1567ab44b7ac215a149dab2c719b459ac30c3c2ae828311cd9683c8099","Certificate":[25,219,100,170,221,147,85,38,8,3,239,26,220,174,195,36,88,70,154,166,6,228,54,83,167,218,220,137,242,239,148,43],"Consumer":[181,233,7,48,104,232,118,125,101,177,245,210,191,201,6,30,183,170,91,212,17,127,114,114,233,131,146,255,210,192,3,35],"Transaction":[108,115,194,79,179,31,77,84,41,25,240,15,61,57,212,200,109,212,180,119,225,108,111,139,230,240,222,203,178,196,234,47],"Input":0,"Amount":100,"Deadline":0,"Status":1},{"AnchorHeight":4,"Output":[192,22,164,6,174,60,108,94,167,57,235,217,194,62,199,28,163,84,51,249,89,207,243,136,233,14,242,216,52,169,116,86],"Issuer":"10744798af03766088226050cfbbc18adc0f49521644727ae686d721f13d8d80","Config":"a788bd1567ab44b7ac215a149dab2c719b459ac30c3c2ae828311cd9683c8099","Certificate":[125,93,38,4,164,27,239,24,77,39,228,34,58,48,160,52,122,54,167,188,14,168,176,36,48,151,60,195,0,80,218,44],"Consumer":[63,102,243,233,127,100,94,83,40,125,196,192,40,0,12,168,53,56,177,251,219,228,148,211,235,252,28,135,127,180,158,48],"Transaction":[75,115,10,26,101,242,41,84,49,155,249,171,37,242,48,181,47,7,146,43,179,139,72,178,16,238,93,129,11,173,98,25],"Input":0,"Amount":100,"Deadline":0,"Status":1},{"AnchorHeight":4,"Output":[187,163,162,220,154,63,235,215,130,104,117,143,50,98,25,22,113,127,195,135,71,84,212,18,69,37,130,119,137,97,74,182],"Issuer":"10744798af03766088226050cfbbc18adc0f49521644727ae686d721f13d8d80","Config":"a788bd1567ab44b7ac215a149dab2c719b459ac30c3c2ae828311cd9683c8099","Certificate":[10,49,66,223,47,246,68,55,255,210,173,186,123,106,238,45,129,156,83,156,53,160,165,146,71,69,15,183,250,38,204,184],"Consumer":[248,174,22,235,171,5,140,220,201,142,8,69,20,34,84,200,158,28,99,239,178,240,63,104,6,122,147,240,49,65,146,70],"Transaction":[188,137,6,63,204,25,45,5,162,2,240,209,57,239,228,123,85,70,128,255,61,210,139,108,86,64,64,183,39,187,215,85],"Input":0,"Amount":100,"Deadline":0,"Status":1},{"AnchorHeight":4,"Output":[96,135,50,51,211,67,143,113,191,43,159,194,103,240,54,244,231,85,18,59,196,89,160,134,69,209,79,7,213,10,129,77],"Issuer":"10744798af03766088226050cfbbc18adc0f49521644727ae686d721f13d8d80","Config":"a788bd1567ab44b7ac215a149dab2c719b459ac30c3c2ae828311cd9683c8099","Certificate":[38,232,161,49,31,132,173,131,101,186,39,189,237,49,131,25,147,222,88,1,132,114,101,60,182,216,3,179,175,122,116,234],"Consumer":[240,245,25,87,192,24,236,173,186,228,39,0,164,46,193,239,111,200,58,218,238,217,235,34,239,94,109,25,65,88,234,204],"Transaction":[14,224,230,6,12,4,170,66,104,124,81,208,137,199,9,103,38,81,172,134,106,238,159,229,73,96,245,47,157,41,75,231],"Input":0,"Amount":100,"Deadline":0,"Status":1},{"AnchorHeight":4,"Output":[244,126,9,97,118,165,67,48,186,0,253,123,253,69,217,176,71,200,181,245,105,8,243,46,178,188,225,1,96,56,186,76],"Issuer":"10744798af03766088226050cfbbc18adc0f49521644727ae686d721f13d8d80","Config":"a788bd1567ab44b7ac215a149dab2c719b459ac30c3c2ae828311cd9683c8099","Certificate":[51,20,8,40,209,31,54,149,7,26,149,161,128,232,74,254,188,91,242,14,237,2,183,104,236,147,96,169,15,252,126,247],"Consumer":[238,42,173,64,128,75,22,50,254,224,176,25,137,15,130,232,152,98,85,127,184,234,99,80,182,208,215,152,75,120,46,233],"Transaction":[183,133,229,124,13,153,31,116,159,87,255,179,3,24,95,34,142,241,134,163,185,188,128,237,173,51,217,205,111,226,241,184],"Input":0,"Amount":100,"Deadline":0,"Status":1},{"AnchorHeight":4,"Output":[47,43,229,36,59,101,132,152,66,119,184,3,190,68,115,114,200,210,63,196,219,78,238,9,92,169,209,211,70,245,245,204],"Issuer":"10744798af03766088226050cfbbc18adc0f49521644727ae686d721f13d8d80","Config":"a788bd1567ab44b7ac215a149dab2c719b459ac30c3c2ae828311cd9683c8099","Certificate":[238,42,173,64,128,75,22,50,254,224,176,25,137,15,130,232,152,98,85,127,184,234,99,80,182,208,215,152,75,120,46,233],"Consumer":[146,22,89,242,131,145,174,241,69,176,166,45,39,231,29,189,93,45,88,104,66,24,116,146,169,194,14,231,78,174,56,248],"Transaction":[187,246,97,227,70,72,53,233,56,109,164,206,168,242,156,70,241,251,135,171,191,143,180,244,49,120,89,206,118,93,194,109],"Input":0,"Amount":100,"Deadline":0,"Status":1},{"AnchorHeight":4,"Output":[226,112,80,255,160,163,53,136,148,87,54,43,14,178,132,101,216,229,247,88,147,22,150,221,233,123,225,84,2,77,159,210],"Issuer":"10744798af03766088226050cfbbc18adc0f49521644727ae686d721f13d8d80","Config":"a788bd1567ab44b7ac215a149dab2c719b459ac30c3c2ae828311cd9683c8099","Certificate":[102,35,218,179,249,118,183,3,113,179,220,251,246,40,203,21,159,49,238,184,42,133,221,53,174,84,40,46,218,99,39,250],"Consumer":[12,195,98,185,101,74,149,103,225,189,58,142,126,17,16,219,101,201,59,172,136,12,180,142,159,248,47,137,218,192,6,205],"Transaction":[175,173,138,22,19,247,237,51,184,119,3,157,43,58,50,153,209,41,36,228,184,39,82,20,33,104,83,250,7,163,162,57],"Input":0,"Amount":100,"Deadline":0,"Status":1},{"AnchorHeight":4,"Output":[136,105,100,39,133,62,139,49,185,125,127,131,5,163,187,80,135,10,21,56,39,143,228,207,225,121,111,255,189,12,171,95],"Issuer":"10744798af03766088226050cfbbc18adc0f49521644727ae686d721f13d8d80","Config":"a788bd1567ab44b7ac215a149dab2c719b459ac30c3c2ae828311cd9683c8099","Certificate":[40,198,129,52,118,189,5,194,213,204,254,58,35,213,79,254,142,122,20,126,24,109,188,127,253,254,61,122,8,10,244,195],"Consumer":[148,212,121,137,43,2,189,19,128,221,206,145,22,66,172,225,245,227,32,83,154,181,161,74,83,221,255,112,108,208,196,24],"Transaction":[10,157,123,50,143,209,175,157,88,25,136,120,12,166,56,113,6,27,169,31,132,179,236,157,135,138,247,206,252,48,199,244],"Input":0,"Amount":100,"Deadline":0,"Status":1},{"AnchorHeight":4,"Output":[36,113,225,92,230,111,217,114,111,162,161,180,33,46,103,240,150,61,202,216,27,143,34,222,37,220,223,63,140,15,27,237],"Issuer":"10744798af03766088226050cfbbc18adc0f49521644727ae686d721f13d8d80","Config":"a788bd1567ab44b7ac215a149dab2c719b459ac30c3c2ae828311cd9683c8099","Certificate":[68,106,11,101,187,18,59,227,142,110,247,81,38,48,207,97,227,235,239,113,83,220,145,169,152,205,238,31,7,231,164,155],"Consumer":[134,21,6,13,170,64,63,128,150,220,139,255,198,234,2,48,233,212,254,251,142,83,134,11,69,117,97,224,152,233,70,227],"Transaction":[107,20,45,199,188,178,198,132,127,155,223,60,16,63,34,76,101,79,158,101,178,240,96,25,105,88,139,15,196,28,46,151],"Input":0,"Amount":100,"Deadline":0,"Status":1},{"AnchorHeight":4,"Output":[110,50,179,15,110,55,88,217,77,18,73,35,155,173,77,102,8,205,60,192,186,161,36,134,193,127,192,202,235,229,86,254],"Issuer":"10744798af03766088226050cfbbc18adc0f49521644727ae686d721f13d8d80","Config":"a788bd1567ab44b7ac215a149dab2c719b459ac30c3c2ae828311cd9683c8099","Certificate":[243,62,212,110,75,164,143,237,159,101,248,49,43,222,101,221,66,115,171,27,163,143,220,117,9,17,7,4,147,213,246,21],"Consumer":[24,72,68,64,205,99,35,93,244,125,165,42,71,144,203,156,33,100,248,136,81,250,204,172,42,109,109,253,91,241,47,150],"Transaction":[138,217,71,114,87,118,181,109,105,73,108,86,50,76,247,8,104,133,48,158,190,86,175,226,28,58,125,219,53,181,38,238],"Input":0,"Amount":100,"Deadline":0,"Status":1},{"AnchorHeight":4,"Output":[69,192,25,23,253,134,208,112,222,205,70,189,141,241,137,222,241,123,135,199,180,244,226,70,241,161,61,72,66,240,82,179],"Issuer":"10744798af03766088226050cfbbc18adc0f49521644727ae686d721f13d8d80","Config":"a788bd1567ab44b7ac215a149dab2c719b459ac30c3c2ae828311cd9683c8099","Certificate":[56,218,60,19,117,53,248,163,193,232,65,177,67,253,198,22,216,64,208,179,124,198,126,40,235,90,136,106,246,223,107,35],"Consumer":[67,181,154,203,117,83,59,109,110,142,147,229,251,254,159,240,110,79,222,116,248,90,198,23,3,96,151,2,153,186,110,153],"Transaction":[144,27,201,76,116,110,14,140,254,216,198,173,46,203,21,236,149,129,246,40,144,212,253,242,151,14,118,115,247,248,42,82],"Input":0,"Amount":100,"Deadline":0,"Status":1},{"AnchorHeight":4,"Output":[244,92,90,248,209,234,144,225,167,187,237,117,68,114,17,94,22,103,81,45,32,58,26,51,160,65,131,32,185,4,49,185],"Issuer":"10744798af03766088226050cfbbc18adc0f49521644727ae686d721f13d8d80","Config":"a788bd1567ab44b7ac215a149dab2c719b459ac30c3c2ae828311cd9683c8099","Certificate":[202,59,155,55,45,110,71,194,215,107,251,29,36,51,74,219,95,137,126,171,224,240,10,85,47,82,66,138,102,108,255,217],"Consumer":[175,163,228,191,65,173,26,168,155,88,120,232,103,140,237,4,30,46,40,42,209,167,207,98,141,80,162,237,162,217,22,45],"Transaction":[110,98,164,30,90,113,54,227,101,134,178,94,17,235,198,191,60,130,235,115,151,12,196,114,230,45,109,231,193,25,67,40],"Input":0,"Amount":100,"Deadline":0,"Status":1},{"AnchorHeight":4,"Output":[42,115,143,158,223,39,64,141,180,142,80,64,53,83,135,249,106,223,199,202,56,72,27,91,237,48,139,53,16,71,97,160],"Issuer":"10744798af03766088226050cfbbc18adc0f49521644727ae686d721f13d8d80","Config":"a788bd1567ab44b7ac215a149dab2c719b459ac30c3c2ae828311cd9683c8099","Certificate":[108,136,40,114,74,176,74,39,27,252,246,1,147,139,38,120,93,173,85,22,12,101,85,5,59,184,20,49,74,225,188,135],"Consumer":[24,195,77,224,62,195,0,152,225,64,176,23,236,127,237,97,137,188,150,183,38,186,169,158,56,206,166,208,183,231,194,210],"Transaction":[200,214,73,110,161,37,197,100,219,239,165,70,163,78,85,144,237,151,237,36,166,206,231,42,138,66,72,231,111,133,126,55],"Input":0,"Amount":100,"Deadline":0,"Status":1},{"AnchorHeight":4,"Output":[153,189,136,23,100,249,13,104,19,164,124,73,114,143,73,25,140,6,54,117,142,19,33,46,177,172,121,30,91,195,201,78],"Issuer":"10744798af03766088226050cfbbc18adc0f49521644727ae686d721f13d8d80","Config":"a788bd1567ab44b7ac215a149dab2c719b459ac30c3c2ae828311cd9683c8099","Certificate":[181,47,100,13,122,22,189,169,141,91,208,180,178,247,62,236,9,90,202,87,25,97,200,29,128,7,39,162,63,219,110,17],"Consumer":[61,119,67,24,28,145,192,36,100,41,77,255,220,72,34,133,152,55,11,71,188,100,7,99,185,113,16,148,132,130,100,30],"Transaction":[75,58,59,119,143,78,4,128,34,17,247,128,114,166,195,192,240,20,144,49,246,212,86,119,195,54,134,48,235,108,226,153],"Input":0,"Amount":100,"Deadline":0,"Status":1},{"AnchorHeight":4,"Output":[188,106,152,166,242,231,200,33,150,88,178,200,210,119,141,74,105,70,110,238,110,168,129,190,228,229,127,206,0,170,54,209],"Issuer":"10744798af03766088226050cfbbc18adc0f49521644727ae686d721f13d8d80","Config":"a788bd1567ab44b7ac215a149dab2c719b459ac30c3c2ae828311cd9683c8099","Certificate":[214,205,231,245,195,112,58,191,125,18,79,91,18,188,202,162,90,86,96,19,14,115,34,155,133,27,199,202,188,235,251,134],"Consumer":[7,26,98,106,166,56,53,225,38,227,56,116,122,236,221,49,219,217,47,141,191,21,2,62,117,237,255,195,73,32,250,59],"Transaction":[110,190,47,168,162,143,19,225,67,69,152,15,148,116,241,189,254,144,165,201,16,15,77,164,216,29,69,89,20,48,56,33],"Input":0,"Amount":100,"Deadline":0,"Status":1},{"AnchorHeight":4,"Output":[167,212,114,249,216,242,151,215,191,229,7,254,77,63,196,52,45,141,77,21,156,210,167,66,205,138,126,67,249,208,110,21],"Issuer":"10744798af03766088226050cfbbc18adc0f49521644727ae686d721f13d8d80","Config":"a788bd1567ab44b7ac215a149dab2c719b459ac30c3c2ae828311cd9683c8099","Certificate":[93,141,94,235,17,80,197,88,67,162,110,194,5,133,235,24,178,7,190,223,123,221,144,195,255,91,216,244,49,171,39,218],"Consumer":[163,251,98,233,248,240,50,63,214,148,41,27,91,203,212,15,17,166,38,58,78,145,26,32,49,51,197,49,239,185,197,193],"Transaction":[200,68,189,186,109,128,2,77,123,41,130,57,230,3,196,7,240,166,113,14,77,84,83,46,138,140,46,23,79,123,101,67],"Input":0,"Amount":100,"Deadline":0,"Status":1},{"AnchorHeight":4,"Output":[6,95,205,129,81,68,119,159,218,94,104,238,253,72,82,193,247,169,213,7,72,154,8,209,140,89,65,92,141,196,131,94],"Issuer":"10744798af03766088226050cfbbc18adc0f49521644727ae686d721f13d8d80","Config":"a788bd1567ab44b7ac215a149dab2c719b459ac30c3c2ae828311cd9683c8099","Certificate":[241,12,174,41,144,92,175,222,110,91,225,89,126,230,166,104,232,226,63,135,151,177,127,2,246,235,128,112,58,229,234,40],"Consumer":[183,230,175,158,105,198,47,165,175,81,3,201,237,227,60,69,189,15,148,177,194,78,149,133,152,88,95,91,243,83,200,251],"Transaction":[174,123,192,69,7,39,7,209,21,8,154,123,80,36,196,148,70,202,126,52,122,137,130,163,10,255,205,78,192,15,210,85],"Input":0,"Amount":100,"Deadline":0,"Status":1},{"AnchorHeight":4,"Output":[9,127,81,69,14,4,39,195,28,230,114,4,164,189,98,210,193,241,15,171,121,231,134,115,71,63,234,178,44,132,70,59],"Issuer":"10744798af03766088226050cfbbc18adc0f49521644727ae686d721f13d8d80","Config":"a788bd1567ab44b7ac215a149dab2c719b459ac30c3c2ae828311cd9683c8099","Certificate":[114,216,247,105,76,42,132,115,157,97,14,176,134,28,240,196,230,70,45,236,209,226,166,214,50,251,4,102,42,178,211,234],"Consumer":[212,5,215,206,106,159,43,157,55,244,201,177,134,9,43,86,3,119,88,121,191,85,2,141,210,82,61,30,136,37,242,176],"Transaction":[197,166,200,255,197,103,221,135,14,221,197,160,84,87,237,238,185,64,251,127,88,142,109,147,103,209,206,170,134,250,107,95],"Input":0,"Amount":100,"Deadline":0,"Status":1},{"AnchorHeight":4,"Output":[16,1,150,240,228,140,139,249,54,74,242,65,243,102,188,20,61,76,159,57,194,52,225,18,62,29,210,198,199,207,152,241],"Issuer":"10744798af03766088226050cfbbc18adc0f49521644727ae686d721f13d8d80","Config":"a788bd1567ab44b7ac215a149dab2c719b459ac30c3c2ae828311cd9683c8099","Certificate":[84,34,201,198,57,14,58,67,194,117,198,34,236,249,88,8,224,0,59,138,197,197,41,144,156,77,68,9,88,84,23,104],"Consumer":[189,221,228,124,165,97,40,198,143,103,246,6,40,232,129,11,87,201,99,73,87,223,235,14,97,175,248,232,191,140,84,29],"Transaction":[172,78,151,240,48,133,6,240,98,106,48,245,168,254,40,6,64,100,62,102,70,64,77,246,164,77,69,1,217,200,165,105],"Input":0,"Amount":100,"Deadline":0,"Status":1},{"AnchorHeight":4,"Output":[82,185,11,156,246,106,159,227,225,23,81,156,112,234,211,55,66,231,6,56,54,102,130,78,49,224,51,113,232,105,160,214],"Issuer":"10744798af03766088226050cfbbc18adc0f49521644727ae686d721f13d8d80","Config":"a788bd1567ab44b7ac215a149dab2c719b459ac30c3c2ae828311cd9683c8099","Certificate":[139,105,78,21,173,215,201,202,137,48,200,98,148,139,116,138,154,220,31,226,246,111,46,12,154,139,178,185,42,122,90,153],"Consumer":[214,166,192,116,176,223,101,12,35,161,75,233,218,44,105,36,10,168,18,117,8,53,105,134,65,92,23,33,5,193,48,196],"Transaction":[210,13,40,52,42,23,19,65,246,14,204,239,102,20,146,62,145,177,11,74,179,156,54,58,186,218,147,85,76,169,212,80],"Input":0,"Amount":100,"Deadline":0,"Status":1},{"AnchorHeight":4,"Output":[104,125,86,158,131,119,85,99,129,34,54,71,57,24,167,60,212,166,126,137,104,189,27,228,159,116,77,223,51,185,226,73],"Issuer":"10744798af03766088226050cfbbc18adc0f49521644727ae686d721f13d8d80","Config":"a788bd1567ab44b7ac215a149dab2c719b459ac30c3c2ae828311cd9683c8099","Certificate":[127,121,9,47,181,67,68,115,139,90,120,198,225,169,210,229,37,26,121,218,69,153,191,30,97,230,248,101,1,218,239,133],"Consumer":[32,234,54,250,185,155,255,27,236,88,154,152,83,79,231,104,229,143,56,124,132,26,67,123,162,220,191,132,123,146,230,212],"Transaction":[200,224,193,133,85,217,101,48,20,228,228,58,105,205,31,8,11,46,193,125,93,178,34,102,21,167,20,189,235,121,118,237],"Input":0,"Amount":100,"Deadline":0,"Status":1},{"AnchorHeight":4,"Output":[6,254,190,71,163,239,86,22,136,48,7,207,26,66,139,86,56,33,184,132,249,161,206,252,10,240,111,198,51,63,116,77],"Issuer":"10744798af03766088226050cfbbc18adc0f49521644727ae686d721f13d8d80","Config":"a788bd1567ab44b7ac215a149dab2c719b459ac30c3c2ae828311cd9683c8099","Certificate":[237,161,183,38,84,81,155,179,35,136,39,156,249,232,117,14,23,87,145,186,34,162,32,227,142,183,6,185,208,3,38,19],"Consumer":[53,81,58,58,177,227,103,39,202,132,52,209,149,242,63,69,10,248,219,193,46,105,251,48,205,121,152,154,236,31,112,206],"Transaction":[211,93,45,234,72,31,117,62,113,50,4,224,166,224,204,115,80,171,144,149,254,55,168,245,87,51,96,215,17,182,241,58],"Input":0,"Amount":100,"Deadline":0,"Status":1},{"AnchorHeight":4,"Output":[48,183,32,225,127,104,63,13,248,214,36,31,163,80,159,231,101,124,19,3,140,110,55,183,219,190,41,203,42,193,69,174],"Issuer":"10744798af03766088226050cfbbc18adc0f49521644727ae686d721f13d8d80","Config":"a788bd1567ab44b7ac215a149dab2c719b459ac30c3c2ae828311cd9683c8099","Certificate":[169,220,109,224,235,242,56,179,59,221,222,246,243,113,146,192,214,135,226,218,116,109,234,93,229,128,233,99,138,199,130,131],"Consumer":[48,172,36,144,236,17,18,241,39,246,71,156,110,143,145,247,225,50,152,162,27,72,232,195,10,199,89,111,101,166,249,10],"Transaction":[12,50,12,169,160,178,178,47,43,244,234,157,220,210,124,158,240,162,230,22,71,25,23,161,175,142,36,178,162,169,48,178],"Input":0,"Amount":100,"Deadline":0,"Status":1},{"AnchorHeight":4,"Output":[235,42,33,63,51,246,125,99,45,29,19,226,46,224,158,106,56,184,217,56,228,120,154,246,104,173,248,215,23,104,106,129],"Issuer":"10744798af03766088226050cfbbc18adc0f49521644727ae686d721f13d8d80","Config":"a788bd1567ab44b7ac215a149dab2c719b459ac30c3c2ae828311cd9683c8099","Certificate":[2,131,38,77,192,7,113,27,66,238,4,205,49,96,33,208,97,129,92,197,17,138,211,210,159,234,219,153,81,23,13,156],"Consumer":[232,239,72,197,1,119,127,45,74,36,197,35,242,93,16,83,38,85,86,107,95,131,143,31,90,238,166,80,221,32,121,171],"Transaction":[142,157,155,8,249,213,52,72,127,202,208,72,46,19,167,121,46,150,207,29,190,249,91,173,96,240,241,97,140,234,44,188],"Input":0,"Amount":100,"Deadline":0,"Status":1},{"AnchorHeight":4,"Output":[238,150,81,199,46,133,72,22,4,212,60,88,113,157,21,222,160,113,75,147,140,63,97,49,40,129,206,133,57,134,189,182],"Issuer":"10744798af03766088226050cfbbc18adc0f49521644727ae686d721f13d8d80","Config":"a788bd1567ab44b7ac215a149dab2c719b459ac30c3c2ae828311cd9683c8099","Certificate":[127,243,98,186,100,43,135,55,245,189,114,187,122,255,134,53,81,98,61,39,168,227,229,150,62,69,249,207,200,37,210,116],"Consumer":[40,169,205,70,165,105,150,73,83,51,100,82,209,223,149,156,185,45,19,71,12,243,226,160,150,112,99,111,133,192,16,130],"Transaction":[45,16,81,130,129,79,57,146,177,71,206,97,51,161,105,222,176,214,105,228,88,99,120,9,146,160,66,166,45,20,17,249],"Input":0,"Amount":100,"Deadline":0,"Status":1},{"AnchorHeight":4,"Output":[25,191,242,87,19,88,10,32,23,116,250,3,20,189,143,50,51,223,145,197,228,225,37,208,70,20,174,49,141,134,150,28],"Issuer":"10744798af03766088226050cfbbc18adc0f49521644727ae686d721f13d8d80","Config":"a788bd1567ab44b7ac215a149dab2c719b459ac30c3c2ae828311cd9683c8099","Certificate":[217,75,38,218,217,215,172,203,185,124,179,248,79,93,115,137,185,147,10,164,110,228,48,23,255,10,213,10,70,69,219,129],"Consumer":[168,227,226,12,218,89,3,213,36,169,175,165,156,250,54,208,162,21,98,146,191,120,178,244,143,90,204,207,46,89,195,125],"Transaction":[119,255,56,168,234,140,26,71,213,190,61,37,146,221,95,32,235,202,18,235,57,91,174,68,81,121,59,143,12,244,13,15],"Input":0,"Amount":100,"Deadline":0,"Status":1},{"AnchorHeight":4,"Output":[210,201,214,4,126,17,56,20,208,15,130,176,108,99,70,166,43,10,223,80,4,56,8,149,185,64,66,222,54,107,140,134],"Issuer":"10744798af03766088226050cfbbc18adc0f49521644727ae686d721f13d8d80","Config":"a788bd1567ab44b7ac215a149dab2c719b459ac30c3c2ae828311cd9683c8099","Certificate":[150,190,143,207,17,157,65,27,250,30,113,142,237,10,247,178,79,33,240,58,67,87,82,69,9,147,27,35,50,245,137,43],"Consumer":[166,154,80,229,4,163,165,115,141,242,51,18,189,31,136,231,192,222,97,73,121,125,102,231,179,125,221,255,230,44,91,71],"Transaction":[150,10,128,61,180,1,6,33,202,18,229,15,61,77,5,3,46,242,170,143,225,236,233,240,165,210,168,208,96,38,73,190],"Input":0,"Amount":100,"Deadline":0,"Status":1},{"AnchorHeight":4,"Output":[34,93,227,11,243,94,140,204,241,55,92,197,192,221,43,107,249,38,129,86,161,243,83,95,210,86,209,121,32,45,8,190],"Issuer":"10744798af03766088226050cfbbc18adc0f49521644727ae686d721f13d8d80","Config":"a788bd1567ab44b7ac215a149dab2c719b459ac30c3c2ae828311cd9683c8099","Certificate":[166,154,80,229,4,163,165,115,141,242,51,18,189,31,136,231,192,222,97,73,121,125,102,231,179,125,221,255,230,44,91,71],"Consumer":[221,5,18,223,170,94,44,190,140,220,175,223,118,9,171,154,175,226,158,147,43,100,63,104,148,254,239,207,187,73,69,199],"Transaction":[2,120,62,106,209,77,78,105,1,186,82,77,125,49,173,186,112,89,253,183,190,10,2,187,193,184,28,51,188,156,228,68],"Input":0,"Amount":100,"Deadline":0,"Status":1},{"AnchorHeight":4,"Output":[242,73,123,200,61,100,121,83,9,240,170,113,201,21,127,14,147,64,196,31,170,92,82,135,27,143,44,255,5,135,19,167],"Issuer":"10744798af03766088226050cfbbc18adc0f49521644727ae686d721f13d8d80","Config":"a788bd1567ab44b7ac215a149dab2c719b459ac30c3c2ae828311cd9683c8099","Certificate":[25,83,18,219,175,226,70,244,90,177,178,238,236,180,97,25,138,204,93,139,138,178,197,208,195,66,130,243,68,74,178,11],"Consumer":[81,22,224,201,234,200,25,139,249,191,245,84,72,149,80,224,32,131,104,208,167,190,180,58,180,95,213,110,16,180,112,185],"Transaction":[248,91,135,248,29,192,81,206,31,250,20,194,31,178,177,144,226,188,140,134,165,181,0,95,170,227,28,225,107,191,199,109],"Input":0,"Amount":100,"Deadline":0,"Status":1}],"verified":true}
