[
  {
    "Name": "org0-member0",
    "Approvals": 644,
    "Pending": 0,
    "Payments": 0,
    "Closed": 0,
    "CAL": "",
    "FUEL": "",
    "Rewards": "",
    "Burned": ""
  },
  {
    "Name": "org0-member1",
    "Approvals": 612,
    "Pending": 0,
    "Payments": 0,
    "Closed": 0,
    "CAL": "",
    "FUEL": "",
    "Rewards": "",
    "Burned": ""
  },
  {
    "Name": "org0-member2",
    "Approvals": 650,
    "Pending": 0,
    "Payments": 0,
    "Closed": 0,
    "CAL": "",
    "FUEL": "",
    "Rewards": "",
    "Burned": ""
  },
  {
    "Name": "org0-member3",
    "Approvals": 597,
    "Pending": 0,
    "Payments": 0,
    "Closed": 0,
    "CAL": "",
    "FUEL": "",
    "Rewards": "",
    "Burned": ""
  },
  {
    "Name": "gateway0",
    "Approvals": 0,
    "Pending": 0,
    "Payments": 0,
    "Closed": 0,
    "CAL": "",
    "FUEL": "",
    "Rewards": "",
    "Burned": ""
  },
  {
    "Name": "committee0",
    "Approvals": 0,
    "Pending": 0,
    "Payments": 658,
    "Closed": 658,
    "CAL": "2000001200000",
    "FUEL": "2000000000000",
    "Rewards": "55272",
    "Burned": "6580",
    "StateHash": "768c71998b991738af26404d6435a64fcc5026eebe284948ab61e62f5ded2515",
    "Gap": "0"
  },
  {
    "Name": "committee1",
    "Approvals": 0,
    "Pending": 0,
    "Payments": 658,
    "Closed": 658,
    "CAL": "2000001200000",
    "FUEL": "2000000000000",
    "Rewards": "55272",
    "Burned": "6580",
    "StateHash": "768c71998b991738af26404d6435a64fcc5026eebe284948ab61e62f5ded2515",
    "Gap": "0"
  },
  {
    "Name": "committee2",
    "Approvals": 0,
    "Pending": 0,
    "Payments": 658,
    "Closed": 658,
    "CAL": "2000001200000",
    "FUEL": "2000000000000",
    "Rewards": "55272",
    "Burned": "6580",
    "StateHash": "768c71998b991738af26404d6435a64fcc5026eebe284948ab61e62f5ded2515",
    "Gap": "0"
  },
  {
    "Name": "committee3",
    "Approvals": 0,
    "Pending": 0,
    "Payments": 658,
    "Closed": 658,
    "CAL": "2000001200000",
    "FUEL": "2000000000000",
    "Rewards": "55272",
    "Burned": "6580",
    "StateHash": "768c71998b991738af26404d6435a64fcc5026eebe284948ab61e62f5ded2515",
    "Gap": "0"
  }
]
Supply and original-debit accounting verified: /Users/richz/lab/man/utxo-fastpay-v12/.run/budget-gate-r1-work-low-parallel/reports/audit.json
