2026/09/24 19:49:16 INFO gateway started listen=127.0.0.1:26300 organization=49be96489ff513310314d931923c72145ab05646ed099b21ad2e0f3178e10ab2
2026/09/24 19:49:34 WARN direct approval quorum unavailable tx="[34 161 163 163 41 126 146 107 9 201 170 64 40 117 141 255 80 106 134 83 98 139 26 15 162 159 68 130 183 88 218 68]" error="valid quorum unavailable\nmember HTTP 409: DEFERRED\nmember HTTP 409: DEFERRED"
2026/09/24 19:49:36 WARN direct approval quorum unavailable tx="[213 237 87 73 236 3 76 113 134 34 112 107 196 49 53 7 11 148 112 50 198 239 3 47 255 157 52 39 72 69 42 228]" error="valid quorum unavailable\nmember HTTP 409: DEFERRED\nmember HTTP 409: DEFERRED"
2026/09/24 19:49:42 WARN direct approval quorum unavailable tx="[113 172 152 50 105 239 254 60 143 241 58 105 152 201 74 97 197 108 237 140 97 121 147 220 53 224 39 131 95 48 59 97]" error="valid quorum unavailable\nmember HTTP 409: DEFERRED\nmember HTTP 409: DEFERRED"
2026/09/24 19:49:43 WARN direct approval quorum unavailable tx="[253 126 40 0 97 69 177 214 46 152 146 111 237 57 14 101 120 149 96 106 45 85 205 158 252 245 139 215 155 55 206 143]" error="valid quorum unavailable\nmember HTTP 409: DEFERRED\nmember HTTP 409: DEFERRED"
2026/09/24 19:49:45 WARN direct approval quorum unavailable tx="[52 181 118 2 254 192 53 118 231 193 89 83 93 148 253 204 241 16 202 39 127 46 190 192 54 180 112 52 26 89 26 173]" error="valid quorum unavailable\nmember HTTP 409: DEFERRED\nmember HTTP 409: DEFERRED"
2026/09/24 19:49:45 WARN direct approval quorum unavailable tx="[179 114 167 87 180 7 111 146 243 21 72 238 254 164 85 149 141 95 50 194 198 3 140 45 63 175 123 68 238 217 196 113]" error="valid quorum unavailable\nmember HTTP 409: DEFERRED\nmember HTTP 409: DEFERRED"
2026/09/24 19:49:46 WARN direct approval quorum unavailable tx="[154 4 79 36 165 78 141 238 91 246 142 18 27 134 162 93 81 174 145 198 180 252 237 113 3 115 111 118 150 130 50 176]" error="valid quorum unavailable\nmember HTTP 409: DEFERRED\nmember HTTP 409: DEFERRED"
2026/09/24 19:49:47 WARN direct approval quorum unavailable tx="[209 35 168 41 238 46 59 213 177 193 136 166 106 150 31 154 212 24 85 83 51 247 24 187 138 218 26 172 118 60 236 227]" error="valid quorum unavailable\nmember HTTP 409: DEFERRED\nmember HTTP 409: DEFERRED"
2026/09/24 19:49:48 WARN direct approval quorum unavailable tx="[215 116 120 44 211 54 114 201 190 26 48 53 53 228 104 11 231 77 54 112 143 184 57 0 190 51 120 252 119 94 39 199]" error="valid quorum unavailable\nmember HTTP 409: DEFERRED\nmember HTTP 409: DEFERRED"
2026/09/24 19:49:51 WARN direct approval quorum unavailable tx="[72 214 92 253 250 6 218 220 126 98 223 146 91 58 141 213 119 236 219 15 43 209 6 89 229 88 169 44 135 228 103 142]" error="valid quorum unavailable\nmember HTTP 409: DEFERRED\nmember HTTP 409: DEFERRED\nmember HTTP 409: DEFERRED"
2026/09/24 19:49:56 WARN direct approval quorum unavailable tx="[102 126 78 102 161 227 146 139 53 128 47 27 195 151 237 192 47 73 5 69 254 214 59 180 73 31 62 184 171 217 132 235]" error="valid quorum unavailable\nmember HTTP 409: DEFERRED\nmember HTTP 409: DEFERRED"
2026/09/24 19:50:02 WARN direct approval quorum unavailable tx="[63 167 51 132 141 31 35 148 88 226 186 215 101 26 15 151 239 243 44 70 60 161 39 90 197 73 71 139 22 71 139 136]" error="valid quorum unavailable\nmember HTTP 409: DEFERRED\nmember HTTP 409: DEFERRED"
2026/09/24 19:50:04 WARN direct approval quorum unavailable tx="[147 227 168 183 187 113 22 212 133 144 51 54 148 130 140 26 141 152 157 195 2 73 22 13 194 64 191 201 133 67 187 29]" error="valid quorum unavailable\nmember HTTP 409: DEFERRED\nmember HTTP 409: DEFERRED"
2026/09/24 19:50:06 WARN direct approval quorum unavailable tx="[72 108 228 103 30 172 141 99 2 60 130 68 110 15 75 64 211 66 12 72 17 154 206 3 105 22 110 23 208 101 123 67]" error="valid quorum unavailable\nmember HTTP 409: DEFERRED\nmember HTTP 409: DEFERRED"
2026/09/24 19:50:09 WARN direct approval quorum unavailable tx="[135 224 241 171 203 195 93 101 39 160 95 133 208 136 223 44 65 215 181 133 207 84 35 197 176 4 135 183 30 6 58 181]" error="valid quorum unavailable\nmember HTTP 409: DEFERRED\nmember HTTP 409: DEFERRED"
2026/09/24 19:50:12 WARN direct approval quorum unavailable tx="[44 127 19 22 139 238 160 11 214 26 11 173 24 196 19 213 99 168 206 181 205 13 113 48 163 235 51 59 42 81 32 1]" error="valid quorum unavailable\nmember HTTP 409: DEFERRED\nmember HTTP 409: DEFERRED"
2026/09/24 19:50:14 WARN direct approval quorum unavailable tx="[212 132 240 201 84 42 23 157 218 0 125 150 100 144 167 38 182 175 40 233 169 94 156 235 46 121 29 68 85 189 45 223]" error="valid quorum unavailable\nmember HTTP 409: DEFERRED\nmember HTTP 409: DEFERRED"
2026/09/24 19:50:19 WARN direct approval quorum unavailable tx="[175 154 197 102 246 180 219 52 77 151 205 211 119 99 90 219 147 26 97 10 128 113 172 232 159 67 122 186 191 188 109 227]" error="valid quorum unavailable\nmember HTTP 409: DEFERRED\nmember HTTP 409: DEFERRED"
2026/09/24 19:50:23 WARN direct approval quorum unavailable tx="[47 91 212 93 155 130 220 234 244 147 152 112 176 135 163 167 215 186 47 107 154 249 193 88 240 42 58 31 11 161 199 189]" error="valid quorum unavailable\nmember HTTP 409: DEFERRED\nmember HTTP 409: DEFERRED"
2026/09/24 19:50:25 WARN direct approval quorum unavailable tx="[28 93 208 223 254 242 176 47 178 64 24 252 63 130 29 38 45 91 220 55 200 50 245 70 242 239 253 7 171 226 26 194]" error="valid quorum unavailable\nmember HTTP 409: DEFERRED\nmember HTTP 409: DEFERRED"
2026/09/24 19:50:26 WARN direct approval quorum unavailable tx="[20 215 135 202 52 164 195 7 223 138 12 165 192 90 157 194 2 245 79 221 130 208 163 179 96 167 102 88 222 250 233 109]" error="valid quorum unavailable\nmember HTTP 409: DEFERRED\nmember HTTP 409: DEFERRED"
2026/09/24 19:50:27 WARN direct approval quorum unavailable tx="[199 73 246 107 202 203 136 190 14 49 57 206 164 230 190 6 4 166 166 37 186 132 231 169 39 85 120 42 60 53 58 33]" error="valid quorum unavailable\nmember HTTP 409: DEFERRED\nmember HTTP 409: DEFERRED"
2026/09/24 19:50:31 WARN direct approval quorum unavailable tx="[19 110 34 190 231 57 178 215 107 148 127 220 211 204 163 34 111 121 44 13 61 21 191 131 221 136 132 219 68 201 72 139]" error="valid quorum unavailable\nmember HTTP 409: DEFERRED\nmember HTTP 409: DEFERRED"
2026/09/24 19:50:33 WARN direct approval quorum unavailable tx="[191 239 61 129 244 97 17 240 191 14 240 86 94 172 142 110 2 136 152 83 49 238 162 135 190 121 156 2 122 55 187 105]" error="valid quorum unavailable\nmember HTTP 409: DEFERRED\nmember HTTP 409: DEFERRED"
2026/09/24 19:50:34 WARN direct approval quorum unavailable tx="[131 15 235 244 45 231 86 45 145 242 189 27 173 94 253 139 251 213 105 132 184 219 132 5 199 35 13 164 54 94 144 41]" error="valid quorum unavailable\nmember HTTP 409: DEFERRED\nmember HTTP 409: DEFERRED"
2026/09/24 19:50:36 WARN direct approval quorum unavailable tx="[248 91 31 199 10 24 91 31 180 150 128 35 222 158 143 113 120 165 126 149 243 164 192 60 161 230 58 96 96 217 193 136]" error="valid quorum unavailable\nmember HTTP 409: DEFERRED\nmember HTTP 409: DEFERRED"
2026/09/24 19:50:36 WARN direct approval quorum unavailable tx="[184 254 128 96 69 234 32 24 109 111 3 248 14 159 192 235 250 125 211 238 87 152 243 198 72 224 12 190 82 103 241 73]" error="valid quorum unavailable\nmember HTTP 409: DEFERRED\nmember HTTP 409: DEFERRED"
2026/09/24 19:50:39 WARN direct approval quorum unavailable tx="[8 30 244 183 70 156 55 142 149 168 177 180 124 94 51 251 250 100 118 251 204 171 71 86 156 233 135 147 32 206 8 254]" error="valid quorum unavailable\nmember HTTP 409: DEFERRED\nmember HTTP 409: DEFERRED"
2026/09/24 19:50:39 WARN direct approval quorum unavailable tx="[217 78 111 178 98 9 78 118 38 182 1 228 38 33 78 112 135 139 224 244 236 183 247 16 217 205 197 241 230 243 206 87]" error="valid quorum unavailable\nmember HTTP 409: DEFERRED\nmember HTTP 409: DEFERRED"
2026/09/24 19:50:40 WARN direct approval quorum unavailable tx="[36 206 243 82 8 71 58 85 193 36 174 163 234 4 22 226 188 206 48 51 109 117 6 193 232 114 233 125 6 44 70 153]" error="valid quorum unavailable\nmember HTTP 409: DEFERRED\nmember HTTP 409: DEFERRED\nmember HTTP 409: DEFERRED"
2026/09/24 19:50:41 WARN direct approval quorum unavailable tx="[206 224 104 85 130 2 26 64 226 73 231 91 6 143 178 201 12 155 198 90 45 165 4 143 139 85 157 202 170 56 68 152]" error="valid quorum unavailable\nmember HTTP 409: DEFERRED\nmember HTTP 409: DEFERRED"
2026/09/24 19:50:42 WARN direct approval quorum unavailable tx="[145 60 174 66 20 117 43 16 155 181 186 132 125 129 193 114 159 50 29 46 91 196 86 252 191 80 8 54 50 2 191 108]" error="valid quorum unavailable\nmember HTTP 409: DEFERRED\nmember HTTP 409: DEFERRED"
2026/09/24 19:50:49 WARN direct approval quorum unavailable tx="[77 120 46 170 1 31 226 30 104 138 58 135 160 133 241 80 192 215 66 130 227 54 235 191 174 253 239 209 13 3 195 225]" error="valid quorum unavailable\nmember HTTP 409: DEFERRED\nmember HTTP 409: DEFERRED"
2026/09/24 19:50:53 WARN direct approval quorum unavailable tx="[222 253 30 88 67 222 141 81 36 156 149 141 237 42 105 115 179 192 24 148 124 86 26 19 101 92 58 217 13 77 43 221]" error="valid quorum unavailable\nmember HTTP 409: DEFERRED\nmember HTTP 409: DEFERRED"
2026/09/24 19:50:55 WARN direct approval quorum unavailable tx="[225 99 64 154 119 243 194 237 87 145 76 91 253 55 244 42 189 55 156 77 205 125 40 249 34 168 128 91 16 52 185 198]" error="valid quorum unavailable\nmember HTTP 409: DEFERRED\nmember HTTP 409: DEFERRED"
2026/09/24 19:50:57 WARN direct approval quorum unavailable tx="[143 43 26 140 142 85 85 64 1 121 202 130 87 75 215 72 164 228 8 240 4 137 93 19 125 116 194 208 131 142 213 182]" error="valid quorum unavailable\nmember HTTP 409: DEFERRED\nmember HTTP 409: DEFERRED"
2026/09/24 19:51:00 WARN direct approval quorum unavailable tx="[166 88 187 146 226 214 112 38 72 72 102 138 211 45 138 105 255 56 166 178 211 172 37 127 218 0 53 158 59 190 196 82]" error="valid quorum unavailable\nmember HTTP 409: DEFERRED\nmember HTTP 409: DEFERRED"
2026/09/24 19:51:00 WARN direct approval quorum unavailable tx="[67 86 119 62 170 31 203 21 131 39 29 232 230 52 96 58 93 171 87 144 161 80 48 91 192 65 194 132 206 24 200 193]" error="valid quorum unavailable\nmember HTTP 409: DEFERRED\nmember HTTP 409: DEFERRED\nmember HTTP 409: DEFERRED"
2026/09/24 19:51:01 WARN direct approval quorum unavailable tx="[137 161 232 164 234 162 150 150 218 209 89 228 50 87 83 170 203 123 173 7 215 224 27 183 43 44 201 141 37 40 165 226]" error="valid quorum unavailable\nmember HTTP 409: DEFERRED\nmember HTTP 409: DEFERRED"
2026/09/24 19:51:05 WARN direct approval quorum unavailable tx="[1 254 195 233 107 169 40 119 123 39 187 3 34 35 180 66 120 193 138 10 55 7 244 98 14 106 24 182 148 149 77 1]" error="valid quorum unavailable\nmember HTTP 409: DEFERRED\nmember HTTP 409: DEFERRED"
2026/09/24 19:51:07 WARN direct approval quorum unavailable tx="[220 186 29 122 122 59 207 226 165 75 73 121 106 121 129 176 113 245 246 25 32 56 104 94 233 35 83 32 158 110 107 183]" error="valid quorum unavailable\nmember HTTP 409: DEFERRED\nmember HTTP 409: DEFERRED"
2026/09/24 19:51:10 WARN direct approval quorum unavailable tx="[174 70 28 150 204 246 223 53 212 153 50 211 0 127 191 89 56 182 53 126 255 46 51 251 35 23 92 232 51 139 157 105]" error="valid quorum unavailable\nmember HTTP 409: DEFERRED\nmember HTTP 409: DEFERRED"
2026/09/24 19:51:14 WARN direct approval quorum unavailable tx="[69 64 66 220 60 107 10 176 40 46 0 95 125 92 219 52 131 63 186 111 84 125 187 55 230 91 132 73 236 162 241 92]" error="valid quorum unavailable\nmember HTTP 409: DEFERRED\nmember HTTP 409: DEFERRED"
