2026/09/24 19:49:16 INFO gateway started listen=127.0.0.1:26301 organization=062f856d452e238aa4b1152acf77e379ee0109b9aa2aec348442e82adf1c6512
2026/09/24 19:49:38 WARN direct approval quorum unavailable tx="[195 139 164 234 65 159 183 35 177 197 46 41 104 224 58 220 154 246 92 84 11 54 59 34 236 151 217 58 81 190 119 72]" error="valid quorum unavailable\nmember HTTP 409: DEFERRED\nmember HTTP 409: DEFERRED\nmember HTTP 409: DEFERRED"
2026/09/24 19:49:38 WARN direct approval quorum unavailable tx="[247 194 158 251 135 139 159 189 195 185 169 24 113 183 21 168 65 87 93 239 30 57 231 186 237 251 248 249 204 210 126 245]" error="valid quorum unavailable\nmember HTTP 409: DEFERRED\nmember HTTP 409: DEFERRED"
2026/09/24 19:49:39 WARN direct approval quorum unavailable tx="[152 206 116 16 215 170 235 222 222 99 244 131 113 86 123 254 225 70 88 80 3 181 203 170 198 234 86 25 194 250 178 81]" error="valid quorum unavailable\nmember HTTP 409: DEFERRED\nmember HTTP 409: DEFERRED\nmember HTTP 409: DEFERRED"
2026/09/24 19:49:50 WARN direct approval quorum unavailable tx="[207 40 210 107 236 167 254 134 174 80 14 213 95 85 8 84 246 161 24 70 172 146 194 208 80 181 175 109 117 41 73 38]" error="valid quorum unavailable\nmember HTTP 409: DEFERRED\nmember HTTP 409: DEFERRED"
2026/09/24 19:49:53 WARN direct approval quorum unavailable tx="[198 234 48 199 249 188 151 48 170 7 113 222 125 186 157 81 11 192 48 54 106 20 46 17 101 137 14 237 146 13 229 177]" error="valid quorum unavailable\nmember HTTP 409: DEFERRED\nmember HTTP 409: DEFERRED"
2026/09/24 19:49:53 WARN direct approval quorum unavailable tx="[97 124 93 12 116 126 180 66 29 250 215 197 137 138 177 201 15 185 235 55 115 99 202 8 230 58 17 120 219 205 112 150]" error="valid quorum unavailable\nmember HTTP 409: DEFERRED\nmember HTTP 409: DEFERRED"
2026/09/24 19:49:55 WARN direct approval quorum unavailable tx="[21 48 34 104 1 210 69 21 216 39 127 16 223 192 153 174 170 13 62 230 75 136 183 195 203 220 142 118 49 66 180 101]" error="valid quorum unavailable\nmember HTTP 409: DEFERRED\nmember HTTP 409: DEFERRED"
2026/09/24 19:49:55 WARN direct approval quorum unavailable tx="[3 92 167 178 206 159 137 79 83 136 190 78 102 86 160 148 232 153 38 124 212 224 133 61 196 149 22 238 168 118 180 244]" error="valid quorum unavailable\nmember HTTP 409: DEFERRED\nmember HTTP 409: DEFERRED\nmember HTTP 409: DEFERRED"
2026/09/24 19:50:00 WARN direct approval quorum unavailable tx="[63 239 50 55 150 53 97 252 205 218 177 25 184 135 21 138 216 69 53 3 113 47 187 134 99 200 59 15 136 210 246 138]" error="valid quorum unavailable\nmember HTTP 409: DEFERRED\nmember HTTP 409: DEFERRED"
2026/09/24 19:50:01 WARN direct approval quorum unavailable tx="[180 77 218 59 5 221 101 209 38 159 177 2 10 154 14 179 10 3 132 118 184 41 57 44 153 16 19 224 93 72 193 185]" error="valid quorum unavailable\nmember HTTP 409: DEFERRED\nmember HTTP 409: DEFERRED"
2026/09/24 19:50:03 WARN direct approval quorum unavailable tx="[183 82 7 110 239 94 49 101 249 23 73 161 2 10 128 223 199 66 100 200 26 96 158 250 99 25 96 141 143 168 203 79]" error="valid quorum unavailable\nmember HTTP 409: DEFERRED\nmember HTTP 409: DEFERRED"
2026/09/24 19:50:08 WARN direct approval quorum unavailable tx="[205 34 241 241 122 110 138 133 6 48 7 136 5 184 143 171 163 218 206 238 111 79 209 217 51 242 126 216 27 100 247 43]" error="valid quorum unavailable\nmember HTTP 409: DEFERRED\nmember HTTP 409: DEFERRED\nmember HTTP 409: DEFERRED"
2026/09/24 19:50:17 WARN direct approval quorum unavailable tx="[221 146 115 59 141 200 91 110 98 215 250 129 160 91 59 86 29 21 221 106 101 246 176 6 88 25 38 169 145 203 79 104]" error="valid quorum unavailable\nmember HTTP 409: DEFERRED\nmember HTTP 409: DEFERRED\nmember HTTP 409: DEFERRED"
2026/09/24 19:50:19 WARN direct approval quorum unavailable tx="[115 192 220 99 64 155 122 91 1 2 26 105 44 117 195 39 10 29 190 189 2 158 56 144 22 97 244 151 111 63 145 117]" error="valid quorum unavailable\nmember HTTP 409: DEFERRED\nmember HTTP 409: DEFERRED"
2026/09/24 19:50:20 WARN direct approval quorum unavailable tx="[41 180 182 149 76 96 202 13 22 109 174 106 220 69 6 206 223 94 228 246 226 167 85 30 198 59 40 64 113 36 61 144]" error="valid quorum unavailable\nmember HTTP 409: DEFERRED\nmember HTTP 409: DEFERRED\nmember HTTP 409: DEFERRED"
2026/09/24 19:50:25 WARN direct approval quorum unavailable tx="[227 244 78 103 236 248 252 190 54 161 249 62 200 87 158 249 204 18 50 57 193 103 14 114 204 2 225 73 217 71 106 33]" error="valid quorum unavailable\nmember HTTP 409: DEFERRED\nmember HTTP 409: DEFERRED\nmember HTTP 409: DEFERRED"
2026/09/24 19:50:28 WARN direct approval quorum unavailable tx="[229 24 148 35 147 230 88 83 23 92 11 216 99 157 147 117 243 118 122 37 216 91 32 25 130 195 150 3 145 108 48 51]" error="valid quorum unavailable\nmember HTTP 409: DEFERRED\nmember HTTP 409: DEFERRED"
2026/09/24 19:50:29 WARN direct approval quorum unavailable tx="[69 4 36 37 49 70 61 29 44 223 166 208 36 109 195 54 133 142 137 7 202 214 9 151 239 251 111 248 255 178 228 59]" error="valid quorum unavailable\nmember HTTP 409: DEFERRED\nmember HTTP 409: DEFERRED"
2026/09/24 19:50:30 WARN direct approval quorum unavailable tx="[174 12 119 165 229 16 128 124 29 127 87 254 110 116 57 96 255 226 60 124 207 74 194 152 86 48 59 222 82 221 247 226]" error="valid quorum unavailable\nmember HTTP 409: DEFERRED\nmember HTTP 409: DEFERRED"
2026/09/24 19:50:30 WARN direct approval quorum unavailable tx="[111 24 36 155 147 106 245 219 56 238 179 72 65 70 55 97 15 200 54 216 105 7 121 210 59 153 27 74 108 56 42 217]" error="valid quorum unavailable\nmember HTTP 409: DEFERRED\nmember HTTP 409: DEFERRED\nmember HTTP 409: DEFERRED"
2026/09/24 19:50:32 WARN direct approval quorum unavailable tx="[192 173 234 27 114 124 17 57 197 46 241 34 70 129 139 67 174 248 37 191 82 72 246 99 213 140 127 57 162 47 6 38]" error="valid quorum unavailable\nmember HTTP 409: DEFERRED\nmember HTTP 409: DEFERRED"
2026/09/24 19:50:35 WARN direct approval quorum unavailable tx="[193 78 235 203 29 75 84 197 166 107 227 10 249 6 158 32 192 245 88 247 92 118 178 76 158 217 174 110 154 207 136 50]" error="valid quorum unavailable\nmember HTTP 409: DEFERRED\nmember HTTP 409: DEFERRED"
2026/09/24 19:50:35 WARN direct approval quorum unavailable tx="[50 170 75 231 15 40 178 124 178 215 25 195 117 175 29 84 174 250 118 177 139 80 88 171 230 247 221 202 214 179 92 64]" error="valid quorum unavailable\nmember HTTP 409: DEFERRED\nmember HTTP 409: DEFERRED"
2026/09/24 19:50:38 WARN direct approval quorum unavailable tx="[1 225 72 36 145 206 181 25 73 177 189 162 145 96 61 66 205 225 235 191 138 28 124 116 177 136 44 122 92 101 27 231]" error="valid quorum unavailable\nmember HTTP 409: DEFERRED\nmember HTTP 409: DEFERRED"
2026/09/24 19:50:50 WARN direct approval quorum unavailable tx="[76 105 119 194 112 183 189 98 91 9 58 70 10 24 195 143 252 228 146 205 107 233 57 162 2 70 159 138 130 161 109 89]" error="valid quorum unavailable\nmember HTTP 409: DEFERRED\nmember HTTP 409: DEFERRED"
2026/09/24 19:50:51 WARN direct approval quorum unavailable tx="[233 200 146 18 180 238 91 152 54 131 152 160 67 55 12 52 100 89 255 38 97 177 27 204 172 122 144 253 64 216 74 25]" error="valid quorum unavailable\nmember HTTP 409: DEFERRED\nmember HTTP 409: DEFERRED"
2026/09/24 19:50:51 WARN direct approval quorum unavailable tx="[78 159 43 193 109 3 2 205 243 249 146 36 173 143 166 166 3 136 217 20 128 95 167 57 254 245 237 234 44 46 28 158]" error="valid quorum unavailable\nmember HTTP 409: DEFERRED\nmember HTTP 409: DEFERRED"
2026/09/24 19:50:55 WARN direct approval quorum unavailable tx="[133 62 202 89 204 56 156 62 217 229 159 115 248 96 8 17 158 151 21 147 127 14 248 134 175 165 124 80 53 6 48 131]" error="valid quorum unavailable\nmember HTTP 409: DEFERRED\nmember HTTP 409: DEFERRED\nmember HTTP 409: DEFERRED"
2026/09/24 19:50:56 WARN direct approval quorum unavailable tx="[138 89 132 97 67 180 208 84 53 232 193 115 81 223 170 28 181 102 152 219 232 110 63 134 195 103 227 8 144 120 43 104]" error="valid quorum unavailable\nmember HTTP 409: DEFERRED\nmember HTTP 409: DEFERRED"
2026/09/24 19:50:59 WARN direct approval quorum unavailable tx="[90 103 19 255 153 179 72 116 232 12 98 175 175 226 175 48 255 250 34 6 226 94 168 180 161 231 245 26 179 70 156 233]" error="valid quorum unavailable\nmember HTTP 409: DEFERRED\nmember HTTP 409: DEFERRED"
2026/09/24 19:51:00 WARN direct approval quorum unavailable tx="[20 171 37 53 125 86 48 163 224 148 209 160 164 117 26 222 89 33 62 187 163 20 45 132 167 108 157 190 10 101 178 135]" error="valid quorum unavailable\nmember HTTP 409: DEFERRED\nmember HTTP 409: DEFERRED\nmember HTTP 409: DEFERRED"
2026/09/24 19:51:03 WARN direct approval quorum unavailable tx="[21 108 89 200 133 40 51 182 52 119 233 37 98 215 96 223 225 135 184 80 1 224 204 24 157 191 149 113 109 40 7 135]" error="valid quorum unavailable\nmember HTTP 409: DEFERRED\nmember HTTP 409: DEFERRED"
2026/09/24 19:51:06 WARN direct approval quorum unavailable tx="[144 110 198 18 208 190 196 243 217 169 34 228 34 74 108 206 175 83 105 39 30 92 191 216 92 8 1 155 144 17 98 94]" error="valid quorum unavailable\nmember HTTP 409: DEFERRED\nmember HTTP 409: DEFERRED\nmember HTTP 409: DEFERRED"
2026/09/24 19:51:06 WARN direct approval quorum unavailable tx="[70 235 158 23 169 215 226 55 164 48 84 69 29 36 88 253 29 15 175 159 76 196 153 64 113 207 26 146 16 221 132 1]" error="valid quorum unavailable\nmember HTTP 409: DEFERRED\nmember HTTP 409: DEFERRED"
2026/09/24 19:51:07 WARN direct approval quorum unavailable tx="[61 205 31 29 245 71 229 189 56 125 101 125 184 244 208 204 82 148 31 242 36 203 29 60 239 176 17 226 229 214 71 125]" error="valid quorum unavailable\nmember HTTP 409: DEFERRED\nmember HTTP 409: DEFERRED"
2026/09/24 19:51:10 WARN direct approval quorum unavailable tx="[224 222 181 128 159 59 97 129 154 141 225 218 107 234 175 68 234 185 210 128 44 21 162 168 247 127 200 193 52 69 170 124]" error="valid quorum unavailable\nmember HTTP 409: DEFERRED\nmember HTTP 409: DEFERRED\nmember HTTP 409: DEFERRED"
2026/09/24 19:51:12 WARN direct approval quorum unavailable tx="[249 167 183 128 144 135 45 7 134 181 224 97 58 147 34 180 225 57 197 31 55 148 156 211 185 130 171 54 31 27 78 176]" error="valid quorum unavailable\nmember HTTP 409: DEFERRED\nmember HTTP 409: DEFERRED"
2026/09/24 19:51:17 WARN direct approval quorum unavailable tx="[96 129 91 95 58 186 1 94 72 69 248 105 46 94 142 234 149 159 51 82 237 31 154 109 34 250 113 142 67 151 39 244]" error="valid quorum unavailable\nmember HTTP 409: DEFERRED\nmember HTTP 409: DEFERRED"
2026/09/24 19:51:17 WARN direct approval quorum unavailable tx="[167 22 104 243 254 57 124 25 237 41 116 255 254 38 212 199 30 139 105 117 104 18 216 237 251 124 239 87 184 99 210 182]" error="valid quorum unavailable\nmember HTTP 409: DEFERRED\nmember HTTP 409: DEFERRED\nmember HTTP 409: DEFERRED"
2026/09/24 19:51:18 WARN direct approval quorum unavailable tx="[30 34 69 205 211 116 144 173 246 216 19 251 91 119 70 156 84 114 124 163 56 122 181 180 6 193 79 22 99 28 247 189]" error="valid quorum unavailable\nmember HTTP 409: DEFERRED\nmember HTTP 409: DEFERRED\nmember HTTP 409: DEFERRED"
2026/09/24 19:51:19 WARN direct approval quorum unavailable tx="[44 235 194 1 152 41 166 3 18 122 91 39 245 75 178 177 248 38 35 170 140 131 105 223 61 114 200 29 105 191 157 76]" error="valid quorum unavailable\nmember HTTP 409: DEFERRED\nmember HTTP 409: DEFERRED"
2026/09/24 19:51:20 WARN direct approval quorum unavailable tx="[142 189 56 185 60 4 112 33 173 70 158 201 111 230 182 72 4 2 74 33 166 30 11 251 255 196 145 68 56 40 74 62]" error="valid quorum unavailable\nmember HTTP 409: DEFERRED\nmember HTTP 409: DEFERRED"
2026/09/24 19:51:21 WARN direct approval quorum unavailable tx="[170 251 37 185 132 168 249 251 178 66 10 39 25 225 107 127 235 53 158 52 83 176 213 249 133 60 19 192 137 109 14 67]" error="valid quorum unavailable\nmember HTTP 409: DEFERRED\nmember HTTP 409: DEFERRED\nmember HTTP 409: DEFERRED"
2026/09/24 19:51:21 WARN direct approval quorum unavailable tx="[10 175 136 100 91 162 243 129 7 149 216 43 252 181 76 17 118 89 55 203 146 42 86 47 46 59 106 80 191 191 214 133]" error="valid quorum unavailable\nmember HTTP 409: DEFERRED\nmember HTTP 409: DEFERRED"
2026/09/24 19:51:23 WARN direct approval quorum unavailable tx="[13 45 8 142 138 149 206 49 8 92 132 14 182 61 201 122 75 90 110 204 12 83 250 73 120 122 34 209 165 232 206 13]" error="valid quorum unavailable\nmember HTTP 409: DEFERRED\nmember HTTP 409: DEFERRED\nmember HTTP 409: DEFERRED"
2026/09/24 19:51:26 WARN direct approval quorum unavailable tx="[110 162 136 126 162 26 38 104 221 10 156 129 4 240 65 222 10 254 89 66 129 192 42 164 205 3 51 179 152 224 8 170]" error="valid quorum unavailable\nmember HTTP 409: DEFERRED\nmember HTTP 409: DEFERRED"
2026/09/24 19:51:28 WARN direct approval quorum unavailable tx="[142 194 180 82 235 70 141 217 195 157 30 44 125 131 125 97 238 113 129 121 47 253 86 135 58 153 167 181 98 27 120 128]" error="valid quorum unavailable\nmember HTTP 409: DEFERRED\nmember HTTP 409: DEFERRED"
2026/09/24 19:51:29 WARN direct approval quorum unavailable tx="[123 182 177 94 31 128 153 239 250 76 253 238 143 135 220 174 25 65 195 87 190 99 252 40 191 93 175 39 72 3 185 245]" error="valid quorum unavailable\nmember HTTP 409: DEFERRED\nmember HTTP 409: DEFERRED\nmember HTTP 409: DEFERRED"
2026/09/24 19:51:30 WARN direct approval quorum unavailable tx="[235 210 237 180 133 79 58 31 72 40 81 142 180 233 13 74 167 144 123 46 38 21 142 207 253 205 97 158 248 253 12 219]" error="valid quorum unavailable\nmember HTTP 409: DEFERRED\nmember HTTP 409: DEFERRED"
